[2025-04-13T12:54:55.339+0000][gc,init] CardTable entry size: 512
[2025-04-13T12:54:55.339+0000][gc     ] Using G1
[2025-04-13T12:54:55.349+0000][gc,init] Version: 21.0.6+7-Ubuntu-122.04.1 (release)
[2025-04-13T12:54:55.349+0000][gc,init] CPUs: 2 total, 2 available
[2025-04-13T12:54:55.349+0000][gc,init] Memory: 3861M
[2025-04-13T12:54:55.349+0000][gc,init] Large Page Support: Disabled
[2025-04-13T12:54:55.349+0000][gc,init] NUMA Support: Disabled
[2025-04-13T12:54:55.349+0000][gc,init] Compressed Oops: Enabled (32-bit)
[2025-04-13T12:54:55.349+0000][gc,init] Heap Region Size: 1M
[2025-04-13T12:54:55.349+0000][gc,init] Heap Min Capacity: 1G
[2025-04-13T12:54:55.349+0000][gc,init] Heap Initial Capacity: 1G
[2025-04-13T12:54:55.349+0000][gc,init] Heap Max Capacity: 1G
[2025-04-13T12:54:55.349+0000][gc,init] Pre-touch: Disabled
[2025-04-13T12:54:55.349+0000][gc,init] Parallel Workers: 2
[2025-04-13T12:54:55.349+0000][gc,init] Concurrent Workers: 1
[2025-04-13T12:54:55.349+0000][gc,init] Concurrent Refinement Workers: 2
[2025-04-13T12:54:55.349+0000][gc,init] Periodic GC: Disabled
[2025-04-13T12:54:55.360+0000][gc,metaspace] CDS archive(s) mapped at: [0x000073f58b000000-0x000073f58bc97000-0x000073f58bc97000), size 13201408, SharedBaseAddress: 0x000073f58b000000, ArchiveRelocationMode: 1.
[2025-04-13T12:54:55.360+0000][gc,metaspace] Compressed class space mapped at: 0x000073f58c000000-0x000073f5cc000000, reserved size: 1073741824
[2025-04-13T12:54:55.360+0000][gc,metaspace] Narrow klass base: 0x000073f58b000000, Narrow klass shift: 0, Narrow klass range: 0x100000000
[2025-04-13T12:54:56.554+0000][gc,start    ] GC(0) Pause Young (Normal) (G1 Evacuation Pause)
[2025-04-13T12:54:56.554+0000][gc,task     ] GC(0) Using 2 workers of 2 for evacuation
[2025-04-13T12:54:56.566+0000][gc,phases   ] GC(0)   Pre Evacuate Collection Set: 0.5ms
[2025-04-13T12:54:56.566+0000][gc,phases   ] GC(0)   Merge Heap Roots: 0.1ms
[2025-04-13T12:54:56.566+0000][gc,phases   ] GC(0)   Evacuate Collection Set: 10.6ms
[2025-04-13T12:54:56.566+0000][gc,phases   ] GC(0)   Post Evacuate Collection Set: 0.9ms
[2025-04-13T12:54:56.566+0000][gc,phases   ] GC(0)   Other: 0.3ms
[2025-04-13T12:54:56.567+0000][gc,heap     ] GC(0) Eden regions: 51->0(44)
[2025-04-13T12:54:56.567+0000][gc,heap     ] GC(0) Survivor regions: 0->7(7)
[2025-04-13T12:54:56.567+0000][gc,heap     ] GC(0) Old regions: 2->4
[2025-04-13T12:54:56.567+0000][gc,heap     ] GC(0) Humongous regions: 0->0
[2025-04-13T12:54:56.567+0000][gc,metaspace] GC(0) Metaspace: 17519K(17664K)->17519K(17664K) NonClass: 15586K(15680K)->15586K(15680K) Class: 1933K(1984K)->1933K(1984K)
[2025-04-13T12:54:56.567+0000][gc          ] GC(0) Pause Young (Normal) (G1 Evacuation Pause) 52M->9M(1024M) 12.597ms
[2025-04-13T12:54:56.567+0000][gc,cpu      ] GC(0) User=0.02s Sys=0.00s Real=0.01s
[2025-04-13T12:54:56.737+0000][gc,start    ] GC(1) Pause Young (Concurrent Start) (Metadata GC Threshold)
[2025-04-13T12:54:56.737+0000][gc,task     ] GC(1) Using 2 workers of 2 for evacuation
[2025-04-13T12:54:56.748+0000][gc,phases   ] GC(1)   Pre Evacuate Collection Set: 0.5ms
[2025-04-13T12:54:56.748+0000][gc,phases   ] GC(1)   Merge Heap Roots: 0.0ms
[2025-04-13T12:54:56.748+0000][gc,phases   ] GC(1)   Evacuate Collection Set: 9.9ms
[2025-04-13T12:54:56.748+0000][gc,phases   ] GC(1)   Post Evacuate Collection Set: 0.4ms
[2025-04-13T12:54:56.748+0000][gc,phases   ] GC(1)   Other: 0.1ms
[2025-04-13T12:54:56.748+0000][gc,heap     ] GC(1) Eden regions: 13->0(50)
[2025-04-13T12:54:56.748+0000][gc,heap     ] GC(1) Survivor regions: 7->1(7)
[2025-04-13T12:54:56.748+0000][gc,heap     ] GC(1) Old regions: 4->11
[2025-04-13T12:54:56.748+0000][gc,heap     ] GC(1) Humongous regions: 0->0
[2025-04-13T12:54:56.748+0000][gc,metaspace] GC(1) Metaspace: 21273K(21504K)->21273K(21504K) NonClass: 19042K(19136K)->19042K(19136K) Class: 2231K(2368K)->2231K(2368K)
[2025-04-13T12:54:56.748+0000][gc          ] GC(1) Pause Young (Concurrent Start) (Metadata GC Threshold) 22M->10M(1024M) 11.182ms
[2025-04-13T12:54:56.748+0000][gc,cpu      ] GC(1) User=0.02s Sys=0.00s Real=0.01s
[2025-04-13T12:54:56.748+0000][gc          ] GC(2) Concurrent Mark Cycle
[2025-04-13T12:54:56.748+0000][gc,marking  ] GC(2) Concurrent Scan Root Regions
[2025-04-13T12:54:56.755+0000][gc,marking  ] GC(2) Concurrent Scan Root Regions 7.440ms
[2025-04-13T12:54:56.755+0000][gc,marking  ] GC(2) Concurrent Mark
[2025-04-13T12:54:56.755+0000][gc,marking  ] GC(2) Concurrent Mark From Roots
[2025-04-13T12:54:56.755+0000][gc,task     ] GC(2) Using 1 workers of 1 for marking
[2025-04-13T12:54:56.762+0000][gc,marking  ] GC(2) Concurrent Mark From Roots 6.556ms
[2025-04-13T12:54:56.762+0000][gc,marking  ] GC(2) Concurrent Preclean
[2025-04-13T12:54:56.762+0000][gc,marking  ] GC(2) Concurrent Preclean 0.007ms
[2025-04-13T12:54:56.762+0000][gc,start    ] GC(2) Pause Remark
[2025-04-13T12:54:56.766+0000][gc          ] GC(2) Pause Remark 11M->11M(1024M) 4.233ms
[2025-04-13T12:54:56.766+0000][gc,cpu      ] GC(2) User=0.00s Sys=0.00s Real=0.01s
[2025-04-13T12:54:56.766+0000][gc,marking  ] GC(2) Concurrent Mark 11.016ms
[2025-04-13T12:54:56.766+0000][gc,marking  ] GC(2) Concurrent Rebuild Remembered Sets and Scrub Regions
[2025-04-13T12:54:56.771+0000][gc,marking  ] GC(2) Concurrent Rebuild Remembered Sets and Scrub Regions 4.290ms
[2025-04-13T12:54:56.771+0000][gc,start    ] GC(2) Pause Cleanup
[2025-04-13T12:54:56.771+0000][gc          ] GC(2) Pause Cleanup 11M->11M(1024M) 0.205ms
[2025-04-13T12:54:56.771+0000][gc,cpu      ] GC(2) User=0.00s Sys=0.00s Real=0.00s
[2025-04-13T12:54:56.771+0000][gc,marking  ] GC(2) Concurrent Clear Claimed Marks
[2025-04-13T12:54:56.771+0000][gc,marking  ] GC(2) Concurrent Clear Claimed Marks 0.020ms
[2025-04-13T12:54:56.771+0000][gc,marking  ] GC(2) Concurrent Cleanup for Next Mark
[2025-04-13T12:54:56.782+0000][gc,marking  ] GC(2) Concurrent Cleanup for Next Mark 11.429ms
[2025-04-13T12:54:56.782+0000][gc          ] GC(2) Concurrent Mark Cycle 34.732ms
[2025-04-13T12:54:57.578+0000][gc,start    ] GC(3) Pause Young (Prepare Mixed) (G1 Evacuation Pause)
[2025-04-13T12:54:57.578+0000][gc,task     ] GC(3) Using 2 workers of 2 for evacuation
[2025-04-13T12:54:57.593+0000][gc,phases   ] GC(3)   Pre Evacuate Collection Set: 1.6ms
[2025-04-13T12:54:57.593+0000][gc,phases   ] GC(3)   Merge Heap Roots: 0.1ms
[2025-04-13T12:54:57.593+0000][gc,phases   ] GC(3)   Evacuate Collection Set: 13.0ms
[2025-04-13T12:54:57.593+0000][gc,phases   ] GC(3)   Post Evacuate Collection Set: 0.6ms
[2025-04-13T12:54:57.593+0000][gc,phases   ] GC(3)   Other: 0.1ms
[2025-04-13T12:54:57.593+0000][gc,heap     ] GC(3) Eden regions: 50->0(47)
[2025-04-13T12:54:57.593+0000][gc,heap     ] GC(3) Survivor regions: 1->4(7)
[2025-04-13T12:54:57.593+0000][gc,heap     ] GC(3) Old regions: 11->11
[2025-04-13T12:54:57.593+0000][gc,heap     ] GC(3) Humongous regions: 9->9
[2025-04-13T12:54:57.593+0000][gc,metaspace] GC(3) Metaspace: 32385K(32704K)->32385K(32704K) NonClass: 28800K(28992K)->28800K(28992K) Class: 3584K(3712K)->3584K(3712K)
[2025-04-13T12:54:57.593+0000][gc          ] GC(3) Pause Young (Prepare Mixed) (G1 Evacuation Pause) 69M->22M(1024M) 15.568ms
[2025-04-13T12:54:57.593+0000][gc,cpu      ] GC(3) User=0.03s Sys=0.00s Real=0.01s
[2025-04-13T12:54:57.837+0000][gc,start    ] GC(4) Pause Young (Mixed) (Metadata GC Threshold)
[2025-04-13T12:54:57.837+0000][gc,task     ] GC(4) Using 2 workers of 2 for evacuation
[2025-04-13T12:54:57.850+0000][gc,phases   ] GC(4)   Pre Evacuate Collection Set: 0.5ms
[2025-04-13T12:54:57.850+0000][gc,phases   ] GC(4)   Merge Heap Roots: 0.0ms
[2025-04-13T12:54:57.850+0000][gc,phases   ] GC(4)   Evacuate Collection Set: 11.8ms
[2025-04-13T12:54:57.850+0000][gc,phases   ] GC(4)   Post Evacuate Collection Set: 0.4ms
[2025-04-13T12:54:57.850+0000][gc,phases   ] GC(4)   Other: 0.1ms
[2025-04-13T12:54:57.850+0000][gc,heap     ] GC(4) Eden regions: 21->0(44)
[2025-04-13T12:54:57.850+0000][gc,heap     ] GC(4) Survivor regions: 4->7(7)
[2025-04-13T12:54:57.850+0000][gc,heap     ] GC(4) Old regions: 11->11
[2025-04-13T12:54:57.850+0000][gc,heap     ] GC(4) Humongous regions: 9->9
[2025-04-13T12:54:57.850+0000][gc,metaspace] GC(4) Metaspace: 35665K(35968K)->35665K(35968K) NonClass: 31788K(31936K)->31788K(31936K) Class: 3876K(4032K)->3876K(4032K)
[2025-04-13T12:54:57.850+0000][gc          ] GC(4) Pause Young (Mixed) (Metadata GC Threshold) 43M->26M(1024M) 13.037ms
[2025-04-13T12:54:57.850+0000][gc,cpu      ] GC(4) User=0.02s Sys=0.00s Real=0.01s
[2025-04-13T12:54:57.865+0000][gc,start    ] GC(5) Pause Young (Concurrent Start) (Metadata GC Threshold)
[2025-04-13T12:54:57.865+0000][gc,task     ] GC(5) Using 2 workers of 2 for evacuation
[2025-04-13T12:54:57.874+0000][gc,phases   ] GC(5)   Pre Evacuate Collection Set: 0.3ms
[2025-04-13T12:54:57.874+0000][gc,phases   ] GC(5)   Merge Heap Roots: 0.0ms
[2025-04-13T12:54:57.874+0000][gc,phases   ] GC(5)   Evacuate Collection Set: 8.3ms
[2025-04-13T12:54:57.874+0000][gc,phases   ] GC(5)   Post Evacuate Collection Set: 0.4ms
[2025-04-13T12:54:57.874+0000][gc,phases   ] GC(5)   Other: 0.1ms
[2025-04-13T12:54:57.874+0000][gc,heap     ] GC(5) Eden regions: 2->0(48)
[2025-04-13T12:54:57.874+0000][gc,heap     ] GC(5) Survivor regions: 7->3(7)
[2025-04-13T12:54:57.874+0000][gc,heap     ] GC(5) Old regions: 11->14
[2025-04-13T12:54:57.874+0000][gc,heap     ] GC(5) Humongous regions: 9->9
[2025-04-13T12:54:57.874+0000][gc,metaspace] GC(5) Metaspace: 35994K(36288K)->35994K(36288K) NonClass: 32108K(32256K)->32108K(32256K) Class: 3885K(4032K)->3885K(4032K)
[2025-04-13T12:54:57.874+0000][gc          ] GC(5) Pause Young (Concurrent Start) (Metadata GC Threshold) 28M->25M(1024M) 9.194ms
[2025-04-13T12:54:57.875+0000][gc,cpu      ] GC(5) User=0.02s Sys=0.00s Real=0.01s
[2025-04-13T12:54:57.875+0000][gc          ] GC(6) Concurrent Mark Cycle
[2025-04-13T12:54:57.875+0000][gc,marking  ] GC(6) Concurrent Scan Root Regions
[2025-04-13T12:54:57.881+0000][gc,marking  ] GC(6) Concurrent Scan Root Regions 6.155ms
[2025-04-13T12:54:57.881+0000][gc,marking  ] GC(6) Concurrent Mark
[2025-04-13T12:54:57.881+0000][gc,marking  ] GC(6) Concurrent Mark From Roots
[2025-04-13T12:54:57.881+0000][gc,task     ] GC(6) Using 1 workers of 1 for marking
[2025-04-13T12:54:57.910+0000][gc,marking  ] GC(6) Concurrent Mark From Roots 28.759ms
[2025-04-13T12:54:57.910+0000][gc,marking  ] GC(6) Concurrent Preclean
[2025-04-13T12:54:57.911+0000][gc,marking  ] GC(6) Concurrent Preclean 1.856ms
[2025-04-13T12:54:57.912+0000][gc,start    ] GC(6) Pause Remark
[2025-04-13T12:54:57.916+0000][gc          ] GC(6) Pause Remark 28M->28M(1024M) 3.199ms
[2025-04-13T12:54:57.916+0000][gc,cpu      ] GC(6) User=0.00s Sys=0.00s Real=0.01s
[2025-04-13T12:54:57.916+0000][gc,marking  ] GC(6) Concurrent Mark 34.998ms
[2025-04-13T12:54:57.916+0000][gc,marking  ] GC(6) Concurrent Rebuild Remembered Sets and Scrub Regions
[2025-04-13T12:54:57.934+0000][gc,marking  ] GC(6) Concurrent Rebuild Remembered Sets and Scrub Regions 18.645ms
[2025-04-13T12:54:57.938+0000][gc,start    ] GC(6) Pause Cleanup
[2025-04-13T12:54:57.939+0000][gc          ] GC(6) Pause Cleanup 29M->29M(1024M) 0.220ms
[2025-04-13T12:54:57.939+0000][gc,cpu      ] GC(6) User=0.00s Sys=0.00s Real=0.00s
[2025-04-13T12:54:57.940+0000][gc,marking  ] GC(6) Concurrent Clear Claimed Marks
[2025-04-13T12:54:57.940+0000][gc,marking  ] GC(6) Concurrent Clear Claimed Marks 0.039ms
[2025-04-13T12:54:57.940+0000][gc,marking  ] GC(6) Concurrent Cleanup for Next Mark
[2025-04-13T12:54:57.944+0000][gc,marking  ] GC(6) Concurrent Cleanup for Next Mark 4.456ms
[2025-04-13T12:54:57.944+0000][gc          ] GC(6) Concurrent Mark Cycle 69.525ms
[2025-04-13T12:57:04.694+0000][gc,heap,exit] Heap
[2025-04-13T12:57:04.694+0000][gc,heap,exit]  garbage-first heap   total 1048576K, used 191481K [0x00000000c0000000, 0x0000000100000000)
[2025-04-13T12:57:04.694+0000][gc,heap,exit]   region size 1024K, 36 young (36864K), 3 survivors (3072K)
[2025-04-13T12:57:04.694+0000][gc,heap,exit]  Metaspace       used 39717K, committed 40128K, reserved 1114112K
[2025-04-13T12:57:04.694+0000][gc,heap,exit]   class space    used 4401K, committed 4544K, reserved 1048576K
