[2025-04-14T09:14:11.278+0000][gc,init] CardTable entry size: 512
[2025-04-14T09:14:11.278+0000][gc     ] Using G1
[2025-04-14T09:14:11.289+0000][gc,init] Version: 21.0.6+7-Ubuntu-122.04.1 (release)
[2025-04-14T09:14:11.289+0000][gc,init] CPUs: 2 total, 2 available
[2025-04-14T09:14:11.289+0000][gc,init] Memory: 3861M
[2025-04-14T09:14:11.289+0000][gc,init] Large Page Support: Disabled
[2025-04-14T09:14:11.289+0000][gc,init] NUMA Support: Disabled
[2025-04-14T09:14:11.289+0000][gc,init] Compressed Oops: Enabled (32-bit)
[2025-04-14T09:14:11.289+0000][gc,init] Heap Region Size: 1M
[2025-04-14T09:14:11.289+0000][gc,init] Heap Min Capacity: 1G
[2025-04-14T09:14:11.289+0000][gc,init] Heap Initial Capacity: 1G
[2025-04-14T09:14:11.289+0000][gc,init] Heap Max Capacity: 1G
[2025-04-14T09:14:11.289+0000][gc,init] Pre-touch: Disabled
[2025-04-14T09:14:11.289+0000][gc,init] Parallel Workers: 2
[2025-04-14T09:14:11.289+0000][gc,init] Concurrent Workers: 1
[2025-04-14T09:14:11.289+0000][gc,init] Concurrent Refinement Workers: 2
[2025-04-14T09:14:11.289+0000][gc,init] Periodic GC: Disabled
[2025-04-14T09:14:11.299+0000][gc,metaspace] CDS archive(s) mapped at: [0x00007c6f17000000-0x00007c6f17c97000-0x00007c6f17c97000), size 13201408, SharedBaseAddress: 0x00007c6f17000000, ArchiveRelocationMode: 1.
[2025-04-14T09:14:11.299+0000][gc,metaspace] Compressed class space mapped at: 0x00007c6f18000000-0x00007c6f58000000, reserved size: 1073741824
[2025-04-14T09:14:11.299+0000][gc,metaspace] Narrow klass base: 0x00007c6f17000000, Narrow klass shift: 0, Narrow klass range: 0x100000000
[2025-04-14T09:14:13.229+0000][gc,start    ] GC(0) Pause Young (Normal) (G1 Evacuation Pause)
[2025-04-14T09:14:13.229+0000][gc,task     ] GC(0) Using 2 workers of 2 for evacuation
[2025-04-14T09:14:13.243+0000][gc,phases   ] GC(0)   Pre Evacuate Collection Set: 0.4ms
[2025-04-14T09:14:13.243+0000][gc,phases   ] GC(0)   Merge Heap Roots: 0.1ms
[2025-04-14T09:14:13.243+0000][gc,phases   ] GC(0)   Evacuate Collection Set: 12.3ms
[2025-04-14T09:14:13.243+0000][gc,phases   ] GC(0)   Post Evacuate Collection Set: 1.1ms
[2025-04-14T09:14:13.243+0000][gc,phases   ] GC(0)   Other: 0.2ms
[2025-04-14T09:14:13.243+0000][gc,heap     ] GC(0) Eden regions: 51->0(44)
[2025-04-14T09:14:13.243+0000][gc,heap     ] GC(0) Survivor regions: 0->7(7)
[2025-04-14T09:14:13.243+0000][gc,heap     ] GC(0) Old regions: 2->4
[2025-04-14T09:14:13.243+0000][gc,heap     ] GC(0) Humongous regions: 0->0
[2025-04-14T09:14:13.243+0000][gc,metaspace] GC(0) Metaspace: 17565K(17728K)->17565K(17728K) NonClass: 15629K(15744K)->15629K(15744K) Class: 1935K(1984K)->1935K(1984K)
[2025-04-14T09:14:13.243+0000][gc          ] GC(0) Pause Young (Normal) (G1 Evacuation Pause) 52M->9M(1024M) 14.325ms
[2025-04-14T09:14:13.243+0000][gc,cpu      ] GC(0) User=0.02s Sys=0.01s Real=0.02s
[2025-04-14T09:14:13.434+0000][gc,start    ] GC(1) Pause Young (Concurrent Start) (Metadata GC Threshold)
[2025-04-14T09:14:13.434+0000][gc,task     ] GC(1) Using 2 workers of 2 for evacuation
[2025-04-14T09:14:13.444+0000][gc,phases   ] GC(1)   Pre Evacuate Collection Set: 0.3ms
[2025-04-14T09:14:13.444+0000][gc,phases   ] GC(1)   Merge Heap Roots: 0.1ms
[2025-04-14T09:14:13.444+0000][gc,phases   ] GC(1)   Evacuate Collection Set: 8.8ms
[2025-04-14T09:14:13.444+0000][gc,phases   ] GC(1)   Post Evacuate Collection Set: 0.6ms
[2025-04-14T09:14:13.444+0000][gc,phases   ] GC(1)   Other: 0.1ms
[2025-04-14T09:14:13.444+0000][gc,heap     ] GC(1) Eden regions: 13->0(50)
[2025-04-14T09:14:13.444+0000][gc,heap     ] GC(1) Survivor regions: 7->1(7)
[2025-04-14T09:14:13.444+0000][gc,heap     ] GC(1) Old regions: 4->11
[2025-04-14T09:14:13.444+0000][gc,heap     ] GC(1) Humongous regions: 0->0
[2025-04-14T09:14:13.444+0000][gc,metaspace] GC(1) Metaspace: 21294K(21504K)->21294K(21504K) NonClass: 19063K(19136K)->19063K(19136K) Class: 2231K(2368K)->2231K(2368K)
[2025-04-14T09:14:13.444+0000][gc          ] GC(1) Pause Young (Concurrent Start) (Metadata GC Threshold) 21M->11M(1024M) 10.018ms
[2025-04-14T09:14:13.444+0000][gc,cpu      ] GC(1) User=0.02s Sys=0.00s Real=0.01s
[2025-04-14T09:14:13.444+0000][gc          ] GC(2) Concurrent Mark Cycle
[2025-04-14T09:14:13.444+0000][gc,marking  ] GC(2) Concurrent Scan Root Regions
[2025-04-14T09:14:13.449+0000][gc,marking  ] GC(2) Concurrent Scan Root Regions 4.206ms
[2025-04-14T09:14:13.449+0000][gc,marking  ] GC(2) Concurrent Mark
[2025-04-14T09:14:13.449+0000][gc,marking  ] GC(2) Concurrent Mark From Roots
[2025-04-14T09:14:13.449+0000][gc,task     ] GC(2) Using 1 workers of 1 for marking
[2025-04-14T09:14:13.454+0000][gc,marking  ] GC(2) Concurrent Mark From Roots 5.021ms
[2025-04-14T09:14:13.454+0000][gc,marking  ] GC(2) Concurrent Preclean
[2025-04-14T09:14:13.454+0000][gc,marking  ] GC(2) Concurrent Preclean 0.008ms
[2025-04-14T09:14:13.454+0000][gc,start    ] GC(2) Pause Remark
[2025-04-14T09:14:13.457+0000][gc          ] GC(2) Pause Remark 11M->11M(1024M) 2.748ms
[2025-04-14T09:14:13.457+0000][gc,cpu      ] GC(2) User=0.01s Sys=0.00s Real=0.00s
[2025-04-14T09:14:13.457+0000][gc,marking  ] GC(2) Concurrent Mark 8.036ms
[2025-04-14T09:14:13.457+0000][gc,marking  ] GC(2) Concurrent Rebuild Remembered Sets and Scrub Regions
[2025-04-14T09:14:13.461+0000][gc,marking  ] GC(2) Concurrent Rebuild Remembered Sets and Scrub Regions 4.411ms
[2025-04-14T09:14:13.461+0000][gc,start    ] GC(2) Pause Cleanup
[2025-04-14T09:14:13.461+0000][gc          ] GC(2) Pause Cleanup 11M->11M(1024M) 0.206ms
[2025-04-14T09:14:13.461+0000][gc,cpu      ] GC(2) User=0.00s Sys=0.00s Real=0.00s
[2025-04-14T09:14:13.461+0000][gc,marking  ] GC(2) Concurrent Clear Claimed Marks
[2025-04-14T09:14:13.462+0000][gc,marking  ] GC(2) Concurrent Clear Claimed Marks 0.016ms
[2025-04-14T09:14:13.462+0000][gc,marking  ] GC(2) Concurrent Cleanup for Next Mark
[2025-04-14T09:14:13.478+0000][gc,marking  ] GC(2) Concurrent Cleanup for Next Mark 16.186ms
[2025-04-14T09:14:13.478+0000][gc          ] GC(2) Concurrent Mark Cycle 33.390ms
[2025-04-14T09:14:14.458+0000][gc,start    ] GC(3) Pause Young (Prepare Mixed) (G1 Evacuation Pause)
[2025-04-14T09:14:14.458+0000][gc,task     ] GC(3) Using 2 workers of 2 for evacuation
[2025-04-14T09:14:14.464+0000][gc,phases   ] GC(3)   Pre Evacuate Collection Set: 0.2ms
[2025-04-14T09:14:14.464+0000][gc,phases   ] GC(3)   Merge Heap Roots: 0.1ms
[2025-04-14T09:14:14.464+0000][gc,phases   ] GC(3)   Evacuate Collection Set: 5.1ms
[2025-04-14T09:14:14.464+0000][gc,phases   ] GC(3)   Post Evacuate Collection Set: 0.4ms
[2025-04-14T09:14:14.464+0000][gc,phases   ] GC(3)   Other: 0.1ms
[2025-04-14T09:14:14.464+0000][gc,heap     ] GC(3) Eden regions: 50->0(47)
[2025-04-14T09:14:14.464+0000][gc,heap     ] GC(3) Survivor regions: 1->4(7)
[2025-04-14T09:14:14.464+0000][gc,heap     ] GC(3) Old regions: 11->11
[2025-04-14T09:14:14.464+0000][gc,heap     ] GC(3) Humongous regions: 0->0
[2025-04-14T09:14:14.464+0000][gc,metaspace] GC(3) Metaspace: 26038K(26240K)->26038K(26240K) NonClass: 23186K(23296K)->23186K(23296K) Class: 2852K(2944K)->2852K(2944K)
[2025-04-14T09:14:14.464+0000][gc          ] GC(3) Pause Young (Prepare Mixed) (G1 Evacuation Pause) 61M->13M(1024M) 6.034ms
[2025-04-14T09:14:14.464+0000][gc,cpu      ] GC(3) User=0.01s Sys=0.00s Real=0.01s
[2025-04-14T09:14:15.164+0000][gc,start    ] GC(4) Pause Young (Mixed) (G1 Evacuation Pause)
[2025-04-14T09:14:15.164+0000][gc,task     ] GC(4) Using 2 workers of 2 for evacuation
[2025-04-14T09:14:15.174+0000][gc,phases   ] GC(4)   Pre Evacuate Collection Set: 0.4ms
[2025-04-14T09:14:15.174+0000][gc,phases   ] GC(4)   Merge Heap Roots: 0.0ms
[2025-04-14T09:14:15.174+0000][gc,phases   ] GC(4)   Evacuate Collection Set: 8.4ms
[2025-04-14T09:14:15.174+0000][gc,phases   ] GC(4)   Post Evacuate Collection Set: 0.6ms
[2025-04-14T09:14:15.174+0000][gc,phases   ] GC(4)   Other: 0.1ms
[2025-04-14T09:14:15.174+0000][gc,heap     ] GC(4) Eden regions: 47->0(45)
[2025-04-14T09:14:15.174+0000][gc,heap     ] GC(4) Survivor regions: 4->6(7)
[2025-04-14T09:14:15.174+0000][gc,heap     ] GC(4) Old regions: 11->11
[2025-04-14T09:14:15.174+0000][gc,heap     ] GC(4) Humongous regions: 9->9
[2025-04-14T09:14:15.174+0000][gc,metaspace] GC(4) Metaspace: 34180K(34560K)->34180K(34560K) NonClass: 30424K(30656K)->30424K(30656K) Class: 3756K(3904K)->3756K(3904K)
[2025-04-14T09:14:15.174+0000][gc          ] GC(4) Pause Young (Mixed) (G1 Evacuation Pause) 69M->24M(1024M) 9.684ms
[2025-04-14T09:14:15.174+0000][gc,cpu      ] GC(4) User=0.01s Sys=0.00s Real=0.01s
[2025-04-14T09:14:15.314+0000][gc,start    ] GC(5) Pause Young (Concurrent Start) (Metadata GC Threshold)
[2025-04-14T09:14:15.314+0000][gc,task     ] GC(5) Using 2 workers of 2 for evacuation
[2025-04-14T09:14:15.328+0000][gc,phases   ] GC(5)   Pre Evacuate Collection Set: 0.4ms
[2025-04-14T09:14:15.328+0000][gc,phases   ] GC(5)   Merge Heap Roots: 0.1ms
[2025-04-14T09:14:15.328+0000][gc,phases   ] GC(5)   Evacuate Collection Set: 12.8ms
[2025-04-14T09:14:15.328+0000][gc,phases   ] GC(5)   Post Evacuate Collection Set: 0.5ms
[2025-04-14T09:14:15.328+0000][gc,phases   ] GC(5)   Other: 0.2ms
[2025-04-14T09:14:15.328+0000][gc,heap     ] GC(5) Eden regions: 12->0(47)
[2025-04-14T09:14:15.328+0000][gc,heap     ] GC(5) Survivor regions: 6->4(7)
[2025-04-14T09:14:15.328+0000][gc,heap     ] GC(5) Old regions: 11->14
[2025-04-14T09:14:15.328+0000][gc,heap     ] GC(5) Humongous regions: 9->9
[2025-04-14T09:14:15.328+0000][gc,metaspace] GC(5) Metaspace: 35657K(35968K)->35657K(35968K) NonClass: 31794K(31936K)->31794K(31936K) Class: 3862K(4032K)->3862K(4032K)
[2025-04-14T09:14:15.328+0000][gc          ] GC(5) Pause Young (Concurrent Start) (Metadata GC Threshold) 36M->26M(1024M) 14.148ms
[2025-04-14T09:14:15.328+0000][gc,cpu      ] GC(5) User=0.02s Sys=0.01s Real=0.01s
[2025-04-14T09:14:15.328+0000][gc          ] GC(6) Concurrent Mark Cycle
[2025-04-14T09:14:15.328+0000][gc,marking  ] GC(6) Concurrent Scan Root Regions
[2025-04-14T09:14:15.344+0000][gc,marking  ] GC(6) Concurrent Scan Root Regions 15.133ms
[2025-04-14T09:14:15.344+0000][gc,marking  ] GC(6) Concurrent Mark
[2025-04-14T09:14:15.344+0000][gc,marking  ] GC(6) Concurrent Mark From Roots
[2025-04-14T09:14:15.344+0000][gc,task     ] GC(6) Using 1 workers of 1 for marking
[2025-04-14T09:14:15.364+0000][gc,marking  ] GC(6) Concurrent Mark From Roots 20.799ms
[2025-04-14T09:14:15.364+0000][gc,marking  ] GC(6) Concurrent Preclean
[2025-04-14T09:14:15.364+0000][gc,marking  ] GC(6) Concurrent Preclean 0.044ms
[2025-04-14T09:14:15.365+0000][gc,start    ] GC(6) Pause Remark
[2025-04-14T09:14:15.369+0000][gc          ] GC(6) Pause Remark 28M->28M(1024M) 4.016ms
[2025-04-14T09:14:15.369+0000][gc,cpu      ] GC(6) User=0.01s Sys=0.00s Real=0.00s
[2025-04-14T09:14:15.369+0000][gc,marking  ] GC(6) Concurrent Mark 25.179ms
[2025-04-14T09:14:15.369+0000][gc,marking  ] GC(6) Concurrent Rebuild Remembered Sets and Scrub Regions
[2025-04-14T09:14:15.384+0000][gc,marking  ] GC(6) Concurrent Rebuild Remembered Sets and Scrub Regions 15.371ms
[2025-04-14T09:14:15.385+0000][gc,start    ] GC(6) Pause Cleanup
[2025-04-14T09:14:15.385+0000][gc          ] GC(6) Pause Cleanup 29M->29M(1024M) 0.204ms
[2025-04-14T09:14:15.385+0000][gc,cpu      ] GC(6) User=0.00s Sys=0.00s Real=0.00s
[2025-04-14T09:14:15.385+0000][gc,marking  ] GC(6) Concurrent Clear Claimed Marks
[2025-04-14T09:14:15.385+0000][gc,marking  ] GC(6) Concurrent Clear Claimed Marks 0.034ms
[2025-04-14T09:14:15.385+0000][gc,marking  ] GC(6) Concurrent Cleanup for Next Mark
[2025-04-14T09:14:15.390+0000][gc,marking  ] GC(6) Concurrent Cleanup for Next Mark 5.222ms
[2025-04-14T09:14:15.391+0000][gc          ] GC(6) Concurrent Mark Cycle 62.153ms
[2025-04-14T09:14:18.638+0000][gc,start    ] GC(7) Pause Young (Prepare Mixed) (G1 Evacuation Pause)
[2025-04-14T09:14:18.638+0000][gc,task     ] GC(7) Using 2 workers of 2 for evacuation
[2025-04-14T09:14:18.654+0000][gc,phases   ] GC(7)   Pre Evacuate Collection Set: 0.5ms
[2025-04-14T09:14:18.654+0000][gc,phases   ] GC(7)   Merge Heap Roots: 0.1ms
[2025-04-14T09:14:18.654+0000][gc,phases   ] GC(7)   Evacuate Collection Set: 13.5ms
[2025-04-14T09:14:18.654+0000][gc,phases   ] GC(7)   Post Evacuate Collection Set: 1.3ms
[2025-04-14T09:14:18.654+0000][gc,phases   ] GC(7)   Other: 0.1ms
[2025-04-14T09:14:18.654+0000][gc,heap     ] GC(7) Eden regions: 47->0(45)
[2025-04-14T09:14:18.654+0000][gc,heap     ] GC(7) Survivor regions: 4->6(7)
[2025-04-14T09:14:18.654+0000][gc,heap     ] GC(7) Old regions: 14->16
[2025-04-14T09:14:18.654+0000][gc,heap     ] GC(7) Humongous regions: 216->138
[2025-04-14T09:14:18.654+0000][gc,metaspace] GC(7) Metaspace: 40555K(41024K)->40555K(41024K) NonClass: 36062K(36352K)->36062K(36352K) Class: 4493K(4672K)->4493K(4672K)
[2025-04-14T09:14:18.654+0000][gc          ] GC(7) Pause Young (Prepare Mixed) (G1 Evacuation Pause) 280M->159M(1024M) 15.703ms
[2025-04-14T09:14:18.654+0000][gc,cpu      ] GC(7) User=0.02s Sys=0.00s Real=0.02s
[2025-04-14T09:15:59.404+0000][gc,start    ] GC(8) Pause Young (Mixed) (G1 Evacuation Pause)
[2025-04-14T09:15:59.404+0000][gc,task     ] GC(8) Using 2 workers of 2 for evacuation
[2025-04-14T09:15:59.421+0000][gc,phases   ] GC(8)   Pre Evacuate Collection Set: 0.5ms
[2025-04-14T09:15:59.421+0000][gc,phases   ] GC(8)   Merge Heap Roots: 0.1ms
[2025-04-14T09:15:59.421+0000][gc,phases   ] GC(8)   Evacuate Collection Set: 14.9ms
[2025-04-14T09:15:59.421+0000][gc,phases   ] GC(8)   Post Evacuate Collection Set: 1.1ms
[2025-04-14T09:15:59.421+0000][gc,phases   ] GC(8)   Other: 0.1ms
[2025-04-14T09:15:59.421+0000][gc,heap     ] GC(8) Eden regions: 45->0(44)
[2025-04-14T09:15:59.421+0000][gc,heap     ] GC(8) Survivor regions: 6->7(7)
[2025-04-14T09:15:59.421+0000][gc,heap     ] GC(8) Old regions: 16->17
[2025-04-14T09:15:59.421+0000][gc,heap     ] GC(8) Humongous regions: 138->138
[2025-04-14T09:15:59.421+0000][gc,metaspace] GC(8) Metaspace: 44344K(45056K)->44344K(45056K) NonClass: 39344K(39744K)->39344K(39744K) Class: 5000K(5312K)->5000K(5312K)
[2025-04-14T09:15:59.421+0000][gc          ] GC(8) Pause Young (Mixed) (G1 Evacuation Pause) 204M->162M(1024M) 16.979ms
[2025-04-14T09:15:59.421+0000][gc,cpu      ] GC(8) User=0.03s Sys=0.00s Real=0.01s
[2025-04-14T09:18:25.625+0000][gc,start    ] GC(9) Pause Young (Normal) (G1 Evacuation Pause)
[2025-04-14T09:18:25.625+0000][gc,task     ] GC(9) Using 2 workers of 2 for evacuation
[2025-04-14T09:18:25.641+0000][gc,phases   ] GC(9)   Pre Evacuate Collection Set: 0.3ms
[2025-04-14T09:18:25.641+0000][gc,phases   ] GC(9)   Merge Heap Roots: 0.1ms
[2025-04-14T09:18:25.641+0000][gc,phases   ] GC(9)   Evacuate Collection Set: 14.4ms
[2025-04-14T09:18:25.641+0000][gc,phases   ] GC(9)   Post Evacuate Collection Set: 0.6ms
[2025-04-14T09:18:25.641+0000][gc,phases   ] GC(9)   Other: 0.1ms
[2025-04-14T09:18:25.641+0000][gc,heap     ] GC(9) Eden regions: 44->0(47)
[2025-04-14T09:18:25.641+0000][gc,heap     ] GC(9) Survivor regions: 7->4(7)
[2025-04-14T09:18:25.641+0000][gc,heap     ] GC(9) Old regions: 17->21
[2025-04-14T09:18:25.641+0000][gc,heap     ] GC(9) Humongous regions: 138->138
[2025-04-14T09:18:25.641+0000][gc,metaspace] GC(9) Metaspace: 44793K(45440K)->44793K(45440K) NonClass: 39787K(40128K)->39787K(40128K) Class: 5005K(5312K)->5005K(5312K)
[2025-04-14T09:18:25.641+0000][gc          ] GC(9) Pause Young (Normal) (G1 Evacuation Pause) 206M->162M(1024M) 15.737ms
[2025-04-14T09:18:25.641+0000][gc,cpu      ] GC(9) User=0.03s Sys=0.00s Real=0.01s
[2025-04-14T09:21:13.193+0000][gc,start    ] GC(10) Pause Young (Normal) (G1 Evacuation Pause)
[2025-04-14T09:21:13.193+0000][gc,task     ] GC(10) Using 2 workers of 2 for evacuation
[2025-04-14T09:21:13.204+0000][gc,phases   ] GC(10)   Pre Evacuate Collection Set: 0.3ms
[2025-04-14T09:21:13.204+0000][gc,phases   ] GC(10)   Merge Heap Roots: 0.1ms
[2025-04-14T09:21:13.204+0000][gc,phases   ] GC(10)   Evacuate Collection Set: 9.2ms
[2025-04-14T09:21:13.204+0000][gc,phases   ] GC(10)   Post Evacuate Collection Set: 0.7ms
[2025-04-14T09:21:13.204+0000][gc,phases   ] GC(10)   Other: 0.1ms
[2025-04-14T09:21:13.204+0000][gc,heap     ] GC(10) Eden regions: 47->0(47)
[2025-04-14T09:21:13.204+0000][gc,heap     ] GC(10) Survivor regions: 4->4(7)
[2025-04-14T09:21:13.204+0000][gc,heap     ] GC(10) Old regions: 21->22
[2025-04-14T09:21:13.204+0000][gc,heap     ] GC(10) Humongous regions: 138->138
[2025-04-14T09:21:13.204+0000][gc,metaspace] GC(10) Metaspace: 44909K(45568K)->44909K(45568K) NonClass: 39902K(40256K)->39902K(40256K) Class: 5006K(5312K)->5006K(5312K)
[2025-04-14T09:21:13.204+0000][gc          ] GC(10) Pause Young (Normal) (G1 Evacuation Pause) 209M->163M(1024M) 10.590ms
[2025-04-14T09:21:13.204+0000][gc,cpu      ] GC(10) User=0.02s Sys=0.00s Real=0.01s
[2025-04-14T09:24:05.732+0000][gc,start    ] GC(11) Pause Young (Normal) (G1 Evacuation Pause)
[2025-04-14T09:24:05.732+0000][gc,task     ] GC(11) Using 2 workers of 2 for evacuation
[2025-04-14T09:24:05.745+0000][gc,phases   ] GC(11)   Pre Evacuate Collection Set: 0.4ms
[2025-04-14T09:24:05.745+0000][gc,phases   ] GC(11)   Merge Heap Roots: 0.1ms
[2025-04-14T09:24:05.745+0000][gc,phases   ] GC(11)   Evacuate Collection Set: 10.9ms
[2025-04-14T09:24:05.745+0000][gc,phases   ] GC(11)   Post Evacuate Collection Set: 0.7ms
[2025-04-14T09:24:05.745+0000][gc,phases   ] GC(11)   Other: 0.1ms
[2025-04-14T09:24:05.745+0000][gc,heap     ] GC(11) Eden regions: 47->0(46)
[2025-04-14T09:24:05.745+0000][gc,heap     ] GC(11) Survivor regions: 4->5(7)
[2025-04-14T09:24:05.745+0000][gc,heap     ] GC(11) Old regions: 22->22
[2025-04-14T09:24:05.745+0000][gc,heap     ] GC(11) Humongous regions: 138->138
[2025-04-14T09:24:05.745+0000][gc,metaspace] GC(11) Metaspace: 45048K(45696K)->45048K(45696K) NonClass: 40042K(40384K)->40042K(40384K) Class: 5006K(5312K)->5006K(5312K)
[2025-04-14T09:24:05.745+0000][gc          ] GC(11) Pause Young (Normal) (G1 Evacuation Pause) 210M->164M(1024M) 12.363ms
[2025-04-14T09:24:05.745+0000][gc,cpu      ] GC(11) User=0.02s Sys=0.00s Real=0.02s
[2025-04-14T09:26:54.361+0000][gc,start    ] GC(12) Pause Young (Normal) (G1 Evacuation Pause)
[2025-04-14T09:26:54.361+0000][gc,task     ] GC(12) Using 2 workers of 2 for evacuation
[2025-04-14T09:26:54.375+0000][gc,phases   ] GC(12)   Pre Evacuate Collection Set: 0.5ms
[2025-04-14T09:26:54.375+0000][gc,phases   ] GC(12)   Merge Heap Roots: 0.1ms
[2025-04-14T09:26:54.375+0000][gc,phases   ] GC(12)   Evacuate Collection Set: 12.5ms
[2025-04-14T09:26:54.375+0000][gc,phases   ] GC(12)   Post Evacuate Collection Set: 0.7ms
[2025-04-14T09:26:54.375+0000][gc,phases   ] GC(12)   Other: 0.1ms
[2025-04-14T09:26:54.375+0000][gc,heap     ] GC(12) Eden regions: 46->0(45)
[2025-04-14T09:26:54.375+0000][gc,heap     ] GC(12) Survivor regions: 5->6(7)
[2025-04-14T09:26:54.375+0000][gc,heap     ] GC(12) Old regions: 22->24
[2025-04-14T09:26:54.375+0000][gc,heap     ] GC(12) Humongous regions: 138->138
[2025-04-14T09:26:54.375+0000][gc,metaspace] GC(12) Metaspace: 45174K(45760K)->45174K(45760K) NonClass: 40149K(40448K)->40149K(40448K) Class: 5025K(5312K)->5025K(5312K)
[2025-04-14T09:26:54.375+0000][gc          ] GC(12) Pause Young (Normal) (G1 Evacuation Pause) 210M->166M(1024M) 14.055ms
[2025-04-14T09:26:54.375+0000][gc,cpu      ] GC(12) User=0.02s Sys=0.00s Real=0.02s
[2025-04-14T09:29:46.581+0000][gc,start    ] GC(13) Pause Young (Normal) (G1 Evacuation Pause)
[2025-04-14T09:29:46.581+0000][gc,task     ] GC(13) Using 2 workers of 2 for evacuation
[2025-04-14T09:29:46.595+0000][gc,phases   ] GC(13)   Pre Evacuate Collection Set: 0.4ms
[2025-04-14T09:29:46.595+0000][gc,phases   ] GC(13)   Merge Heap Roots: 0.2ms
[2025-04-14T09:29:46.595+0000][gc,phases   ] GC(13)   Evacuate Collection Set: 12.6ms
[2025-04-14T09:29:46.595+0000][gc,phases   ] GC(13)   Post Evacuate Collection Set: 1.0ms
[2025-04-14T09:29:46.595+0000][gc,phases   ] GC(13)   Other: 0.1ms
[2025-04-14T09:29:46.595+0000][gc,heap     ] GC(13) Eden regions: 45->0(45)
[2025-04-14T09:29:46.595+0000][gc,heap     ] GC(13) Survivor regions: 6->6(7)
[2025-04-14T09:29:46.595+0000][gc,heap     ] GC(13) Old regions: 24->25
[2025-04-14T09:29:46.595+0000][gc,heap     ] GC(13) Humongous regions: 138->138
[2025-04-14T09:29:46.595+0000][gc,metaspace] GC(13) Metaspace: 45238K(45888K)->45238K(45888K) NonClass: 40212K(40576K)->40212K(40576K) Class: 5026K(5312K)->5026K(5312K)
[2025-04-14T09:29:46.595+0000][gc          ] GC(13) Pause Young (Normal) (G1 Evacuation Pause) 211M->168M(1024M) 14.415ms
[2025-04-14T09:29:46.595+0000][gc,cpu      ] GC(13) User=0.02s Sys=0.00s Real=0.02s
[2025-04-14T09:32:43.422+0000][gc,start    ] GC(14) Pause Young (Normal) (G1 Evacuation Pause)
[2025-04-14T09:32:43.422+0000][gc,task     ] GC(14) Using 2 workers of 2 for evacuation
[2025-04-14T09:32:43.435+0000][gc,phases   ] GC(14)   Pre Evacuate Collection Set: 0.2ms
[2025-04-14T09:32:43.435+0000][gc,phases   ] GC(14)   Merge Heap Roots: 0.1ms
[2025-04-14T09:32:43.435+0000][gc,phases   ] GC(14)   Evacuate Collection Set: 11.7ms
[2025-04-14T09:32:43.435+0000][gc,phases   ] GC(14)   Post Evacuate Collection Set: 0.6ms
[2025-04-14T09:32:43.435+0000][gc,phases   ] GC(14)   Other: 0.1ms
[2025-04-14T09:32:43.435+0000][gc,heap     ] GC(14) Eden regions: 45->0(45)
[2025-04-14T09:32:43.435+0000][gc,heap     ] GC(14) Survivor regions: 6->6(7)
[2025-04-14T09:32:43.435+0000][gc,heap     ] GC(14) Old regions: 25->27
[2025-04-14T09:32:43.435+0000][gc,heap     ] GC(14) Humongous regions: 138->138
[2025-04-14T09:32:43.435+0000][gc,metaspace] GC(14) Metaspace: 45302K(45952K)->45302K(45952K) NonClass: 40276K(40640K)->40276K(40640K) Class: 5026K(5312K)->5026K(5312K)
[2025-04-14T09:32:43.435+0000][gc          ] GC(14) Pause Young (Normal) (G1 Evacuation Pause) 213M->170M(1024M) 12.947ms
[2025-04-14T09:32:43.435+0000][gc,cpu      ] GC(14) User=0.03s Sys=0.00s Real=0.02s
[2025-04-14T09:35:37.967+0000][gc,start    ] GC(15) Pause Young (Normal) (G1 Evacuation Pause)
[2025-04-14T09:35:37.967+0000][gc,task     ] GC(15) Using 2 workers of 2 for evacuation
[2025-04-14T09:35:37.982+0000][gc,phases   ] GC(15)   Pre Evacuate Collection Set: 0.2ms
[2025-04-14T09:35:37.982+0000][gc,phases   ] GC(15)   Merge Heap Roots: 0.2ms
[2025-04-14T09:35:37.982+0000][gc,phases   ] GC(15)   Evacuate Collection Set: 13.8ms
[2025-04-14T09:35:37.982+0000][gc,phases   ] GC(15)   Post Evacuate Collection Set: 0.6ms
[2025-04-14T09:35:37.982+0000][gc,phases   ] GC(15)   Other: 0.1ms
[2025-04-14T09:35:37.982+0000][gc,heap     ] GC(15) Eden regions: 45->0(45)
[2025-04-14T09:35:37.982+0000][gc,heap     ] GC(15) Survivor regions: 6->6(7)
[2025-04-14T09:35:37.982+0000][gc,heap     ] GC(15) Old regions: 27->29
[2025-04-14T09:35:37.982+0000][gc,heap     ] GC(15) Humongous regions: 138->138
[2025-04-14T09:35:37.982+0000][gc,metaspace] GC(15) Metaspace: 45329K(45952K)->45329K(45952K) NonClass: 40302K(40640K)->40302K(40640K) Class: 5026K(5312K)->5026K(5312K)
[2025-04-14T09:35:37.982+0000][gc          ] GC(15) Pause Young (Normal) (G1 Evacuation Pause) 215M->172M(1024M) 15.127ms
[2025-04-14T09:35:37.982+0000][gc,cpu      ] GC(15) User=0.03s Sys=0.00s Real=0.01s
[2025-04-14T09:38:34.304+0000][gc,start    ] GC(16) Pause Young (Normal) (G1 Evacuation Pause)
[2025-04-14T09:38:34.304+0000][gc,task     ] GC(16) Using 2 workers of 2 for evacuation
[2025-04-14T09:38:34.320+0000][gc,phases   ] GC(16)   Pre Evacuate Collection Set: 0.6ms
[2025-04-14T09:38:34.320+0000][gc,phases   ] GC(16)   Merge Heap Roots: 0.2ms
[2025-04-14T09:38:34.320+0000][gc,phases   ] GC(16)   Evacuate Collection Set: 14.4ms
[2025-04-14T09:38:34.320+0000][gc,phases   ] GC(16)   Post Evacuate Collection Set: 0.7ms
[2025-04-14T09:38:34.320+0000][gc,phases   ] GC(16)   Other: 0.1ms
[2025-04-14T09:38:34.320+0000][gc,heap     ] GC(16) Eden regions: 45->0(46)
[2025-04-14T09:38:34.320+0000][gc,heap     ] GC(16) Survivor regions: 6->5(7)
[2025-04-14T09:38:34.320+0000][gc,heap     ] GC(16) Old regions: 29->33
[2025-04-14T09:38:34.320+0000][gc,heap     ] GC(16) Humongous regions: 138->138
[2025-04-14T09:38:34.320+0000][gc,metaspace] GC(16) Metaspace: 45339K(45952K)->45339K(45952K) NonClass: 40311K(40640K)->40311K(40640K) Class: 5027K(5312K)->5027K(5312K)
[2025-04-14T09:38:34.320+0000][gc          ] GC(16) Pause Young (Normal) (G1 Evacuation Pause) 217M->175M(1024M) 16.087ms
[2025-04-14T09:38:34.321+0000][gc,cpu      ] GC(16) User=0.03s Sys=0.00s Real=0.01s
[2025-04-14T09:41:35.877+0000][gc,start    ] GC(17) Pause Young (Normal) (G1 Evacuation Pause)
[2025-04-14T09:41:35.877+0000][gc,task     ] GC(17) Using 2 workers of 2 for evacuation
[2025-04-14T09:41:35.892+0000][gc,phases   ] GC(17)   Pre Evacuate Collection Set: 0.4ms
[2025-04-14T09:41:35.892+0000][gc,phases   ] GC(17)   Merge Heap Roots: 0.1ms
[2025-04-14T09:41:35.892+0000][gc,phases   ] GC(17)   Evacuate Collection Set: 12.1ms
[2025-04-14T09:41:35.892+0000][gc,phases   ] GC(17)   Post Evacuate Collection Set: 1.4ms
[2025-04-14T09:41:35.892+0000][gc,phases   ] GC(17)   Other: 0.1ms
[2025-04-14T09:41:35.892+0000][gc,heap     ] GC(17) Eden regions: 46->0(46)
[2025-04-14T09:41:35.892+0000][gc,heap     ] GC(17) Survivor regions: 5->5(7)
[2025-04-14T09:41:35.892+0000][gc,heap     ] GC(17) Old regions: 33->35
[2025-04-14T09:41:35.892+0000][gc,heap     ] GC(17) Humongous regions: 138->138
[2025-04-14T09:41:35.892+0000][gc,metaspace] GC(17) Metaspace: 45363K(46016K)->45363K(46016K) NonClass: 40335K(40704K)->40335K(40704K) Class: 5027K(5312K)->5027K(5312K)
[2025-04-14T09:41:35.892+0000][gc          ] GC(17) Pause Young (Normal) (G1 Evacuation Pause) 221M->177M(1024M) 14.340ms
[2025-04-14T09:41:35.892+0000][gc,cpu      ] GC(17) User=0.03s Sys=0.00s Real=0.01s
[2025-04-14T09:44:35.728+0000][gc,start    ] GC(18) Pause Young (Normal) (G1 Evacuation Pause)
[2025-04-14T09:44:35.728+0000][gc,task     ] GC(18) Using 2 workers of 2 for evacuation
[2025-04-14T09:44:35.743+0000][gc,phases   ] GC(18)   Pre Evacuate Collection Set: 0.4ms
[2025-04-14T09:44:35.743+0000][gc,phases   ] GC(18)   Merge Heap Roots: 0.2ms
[2025-04-14T09:44:35.743+0000][gc,phases   ] GC(18)   Evacuate Collection Set: 13.3ms
[2025-04-14T09:44:35.743+0000][gc,phases   ] GC(18)   Post Evacuate Collection Set: 0.5ms
[2025-04-14T09:44:35.743+0000][gc,phases   ] GC(18)   Other: 0.1ms
[2025-04-14T09:44:35.743+0000][gc,heap     ] GC(18) Eden regions: 46->0(46)
[2025-04-14T09:44:35.743+0000][gc,heap     ] GC(18) Survivor regions: 5->5(7)
[2025-04-14T09:44:35.743+0000][gc,heap     ] GC(18) Old regions: 35->37
[2025-04-14T09:44:35.743+0000][gc,heap     ] GC(18) Humongous regions: 138->138
[2025-04-14T09:44:35.743+0000][gc,metaspace] GC(18) Metaspace: 45379K(46016K)->45379K(46016K) NonClass: 40351K(40704K)->40351K(40704K) Class: 5027K(5312K)->5027K(5312K)
[2025-04-14T09:44:35.743+0000][gc          ] GC(18) Pause Young (Normal) (G1 Evacuation Pause) 223M->179M(1024M) 14.743ms
[2025-04-14T09:44:35.743+0000][gc,cpu      ] GC(18) User=0.03s Sys=0.00s Real=0.02s
[2025-04-14T09:47:36.067+0000][gc,start    ] GC(19) Pause Young (Normal) (G1 Evacuation Pause)
[2025-04-14T09:47:36.067+0000][gc,task     ] GC(19) Using 2 workers of 2 for evacuation
[2025-04-14T09:47:36.081+0000][gc,phases   ] GC(19)   Pre Evacuate Collection Set: 0.4ms
[2025-04-14T09:47:36.081+0000][gc,phases   ] GC(19)   Merge Heap Roots: 0.2ms
[2025-04-14T09:47:36.081+0000][gc,phases   ] GC(19)   Evacuate Collection Set: 12.8ms
[2025-04-14T09:47:36.081+0000][gc,phases   ] GC(19)   Post Evacuate Collection Set: 0.6ms
[2025-04-14T09:47:36.081+0000][gc,phases   ] GC(19)   Other: 0.1ms
[2025-04-14T09:47:36.081+0000][gc,heap     ] GC(19) Eden regions: 46->0(46)
[2025-04-14T09:47:36.081+0000][gc,heap     ] GC(19) Survivor regions: 5->5(7)
[2025-04-14T09:47:36.081+0000][gc,heap     ] GC(19) Old regions: 37->39
[2025-04-14T09:47:36.081+0000][gc,heap     ] GC(19) Humongous regions: 138->138
[2025-04-14T09:47:36.081+0000][gc,metaspace] GC(19) Metaspace: 45390K(46016K)->45390K(46016K) NonClass: 40362K(40704K)->40362K(40704K) Class: 5027K(5312K)->5027K(5312K)
[2025-04-14T09:47:36.081+0000][gc          ] GC(19) Pause Young (Normal) (G1 Evacuation Pause) 225M->181M(1024M) 14.246ms
[2025-04-14T09:47:36.081+0000][gc,cpu      ] GC(19) User=0.03s Sys=0.00s Real=0.01s
[2025-04-14T09:50:36.882+0000][gc,start    ] GC(20) Pause Young (Normal) (G1 Evacuation Pause)
[2025-04-14T09:50:36.882+0000][gc,task     ] GC(20) Using 2 workers of 2 for evacuation
[2025-04-14T09:50:36.895+0000][gc,phases   ] GC(20)   Pre Evacuate Collection Set: 0.3ms
[2025-04-14T09:50:36.895+0000][gc,phases   ] GC(20)   Merge Heap Roots: 0.1ms
[2025-04-14T09:50:36.895+0000][gc,phases   ] GC(20)   Evacuate Collection Set: 11.6ms
[2025-04-14T09:50:36.895+0000][gc,phases   ] GC(20)   Post Evacuate Collection Set: 0.6ms
[2025-04-14T09:50:36.895+0000][gc,phases   ] GC(20)   Other: 0.1ms
[2025-04-14T09:50:36.895+0000][gc,heap     ] GC(20) Eden regions: 46->0(46)
[2025-04-14T09:50:36.895+0000][gc,heap     ] GC(20) Survivor regions: 5->5(7)
[2025-04-14T09:50:36.895+0000][gc,heap     ] GC(20) Old regions: 39->41
[2025-04-14T09:50:36.895+0000][gc,heap     ] GC(20) Humongous regions: 138->138
[2025-04-14T09:50:36.895+0000][gc,metaspace] GC(20) Metaspace: 45403K(46016K)->45403K(46016K) NonClass: 40375K(40704K)->40375K(40704K) Class: 5027K(5312K)->5027K(5312K)
[2025-04-14T09:50:36.895+0000][gc          ] GC(20) Pause Young (Normal) (G1 Evacuation Pause) 227M->183M(1024M) 12.913ms
[2025-04-14T09:50:36.895+0000][gc,cpu      ] GC(20) User=0.03s Sys=0.00s Real=0.02s
[2025-04-14T09:53:26.248+0000][gc,start    ] GC(21) Pause Young (Normal) (G1 Evacuation Pause)
[2025-04-14T09:53:26.248+0000][gc,task     ] GC(21) Using 2 workers of 2 for evacuation
[2025-04-14T09:53:26.266+0000][gc,phases   ] GC(21)   Pre Evacuate Collection Set: 0.4ms
[2025-04-14T09:53:26.266+0000][gc,phases   ] GC(21)   Merge Heap Roots: 0.1ms
[2025-04-14T09:53:26.266+0000][gc,phases   ] GC(21)   Evacuate Collection Set: 16.8ms
[2025-04-14T09:53:26.266+0000][gc,phases   ] GC(21)   Post Evacuate Collection Set: 0.6ms
[2025-04-14T09:53:26.266+0000][gc,phases   ] GC(21)   Other: 0.1ms
[2025-04-14T09:53:26.266+0000][gc,heap     ] GC(21) Eden regions: 46->0(45)
[2025-04-14T09:53:26.266+0000][gc,heap     ] GC(21) Survivor regions: 5->6(7)
[2025-04-14T09:53:26.266+0000][gc,heap     ] GC(21) Old regions: 41->43
[2025-04-14T09:53:26.267+0000][gc,heap     ] GC(21) Humongous regions: 138->138
[2025-04-14T09:53:26.267+0000][gc,metaspace] GC(21) Metaspace: 45602K(46208K)->45602K(46208K) NonClass: 40535K(40832K)->40535K(40832K) Class: 5067K(5376K)->5067K(5376K)
[2025-04-14T09:53:26.267+0000][gc          ] GC(21) Pause Young (Normal) (G1 Evacuation Pause) 229M->186M(1024M) 18.139ms
[2025-04-14T09:53:26.267+0000][gc,cpu      ] GC(21) User=0.03s Sys=0.00s Real=0.02s
[2025-04-14T09:56:10.105+0000][gc,start    ] GC(22) Pause Young (Normal) (G1 Evacuation Pause)
[2025-04-14T09:56:10.110+0000][gc,task     ] GC(22) Using 2 workers of 2 for evacuation
[2025-04-14T09:56:10.133+0000][gc,mmu      ] GC(22) MMU target violated: 21.0ms (20.0ms/21.0ms)
[2025-04-14T09:56:10.133+0000][gc,phases   ] GC(22)   Pre Evacuate Collection Set: 0.5ms
[2025-04-14T09:56:10.133+0000][gc,phases   ] GC(22)   Merge Heap Roots: 1.0ms
[2025-04-14T09:56:10.133+0000][gc,phases   ] GC(22)   Evacuate Collection Set: 20.1ms
[2025-04-14T09:56:10.133+0000][gc,phases   ] GC(22)   Post Evacuate Collection Set: 0.5ms
[2025-04-14T09:56:10.133+0000][gc,phases   ] GC(22)   Other: 0.1ms
[2025-04-14T09:56:10.133+0000][gc,heap     ] GC(22) Eden regions: 45->0(45)
[2025-04-14T09:56:10.133+0000][gc,heap     ] GC(22) Survivor regions: 6->6(7)
[2025-04-14T09:56:10.133+0000][gc,heap     ] GC(22) Old regions: 43->45
[2025-04-14T09:56:10.133+0000][gc,heap     ] GC(22) Humongous regions: 138->138
[2025-04-14T09:56:10.133+0000][gc,metaspace] GC(22) Metaspace: 45972K(46656K)->45972K(46656K) NonClass: 40831K(41216K)->40831K(41216K) Class: 5140K(5440K)->5140K(5440K)
[2025-04-14T09:56:10.133+0000][gc          ] GC(22) Pause Young (Normal) (G1 Evacuation Pause) 231M->188M(1024M) 27.695ms
[2025-04-14T09:56:10.133+0000][gc,cpu      ] GC(22) User=0.02s Sys=0.00s Real=0.02s
[2025-04-14T09:58:51.704+0000][gc,start    ] GC(23) Pause Young (Normal) (G1 Evacuation Pause)
[2025-04-14T09:58:51.704+0000][gc,task     ] GC(23) Using 2 workers of 2 for evacuation
[2025-04-14T09:58:51.717+0000][gc,phases   ] GC(23)   Pre Evacuate Collection Set: 0.3ms
[2025-04-14T09:58:51.717+0000][gc,phases   ] GC(23)   Merge Heap Roots: 0.2ms
[2025-04-14T09:58:51.717+0000][gc,phases   ] GC(23)   Evacuate Collection Set: 11.5ms
[2025-04-14T09:58:51.717+0000][gc,phases   ] GC(23)   Post Evacuate Collection Set: 0.6ms
[2025-04-14T09:58:51.717+0000][gc,phases   ] GC(23)   Other: 0.1ms
[2025-04-14T09:58:51.717+0000][gc,heap     ] GC(23) Eden regions: 45->0(46)
[2025-04-14T09:58:51.717+0000][gc,heap     ] GC(23) Survivor regions: 6->5(7)
[2025-04-14T09:58:51.717+0000][gc,heap     ] GC(23) Old regions: 45->47
[2025-04-14T09:58:51.717+0000][gc,heap     ] GC(23) Humongous regions: 138->138
[2025-04-14T09:58:51.717+0000][gc,metaspace] GC(23) Metaspace: 46036K(46720K)->46036K(46720K) NonClass: 40896K(41280K)->40896K(41280K) Class: 5140K(5440K)->5140K(5440K)
[2025-04-14T09:58:51.717+0000][gc          ] GC(23) Pause Young (Normal) (G1 Evacuation Pause) 233M->189M(1024M) 12.811ms
[2025-04-14T09:58:51.717+0000][gc,cpu      ] GC(23) User=0.02s Sys=0.00s Real=0.01s
[2025-04-14T10:01:44.982+0000][gc,start    ] GC(24) Pause Young (Normal) (G1 Evacuation Pause)
[2025-04-14T10:01:44.982+0000][gc,task     ] GC(24) Using 2 workers of 2 for evacuation
[2025-04-14T10:01:44.992+0000][gc,phases   ] GC(24)   Pre Evacuate Collection Set: 0.4ms
[2025-04-14T10:01:44.992+0000][gc,phases   ] GC(24)   Merge Heap Roots: 0.2ms
[2025-04-14T10:01:44.992+0000][gc,phases   ] GC(24)   Evacuate Collection Set: 8.7ms
[2025-04-14T10:01:44.992+0000][gc,phases   ] GC(24)   Post Evacuate Collection Set: 0.6ms
[2025-04-14T10:01:44.992+0000][gc,phases   ] GC(24)   Other: 0.1ms
[2025-04-14T10:01:44.992+0000][gc,heap     ] GC(24) Eden regions: 46->0(57)
[2025-04-14T10:01:44.992+0000][gc,heap     ] GC(24) Survivor regions: 5->3(7)
[2025-04-14T10:01:44.992+0000][gc,heap     ] GC(24) Old regions: 47->49
[2025-04-14T10:01:44.992+0000][gc,heap     ] GC(24) Humongous regions: 138->138
[2025-04-14T10:01:44.992+0000][gc,metaspace] GC(24) Metaspace: 46070K(46720K)->46070K(46720K) NonClass: 40929K(41280K)->40929K(41280K) Class: 5140K(5440K)->5140K(5440K)
[2025-04-14T10:01:44.992+0000][gc          ] GC(24) Pause Young (Normal) (G1 Evacuation Pause) 235M->189M(1024M) 10.086ms
[2025-04-14T10:01:44.992+0000][gc,cpu      ] GC(24) User=0.02s Sys=0.00s Real=0.01s
[2025-04-14T10:05:11.948+0000][gc,start    ] GC(25) Pause Young (Normal) (G1 Evacuation Pause)
[2025-04-14T10:05:11.948+0000][gc,task     ] GC(25) Using 2 workers of 2 for evacuation
[2025-04-14T10:05:11.959+0000][gc,phases   ] GC(25)   Pre Evacuate Collection Set: 0.4ms
[2025-04-14T10:05:11.959+0000][gc,phases   ] GC(25)   Merge Heap Roots: 0.2ms
[2025-04-14T10:05:11.959+0000][gc,phases   ] GC(25)   Evacuate Collection Set: 10.2ms
[2025-04-14T10:05:11.959+0000][gc,phases   ] GC(25)   Post Evacuate Collection Set: 0.6ms
[2025-04-14T10:05:11.959+0000][gc,phases   ] GC(25)   Other: 0.1ms
[2025-04-14T10:05:11.959+0000][gc,heap     ] GC(25) Eden regions: 53->0(45)
[2025-04-14T10:05:11.959+0000][gc,heap     ] GC(25) Survivor regions: 3->6(7)
[2025-04-14T10:05:11.959+0000][gc,heap     ] GC(25) Old regions: 49->49
[2025-04-14T10:05:11.959+0000][gc,heap     ] GC(25) Humongous regions: 138->138
[2025-04-14T10:05:11.959+0000][gc,metaspace] GC(25) Metaspace: 46084K(46720K)->46084K(46720K) NonClass: 40943K(41280K)->40943K(41280K) Class: 5140K(5440K)->5140K(5440K)
[2025-04-14T10:05:11.959+0000][gc          ] GC(25) Pause Young (Normal) (G1 Evacuation Pause) 242M->192M(1024M) 11.665ms
[2025-04-14T10:05:11.959+0000][gc,cpu      ] GC(25) User=0.02s Sys=0.00s Real=0.01s
[2025-04-14T10:08:02.174+0000][gc,start    ] GC(26) Pause Young (Normal) (G1 Evacuation Pause)
[2025-04-14T10:08:02.174+0000][gc,task     ] GC(26) Using 2 workers of 2 for evacuation
[2025-04-14T10:08:02.188+0000][gc,phases   ] GC(26)   Pre Evacuate Collection Set: 0.2ms
[2025-04-14T10:08:02.188+0000][gc,phases   ] GC(26)   Merge Heap Roots: 0.1ms
[2025-04-14T10:08:02.188+0000][gc,phases   ] GC(26)   Evacuate Collection Set: 12.5ms
[2025-04-14T10:08:02.188+0000][gc,phases   ] GC(26)   Post Evacuate Collection Set: 0.7ms
[2025-04-14T10:08:02.188+0000][gc,phases   ] GC(26)   Other: 0.1ms
[2025-04-14T10:08:02.188+0000][gc,heap     ] GC(26) Eden regions: 45->0(45)
[2025-04-14T10:08:02.188+0000][gc,heap     ] GC(26) Survivor regions: 6->6(7)
[2025-04-14T10:08:02.188+0000][gc,heap     ] GC(26) Old regions: 49->51
[2025-04-14T10:08:02.188+0000][gc,heap     ] GC(26) Humongous regions: 138->138
[2025-04-14T10:08:02.188+0000][gc,metaspace] GC(26) Metaspace: 46108K(46784K)->46108K(46784K) NonClass: 40968K(41344K)->40968K(41344K) Class: 5140K(5440K)->5140K(5440K)
[2025-04-14T10:08:02.188+0000][gc          ] GC(26) Pause Young (Normal) (G1 Evacuation Pause) 237M->194M(1024M) 13.729ms
[2025-04-14T10:08:02.188+0000][gc,cpu      ] GC(26) User=0.03s Sys=0.00s Real=0.01s
[2025-04-14T10:10:48.534+0000][gc,start    ] GC(27) Pause Young (Normal) (G1 Evacuation Pause)
[2025-04-14T10:10:48.534+0000][gc,task     ] GC(27) Using 2 workers of 2 for evacuation
[2025-04-14T10:10:48.550+0000][gc,phases   ] GC(27)   Pre Evacuate Collection Set: 0.4ms
[2025-04-14T10:10:48.550+0000][gc,phases   ] GC(27)   Merge Heap Roots: 0.2ms
[2025-04-14T10:10:48.550+0000][gc,phases   ] GC(27)   Evacuate Collection Set: 14.0ms
[2025-04-14T10:10:48.550+0000][gc,phases   ] GC(27)   Post Evacuate Collection Set: 0.5ms
[2025-04-14T10:10:48.550+0000][gc,phases   ] GC(27)   Other: 0.1ms
[2025-04-14T10:10:48.550+0000][gc,heap     ] GC(27) Eden regions: 45->0(45)
[2025-04-14T10:10:48.550+0000][gc,heap     ] GC(27) Survivor regions: 6->6(7)
[2025-04-14T10:10:48.550+0000][gc,heap     ] GC(27) Old regions: 51->54
[2025-04-14T10:10:48.550+0000][gc,heap     ] GC(27) Humongous regions: 138->138
[2025-04-14T10:10:48.550+0000][gc,metaspace] GC(27) Metaspace: 46126K(46784K)->46126K(46784K) NonClass: 40985K(41344K)->40985K(41344K) Class: 5140K(5440K)->5140K(5440K)
[2025-04-14T10:10:48.550+0000][gc          ] GC(27) Pause Young (Normal) (G1 Evacuation Pause) 239M->197M(1024M) 15.306ms
[2025-04-14T10:10:48.550+0000][gc,cpu      ] GC(27) User=0.03s Sys=0.00s Real=0.01s
[2025-04-14T10:13:32.765+0000][gc,start    ] GC(28) Pause Young (Normal) (G1 Evacuation Pause)
[2025-04-14T10:13:32.765+0000][gc,task     ] GC(28) Using 2 workers of 2 for evacuation
[2025-04-14T10:13:32.781+0000][gc,phases   ] GC(28)   Pre Evacuate Collection Set: 0.5ms
[2025-04-14T10:13:32.781+0000][gc,phases   ] GC(28)   Merge Heap Roots: 0.2ms
[2025-04-14T10:13:32.781+0000][gc,phases   ] GC(28)   Evacuate Collection Set: 14.9ms
[2025-04-14T10:13:32.781+0000][gc,phases   ] GC(28)   Post Evacuate Collection Set: 0.5ms
[2025-04-14T10:13:32.781+0000][gc,phases   ] GC(28)   Other: 0.1ms
[2025-04-14T10:13:32.781+0000][gc,heap     ] GC(28) Eden regions: 45->0(44)
[2025-04-14T10:13:32.781+0000][gc,heap     ] GC(28) Survivor regions: 6->7(7)
[2025-04-14T10:13:32.781+0000][gc,heap     ] GC(28) Old regions: 54->56
[2025-04-14T10:13:32.781+0000][gc,heap     ] GC(28) Humongous regions: 138->138
[2025-04-14T10:13:32.781+0000][gc,metaspace] GC(28) Metaspace: 46136K(46784K)->46136K(46784K) NonClass: 40995K(41344K)->40995K(41344K) Class: 5140K(5440K)->5140K(5440K)
[2025-04-14T10:13:32.781+0000][gc          ] GC(28) Pause Young (Normal) (G1 Evacuation Pause) 242M->200M(1024M) 16.417ms
[2025-04-14T10:13:32.781+0000][gc,cpu      ] GC(28) User=0.02s Sys=0.00s Real=0.01s
[2025-04-14T10:15:53.234+0000][gc,start    ] GC(29) Pause Young (Normal) (G1 Evacuation Pause)
[2025-04-14T10:15:53.234+0000][gc,task     ] GC(29) Using 2 workers of 2 for evacuation
[2025-04-14T10:15:53.252+0000][gc,phases   ] GC(29)   Pre Evacuate Collection Set: 0.4ms
[2025-04-14T10:15:53.252+0000][gc,phases   ] GC(29)   Merge Heap Roots: 0.2ms
[2025-04-14T10:15:53.252+0000][gc,phases   ] GC(29)   Evacuate Collection Set: 16.6ms
[2025-04-14T10:15:53.252+0000][gc,phases   ] GC(29)   Post Evacuate Collection Set: 0.5ms
[2025-04-14T10:15:53.252+0000][gc,phases   ] GC(29)   Other: 0.1ms
[2025-04-14T10:15:53.252+0000][gc,heap     ] GC(29) Eden regions: 44->0(44)
[2025-04-14T10:15:53.252+0000][gc,heap     ] GC(29) Survivor regions: 7->7(7)
[2025-04-14T10:15:53.252+0000][gc,heap     ] GC(29) Old regions: 56->60
[2025-04-14T10:15:53.252+0000][gc,heap     ] GC(29) Humongous regions: 147->147
[2025-04-14T10:15:53.252+0000][gc,metaspace] GC(29) Metaspace: 46282K(46912K)->46282K(46912K) NonClass: 41112K(41472K)->41112K(41472K) Class: 5170K(5440K)->5170K(5440K)
[2025-04-14T10:15:53.252+0000][gc          ] GC(29) Pause Young (Normal) (G1 Evacuation Pause) 253M->213M(1024M) 18.035ms
[2025-04-14T10:15:53.252+0000][gc,cpu      ] GC(29) User=0.03s Sys=0.00s Real=0.01s
[2025-04-14T10:18:32.329+0000][gc,start    ] GC(30) Pause Young (Normal) (G1 Evacuation Pause)
[2025-04-14T10:18:32.330+0000][gc,task     ] GC(30) Using 2 workers of 2 for evacuation
[2025-04-14T10:18:32.340+0000][gc,phases   ] GC(30)   Pre Evacuate Collection Set: 0.7ms
[2025-04-14T10:18:32.340+0000][gc,phases   ] GC(30)   Merge Heap Roots: 0.3ms
[2025-04-14T10:18:32.340+0000][gc,phases   ] GC(30)   Evacuate Collection Set: 8.8ms
[2025-04-14T10:18:32.340+0000][gc,phases   ] GC(30)   Post Evacuate Collection Set: 0.6ms
[2025-04-14T10:18:32.340+0000][gc,phases   ] GC(30)   Other: 0.1ms
[2025-04-14T10:18:32.340+0000][gc,heap     ] GC(30) Eden regions: 44->0(121)
[2025-04-14T10:18:32.340+0000][gc,heap     ] GC(30) Survivor regions: 7->3(7)
[2025-04-14T10:18:32.340+0000][gc,heap     ] GC(30) Old regions: 60->63
[2025-04-14T10:18:32.340+0000][gc,heap     ] GC(30) Humongous regions: 147->147
[2025-04-14T10:18:32.340+0000][gc,metaspace] GC(30) Metaspace: 46299K(46912K)->46299K(46912K) NonClass: 41128K(41472K)->41128K(41472K) Class: 5170K(5440K)->5170K(5440K)
[2025-04-14T10:18:32.340+0000][gc          ] GC(30) Pause Young (Normal) (G1 Evacuation Pause) 257M->212M(1024M) 10.707ms
[2025-04-14T10:18:32.340+0000][gc,cpu      ] GC(30) User=0.02s Sys=0.00s Real=0.01s
[2025-04-14T10:27:42.499+0000][gc,start    ] GC(31) Pause Young (Normal) (G1 Evacuation Pause)
[2025-04-14T10:27:42.499+0000][gc,task     ] GC(31) Using 2 workers of 2 for evacuation
[2025-04-14T10:27:42.529+0000][gc,mmu      ] GC(31) MMU target violated: 21.0ms (20.0ms/21.0ms)
[2025-04-14T10:27:42.530+0000][gc,phases   ] GC(31)   Pre Evacuate Collection Set: 0.4ms
[2025-04-14T10:27:42.530+0000][gc,phases   ] GC(31)   Merge Heap Roots: 0.2ms
[2025-04-14T10:27:42.530+0000][gc,phases   ] GC(31)   Evacuate Collection Set: 29.0ms
[2025-04-14T10:27:42.530+0000][gc,phases   ] GC(31)   Post Evacuate Collection Set: 0.6ms
[2025-04-14T10:27:42.530+0000][gc,phases   ] GC(31)   Other: 0.2ms
[2025-04-14T10:27:42.530+0000][gc,heap     ] GC(31) Eden regions: 152->0(40)
[2025-04-14T10:27:42.530+0000][gc,heap     ] GC(31) Survivor regions: 3->11(20)
[2025-04-14T10:27:42.530+0000][gc,heap     ] GC(31) Old regions: 63->63
[2025-04-14T10:27:42.530+0000][gc,heap     ] GC(31) Humongous regions: 147->147
[2025-04-14T10:27:42.530+0000][gc,metaspace] GC(31) Metaspace: 46339K(46976K)->46339K(46976K) NonClass: 41169K(41536K)->41169K(41536K) Class: 5170K(5440K)->5170K(5440K)
[2025-04-14T10:27:42.530+0000][gc          ] GC(31) Pause Young (Normal) (G1 Evacuation Pause) 364M->220M(1024M) 30.592ms
[2025-04-14T10:27:42.530+0000][gc,cpu      ] GC(31) User=0.05s Sys=0.01s Real=0.03s
[2025-04-14T10:30:02.165+0000][gc,start    ] GC(32) Pause Young (Normal) (G1 Evacuation Pause)
[2025-04-14T10:30:02.165+0000][gc,task     ] GC(32) Using 2 workers of 2 for evacuation
[2025-04-14T10:30:02.205+0000][gc,mmu      ] GC(32) MMU target violated: 21.0ms (20.0ms/21.0ms)
[2025-04-14T10:30:02.205+0000][gc,phases   ] GC(32)   Pre Evacuate Collection Set: 0.3ms
[2025-04-14T10:30:02.205+0000][gc,phases   ] GC(32)   Merge Heap Roots: 1.8ms
[2025-04-14T10:30:02.205+0000][gc,phases   ] GC(32)   Evacuate Collection Set: 35.8ms
[2025-04-14T10:30:02.205+0000][gc,phases   ] GC(32)   Post Evacuate Collection Set: 2.3ms
[2025-04-14T10:30:02.205+0000][gc,phases   ] GC(32)   Other: 0.1ms
[2025-04-14T10:30:02.205+0000][gc,heap     ] GC(32) Eden regions: 40->0(47)
[2025-04-14T10:30:02.205+0000][gc,heap     ] GC(32) Survivor regions: 11->4(7)
[2025-04-14T10:30:02.205+0000][gc,heap     ] GC(32) Old regions: 63->72
[2025-04-14T10:30:02.205+0000][gc,heap     ] GC(32) Humongous regions: 147->147
[2025-04-14T10:30:02.205+0000][gc,metaspace] GC(32) Metaspace: 46376K(47040K)->46376K(47040K) NonClass: 41205K(41600K)->41205K(41600K) Class: 5170K(5440K)->5170K(5440K)
[2025-04-14T10:30:02.205+0000][gc          ] GC(32) Pause Young (Normal) (G1 Evacuation Pause) 260M->223M(1024M) 40.529ms
[2025-04-14T10:30:02.205+0000][gc,cpu      ] GC(32) User=0.03s Sys=0.00s Real=0.04s
[2025-04-14T10:32:54.743+0000][gc,start    ] GC(33) Pause Young (Normal) (G1 Evacuation Pause)
[2025-04-14T10:32:54.743+0000][gc,task     ] GC(33) Using 2 workers of 2 for evacuation
[2025-04-14T10:32:54.755+0000][gc,phases   ] GC(33)   Pre Evacuate Collection Set: 0.3ms
[2025-04-14T10:32:54.755+0000][gc,phases   ] GC(33)   Merge Heap Roots: 0.1ms
[2025-04-14T10:32:54.755+0000][gc,phases   ] GC(33)   Evacuate Collection Set: 10.8ms
[2025-04-14T10:32:54.755+0000][gc,phases   ] GC(33)   Post Evacuate Collection Set: 0.4ms
[2025-04-14T10:32:54.755+0000][gc,phases   ] GC(33)   Other: 0.1ms
[2025-04-14T10:32:54.755+0000][gc,heap     ] GC(33) Eden regions: 47->0(45)
[2025-04-14T10:32:54.755+0000][gc,heap     ] GC(33) Survivor regions: 4->6(7)
[2025-04-14T10:32:54.755+0000][gc,heap     ] GC(33) Old regions: 72->72
[2025-04-14T10:32:54.755+0000][gc,heap     ] GC(33) Humongous regions: 147->147
[2025-04-14T10:32:54.755+0000][gc,metaspace] GC(33) Metaspace: 46426K(47040K)->46426K(47040K) NonClass: 41255K(41600K)->41255K(41600K) Class: 5170K(5440K)->5170K(5440K)
[2025-04-14T10:32:54.755+0000][gc          ] GC(33) Pause Young (Normal) (G1 Evacuation Pause) 269M->224M(1024M) 11.949ms
[2025-04-14T10:32:54.755+0000][gc,cpu      ] GC(33) User=0.02s Sys=0.00s Real=0.01s
[2025-04-14T10:35:42.578+0000][gc,start    ] GC(34) Pause Young (Normal) (G1 Evacuation Pause)
[2025-04-14T10:35:42.578+0000][gc,task     ] GC(34) Using 2 workers of 2 for evacuation
[2025-04-14T10:35:42.592+0000][gc,phases   ] GC(34)   Pre Evacuate Collection Set: 0.3ms
[2025-04-14T10:35:42.592+0000][gc,phases   ] GC(34)   Merge Heap Roots: 0.1ms
[2025-04-14T10:35:42.592+0000][gc,phases   ] GC(34)   Evacuate Collection Set: 12.8ms
[2025-04-14T10:35:42.592+0000][gc,phases   ] GC(34)   Post Evacuate Collection Set: 0.5ms
[2025-04-14T10:35:42.592+0000][gc,phases   ] GC(34)   Other: 0.1ms
[2025-04-14T10:35:42.592+0000][gc,heap     ] GC(34) Eden regions: 45->0(46)
[2025-04-14T10:35:42.592+0000][gc,heap     ] GC(34) Survivor regions: 6->5(7)
[2025-04-14T10:35:42.592+0000][gc,heap     ] GC(34) Old regions: 72->76
[2025-04-14T10:35:42.592+0000][gc,heap     ] GC(34) Humongous regions: 147->147
[2025-04-14T10:35:42.592+0000][gc,metaspace] GC(34) Metaspace: 46453K(47040K)->46453K(47040K) NonClass: 41283K(41600K)->41283K(41600K) Class: 5170K(5440K)->5170K(5440K)
[2025-04-14T10:35:42.592+0000][gc          ] GC(34) Pause Young (Normal) (G1 Evacuation Pause) 269M->227M(1024M) 13.957ms
[2025-04-14T10:35:42.592+0000][gc,cpu      ] GC(34) User=0.02s Sys=0.00s Real=0.01s
[2025-04-14T10:38:36.529+0000][gc,start    ] GC(35) Pause Young (Normal) (G1 Evacuation Pause)
[2025-04-14T10:38:36.529+0000][gc,task     ] GC(35) Using 2 workers of 2 for evacuation
[2025-04-14T10:38:36.540+0000][gc,phases   ] GC(35)   Pre Evacuate Collection Set: 0.3ms
[2025-04-14T10:38:36.540+0000][gc,phases   ] GC(35)   Merge Heap Roots: 0.1ms
[2025-04-14T10:38:36.540+0000][gc,phases   ] GC(35)   Evacuate Collection Set: 10.0ms
[2025-04-14T10:38:36.540+0000][gc,phases   ] GC(35)   Post Evacuate Collection Set: 0.4ms
[2025-04-14T10:38:36.540+0000][gc,phases   ] GC(35)   Other: 0.1ms
[2025-04-14T10:38:36.540+0000][gc,heap     ] GC(35) Eden regions: 46->0(68)
[2025-04-14T10:38:36.540+0000][gc,heap     ] GC(35) Survivor regions: 5->4(7)
[2025-04-14T10:38:36.540+0000][gc,heap     ] GC(35) Old regions: 76->78
[2025-04-14T10:38:36.540+0000][gc,heap     ] GC(35) Humongous regions: 147->147
[2025-04-14T10:38:36.540+0000][gc,metaspace] GC(35) Metaspace: 46484K(47104K)->46484K(47104K) NonClass: 41313K(41664K)->41313K(41664K) Class: 5170K(5440K)->5170K(5440K)
[2025-04-14T10:38:36.540+0000][gc          ] GC(35) Pause Young (Normal) (G1 Evacuation Pause) 273M->229M(1024M) 11.135ms
[2025-04-14T10:38:36.540+0000][gc,cpu      ] GC(35) User=0.02s Sys=0.00s Real=0.01s
[2025-04-14T10:42:32.133+0000][gc,start    ] GC(36) Pause Young (Normal) (G1 Evacuation Pause)
[2025-04-14T10:42:32.133+0000][gc,task     ] GC(36) Using 2 workers of 2 for evacuation
[2025-04-14T10:42:32.145+0000][gc,phases   ] GC(36)   Pre Evacuate Collection Set: 0.7ms
[2025-04-14T10:42:32.145+0000][gc,phases   ] GC(36)   Merge Heap Roots: 0.2ms
[2025-04-14T10:42:32.145+0000][gc,phases   ] GC(36)   Evacuate Collection Set: 10.3ms
[2025-04-14T10:42:32.145+0000][gc,phases   ] GC(36)   Post Evacuate Collection Set: 0.6ms
[2025-04-14T10:42:32.145+0000][gc,phases   ] GC(36)   Other: 0.1ms
[2025-04-14T10:42:32.145+0000][gc,heap     ] GC(36) Eden regions: 63->0(55)
[2025-04-14T10:42:32.145+0000][gc,heap     ] GC(36) Survivor regions: 4->6(9)
[2025-04-14T10:42:32.145+0000][gc,heap     ] GC(36) Old regions: 78->78
[2025-04-14T10:42:32.145+0000][gc,heap     ] GC(36) Humongous regions: 147->147
[2025-04-14T10:42:32.145+0000][gc,metaspace] GC(36) Metaspace: 46534K(47104K)->46534K(47104K) NonClass: 41364K(41664K)->41364K(41664K) Class: 5170K(5440K)->5170K(5440K)
[2025-04-14T10:42:32.145+0000][gc          ] GC(36) Pause Young (Normal) (G1 Evacuation Pause) 292M->230M(1024M) 12.110ms
[2025-04-14T10:42:32.145+0000][gc,cpu      ] GC(36) User=0.02s Sys=0.00s Real=0.02s
[2025-04-14T10:46:20.087+0000][gc,start    ] GC(37) Pause Young (Normal) (G1 Evacuation Pause)
[2025-04-14T10:46:20.087+0000][gc,task     ] GC(37) Using 2 workers of 2 for evacuation
[2025-04-14T10:46:20.104+0000][gc,phases   ] GC(37)   Pre Evacuate Collection Set: 0.5ms
[2025-04-14T10:46:20.104+0000][gc,phases   ] GC(37)   Merge Heap Roots: 0.2ms
[2025-04-14T10:46:20.104+0000][gc,phases   ] GC(37)   Evacuate Collection Set: 15.6ms
[2025-04-14T10:46:20.104+0000][gc,phases   ] GC(37)   Post Evacuate Collection Set: 0.6ms
[2025-04-14T10:46:20.104+0000][gc,phases   ] GC(37)   Other: 0.1ms
[2025-04-14T10:46:20.104+0000][gc,heap     ] GC(37) Eden regions: 60->0(44)
[2025-04-14T10:46:20.104+0000][gc,heap     ] GC(37) Survivor regions: 6->7(9)
[2025-04-14T10:46:20.104+0000][gc,heap     ] GC(37) Old regions: 78->80
[2025-04-14T10:46:20.104+0000][gc,heap     ] GC(37) Humongous regions: 147->147
[2025-04-14T10:46:20.104+0000][gc,metaspace] GC(37) Metaspace: 46637K(47232K)->46637K(47232K) NonClass: 41466K(41792K)->41466K(41792K) Class: 5170K(5440K)->5170K(5440K)
[2025-04-14T10:46:20.104+0000][gc          ] GC(37) Pause Young (Normal) (G1 Evacuation Pause) 290M->233M(1024M) 17.138ms
[2025-04-14T10:46:20.104+0000][gc,cpu      ] GC(37) User=0.03s Sys=0.00s Real=0.02s
[2025-04-14T10:49:05.930+0000][gc,start    ] GC(38) Pause Young (Normal) (G1 Evacuation Pause)
[2025-04-14T10:49:05.930+0000][gc,task     ] GC(38) Using 2 workers of 2 for evacuation
[2025-04-14T10:49:05.953+0000][gc,mmu      ] GC(38) MMU target violated: 21.0ms (20.0ms/21.0ms)
[2025-04-14T10:49:05.953+0000][gc,phases   ] GC(38)   Pre Evacuate Collection Set: 0.3ms
[2025-04-14T10:49:05.953+0000][gc,phases   ] GC(38)   Merge Heap Roots: 0.2ms
[2025-04-14T10:49:05.953+0000][gc,phases   ] GC(38)   Evacuate Collection Set: 18.0ms
[2025-04-14T10:49:05.953+0000][gc,phases   ] GC(38)   Post Evacuate Collection Set: 4.4ms
[2025-04-14T10:49:05.953+0000][gc,phases   ] GC(38)   Other: 0.1ms
[2025-04-14T10:49:05.953+0000][gc,heap     ] GC(38) Eden regions: 44->0(66)
[2025-04-14T10:49:05.953+0000][gc,heap     ] GC(38) Survivor regions: 7->4(7)
[2025-04-14T10:49:05.953+0000][gc,heap     ] GC(38) Old regions: 80->86
[2025-04-14T10:49:05.953+0000][gc,heap     ] GC(38) Humongous regions: 147->147
[2025-04-14T10:49:05.953+0000][gc,metaspace] GC(38) Metaspace: 46671K(47296K)->46671K(47296K) NonClass: 41500K(41856K)->41500K(41856K) Class: 5170K(5440K)->5170K(5440K)
[2025-04-14T10:49:05.953+0000][gc          ] GC(38) Pause Young (Normal) (G1 Evacuation Pause) 277M->236M(1024M) 23.235ms
[2025-04-14T10:49:05.953+0000][gc,cpu      ] GC(38) User=0.04s Sys=0.00s Real=0.03s
[2025-04-14T10:53:23.997+0000][gc,start    ] GC(39) Pause Young (Normal) (G1 Evacuation Pause)
[2025-04-14T10:53:23.997+0000][gc,task     ] GC(39) Using 2 workers of 2 for evacuation
[2025-04-14T10:53:24.010+0000][gc,phases   ] GC(39)   Pre Evacuate Collection Set: 0.4ms
[2025-04-14T10:53:24.010+0000][gc,phases   ] GC(39)   Merge Heap Roots: 0.2ms
[2025-04-14T10:53:24.010+0000][gc,phases   ] GC(39)   Evacuate Collection Set: 11.1ms
[2025-04-14T10:53:24.010+0000][gc,phases   ] GC(39)   Post Evacuate Collection Set: 1.1ms
[2025-04-14T10:53:24.010+0000][gc,phases   ] GC(39)   Other: 0.1ms
[2025-04-14T10:53:24.010+0000][gc,heap     ] GC(39) Eden regions: 73->0(50)
[2025-04-14T10:53:24.010+0000][gc,heap     ] GC(39) Survivor regions: 4->6(10)
[2025-04-14T10:53:24.010+0000][gc,heap     ] GC(39) Old regions: 86->86
[2025-04-14T10:53:24.010+0000][gc,heap     ] GC(39) Humongous regions: 147->147
[2025-04-14T10:53:24.010+0000][gc,metaspace] GC(39) Metaspace: 46753K(47360K)->46753K(47360K) NonClass: 41582K(41920K)->41582K(41920K) Class: 5170K(5440K)->5170K(5440K)
[2025-04-14T10:53:24.010+0000][gc          ] GC(39) Pause Young (Normal) (G1 Evacuation Pause) 309M->238M(1024M) 13.062ms
[2025-04-14T10:53:24.010+0000][gc,cpu      ] GC(39) User=0.03s Sys=0.00s Real=0.01s
[2025-04-14T10:56:52.415+0000][gc,start    ] GC(40) Pause Young (Normal) (G1 Evacuation Pause)
[2025-04-14T10:56:52.416+0000][gc,task     ] GC(40) Using 2 workers of 2 for evacuation
[2025-04-14T10:56:52.433+0000][gc,phases   ] GC(40)   Pre Evacuate Collection Set: 0.4ms
[2025-04-14T10:56:52.433+0000][gc,phases   ] GC(40)   Merge Heap Roots: 0.1ms
[2025-04-14T10:56:52.433+0000][gc,phases   ] GC(40)   Evacuate Collection Set: 16.2ms
[2025-04-14T10:56:52.433+0000][gc,phases   ] GC(40)   Post Evacuate Collection Set: 0.5ms
[2025-04-14T10:56:52.433+0000][gc,phases   ] GC(40)   Other: 0.1ms
[2025-04-14T10:56:52.433+0000][gc,heap     ] GC(40) Eden regions: 55->0(43)
[2025-04-14T10:56:52.433+0000][gc,heap     ] GC(40) Survivor regions: 6->8(8)
[2025-04-14T10:56:52.433+0000][gc,heap     ] GC(40) Old regions: 86->88
[2025-04-14T10:56:52.433+0000][gc,heap     ] GC(40) Humongous regions: 147->147
[2025-04-14T10:56:52.433+0000][gc,metaspace] GC(40) Metaspace: 46767K(47360K)->46767K(47360K) NonClass: 41596K(41920K)->41596K(41920K) Class: 5170K(5440K)->5170K(5440K)
[2025-04-14T10:56:52.433+0000][gc          ] GC(40) Pause Young (Normal) (G1 Evacuation Pause) 293M->241M(1024M) 17.445ms
[2025-04-14T10:56:52.433+0000][gc,cpu      ] GC(40) User=0.03s Sys=0.00s Real=0.02s
[2025-04-14T10:59:26.704+0000][gc,start    ] GC(41) Pause Young (Normal) (G1 Evacuation Pause)
[2025-04-14T10:59:26.704+0000][gc,task     ] GC(41) Using 2 workers of 2 for evacuation
[2025-04-14T10:59:26.728+0000][gc,mmu      ] GC(41) MMU target violated: 21.0ms (20.0ms/21.0ms)
[2025-04-14T10:59:26.728+0000][gc,phases   ] GC(41)   Pre Evacuate Collection Set: 0.2ms
[2025-04-14T10:59:26.728+0000][gc,phases   ] GC(41)   Merge Heap Roots: 0.2ms
[2025-04-14T10:59:26.728+0000][gc,phases   ] GC(41)   Evacuate Collection Set: 23.2ms
[2025-04-14T10:59:26.728+0000][gc,phases   ] GC(41)   Post Evacuate Collection Set: 0.6ms
[2025-04-14T10:59:26.728+0000][gc,phases   ] GC(41)   Other: 0.1ms
[2025-04-14T10:59:26.728+0000][gc,heap     ] GC(41) Eden regions: 43->0(50)
[2025-04-14T10:59:26.728+0000][gc,heap     ] GC(41) Survivor regions: 8->5(7)
[2025-04-14T10:59:26.728+0000][gc,heap     ] GC(41) Old regions: 88->94
[2025-04-14T10:59:26.728+0000][gc,heap     ] GC(41) Humongous regions: 147->147
[2025-04-14T10:59:26.728+0000][gc,metaspace] GC(41) Metaspace: 46794K(47360K)->46794K(47360K) NonClass: 41623K(41920K)->41623K(41920K) Class: 5170K(5440K)->5170K(5440K)
[2025-04-14T10:59:26.728+0000][gc          ] GC(41) Pause Young (Normal) (G1 Evacuation Pause) 284M->245M(1024M) 24.440ms
[2025-04-14T10:59:26.728+0000][gc,cpu      ] GC(41) User=0.04s Sys=0.00s Real=0.02s
[2025-04-14T11:02:46.906+0000][gc,start    ] GC(42) Pause Young (Normal) (G1 Evacuation Pause)
[2025-04-14T11:02:46.906+0000][gc,task     ] GC(42) Using 2 workers of 2 for evacuation
[2025-04-14T11:02:46.921+0000][gc,phases   ] GC(42)   Pre Evacuate Collection Set: 0.5ms
[2025-04-14T11:02:46.921+0000][gc,phases   ] GC(42)   Merge Heap Roots: 0.2ms
[2025-04-14T11:02:46.921+0000][gc,phases   ] GC(42)   Evacuate Collection Set: 13.2ms
[2025-04-14T11:02:46.921+0000][gc,phases   ] GC(42)   Post Evacuate Collection Set: 0.9ms
[2025-04-14T11:02:46.921+0000][gc,phases   ] GC(42)   Other: 0.1ms
[2025-04-14T11:02:46.921+0000][gc,heap     ] GC(42) Eden regions: 55->0(74)
[2025-04-14T11:02:46.921+0000][gc,heap     ] GC(42) Survivor regions: 5->4(8)
[2025-04-14T11:02:46.921+0000][gc,heap     ] GC(42) Old regions: 94->96
[2025-04-14T11:02:46.921+0000][gc,heap     ] GC(42) Humongous regions: 147->147
[2025-04-14T11:02:46.921+0000][gc,metaspace] GC(42) Metaspace: 46795K(47360K)->46795K(47360K) NonClass: 41624K(41920K)->41624K(41920K) Class: 5170K(5440K)->5170K(5440K)
[2025-04-14T11:02:46.921+0000][gc          ] GC(42) Pause Young (Normal) (G1 Evacuation Pause) 300M->246M(1024M) 14.991ms
[2025-04-14T11:02:46.921+0000][gc,cpu      ] GC(42) User=0.02s Sys=0.00s Real=0.01s
[2025-04-14T11:06:57.167+0000][gc,start    ] GC(43) Pause Young (Normal) (G1 Evacuation Pause)
[2025-04-14T11:06:57.167+0000][gc,task     ] GC(43) Using 2 workers of 2 for evacuation
[2025-04-14T11:06:57.183+0000][gc,phases   ] GC(43)   Pre Evacuate Collection Set: 0.3ms
[2025-04-14T11:06:57.183+0000][gc,phases   ] GC(43)   Merge Heap Roots: 0.2ms
[2025-04-14T11:06:57.183+0000][gc,phases   ] GC(43)   Evacuate Collection Set: 15.2ms
[2025-04-14T11:06:57.183+0000][gc,phases   ] GC(43)   Post Evacuate Collection Set: 0.6ms
[2025-04-14T11:06:57.183+0000][gc,phases   ] GC(43)   Other: 0.1ms
[2025-04-14T11:06:57.183+0000][gc,heap     ] GC(43) Eden regions: 71->0(43)
[2025-04-14T11:06:57.183+0000][gc,heap     ] GC(43) Survivor regions: 4->8(10)
[2025-04-14T11:06:57.183+0000][gc,heap     ] GC(43) Old regions: 96->96
[2025-04-14T11:06:57.183+0000][gc,heap     ] GC(43) Humongous regions: 147->147
[2025-04-14T11:06:57.183+0000][gc,metaspace] GC(43) Metaspace: 46826K(47424K)->46826K(47424K) NonClass: 41655K(41984K)->41655K(41984K) Class: 5170K(5440K)->5170K(5440K)
[2025-04-14T11:06:57.183+0000][gc          ] GC(43) Pause Young (Normal) (G1 Evacuation Pause) 317M->250M(1024M) 16.494ms
[2025-04-14T11:06:57.183+0000][gc,cpu      ] GC(43) User=0.03s Sys=0.00s Real=0.02s
[2025-04-14T11:09:33.109+0000][gc,start    ] GC(44) Pause Young (Normal) (G1 Evacuation Pause)
[2025-04-14T11:09:33.109+0000][gc,task     ] GC(44) Using 2 workers of 2 for evacuation
[2025-04-14T11:09:33.128+0000][gc,phases   ] GC(44)   Pre Evacuate Collection Set: 1.6ms
[2025-04-14T11:09:33.128+0000][gc,phases   ] GC(44)   Merge Heap Roots: 0.1ms
[2025-04-14T11:09:33.128+0000][gc,phases   ] GC(44)   Evacuate Collection Set: 17.0ms
[2025-04-14T11:09:33.128+0000][gc,phases   ] GC(44)   Post Evacuate Collection Set: 0.5ms
[2025-04-14T11:09:33.128+0000][gc,phases   ] GC(44)   Other: 0.1ms
[2025-04-14T11:09:33.128+0000][gc,heap     ] GC(44) Eden regions: 43->0(73)
[2025-04-14T11:09:33.128+0000][gc,heap     ] GC(44) Survivor regions: 8->4(7)
[2025-04-14T11:09:33.128+0000][gc,heap     ] GC(44) Old regions: 96->103
[2025-04-14T11:09:33.128+0000][gc,heap     ] GC(44) Humongous regions: 147->147
[2025-04-14T11:09:33.128+0000][gc,metaspace] GC(44) Metaspace: 46826K(47424K)->46826K(47424K) NonClass: 41655K(41984K)->41655K(41984K) Class: 5170K(5440K)->5170K(5440K)
[2025-04-14T11:09:33.128+0000][gc          ] GC(44) Pause Young (Normal) (G1 Evacuation Pause) 293M->253M(1024M) 19.394ms
[2025-04-14T11:09:33.128+0000][gc,cpu      ] GC(44) User=0.04s Sys=0.00s Real=0.02s
[2025-04-14T11:14:09.045+0000][gc,start    ] GC(45) Pause Young (Normal) (G1 Evacuation Pause)
[2025-04-14T11:14:09.045+0000][gc,task     ] GC(45) Using 2 workers of 2 for evacuation
[2025-04-14T11:14:09.060+0000][gc,phases   ] GC(45)   Pre Evacuate Collection Set: 0.4ms
[2025-04-14T11:14:09.060+0000][gc,phases   ] GC(45)   Merge Heap Roots: 0.1ms
[2025-04-14T11:14:09.060+0000][gc,phases   ] GC(45)   Evacuate Collection Set: 13.6ms
[2025-04-14T11:14:09.060+0000][gc,phases   ] GC(45)   Post Evacuate Collection Set: 0.5ms
[2025-04-14T11:14:09.060+0000][gc,phases   ] GC(45)   Other: 0.1ms
[2025-04-14T11:14:09.060+0000][gc,heap     ] GC(45) Eden regions: 78->0(43)
[2025-04-14T11:14:09.060+0000][gc,heap     ] GC(45) Survivor regions: 4->8(11)
[2025-04-14T11:14:09.060+0000][gc,heap     ] GC(45) Old regions: 103->103
[2025-04-14T11:14:09.060+0000][gc,heap     ] GC(45) Humongous regions: 147->147
[2025-04-14T11:14:09.060+0000][gc,metaspace] GC(45) Metaspace: 46840K(47424K)->46840K(47424K) NonClass: 41669K(41984K)->41669K(41984K) Class: 5170K(5440K)->5170K(5440K)
[2025-04-14T11:14:09.060+0000][gc          ] GC(45) Pause Young (Normal) (G1 Evacuation Pause) 331M->257M(1024M) 14.883ms
[2025-04-14T11:14:09.060+0000][gc,cpu      ] GC(45) User=0.03s Sys=0.00s Real=0.01s
[2025-04-14T11:16:21.210+0000][gc,start    ] GC(46) Pause Young (Normal) (G1 Evacuation Pause)
[2025-04-14T11:16:21.211+0000][gc,task     ] GC(46) Using 2 workers of 2 for evacuation
[2025-04-14T11:16:21.233+0000][gc,mmu      ] GC(46) MMU target violated: 21.0ms (20.0ms/21.0ms)
[2025-04-14T11:16:21.233+0000][gc,phases   ] GC(46)   Pre Evacuate Collection Set: 0.4ms
[2025-04-14T11:16:21.233+0000][gc,phases   ] GC(46)   Merge Heap Roots: 0.2ms
[2025-04-14T11:16:21.233+0000][gc,phases   ] GC(46)   Evacuate Collection Set: 21.4ms
[2025-04-14T11:16:21.233+0000][gc,phases   ] GC(46)   Post Evacuate Collection Set: 0.6ms
[2025-04-14T11:16:21.233+0000][gc,phases   ] GC(46)   Other: 0.1ms
[2025-04-14T11:16:21.233+0000][gc,heap     ] GC(46) Eden regions: 43->0(44)
[2025-04-14T11:16:21.233+0000][gc,heap     ] GC(46) Survivor regions: 8->7(7)
[2025-04-14T11:16:21.233+0000][gc,heap     ] GC(46) Old regions: 103->109
[2025-04-14T11:16:21.233+0000][gc,heap     ] GC(46) Humongous regions: 147->147
[2025-04-14T11:16:21.233+0000][gc,metaspace] GC(46) Metaspace: 46850K(47424K)->46850K(47424K) NonClass: 41678K(41984K)->41678K(41984K) Class: 5171K(5440K)->5171K(5440K)
[2025-04-14T11:16:21.233+0000][gc          ] GC(46) Pause Young (Normal) (G1 Evacuation Pause) 300M->262M(1024M) 22.888ms
[2025-04-14T11:16:21.233+0000][gc,cpu      ] GC(46) User=0.04s Sys=0.01s Real=0.03s
[2025-04-14T11:18:56.704+0000][gc,start    ] GC(47) Pause Young (Normal) (G1 Evacuation Pause)
[2025-04-14T11:18:56.704+0000][gc,task     ] GC(47) Using 2 workers of 2 for evacuation
[2025-04-14T11:18:56.717+0000][gc,phases   ] GC(47)   Pre Evacuate Collection Set: 0.4ms
[2025-04-14T11:18:56.717+0000][gc,phases   ] GC(47)   Merge Heap Roots: 0.1ms
[2025-04-14T11:18:56.717+0000][gc,phases   ] GC(47)   Evacuate Collection Set: 11.7ms
[2025-04-14T11:18:56.717+0000][gc,phases   ] GC(47)   Post Evacuate Collection Set: 0.5ms
[2025-04-14T11:18:56.717+0000][gc,phases   ] GC(47)   Other: 0.1ms
[2025-04-14T11:18:56.717+0000][gc,heap     ] GC(47) Eden regions: 44->0(116)
[2025-04-14T11:18:56.717+0000][gc,heap     ] GC(47) Survivor regions: 7->2(7)
[2025-04-14T11:18:56.717+0000][gc,heap     ] GC(47) Old regions: 109->113
[2025-04-14T11:18:56.717+0000][gc,heap     ] GC(47) Humongous regions: 147->147
[2025-04-14T11:18:56.717+0000][gc,metaspace] GC(47) Metaspace: 46881K(47488K)->46881K(47488K) NonClass: 41709K(42048K)->41709K(42048K) Class: 5171K(5440K)->5171K(5440K)
[2025-04-14T11:18:56.717+0000][gc          ] GC(47) Pause Young (Normal) (G1 Evacuation Pause) 306M->261M(1024M) 12.890ms
[2025-04-14T11:18:56.717+0000][gc,cpu      ] GC(47) User=0.01s Sys=0.01s Real=0.01s
[2025-04-14T11:26:27.621+0000][gc,start    ] GC(48) Pause Young (Normal) (G1 Evacuation Pause)
[2025-04-14T11:26:27.622+0000][gc,task     ] GC(48) Using 2 workers of 2 for evacuation
[2025-04-14T11:26:27.641+0000][gc,phases   ] GC(48)   Pre Evacuate Collection Set: 0.3ms
[2025-04-14T11:26:27.641+0000][gc,phases   ] GC(48)   Merge Heap Roots: 0.2ms
[2025-04-14T11:26:27.641+0000][gc,phases   ] GC(48)   Evacuate Collection Set: 18.3ms
[2025-04-14T11:26:27.641+0000][gc,phases   ] GC(48)   Post Evacuate Collection Set: 0.6ms
[2025-04-14T11:26:27.641+0000][gc,phases   ] GC(48)   Other: 0.1ms
[2025-04-14T11:26:27.641+0000][gc,heap     ] GC(48) Eden regions: 132->0(42)
[2025-04-14T11:26:27.641+0000][gc,heap     ] GC(48) Survivor regions: 2->9(17)
[2025-04-14T11:26:27.641+0000][gc,heap     ] GC(48) Old regions: 113->113
[2025-04-14T11:26:27.641+0000][gc,heap     ] GC(48) Humongous regions: 147->147
[2025-04-14T11:26:27.641+0000][gc,metaspace] GC(48) Metaspace: 47111K(47744K)->47111K(47744K) NonClass: 41896K(42240K)->41896K(42240K) Class: 5215K(5504K)->5215K(5504K)
[2025-04-14T11:26:27.641+0000][gc          ] GC(48) Pause Young (Normal) (G1 Evacuation Pause) 393M->268M(1024M) 19.712ms
[2025-04-14T11:26:27.641+0000][gc,cpu      ] GC(48) User=0.04s Sys=0.00s Real=0.02s
[2025-04-14T11:28:45.926+0000][gc,start    ] GC(49) Pause Young (Normal) (G1 Evacuation Pause)
[2025-04-14T11:28:45.926+0000][gc,task     ] GC(49) Using 2 workers of 2 for evacuation
[2025-04-14T11:28:45.945+0000][gc,phases   ] GC(49)   Pre Evacuate Collection Set: 0.2ms
[2025-04-14T11:28:45.945+0000][gc,phases   ] GC(49)   Merge Heap Roots: 0.1ms
[2025-04-14T11:28:45.945+0000][gc,phases   ] GC(49)   Evacuate Collection Set: 18.4ms
[2025-04-14T11:28:45.945+0000][gc,phases   ] GC(49)   Post Evacuate Collection Set: 0.6ms
[2025-04-14T11:28:45.945+0000][gc,phases   ] GC(49)   Other: 0.1ms
[2025-04-14T11:28:45.945+0000][gc,heap     ] GC(49) Eden regions: 42->0(72)
[2025-04-14T11:28:45.945+0000][gc,heap     ] GC(49) Survivor regions: 9->4(7)
[2025-04-14T11:28:45.945+0000][gc,heap     ] GC(49) Old regions: 113->121
[2025-04-14T11:28:45.945+0000][gc,heap     ] GC(49) Humongous regions: 147->147
[2025-04-14T11:28:45.945+0000][gc,metaspace] GC(49) Metaspace: 47112K(47744K)->47112K(47744K) NonClass: 41897K(42240K)->41897K(42240K) Class: 5215K(5504K)->5215K(5504K)
[2025-04-14T11:28:45.945+0000][gc          ] GC(49) Pause Young (Normal) (G1 Evacuation Pause) 310M->271M(1024M) 19.658ms
[2025-04-14T11:28:45.945+0000][gc,cpu      ] GC(49) User=0.04s Sys=0.00s Real=0.02s
[2025-04-14T11:33:08.678+0000][gc,start    ] GC(50) Pause Young (Normal) (G1 Evacuation Pause)
[2025-04-14T11:33:08.678+0000][gc,task     ] GC(50) Using 2 workers of 2 for evacuation
[2025-04-14T11:33:08.694+0000][gc,phases   ] GC(50)   Pre Evacuate Collection Set: 0.3ms
[2025-04-14T11:33:08.694+0000][gc,phases   ] GC(50)   Merge Heap Roots: 0.1ms
[2025-04-14T11:33:08.694+0000][gc,phases   ] GC(50)   Evacuate Collection Set: 15.1ms
[2025-04-14T11:33:08.694+0000][gc,phases   ] GC(50)   Post Evacuate Collection Set: 0.5ms
[2025-04-14T11:33:08.694+0000][gc,phases   ] GC(50)   Other: 0.1ms
[2025-04-14T11:33:08.694+0000][gc,heap     ] GC(50) Eden regions: 76->0(42)
[2025-04-14T11:33:08.694+0000][gc,heap     ] GC(50) Survivor regions: 4->9(10)
[2025-04-14T11:33:08.694+0000][gc,heap     ] GC(50) Old regions: 121->121
[2025-04-14T11:33:08.694+0000][gc,heap     ] GC(50) Humongous regions: 147->147
[2025-04-14T11:33:08.694+0000][gc,metaspace] GC(50) Metaspace: 47126K(47744K)->47126K(47744K) NonClass: 41911K(42240K)->41911K(42240K) Class: 5215K(5504K)->5215K(5504K)
[2025-04-14T11:33:08.694+0000][gc          ] GC(50) Pause Young (Normal) (G1 Evacuation Pause) 347M->276M(1024M) 16.356ms
[2025-04-14T11:33:08.694+0000][gc,cpu      ] GC(50) User=0.03s Sys=0.00s Real=0.02s
[2025-04-14T11:35:33.728+0000][gc,start    ] GC(51) Pause Young (Normal) (G1 Evacuation Pause)
[2025-04-14T11:35:33.728+0000][gc,task     ] GC(51) Using 2 workers of 2 for evacuation
[2025-04-14T11:35:33.748+0000][gc,mmu      ] GC(51) MMU target violated: 20.3ms (20.0ms/21.0ms)
[2025-04-14T11:35:33.748+0000][gc,phases   ] GC(51)   Pre Evacuate Collection Set: 0.4ms
[2025-04-14T11:35:33.748+0000][gc,phases   ] GC(51)   Merge Heap Roots: 0.1ms
[2025-04-14T11:35:33.748+0000][gc,phases   ] GC(51)   Evacuate Collection Set: 19.2ms
[2025-04-14T11:35:33.748+0000][gc,phases   ] GC(51)   Post Evacuate Collection Set: 0.6ms
[2025-04-14T11:35:33.748+0000][gc,phases   ] GC(51)   Other: 0.1ms
[2025-04-14T11:35:33.748+0000][gc,heap     ] GC(51) Eden regions: 42->0(64)
[2025-04-14T11:35:33.748+0000][gc,heap     ] GC(51) Survivor regions: 9->5(7)
[2025-04-14T11:35:33.748+0000][gc,heap     ] GC(51) Old regions: 121->128
[2025-04-14T11:35:33.748+0000][gc,heap     ] GC(51) Humongous regions: 147->147
[2025-04-14T11:35:33.748+0000][gc,metaspace] GC(51) Metaspace: 47143K(47808K)->47143K(47808K) NonClass: 41927K(42304K)->41927K(42304K) Class: 5216K(5504K)->5216K(5504K)
[2025-04-14T11:35:33.748+0000][gc          ] GC(51) Pause Young (Normal) (G1 Evacuation Pause) 318M->279M(1024M) 20.586ms
[2025-04-14T11:35:33.748+0000][gc,cpu      ] GC(51) User=0.03s Sys=0.00s Real=0.02s
[2025-04-14T11:39:24.638+0000][gc,start    ] GC(52) Pause Young (Normal) (G1 Evacuation Pause)
[2025-04-14T11:39:24.638+0000][gc,task     ] GC(52) Using 2 workers of 2 for evacuation
[2025-04-14T11:39:24.654+0000][gc,phases   ] GC(52)   Pre Evacuate Collection Set: 0.5ms
[2025-04-14T11:39:24.655+0000][gc,phases   ] GC(52)   Merge Heap Roots: 0.1ms
[2025-04-14T11:39:24.655+0000][gc,phases   ] GC(52)   Evacuate Collection Set: 14.8ms
[2025-04-14T11:39:24.655+0000][gc,phases   ] GC(52)   Post Evacuate Collection Set: 0.7ms
[2025-04-14T11:39:24.655+0000][gc,phases   ] GC(52)   Other: 0.1ms
[2025-04-14T11:39:24.655+0000][gc,heap     ] GC(52) Eden regions: 65->0(43)
[2025-04-14T11:39:24.655+0000][gc,heap     ] GC(52) Survivor regions: 5->8(9)
[2025-04-14T11:39:24.655+0000][gc,heap     ] GC(52) Old regions: 128->128
[2025-04-14T11:39:24.655+0000][gc,heap     ] GC(52) Humongous regions: 147->147
[2025-04-14T11:39:24.655+0000][gc,metaspace] GC(52) Metaspace: 47188K(47808K)->47188K(47808K) NonClass: 41972K(42304K)->41972K(42304K) Class: 5216K(5504K)->5216K(5504K)
[2025-04-14T11:39:24.655+0000][gc          ] GC(52) Pause Young (Normal) (G1 Evacuation Pause) 344M->281M(1024M) 16.379ms
[2025-04-14T11:39:24.655+0000][gc,cpu      ] GC(52) User=0.03s Sys=0.00s Real=0.02s
[2025-04-14T11:41:56.704+0000][gc,start    ] GC(53) Pause Young (Normal) (G1 Evacuation Pause)
[2025-04-14T11:41:56.704+0000][gc,task     ] GC(53) Using 2 workers of 2 for evacuation
[2025-04-14T11:41:56.720+0000][gc,phases   ] GC(53)   Pre Evacuate Collection Set: 0.4ms
[2025-04-14T11:41:56.720+0000][gc,phases   ] GC(53)   Merge Heap Roots: 0.1ms
[2025-04-14T11:41:56.720+0000][gc,phases   ] GC(53)   Evacuate Collection Set: 15.1ms
[2025-04-14T11:41:56.720+0000][gc,phases   ] GC(53)   Post Evacuate Collection Set: 0.7ms
[2025-04-14T11:41:56.720+0000][gc,phases   ] GC(53)   Other: 0.1ms
[2025-04-14T11:41:56.720+0000][gc,heap     ] GC(53) Eden regions: 43->0(101)
[2025-04-14T11:41:56.720+0000][gc,heap     ] GC(53) Survivor regions: 8->3(7)
[2025-04-14T11:41:56.720+0000][gc,heap     ] GC(53) Old regions: 128->133
[2025-04-14T11:41:56.720+0000][gc,heap     ] GC(53) Humongous regions: 147->147
[2025-04-14T11:41:56.720+0000][gc,metaspace] GC(53) Metaspace: 47215K(47872K)->47215K(47872K) NonClass: 41998K(42368K)->41998K(42368K) Class: 5216K(5504K)->5216K(5504K)
[2025-04-14T11:41:56.720+0000][gc          ] GC(53) Pause Young (Normal) (G1 Evacuation Pause) 324M->282M(1024M) 16.592ms
[2025-04-14T11:41:56.720+0000][gc,cpu      ] GC(53) User=0.03s Sys=0.00s Real=0.01s
[2025-04-14T11:47:59.069+0000][gc,start    ] GC(54) Pause Young (Normal) (G1 Evacuation Pause)
[2025-04-14T11:47:59.069+0000][gc,task     ] GC(54) Using 2 workers of 2 for evacuation
[2025-04-14T11:47:59.093+0000][gc,mmu      ] GC(54) MMU target violated: 21.0ms (20.0ms/21.0ms)
[2025-04-14T11:47:59.093+0000][gc,phases   ] GC(54)   Pre Evacuate Collection Set: 0.4ms
[2025-04-14T11:47:59.093+0000][gc,phases   ] GC(54)   Merge Heap Roots: 0.4ms
[2025-04-14T11:47:59.093+0000][gc,phases   ] GC(54)   Evacuate Collection Set: 21.7ms
[2025-04-14T11:47:59.093+0000][gc,phases   ] GC(54)   Post Evacuate Collection Set: 0.8ms
[2025-04-14T11:47:59.093+0000][gc,phases   ] GC(54)   Other: 0.1ms
[2025-04-14T11:47:59.093+0000][gc,heap     ] GC(54) Eden regions: 101->0(41)
[2025-04-14T11:47:59.093+0000][gc,heap     ] GC(54) Survivor regions: 3->10(13)
[2025-04-14T11:47:59.093+0000][gc,heap     ] GC(54) Old regions: 133->133
[2025-04-14T11:47:59.093+0000][gc,heap     ] GC(54) Humongous regions: 147->147
[2025-04-14T11:47:59.093+0000][gc,metaspace] GC(54) Metaspace: 47263K(47872K)->47263K(47872K) NonClass: 42046K(42368K)->42046K(42368K) Class: 5216K(5504K)->5216K(5504K)
[2025-04-14T11:47:59.093+0000][gc          ] GC(54) Pause Young (Normal) (G1 Evacuation Pause) 383M->289M(1024M) 23.525ms
[2025-04-14T11:47:59.093+0000][gc,cpu      ] GC(54) User=0.04s Sys=0.00s Real=0.03s
[2025-04-14T11:50:18.343+0000][gc,start    ] GC(55) Pause Young (Normal) (G1 Evacuation Pause)
[2025-04-14T11:50:18.343+0000][gc,task     ] GC(55) Using 2 workers of 2 for evacuation
[2025-04-14T11:50:18.361+0000][gc,phases   ] GC(55)   Pre Evacuate Collection Set: 0.2ms
[2025-04-14T11:50:18.361+0000][gc,phases   ] GC(55)   Merge Heap Roots: 0.1ms
[2025-04-14T11:50:18.361+0000][gc,phases   ] GC(55)   Evacuate Collection Set: 16.8ms
[2025-04-14T11:50:18.361+0000][gc,phases   ] GC(55)   Post Evacuate Collection Set: 0.7ms
[2025-04-14T11:50:18.361+0000][gc,phases   ] GC(55)   Other: 0.1ms
[2025-04-14T11:50:18.361+0000][gc,heap     ] GC(55) Eden regions: 41->0(92)
[2025-04-14T11:50:18.361+0000][gc,heap     ] GC(55) Survivor regions: 10->3(7)
[2025-04-14T11:50:18.361+0000][gc,heap     ] GC(55) Old regions: 133->140
[2025-04-14T11:50:18.361+0000][gc,heap     ] GC(55) Humongous regions: 147->147
[2025-04-14T11:50:18.361+0000][gc,metaspace] GC(55) Metaspace: 47280K(47936K)->47280K(47936K) NonClass: 42063K(42432K)->42063K(42432K) Class: 5216K(5504K)->5216K(5504K)
[2025-04-14T11:50:18.361+0000][gc          ] GC(55) Pause Young (Normal) (G1 Evacuation Pause) 330M->289M(1024M) 18.219ms
[2025-04-14T11:50:18.361+0000][gc,cpu      ] GC(55) User=0.03s Sys=0.00s Real=0.02s
[2025-04-14T11:55:53.860+0000][gc,start    ] GC(56) Pause Young (Normal) (G1 Evacuation Pause)
[2025-04-14T11:55:53.860+0000][gc,task     ] GC(56) Using 2 workers of 2 for evacuation
[2025-04-14T11:55:53.875+0000][gc,phases   ] GC(56)   Pre Evacuate Collection Set: 0.4ms
[2025-04-14T11:55:53.875+0000][gc,phases   ] GC(56)   Merge Heap Roots: 0.2ms
[2025-04-14T11:55:53.875+0000][gc,phases   ] GC(56)   Evacuate Collection Set: 14.1ms
[2025-04-14T11:55:53.875+0000][gc,phases   ] GC(56)   Post Evacuate Collection Set: 0.6ms
[2025-04-14T11:55:53.875+0000][gc,phases   ] GC(56)   Other: 0.1ms
[2025-04-14T11:55:53.875+0000][gc,heap     ] GC(56) Eden regions: 91->0(44)
[2025-04-14T11:55:53.875+0000][gc,heap     ] GC(56) Survivor regions: 3->7(12)
[2025-04-14T11:55:53.875+0000][gc,heap     ] GC(56) Old regions: 140->140
[2025-04-14T11:55:53.875+0000][gc,heap     ] GC(56) Humongous regions: 147->147
[2025-04-14T11:55:53.875+0000][gc,metaspace] GC(56) Metaspace: 47314K(47936K)->47314K(47936K) NonClass: 42096K(42432K)->42096K(42432K) Class: 5218K(5504K)->5218K(5504K)
[2025-04-14T11:55:53.875+0000][gc          ] GC(56) Pause Young (Normal) (G1 Evacuation Pause) 380M->294M(1024M) 15.564ms
[2025-04-14T11:55:53.875+0000][gc,cpu      ] GC(56) User=0.02s Sys=0.00s Real=0.02s
[2025-04-14T11:58:32.030+0000][gc,start    ] GC(57) Pause Young (Normal) (G1 Evacuation Pause)
[2025-04-14T11:58:32.030+0000][gc,task     ] GC(57) Using 2 workers of 2 for evacuation
[2025-04-14T11:58:32.050+0000][gc,phases   ] GC(57)   Pre Evacuate Collection Set: 0.3ms
[2025-04-14T11:58:32.050+0000][gc,phases   ] GC(57)   Merge Heap Roots: 0.1ms
[2025-04-14T11:58:32.050+0000][gc,phases   ] GC(57)   Evacuate Collection Set: 19.1ms
[2025-04-14T11:58:32.050+0000][gc,phases   ] GC(57)   Post Evacuate Collection Set: 0.5ms
[2025-04-14T11:58:32.050+0000][gc,phases   ] GC(57)   Other: 0.1ms
[2025-04-14T11:58:32.050+0000][gc,heap     ] GC(57) Eden regions: 44->0(75)
[2025-04-14T11:58:32.050+0000][gc,heap     ] GC(57) Survivor regions: 7->4(7)
[2025-04-14T11:58:32.050+0000][gc,heap     ] GC(57) Old regions: 140->147
[2025-04-14T11:58:32.050+0000][gc,heap     ] GC(57) Humongous regions: 147->147
[2025-04-14T11:58:32.050+0000][gc,metaspace] GC(57) Metaspace: 47318K(47936K)->47318K(47936K) NonClass: 42100K(42432K)->42100K(42432K) Class: 5218K(5504K)->5218K(5504K)
[2025-04-14T11:58:32.050+0000][gc          ] GC(57) Pause Young (Normal) (G1 Evacuation Pause) 338M->297M(1024M) 20.281ms
[2025-04-14T11:58:32.050+0000][gc,cpu      ] GC(57) User=0.04s Sys=0.00s Real=0.02s
[2025-04-14T12:03:13.201+0000][gc,start    ] GC(58) Pause Young (Normal) (G1 Evacuation Pause)
[2025-04-14T12:03:13.201+0000][gc,task     ] GC(58) Using 2 workers of 2 for evacuation
[2025-04-14T12:03:13.225+0000][gc,mmu      ] GC(58) MMU target violated: 21.0ms (20.0ms/21.0ms)
[2025-04-14T12:03:13.225+0000][gc,phases   ] GC(58)   Pre Evacuate Collection Set: 0.4ms
[2025-04-14T12:03:13.225+0000][gc,phases   ] GC(58)   Merge Heap Roots: 0.1ms
[2025-04-14T12:03:13.225+0000][gc,phases   ] GC(58)   Evacuate Collection Set: 22.2ms
[2025-04-14T12:03:13.225+0000][gc,phases   ] GC(58)   Post Evacuate Collection Set: 0.6ms
[2025-04-14T12:03:13.225+0000][gc,phases   ] GC(58)   Other: 0.2ms
[2025-04-14T12:03:13.225+0000][gc,heap     ] GC(58) Eden regions: 77->0(42)
[2025-04-14T12:03:13.225+0000][gc,heap     ] GC(58) Survivor regions: 4->9(11)
[2025-04-14T12:03:13.225+0000][gc,heap     ] GC(58) Old regions: 147->147
[2025-04-14T12:03:13.225+0000][gc,heap     ] GC(58) Humongous regions: 147->147
[2025-04-14T12:03:13.225+0000][gc,metaspace] GC(58) Metaspace: 47329K(47936K)->47329K(47936K) NonClass: 42111K(42432K)->42111K(42432K) Class: 5218K(5504K)->5218K(5504K)
[2025-04-14T12:03:13.225+0000][gc          ] GC(58) Pause Young (Normal) (G1 Evacuation Pause) 374M->302M(1024M) 23.739ms
[2025-04-14T12:03:13.225+0000][gc,cpu      ] GC(58) User=0.03s Sys=0.00s Real=0.03s
[2025-04-14T12:06:01.388+0000][gc,start    ] GC(59) Pause Young (Normal) (G1 Evacuation Pause)
[2025-04-14T12:06:01.388+0000][gc,task     ] GC(59) Using 2 workers of 2 for evacuation
[2025-04-14T12:06:01.407+0000][gc,phases   ] GC(59)   Pre Evacuate Collection Set: 0.3ms
[2025-04-14T12:06:01.407+0000][gc,phases   ] GC(59)   Merge Heap Roots: 0.2ms
[2025-04-14T12:06:01.407+0000][gc,phases   ] GC(59)   Evacuate Collection Set: 17.6ms
[2025-04-14T12:06:01.407+0000][gc,phases   ] GC(59)   Post Evacuate Collection Set: 0.5ms
[2025-04-14T12:06:01.407+0000][gc,phases   ] GC(59)   Other: 0.1ms
[2025-04-14T12:06:01.407+0000][gc,heap     ] GC(59) Eden regions: 42->0(49)
[2025-04-14T12:06:01.407+0000][gc,heap     ] GC(59) Survivor regions: 9->5(7)
[2025-04-14T12:06:01.407+0000][gc,heap     ] GC(59) Old regions: 147->153
[2025-04-14T12:06:01.407+0000][gc,heap     ] GC(59) Humongous regions: 147->147
[2025-04-14T12:06:01.407+0000][gc,metaspace] GC(59) Metaspace: 47329K(47936K)->47329K(47936K) NonClass: 42111K(42432K)->42111K(42432K) Class: 5218K(5504K)->5218K(5504K)
[2025-04-14T12:06:01.407+0000][gc          ] GC(59) Pause Young (Normal) (G1 Evacuation Pause) 344M->304M(1024M) 18.895ms
[2025-04-14T12:06:01.407+0000][gc,cpu      ] GC(59) User=0.03s Sys=0.01s Real=0.02s
[2025-04-14T12:09:23.038+0000][gc,start    ] GC(60) Pause Young (Normal) (G1 Evacuation Pause)
[2025-04-14T12:09:23.038+0000][gc,task     ] GC(60) Using 2 workers of 2 for evacuation
[2025-04-14T12:09:23.051+0000][gc,phases   ] GC(60)   Pre Evacuate Collection Set: 0.4ms
[2025-04-14T12:09:23.051+0000][gc,phases   ] GC(60)   Merge Heap Roots: 0.1ms
[2025-04-14T12:09:23.051+0000][gc,phases   ] GC(60)   Evacuate Collection Set: 11.7ms
[2025-04-14T12:09:23.051+0000][gc,phases   ] GC(60)   Post Evacuate Collection Set: 0.6ms
[2025-04-14T12:09:23.051+0000][gc,phases   ] GC(60)   Other: 0.1ms
[2025-04-14T12:09:23.051+0000][gc,heap     ] GC(60) Eden regions: 50->0(59)
[2025-04-14T12:09:23.051+0000][gc,heap     ] GC(60) Survivor regions: 5->5(7)
[2025-04-14T12:09:23.051+0000][gc,heap     ] GC(60) Old regions: 153->155
[2025-04-14T12:09:23.051+0000][gc,heap     ] GC(60) Humongous regions: 147->147
[2025-04-14T12:09:23.051+0000][gc,metaspace] GC(60) Metaspace: 47329K(47936K)->47329K(47936K) NonClass: 42111K(42432K)->42111K(42432K) Class: 5218K(5504K)->5218K(5504K)
[2025-04-14T12:09:23.051+0000][gc          ] GC(60) Pause Young (Normal) (G1 Evacuation Pause) 354M->306M(1024M) 13.038ms
[2025-04-14T12:09:23.051+0000][gc,cpu      ] GC(60) User=0.02s Sys=0.00s Real=0.01s
[2025-04-14T12:12:57.720+0000][gc,start    ] GC(61) Pause Young (Normal) (G1 Evacuation Pause)
[2025-04-14T12:12:57.720+0000][gc,task     ] GC(61) Using 2 workers of 2 for evacuation
[2025-04-14T12:12:57.732+0000][gc,phases   ] GC(61)   Pre Evacuate Collection Set: 0.3ms
[2025-04-14T12:12:57.732+0000][gc,phases   ] GC(61)   Merge Heap Roots: 0.2ms
[2025-04-14T12:12:57.732+0000][gc,phases   ] GC(61)   Evacuate Collection Set: 10.3ms
[2025-04-14T12:12:57.732+0000][gc,phases   ] GC(61)   Post Evacuate Collection Set: 0.6ms
[2025-04-14T12:12:57.732+0000][gc,phases   ] GC(61)   Other: 0.1ms
[2025-04-14T12:12:57.732+0000][gc,heap     ] GC(61) Eden regions: 53->0(87)
[2025-04-14T12:12:57.732+0000][gc,heap     ] GC(61) Survivor regions: 5->4(8)
[2025-04-14T12:12:57.732+0000][gc,heap     ] GC(61) Old regions: 155->158
[2025-04-14T12:12:57.732+0000][gc,heap     ] GC(61) Humongous regions: 147->147
[2025-04-14T12:12:57.732+0000][gc,metaspace] GC(61) Metaspace: 47330K(47936K)->47330K(47936K) NonClass: 42112K(42432K)->42112K(42432K) Class: 5218K(5504K)->5218K(5504K)
[2025-04-14T12:12:57.732+0000][gc          ] GC(61) Pause Young (Normal) (G1 Evacuation Pause) 359M->307M(1024M) 11.587ms
[2025-04-14T12:12:57.732+0000][gc,cpu      ] GC(61) User=0.02s Sys=0.00s Real=0.01s
[2025-04-14T12:18:00.398+0000][gc,start    ] GC(62) Pause Young (Normal) (G1 Evacuation Pause)
[2025-04-14T12:18:00.399+0000][gc,task     ] GC(62) Using 2 workers of 2 for evacuation
[2025-04-14T12:18:00.419+0000][gc,mmu      ] GC(62) MMU target violated: 20.2ms (20.0ms/21.0ms)
[2025-04-14T12:18:00.419+0000][gc,phases   ] GC(62)   Pre Evacuate Collection Set: 0.2ms
[2025-04-14T12:18:00.419+0000][gc,phases   ] GC(62)   Merge Heap Roots: 0.1ms
[2025-04-14T12:18:00.419+0000][gc,phases   ] GC(62)   Evacuate Collection Set: 18.9ms
[2025-04-14T12:18:00.419+0000][gc,phases   ] GC(62)   Post Evacuate Collection Set: 0.8ms
[2025-04-14T12:18:00.419+0000][gc,phases   ] GC(62)   Other: 0.2ms
[2025-04-14T12:18:00.419+0000][gc,heap     ] GC(62) Eden regions: 80->0(40)
[2025-04-14T12:18:00.419+0000][gc,heap     ] GC(62) Survivor regions: 4->11(11)
[2025-04-14T12:18:00.419+0000][gc,heap     ] GC(62) Old regions: 158->158
[2025-04-14T12:18:00.419+0000][gc,heap     ] GC(62) Humongous regions: 147->147
[2025-04-14T12:18:00.419+0000][gc,metaspace] GC(62) Metaspace: 47341K(47936K)->47341K(47936K) NonClass: 42123K(42432K)->42123K(42432K) Class: 5218K(5504K)->5218K(5504K)
[2025-04-14T12:18:00.419+0000][gc          ] GC(62) Pause Young (Normal) (G1 Evacuation Pause) 387M->314M(1024M) 20.467ms
[2025-04-14T12:18:00.419+0000][gc,cpu      ] GC(62) User=0.03s Sys=0.00s Real=0.02s
[2025-04-14T12:20:40.195+0000][gc,start    ] GC(63) Pause Young (Normal) (G1 Evacuation Pause)
[2025-04-14T12:20:40.195+0000][gc,task     ] GC(63) Using 2 workers of 2 for evacuation
[2025-04-14T12:20:40.213+0000][gc,phases   ] GC(63)   Pre Evacuate Collection Set: 0.3ms
[2025-04-14T12:20:40.213+0000][gc,phases   ] GC(63)   Merge Heap Roots: 0.2ms
[2025-04-14T12:20:40.213+0000][gc,phases   ] GC(63)   Evacuate Collection Set: 17.1ms
[2025-04-14T12:20:40.213+0000][gc,phases   ] GC(63)   Post Evacuate Collection Set: 0.6ms
[2025-04-14T12:20:40.213+0000][gc,phases   ] GC(63)   Other: 0.1ms
[2025-04-14T12:20:40.213+0000][gc,heap     ] GC(63) Eden regions: 40->0(59)
[2025-04-14T12:20:40.213+0000][gc,heap     ] GC(63) Survivor regions: 11->5(7)
[2025-04-14T12:20:40.213+0000][gc,heap     ] GC(63) Old regions: 158->164
[2025-04-14T12:20:40.213+0000][gc,heap     ] GC(63) Humongous regions: 147->147
[2025-04-14T12:20:40.214+0000][gc,metaspace] GC(63) Metaspace: 47341K(47936K)->47341K(47936K) NonClass: 42123K(42432K)->42123K(42432K) Class: 5218K(5504K)->5218K(5504K)
[2025-04-14T12:20:40.214+0000][gc          ] GC(63) Pause Young (Normal) (G1 Evacuation Pause) 354M->314M(1024M) 18.444ms
[2025-04-14T12:20:40.214+0000][gc,cpu      ] GC(63) User=0.03s Sys=0.00s Real=0.02s
[2025-04-14T12:25:16.873+0000][gc,start    ] GC(64) Pause Young (Normal) (G1 Evacuation Pause)
[2025-04-14T12:25:16.873+0000][gc,task     ] GC(64) Using 2 workers of 2 for evacuation
[2025-04-14T12:25:16.890+0000][gc,phases   ] GC(64)   Pre Evacuate Collection Set: 0.6ms
[2025-04-14T12:25:16.890+0000][gc,phases   ] GC(64)   Merge Heap Roots: 0.1ms
[2025-04-14T12:25:16.890+0000][gc,phases   ] GC(64)   Evacuate Collection Set: 15.1ms
[2025-04-14T12:25:16.890+0000][gc,phases   ] GC(64)   Post Evacuate Collection Set: 1.5ms
[2025-04-14T12:25:16.890+0000][gc,phases   ] GC(64)   Other: 0.1ms
[2025-04-14T12:25:16.890+0000][gc,heap     ] GC(64) Eden regions: 69->0(44)
[2025-04-14T12:25:16.890+0000][gc,heap     ] GC(64) Survivor regions: 5->7(10)
[2025-04-14T12:25:16.890+0000][gc,heap     ] GC(64) Old regions: 164->164
[2025-04-14T12:25:16.890+0000][gc,heap     ] GC(64) Humongous regions: 147->147
[2025-04-14T12:25:16.890+0000][gc,metaspace] GC(64) Metaspace: 47343K(47936K)->47343K(47936K) NonClass: 42125K(42432K)->42125K(42432K) Class: 5218K(5504K)->5218K(5504K)
[2025-04-14T12:25:16.890+0000][gc          ] GC(64) Pause Young (Normal) (G1 Evacuation Pause) 383M->316M(1024M) 17.523ms
[2025-04-14T12:25:16.890+0000][gc,cpu      ] GC(64) User=0.02s Sys=0.00s Real=0.01s
[2025-04-14T12:28:14.854+0000][gc,start    ] GC(65) Pause Young (Normal) (G1 Evacuation Pause)
[2025-04-14T12:28:14.854+0000][gc,task     ] GC(65) Using 2 workers of 2 for evacuation
[2025-04-14T12:28:14.871+0000][gc,phases   ] GC(65)   Pre Evacuate Collection Set: 0.4ms
[2025-04-14T12:28:14.871+0000][gc,phases   ] GC(65)   Merge Heap Roots: 0.1ms
[2025-04-14T12:28:14.871+0000][gc,phases   ] GC(65)   Evacuate Collection Set: 15.4ms
[2025-04-14T12:28:14.871+0000][gc,phases   ] GC(65)   Post Evacuate Collection Set: 0.8ms
[2025-04-14T12:28:14.871+0000][gc,phases   ] GC(65)   Other: 0.1ms
[2025-04-14T12:28:14.871+0000][gc,heap     ] GC(65) Eden regions: 46->0(46)
[2025-04-14T12:28:14.871+0000][gc,heap     ] GC(65) Survivor regions: 7->6(7)
[2025-04-14T12:28:14.871+0000][gc,heap     ] GC(65) Old regions: 164->168
[2025-04-14T12:28:14.871+0000][gc,heap     ] GC(65) Humongous regions: 147->147
[2025-04-14T12:28:14.871+0000][gc,metaspace] GC(65) Metaspace: 47347K(47936K)->47347K(47936K) NonClass: 42129K(42432K)->42129K(42432K) Class: 5218K(5504K)->5218K(5504K)
[2025-04-14T12:28:14.871+0000][gc          ] GC(65) Pause Young (Normal) (G1 Evacuation Pause) 362M->320M(1024M) 17.008ms
[2025-04-14T12:28:14.871+0000][gc,cpu      ] GC(65) User=0.04s Sys=0.00s Real=0.01s
[2025-04-14T12:31:21.416+0000][gc,start    ] GC(66) Pause Young (Normal) (G1 Evacuation Pause)
[2025-04-14T12:31:21.416+0000][gc,task     ] GC(66) Using 2 workers of 2 for evacuation
[2025-04-14T12:31:21.432+0000][gc,phases   ] GC(66)   Pre Evacuate Collection Set: 0.4ms
[2025-04-14T12:31:21.432+0000][gc,phases   ] GC(66)   Merge Heap Roots: 0.2ms
[2025-04-14T12:31:21.432+0000][gc,phases   ] GC(66)   Evacuate Collection Set: 13.9ms
[2025-04-14T12:31:21.432+0000][gc,phases   ] GC(66)   Post Evacuate Collection Set: 0.6ms
[2025-04-14T12:31:21.432+0000][gc,phases   ] GC(66)   Other: 0.1ms
[2025-04-14T12:31:21.432+0000][gc,heap     ] GC(66) Eden regions: 47->0(60)
[2025-04-14T12:31:21.432+0000][gc,heap     ] GC(66) Survivor regions: 6->5(7)
[2025-04-14T12:31:21.432+0000][gc,heap     ] GC(66) Old regions: 168->171
[2025-04-14T12:31:21.432+0000][gc,heap     ] GC(66) Humongous regions: 147->147
[2025-04-14T12:31:21.432+0000][gc,metaspace] GC(66) Metaspace: 47351K(48000K)->47351K(48000K) NonClass: 42132K(42496K)->42132K(42496K) Class: 5218K(5504K)->5218K(5504K)
[2025-04-14T12:31:21.432+0000][gc          ] GC(66) Pause Young (Normal) (G1 Evacuation Pause) 367M->322M(1024M) 15.474ms
[2025-04-14T12:31:21.432+0000][gc,cpu      ] GC(66) User=0.03s Sys=0.00s Real=0.01s
[2025-04-14T12:35:08.604+0000][gc,start    ] GC(67) Pause Young (Normal) (G1 Evacuation Pause)
[2025-04-14T12:35:08.604+0000][gc,task     ] GC(67) Using 2 workers of 2 for evacuation
[2025-04-14T12:35:08.617+0000][gc,phases   ] GC(67)   Pre Evacuate Collection Set: 0.4ms
[2025-04-14T12:35:08.617+0000][gc,phases   ] GC(67)   Merge Heap Roots: 0.2ms
[2025-04-14T12:35:08.617+0000][gc,phases   ] GC(67)   Evacuate Collection Set: 11.4ms
[2025-04-14T12:35:08.617+0000][gc,phases   ] GC(67)   Post Evacuate Collection Set: 0.5ms
[2025-04-14T12:35:08.617+0000][gc,phases   ] GC(67)   Other: 0.1ms
[2025-04-14T12:35:08.617+0000][gc,heap     ] GC(67) Eden regions: 59->0(76)
[2025-04-14T12:35:08.617+0000][gc,heap     ] GC(67) Survivor regions: 5->4(8)
[2025-04-14T12:35:08.617+0000][gc,heap     ] GC(67) Old regions: 171->173
[2025-04-14T12:35:08.617+0000][gc,heap     ] GC(67) Humongous regions: 147->147
[2025-04-14T12:35:08.617+0000][gc,metaspace] GC(67) Metaspace: 47352K(48000K)->47352K(48000K) NonClass: 42134K(42496K)->42134K(42496K) Class: 5218K(5504K)->5218K(5504K)
[2025-04-14T12:35:08.617+0000][gc          ] GC(67) Pause Young (Normal) (G1 Evacuation Pause) 381M->323M(1024M) 12.774ms
[2025-04-14T12:35:08.617+0000][gc,cpu      ] GC(67) User=0.02s Sys=0.00s Real=0.01s
[2025-04-14T12:39:41.265+0000][gc,start    ] GC(68) Pause Young (Normal) (G1 Evacuation Pause)
[2025-04-14T12:39:41.265+0000][gc,task     ] GC(68) Using 2 workers of 2 for evacuation
[2025-04-14T12:39:41.283+0000][gc,phases   ] GC(68)   Pre Evacuate Collection Set: 0.3ms
[2025-04-14T12:39:41.283+0000][gc,phases   ] GC(68)   Merge Heap Roots: 0.2ms
[2025-04-14T12:39:41.283+0000][gc,phases   ] GC(68)   Evacuate Collection Set: 17.3ms
[2025-04-14T12:39:41.283+0000][gc,phases   ] GC(68)   Post Evacuate Collection Set: 0.5ms
[2025-04-14T12:39:41.283+0000][gc,phases   ] GC(68)   Other: 0.1ms
[2025-04-14T12:39:41.283+0000][gc,heap     ] GC(68) Eden regions: 71->0(43)
[2025-04-14T12:39:41.283+0000][gc,heap     ] GC(68) Survivor regions: 4->8(10)
[2025-04-14T12:39:41.283+0000][gc,heap     ] GC(68) Old regions: 173->173
[2025-04-14T12:39:41.283+0000][gc,heap     ] GC(68) Humongous regions: 147->147
[2025-04-14T12:39:41.283+0000][gc,metaspace] GC(68) Metaspace: 47379K(48000K)->47379K(48000K) NonClass: 42161K(42496K)->42161K(42496K) Class: 5218K(5504K)->5218K(5504K)
[2025-04-14T12:39:41.283+0000][gc          ] GC(68) Pause Young (Normal) (G1 Evacuation Pause) 394M->327M(1024M) 18.581ms
[2025-04-14T12:39:41.283+0000][gc,cpu      ] GC(68) User=0.04s Sys=0.00s Real=0.02s
[2025-04-14T12:42:04.501+0000][gc,start    ] GC(69) Pause Young (Normal) (G1 Evacuation Pause)
[2025-04-14T12:42:04.501+0000][gc,task     ] GC(69) Using 2 workers of 2 for evacuation
[2025-04-14T12:42:04.518+0000][gc,phases   ] GC(69)   Pre Evacuate Collection Set: 0.5ms
[2025-04-14T12:42:04.518+0000][gc,phases   ] GC(69)   Merge Heap Roots: 0.2ms
[2025-04-14T12:42:04.518+0000][gc,phases   ] GC(69)   Evacuate Collection Set: 15.2ms
[2025-04-14T12:42:04.518+0000][gc,phases   ] GC(69)   Post Evacuate Collection Set: 0.4ms
[2025-04-14T12:42:04.518+0000][gc,phases   ] GC(69)   Other: 0.1ms
[2025-04-14T12:42:04.518+0000][gc,heap     ] GC(69) Eden regions: 43->0(76)
[2025-04-14T12:42:04.518+0000][gc,heap     ] GC(69) Survivor regions: 8->4(7)
[2025-04-14T12:42:04.518+0000][gc,heap     ] GC(69) Old regions: 173->179
[2025-04-14T12:42:04.518+0000][gc,heap     ] GC(69) Humongous regions: 147->147
[2025-04-14T12:42:04.518+0000][gc,metaspace] GC(69) Metaspace: 47397K(48000K)->47397K(48000K) NonClass: 42179K(42496K)->42179K(42496K) Class: 5218K(5504K)->5218K(5504K)
[2025-04-14T12:42:04.518+0000][gc          ] GC(69) Pause Young (Normal) (G1 Evacuation Pause) 370M->329M(1024M) 16.566ms
[2025-04-14T12:42:04.518+0000][gc,cpu      ] GC(69) User=0.03s Sys=0.00s Real=0.02s
[2025-04-14T12:46:26.585+0000][gc,start    ] GC(70) Pause Young (Normal) (G1 Evacuation Pause)
[2025-04-14T12:46:26.585+0000][gc,task     ] GC(70) Using 2 workers of 2 for evacuation
[2025-04-14T12:46:26.602+0000][gc,phases   ] GC(70)   Pre Evacuate Collection Set: 0.9ms
[2025-04-14T12:46:26.602+0000][gc,phases   ] GC(70)   Merge Heap Roots: 0.2ms
[2025-04-14T12:46:26.602+0000][gc,phases   ] GC(70)   Evacuate Collection Set: 15.6ms
[2025-04-14T12:46:26.602+0000][gc,phases   ] GC(70)   Post Evacuate Collection Set: 0.6ms
[2025-04-14T12:46:26.602+0000][gc,phases   ] GC(70)   Other: 0.1ms
[2025-04-14T12:46:26.602+0000][gc,heap     ] GC(70) Eden regions: 83->0(43)
[2025-04-14T12:46:26.602+0000][gc,heap     ] GC(70) Survivor regions: 4->8(11)
[2025-04-14T12:46:26.602+0000][gc,heap     ] GC(70) Old regions: 179->179
[2025-04-14T12:46:26.602+0000][gc,heap     ] GC(70) Humongous regions: 147->147
[2025-04-14T12:46:26.602+0000][gc,metaspace] GC(70) Metaspace: 47398K(48064K)->47398K(48064K) NonClass: 42180K(42560K)->42180K(42560K) Class: 5218K(5504K)->5218K(5504K)
[2025-04-14T12:46:26.602+0000][gc          ] GC(70) Pause Young (Normal) (G1 Evacuation Pause) 412M->333M(1024M) 17.664ms
[2025-04-14T12:46:26.602+0000][gc,cpu      ] GC(70) User=0.03s Sys=0.00s Real=0.01s
[2025-04-14T12:48:36.671+0000][gc,start    ] GC(71) Pause Young (Normal) (G1 Evacuation Pause)
[2025-04-14T12:48:36.671+0000][gc,task     ] GC(71) Using 2 workers of 2 for evacuation
[2025-04-14T12:48:36.697+0000][gc,mmu      ] GC(71) MMU target violated: 21.0ms (20.0ms/21.0ms)
[2025-04-14T12:48:36.697+0000][gc,phases   ] GC(71)   Pre Evacuate Collection Set: 0.4ms
[2025-04-14T12:48:36.697+0000][gc,phases   ] GC(71)   Merge Heap Roots: 0.1ms
[2025-04-14T12:48:36.697+0000][gc,phases   ] GC(71)   Evacuate Collection Set: 24.8ms
[2025-04-14T12:48:36.697+0000][gc,phases   ] GC(71)   Post Evacuate Collection Set: 0.7ms
[2025-04-14T12:48:36.697+0000][gc,phases   ] GC(71)   Other: 0.1ms
[2025-04-14T12:48:36.697+0000][gc,heap     ] GC(71) Eden regions: 43->0(52)
[2025-04-14T12:48:36.697+0000][gc,heap     ] GC(71) Survivor regions: 8->5(7)
[2025-04-14T12:48:36.697+0000][gc,heap     ] GC(71) Old regions: 179->187
[2025-04-14T12:48:36.697+0000][gc,heap     ] GC(71) Humongous regions: 147->147
[2025-04-14T12:48:36.697+0000][gc,metaspace] GC(71) Metaspace: 47399K(48064K)->47399K(48064K) NonClass: 42181K(42560K)->42181K(42560K) Class: 5218K(5504K)->5218K(5504K)
[2025-04-14T12:48:36.697+0000][gc          ] GC(71) Pause Young (Normal) (G1 Evacuation Pause) 376M->337M(1024M) 26.275ms
[2025-04-14T12:48:36.697+0000][gc,cpu      ] GC(71) User=0.05s Sys=0.01s Real=0.03s
[2025-04-14T12:51:20.661+0000][gc,start    ] GC(72) Pause Young (Normal) (G1 Evacuation Pause)
[2025-04-14T12:51:20.661+0000][gc,task     ] GC(72) Using 2 workers of 2 for evacuation
[2025-04-14T12:51:20.678+0000][gc,phases   ] GC(72)   Pre Evacuate Collection Set: 0.4ms
[2025-04-14T12:51:20.679+0000][gc,phases   ] GC(72)   Merge Heap Roots: 0.2ms
[2025-04-14T12:51:20.679+0000][gc,phases   ] GC(72)   Evacuate Collection Set: 16.5ms
[2025-04-14T12:51:20.679+0000][gc,phases   ] GC(72)   Post Evacuate Collection Set: 0.7ms
[2025-04-14T12:51:20.679+0000][gc,phases   ] GC(72)   Other: 0.1ms
[2025-04-14T12:51:20.679+0000][gc,heap     ] GC(72) Eden regions: 55->0(45)
[2025-04-14T12:51:20.679+0000][gc,heap     ] GC(72) Survivor regions: 5->6(8)
[2025-04-14T12:51:20.679+0000][gc,heap     ] GC(72) Old regions: 187->190
[2025-04-14T12:51:20.679+0000][gc,heap     ] GC(72) Humongous regions: 147->147
[2025-04-14T12:51:20.679+0000][gc,metaspace] GC(72) Metaspace: 47400K(48064K)->47400K(48064K) NonClass: 42182K(42560K)->42182K(42560K) Class: 5218K(5504K)->5218K(5504K)
[2025-04-14T12:51:20.679+0000][gc          ] GC(72) Pause Young (Normal) (G1 Evacuation Pause) 392M->342M(1024M) 17.969ms
[2025-04-14T12:51:20.679+0000][gc,cpu      ] GC(72) User=0.03s Sys=0.00s Real=0.02s
[2025-04-14T12:53:27.393+0000][gc,start    ] GC(73) Pause Young (Normal) (G1 Evacuation Pause)
[2025-04-14T12:53:27.393+0000][gc,task     ] GC(73) Using 2 workers of 2 for evacuation
[2025-04-14T12:53:27.409+0000][gc,phases   ] GC(73)   Pre Evacuate Collection Set: 0.2ms
[2025-04-14T12:53:27.409+0000][gc,phases   ] GC(73)   Merge Heap Roots: 0.7ms
[2025-04-14T12:53:27.409+0000][gc,phases   ] GC(73)   Evacuate Collection Set: 14.9ms
[2025-04-14T12:53:27.409+0000][gc,phases   ] GC(73)   Post Evacuate Collection Set: 0.6ms
[2025-04-14T12:53:27.409+0000][gc,phases   ] GC(73)   Other: 0.1ms
[2025-04-14T12:53:27.409+0000][gc,heap     ] GC(73) Eden regions: 45->0(53)
[2025-04-14T12:53:27.409+0000][gc,heap     ] GC(73) Survivor regions: 6->5(7)
[2025-04-14T12:53:27.409+0000][gc,heap     ] GC(73) Old regions: 190->194
[2025-04-14T12:53:27.409+0000][gc,heap     ] GC(73) Humongous regions: 147->147
[2025-04-14T12:53:27.409+0000][gc,metaspace] GC(73) Metaspace: 47400K(48064K)->47400K(48064K) NonClass: 42182K(42560K)->42182K(42560K) Class: 5218K(5504K)->5218K(5504K)
[2025-04-14T12:53:27.409+0000][gc          ] GC(73) Pause Young (Normal) (G1 Evacuation Pause) 387M->344M(1024M) 16.686ms
[2025-04-14T12:53:27.409+0000][gc,cpu      ] GC(73) User=0.03s Sys=0.00s Real=0.02s
[2025-04-14T12:56:03.996+0000][gc,start    ] GC(74) Pause Young (Normal) (G1 Evacuation Pause)
[2025-04-14T12:56:03.996+0000][gc,task     ] GC(74) Using 2 workers of 2 for evacuation
[2025-04-14T12:56:04.011+0000][gc,phases   ] GC(74)   Pre Evacuate Collection Set: 0.4ms
[2025-04-14T12:56:04.011+0000][gc,phases   ] GC(74)   Merge Heap Roots: 0.2ms
[2025-04-14T12:56:04.011+0000][gc,phases   ] GC(74)   Evacuate Collection Set: 13.6ms
[2025-04-14T12:56:04.011+0000][gc,phases   ] GC(74)   Post Evacuate Collection Set: 1.2ms
[2025-04-14T12:56:04.011+0000][gc,phases   ] GC(74)   Other: 0.1ms
[2025-04-14T12:56:04.011+0000][gc,heap     ] GC(74) Eden regions: 52->0(43)
[2025-04-14T12:56:04.011+0000][gc,heap     ] GC(74) Survivor regions: 5->8(8)
[2025-04-14T12:56:04.011+0000][gc,heap     ] GC(74) Old regions: 194->194
[2025-04-14T12:56:04.011+0000][gc,heap     ] GC(74) Humongous regions: 147->147
[2025-04-14T12:56:04.011+0000][gc,metaspace] GC(74) Metaspace: 47401K(48064K)->47401K(48064K) NonClass: 42183K(42560K)->42183K(42560K) Class: 5218K(5504K)->5218K(5504K)
[2025-04-14T12:56:04.011+0000][gc          ] GC(74) Pause Young (Normal) (G1 Evacuation Pause) 396M->347M(1024M) 15.772ms
[2025-04-14T12:56:04.011+0000][gc,cpu      ] GC(74) User=0.03s Sys=0.00s Real=0.01s
[2025-04-14T12:58:15.954+0000][gc,start    ] GC(75) Pause Young (Normal) (G1 Evacuation Pause)
[2025-04-14T12:58:15.954+0000][gc,task     ] GC(75) Using 2 workers of 2 for evacuation
[2025-04-14T12:58:15.975+0000][gc,mmu      ] GC(75) MMU target violated: 21.0ms (20.0ms/21.0ms)
[2025-04-14T12:58:15.975+0000][gc,phases   ] GC(75)   Pre Evacuate Collection Set: 0.4ms
[2025-04-14T12:58:15.975+0000][gc,phases   ] GC(75)   Merge Heap Roots: 0.2ms
[2025-04-14T12:58:15.975+0000][gc,phases   ] GC(75)   Evacuate Collection Set: 19.8ms
[2025-04-14T12:58:15.975+0000][gc,phases   ] GC(75)   Post Evacuate Collection Set: 0.7ms
[2025-04-14T12:58:15.975+0000][gc,phases   ] GC(75)   Other: 0.1ms
[2025-04-14T12:58:15.975+0000][gc,heap     ] GC(75) Eden regions: 43->0(45)
[2025-04-14T12:58:15.975+0000][gc,heap     ] GC(75) Survivor regions: 8->6(7)
[2025-04-14T12:58:15.975+0000][gc,heap     ] GC(75) Old regions: 194->200
[2025-04-14T12:58:15.975+0000][gc,heap     ] GC(75) Humongous regions: 147->147
[2025-04-14T12:58:15.975+0000][gc,metaspace] GC(75) Metaspace: 47401K(48064K)->47401K(48064K) NonClass: 42183K(42560K)->42183K(42560K) Class: 5218K(5504K)->5218K(5504K)
[2025-04-14T12:58:15.975+0000][gc          ] GC(75) Pause Young (Normal) (G1 Evacuation Pause) 390M->352M(1024M) 21.356ms
[2025-04-14T12:58:15.975+0000][gc,cpu      ] GC(75) User=0.03s Sys=0.00s Real=0.02s
[2025-04-14T13:00:44.730+0000][gc,start    ] GC(76) Pause Young (Normal) (G1 Evacuation Pause)
[2025-04-14T13:00:44.730+0000][gc,task     ] GC(76) Using 2 workers of 2 for evacuation
[2025-04-14T13:00:44.746+0000][gc,phases   ] GC(76)   Pre Evacuate Collection Set: 0.2ms
[2025-04-14T13:00:44.746+0000][gc,phases   ] GC(76)   Merge Heap Roots: 0.1ms
[2025-04-14T13:00:44.746+0000][gc,phases   ] GC(76)   Evacuate Collection Set: 14.8ms
[2025-04-14T13:00:44.746+0000][gc,phases   ] GC(76)   Post Evacuate Collection Set: 0.7ms
[2025-04-14T13:00:44.746+0000][gc,phases   ] GC(76)   Other: 0.1ms
[2025-04-14T13:00:44.746+0000][gc,heap     ] GC(76) Eden regions: 49->0(61)
[2025-04-14T13:00:44.746+0000][gc,heap     ] GC(76) Survivor regions: 6->5(7)
[2025-04-14T13:00:44.746+0000][gc,heap     ] GC(76) Old regions: 200->203
[2025-04-14T13:00:44.746+0000][gc,heap     ] GC(76) Humongous regions: 147->147
[2025-04-14T13:00:44.746+0000][gc,metaspace] GC(76) Metaspace: 47401K(48064K)->47401K(48064K) NonClass: 42183K(42560K)->42183K(42560K) Class: 5218K(5504K)->5218K(5504K)
[2025-04-14T13:00:44.746+0000][gc          ] GC(76) Pause Young (Normal) (G1 Evacuation Pause) 401M->354M(1024M) 16.085ms
[2025-04-14T13:00:44.746+0000][gc,cpu      ] GC(76) User=0.03s Sys=0.00s Real=0.02s
[2025-04-14T13:03:40.572+0000][gc,start    ] GC(77) Pause Young (Normal) (G1 Evacuation Pause)
[2025-04-14T13:03:40.572+0000][gc,task     ] GC(77) Using 2 workers of 2 for evacuation
[2025-04-14T13:03:40.591+0000][gc,phases   ] GC(77)   Pre Evacuate Collection Set: 0.6ms
[2025-04-14T13:03:40.591+0000][gc,phases   ] GC(77)   Merge Heap Roots: 0.2ms
[2025-04-14T13:03:40.591+0000][gc,phases   ] GC(77)   Evacuate Collection Set: 18.0ms
[2025-04-14T13:03:40.591+0000][gc,phases   ] GC(77)   Post Evacuate Collection Set: 0.6ms
[2025-04-14T13:03:40.591+0000][gc,phases   ] GC(77)   Other: 0.1ms
[2025-04-14T13:03:40.591+0000][gc,heap     ] GC(77) Eden regions: 60->0(45)
[2025-04-14T13:03:40.591+0000][gc,heap     ] GC(77) Survivor regions: 5->6(9)
[2025-04-14T13:03:40.591+0000][gc,heap     ] GC(77) Old regions: 203->207
[2025-04-14T13:03:40.591+0000][gc,heap     ] GC(77) Humongous regions: 147->147
[2025-04-14T13:03:40.591+0000][gc,metaspace] GC(77) Metaspace: 47405K(48064K)->47405K(48064K) NonClass: 42186K(42560K)->42186K(42560K) Class: 5218K(5504K)->5218K(5504K)
[2025-04-14T13:03:40.591+0000][gc          ] GC(77) Pause Young (Normal) (G1 Evacuation Pause) 414M->358M(1024M) 19.750ms
[2025-04-14T13:03:40.591+0000][gc,cpu      ] GC(77) User=0.03s Sys=0.00s Real=0.02s
[2025-04-14T13:05:46.704+0000][gc,start    ] GC(78) Pause Young (Normal) (G1 Evacuation Pause)
[2025-04-14T13:05:46.704+0000][gc,task     ] GC(78) Using 2 workers of 2 for evacuation
[2025-04-14T13:05:46.724+0000][gc,phases   ] GC(78)   Pre Evacuate Collection Set: 0.4ms
[2025-04-14T13:05:46.724+0000][gc,phases   ] GC(78)   Merge Heap Roots: 0.2ms
[2025-04-14T13:05:46.724+0000][gc,phases   ] GC(78)   Evacuate Collection Set: 18.3ms
[2025-04-14T13:05:46.724+0000][gc,phases   ] GC(78)   Post Evacuate Collection Set: 0.7ms
[2025-04-14T13:05:46.724+0000][gc,phases   ] GC(78)   Other: 0.1ms
[2025-04-14T13:05:46.724+0000][gc,heap     ] GC(78) Eden regions: 45->0(51)
[2025-04-14T13:05:46.724+0000][gc,heap     ] GC(78) Survivor regions: 6->5(7)
[2025-04-14T13:05:46.724+0000][gc,heap     ] GC(78) Old regions: 207->211
[2025-04-14T13:05:46.724+0000][gc,heap     ] GC(78) Humongous regions: 147->147
[2025-04-14T13:05:46.724+0000][gc,metaspace] GC(78) Metaspace: 47405K(48064K)->47405K(48064K) NonClass: 42187K(42560K)->42187K(42560K) Class: 5218K(5504K)->5218K(5504K)
[2025-04-14T13:05:46.724+0000][gc          ] GC(78) Pause Young (Normal) (G1 Evacuation Pause) 403M->362M(1024M) 19.914ms
[2025-04-14T13:05:46.724+0000][gc,cpu      ] GC(78) User=0.04s Sys=0.00s Real=0.02s
[2025-04-14T13:08:11.843+0000][gc,start    ] GC(79) Pause Young (Normal) (G1 Evacuation Pause)
[2025-04-14T13:08:11.843+0000][gc,task     ] GC(79) Using 2 workers of 2 for evacuation
[2025-04-14T13:08:11.859+0000][gc,phases   ] GC(79)   Pre Evacuate Collection Set: 0.2ms
[2025-04-14T13:08:11.859+0000][gc,phases   ] GC(79)   Merge Heap Roots: 0.2ms
[2025-04-14T13:08:11.859+0000][gc,phases   ] GC(79)   Evacuate Collection Set: 14.8ms
[2025-04-14T13:08:11.859+0000][gc,phases   ] GC(79)   Post Evacuate Collection Set: 0.5ms
[2025-04-14T13:08:11.859+0000][gc,phases   ] GC(79)   Other: 0.1ms
[2025-04-14T13:08:11.859+0000][gc,heap     ] GC(79) Eden regions: 51->0(45)
[2025-04-14T13:08:11.859+0000][gc,heap     ] GC(79) Survivor regions: 5->6(7)
[2025-04-14T13:08:11.859+0000][gc,heap     ] GC(79) Old regions: 211->214
[2025-04-14T13:08:11.859+0000][gc,heap     ] GC(79) Humongous regions: 147->147
[2025-04-14T13:08:11.859+0000][gc,metaspace] GC(79) Metaspace: 47405K(48064K)->47405K(48064K) NonClass: 42187K(42560K)->42187K(42560K) Class: 5218K(5504K)->5218K(5504K)
[2025-04-14T13:08:11.859+0000][gc          ] GC(79) Pause Young (Normal) (G1 Evacuation Pause) 413M->366M(1024M) 15.969ms
[2025-04-14T13:08:11.859+0000][gc,cpu      ] GC(79) User=0.03s Sys=0.00s Real=0.01s
[2025-04-14T13:10:18.565+0000][gc,start    ] GC(80) Pause Young (Concurrent Start) (G1 Evacuation Pause)
[2025-04-14T13:10:18.565+0000][gc,task     ] GC(80) Using 2 workers of 2 for evacuation
[2025-04-14T13:10:18.588+0000][gc,mmu      ] GC(80) MMU target violated: 21.0ms (20.0ms/21.0ms)
[2025-04-14T13:10:18.588+0000][gc,phases   ] GC(80)   Pre Evacuate Collection Set: 0.4ms
[2025-04-14T13:10:18.588+0000][gc,phases   ] GC(80)   Merge Heap Roots: 0.2ms
[2025-04-14T13:10:18.588+0000][gc,phases   ] GC(80)   Evacuate Collection Set: 21.6ms
[2025-04-14T13:10:18.588+0000][gc,phases   ] GC(80)   Post Evacuate Collection Set: 0.9ms
[2025-04-14T13:10:18.588+0000][gc,phases   ] GC(80)   Other: 0.2ms
[2025-04-14T13:10:18.588+0000][gc,heap     ] GC(80) Eden regions: 45->0(46)
[2025-04-14T13:10:18.588+0000][gc,heap     ] GC(80) Survivor regions: 6->5(7)
[2025-04-14T13:10:18.588+0000][gc,heap     ] GC(80) Old regions: 214->218
[2025-04-14T13:10:18.588+0000][gc,heap     ] GC(80) Humongous regions: 147->147
[2025-04-14T13:10:18.588+0000][gc,metaspace] GC(80) Metaspace: 47405K(48064K)->47405K(48064K) NonClass: 42187K(42560K)->42187K(42560K) Class: 5218K(5504K)->5218K(5504K)
[2025-04-14T13:10:18.588+0000][gc          ] GC(80) Pause Young (Concurrent Start) (G1 Evacuation Pause) 411M->368M(1024M) 23.365ms
[2025-04-14T13:10:18.588+0000][gc          ] GC(81) Concurrent Mark Cycle
[2025-04-14T13:10:18.588+0000][gc,marking  ] GC(81) Concurrent Scan Root Regions
[2025-04-14T13:10:18.588+0000][gc,cpu      ] GC(80) User=0.05s Sys=0.00s Real=0.02s
[2025-04-14T13:10:18.598+0000][gc,marking  ] GC(81) Concurrent Scan Root Regions 9.643ms
[2025-04-14T13:10:18.598+0000][gc,marking  ] GC(81) Concurrent Mark
[2025-04-14T13:10:18.598+0000][gc,marking  ] GC(81) Concurrent Mark From Roots
[2025-04-14T13:10:18.598+0000][gc,task     ] GC(81) Using 1 workers of 1 for marking
[2025-04-14T13:10:18.646+0000][gc,marking  ] GC(81) Concurrent Mark From Roots 48.153ms
[2025-04-14T13:10:18.646+0000][gc,marking  ] GC(81) Concurrent Preclean
[2025-04-14T13:10:18.646+0000][gc,marking  ] GC(81) Concurrent Preclean 0.201ms
[2025-04-14T13:10:18.646+0000][gc,start    ] GC(81) Pause Remark
[2025-04-14T13:10:18.671+0000][gc,mmu      ] GC(81) MMU target violated: 21.0ms (20.0ms/21.0ms)
[2025-04-14T13:10:18.671+0000][gc          ] GC(81) Pause Remark 369M->347M(1024M) 24.546ms
[2025-04-14T13:10:18.671+0000][gc,cpu      ] GC(81) User=0.04s Sys=0.00s Real=0.02s
[2025-04-14T13:10:18.674+0000][gc,marking  ] GC(81) Concurrent Mark 75.885ms
[2025-04-14T13:10:18.674+0000][gc,marking  ] GC(81) Concurrent Rebuild Remembered Sets and Scrub Regions
[2025-04-14T13:10:18.708+0000][gc,marking  ] GC(81) Concurrent Rebuild Remembered Sets and Scrub Regions 34.255ms
[2025-04-14T13:10:18.708+0000][gc,start    ] GC(81) Pause Cleanup
[2025-04-14T13:10:18.708+0000][gc          ] GC(81) Pause Cleanup 347M->347M(1024M) 0.245ms
[2025-04-14T13:10:18.708+0000][gc,cpu      ] GC(81) User=0.00s Sys=0.00s Real=0.00s
[2025-04-14T13:10:18.708+0000][gc,marking  ] GC(81) Concurrent Clear Claimed Marks
[2025-04-14T13:10:18.709+0000][gc,marking  ] GC(81) Concurrent Clear Claimed Marks 0.072ms
[2025-04-14T13:10:18.709+0000][gc,marking  ] GC(81) Concurrent Cleanup for Next Mark
[2025-04-14T13:10:18.711+0000][gc,marking  ] GC(81) Concurrent Cleanup for Next Mark 2.881ms
[2025-04-14T13:10:18.712+0000][gc          ] GC(81) Concurrent Mark Cycle 123.315ms
[2025-04-14T13:12:29.270+0000][gc,start    ] GC(82) Pause Young (Prepare Mixed) (G1 Evacuation Pause)
[2025-04-14T13:12:29.270+0000][gc,task     ] GC(82) Using 2 workers of 2 for evacuation
[2025-04-14T13:12:29.284+0000][gc,phases   ] GC(82)   Pre Evacuate Collection Set: 0.2ms
[2025-04-14T13:12:29.285+0000][gc,phases   ] GC(82)   Merge Heap Roots: 0.3ms
[2025-04-14T13:12:29.285+0000][gc,phases   ] GC(82)   Evacuate Collection Set: 13.3ms
[2025-04-14T13:12:29.285+0000][gc,phases   ] GC(82)   Post Evacuate Collection Set: 0.5ms
[2025-04-14T13:12:29.285+0000][gc,phases   ] GC(82)   Other: 0.1ms
[2025-04-14T13:12:29.285+0000][gc,heap     ] GC(82) Eden regions: 46->0(47)
[2025-04-14T13:12:29.285+0000][gc,heap     ] GC(82) Survivor regions: 5->4(7)
[2025-04-14T13:12:29.285+0000][gc,heap     ] GC(82) Old regions: 196->199
[2025-04-14T13:12:29.285+0000][gc,heap     ] GC(82) Humongous regions: 147->147
[2025-04-14T13:12:29.285+0000][gc,metaspace] GC(82) Metaspace: 47336K(48064K)->47336K(48064K) NonClass: 42135K(42560K)->42135K(42560K) Class: 5200K(5504K)->5200K(5504K)
[2025-04-14T13:12:29.285+0000][gc          ] GC(82) Pause Young (Prepare Mixed) (G1 Evacuation Pause) 392M->349M(1024M) 14.563ms
[2025-04-14T13:12:29.285+0000][gc,cpu      ] GC(82) User=0.03s Sys=0.00s Real=0.02s
[2025-04-14T13:14:19.372+0000][gc,start    ] GC(83) Pause Young (Mixed) (G1 Evacuation Pause)
[2025-04-14T13:14:19.372+0000][gc,task     ] GC(83) Using 2 workers of 2 for evacuation
[2025-04-14T13:14:19.404+0000][gc,mmu      ] GC(83) MMU target violated: 21.0ms (20.0ms/21.0ms)
[2025-04-14T13:14:19.404+0000][gc,phases   ] GC(83)   Pre Evacuate Collection Set: 0.3ms
[2025-04-14T13:14:19.404+0000][gc,phases   ] GC(83)   Merge Heap Roots: 0.2ms
[2025-04-14T13:14:19.404+0000][gc,phases   ] GC(83)   Evacuate Collection Set: 31.3ms
[2025-04-14T13:14:19.404+0000][gc,phases   ] GC(83)   Post Evacuate Collection Set: 0.5ms
[2025-04-14T13:14:19.404+0000][gc,phases   ] GC(83)   Other: 0.1ms
[2025-04-14T13:14:19.404+0000][gc,heap     ] GC(83) Eden regions: 47->0(44)
[2025-04-14T13:14:19.404+0000][gc,heap     ] GC(83) Survivor regions: 4->7(7)
[2025-04-14T13:14:19.404+0000][gc,heap     ] GC(83) Old regions: 199->187
[2025-04-14T13:14:19.404+0000][gc,heap     ] GC(83) Humongous regions: 147->147
[2025-04-14T13:14:19.404+0000][gc,metaspace] GC(83) Metaspace: 47348K(48064K)->47348K(48064K) NonClass: 42148K(42560K)->42148K(42560K) Class: 5200K(5504K)->5200K(5504K)
[2025-04-14T13:14:19.404+0000][gc          ] GC(83) Pause Young (Mixed) (G1 Evacuation Pause) 396M->341M(1024M) 32.652ms
[2025-04-14T13:14:19.405+0000][gc,cpu      ] GC(83) User=0.04s Sys=0.00s Real=0.04s
[2025-04-14T13:14:20.595+0000][gc,start    ] GC(84) Pause Young (Mixed) (G1 Evacuation Pause)
[2025-04-14T13:14:20.595+0000][gc,task     ] GC(84) Using 2 workers of 2 for evacuation
[2025-04-14T13:14:20.615+0000][gc,mmu      ] GC(84) MMU target violated: 20.7ms (20.0ms/21.0ms)
[2025-04-14T13:14:20.615+0000][gc,phases   ] GC(84)   Pre Evacuate Collection Set: 0.3ms
[2025-04-14T13:14:20.615+0000][gc,phases   ] GC(84)   Merge Heap Roots: 0.2ms
[2025-04-14T13:14:20.615+0000][gc,phases   ] GC(84)   Evacuate Collection Set: 19.6ms
[2025-04-14T13:14:20.615+0000][gc,phases   ] GC(84)   Post Evacuate Collection Set: 0.5ms
[2025-04-14T13:14:20.615+0000][gc,phases   ] GC(84)   Other: 0.1ms
[2025-04-14T13:14:20.615+0000][gc,heap     ] GC(84) Eden regions: 44->0(48)
[2025-04-14T13:14:20.615+0000][gc,heap     ] GC(84) Survivor regions: 7->3(7)
[2025-04-14T13:14:20.615+0000][gc,heap     ] GC(84) Old regions: 187->180
[2025-04-14T13:14:20.615+0000][gc,heap     ] GC(84) Humongous regions: 147->147
[2025-04-14T13:14:20.615+0000][gc,metaspace] GC(84) Metaspace: 47348K(48064K)->47348K(48064K) NonClass: 42148K(42560K)->42148K(42560K) Class: 5200K(5504K)->5200K(5504K)
[2025-04-14T13:14:20.616+0000][gc          ] GC(84) Pause Young (Mixed) (G1 Evacuation Pause) 385M->329M(1024M) 20.982ms
[2025-04-14T13:14:20.616+0000][gc,cpu      ] GC(84) User=0.04s Sys=0.00s Real=0.02s
[2025-04-14T13:14:32.314+0000][gc,start    ] GC(85) Pause Young (Mixed) (G1 Evacuation Pause)
[2025-04-14T13:14:32.314+0000][gc,task     ] GC(85) Using 2 workers of 2 for evacuation
[2025-04-14T13:14:32.324+0000][gc,phases   ] GC(85)   Pre Evacuate Collection Set: 0.6ms
[2025-04-14T13:14:32.324+0000][gc,phases   ] GC(85)   Merge Heap Roots: 0.3ms
[2025-04-14T13:14:32.324+0000][gc,phases   ] GC(85)   Evacuate Collection Set: 8.0ms
[2025-04-14T13:14:32.324+0000][gc,phases   ] GC(85)   Post Evacuate Collection Set: 0.5ms
[2025-04-14T13:14:32.324+0000][gc,phases   ] GC(85)   Other: 0.1ms
[2025-04-14T13:14:32.324+0000][gc,heap     ] GC(85) Eden regions: 48->0(47)
[2025-04-14T13:14:32.324+0000][gc,heap     ] GC(85) Survivor regions: 3->4(7)
[2025-04-14T13:14:32.324+0000][gc,heap     ] GC(85) Old regions: 180->166
[2025-04-14T13:14:32.324+0000][gc,heap     ] GC(85) Humongous regions: 147->147
[2025-04-14T13:14:32.324+0000][gc,metaspace] GC(85) Metaspace: 47348K(48064K)->47348K(48064K) NonClass: 42148K(42560K)->42148K(42560K) Class: 5200K(5504K)->5200K(5504K)
[2025-04-14T13:14:32.324+0000][gc          ] GC(85) Pause Young (Mixed) (G1 Evacuation Pause) 377M->316M(1024M) 10.223ms
[2025-04-14T13:14:32.324+0000][gc,cpu      ] GC(85) User=0.02s Sys=0.00s Real=0.01s
[2025-04-14T13:16:38.727+0000][gc,start    ] GC(86) Pause Young (Mixed) (G1 Evacuation Pause)
[2025-04-14T13:16:38.727+0000][gc,task     ] GC(86) Using 2 workers of 2 for evacuation
[2025-04-14T13:16:38.744+0000][gc,phases   ] GC(86)   Pre Evacuate Collection Set: 0.3ms
[2025-04-14T13:16:38.744+0000][gc,phases   ] GC(86)   Merge Heap Roots: 0.2ms
[2025-04-14T13:16:38.744+0000][gc,phases   ] GC(86)   Evacuate Collection Set: 15.9ms
[2025-04-14T13:16:38.744+0000][gc,phases   ] GC(86)   Post Evacuate Collection Set: 0.5ms
[2025-04-14T13:16:38.744+0000][gc,phases   ] GC(86)   Other: 0.1ms
[2025-04-14T13:16:38.744+0000][gc,heap     ] GC(86) Eden regions: 47->0(44)
[2025-04-14T13:16:38.744+0000][gc,heap     ] GC(86) Survivor regions: 4->7(7)
[2025-04-14T13:16:38.744+0000][gc,heap     ] GC(86) Old regions: 166->152
[2025-04-14T13:16:38.744+0000][gc,heap     ] GC(86) Humongous regions: 147->147
[2025-04-14T13:16:38.744+0000][gc,metaspace] GC(86) Metaspace: 47348K(48064K)->47348K(48064K) NonClass: 42148K(42560K)->42148K(42560K) Class: 5200K(5504K)->5200K(5504K)
[2025-04-14T13:16:38.744+0000][gc          ] GC(86) Pause Young (Mixed) (G1 Evacuation Pause) 363M->305M(1024M) 17.428ms
[2025-04-14T13:16:38.744+0000][gc,cpu      ] GC(86) User=0.03s Sys=0.00s Real=0.02s
[2025-04-14T13:18:38.900+0000][gc,start    ] GC(87) Pause Young (Mixed) (G1 Evacuation Pause)
[2025-04-14T13:18:38.900+0000][gc,task     ] GC(87) Using 2 workers of 2 for evacuation
[2025-04-14T13:18:38.919+0000][gc,phases   ] GC(87)   Pre Evacuate Collection Set: 0.4ms
[2025-04-14T13:18:38.919+0000][gc,phases   ] GC(87)   Merge Heap Roots: 0.2ms
[2025-04-14T13:18:38.919+0000][gc,phases   ] GC(87)   Evacuate Collection Set: 17.6ms
[2025-04-14T13:18:38.919+0000][gc,phases   ] GC(87)   Post Evacuate Collection Set: 0.6ms
[2025-04-14T13:18:38.919+0000][gc,phases   ] GC(87)   Other: 0.1ms
[2025-04-14T13:18:38.919+0000][gc,heap     ] GC(87) Eden regions: 44->0(46)
[2025-04-14T13:18:38.919+0000][gc,heap     ] GC(87) Survivor regions: 7->5(7)
[2025-04-14T13:18:38.919+0000][gc,heap     ] GC(87) Old regions: 152->143
[2025-04-14T13:18:38.919+0000][gc,heap     ] GC(87) Humongous regions: 147->147
[2025-04-14T13:18:38.919+0000][gc,metaspace] GC(87) Metaspace: 47352K(48064K)->47352K(48064K) NonClass: 42151K(42560K)->42151K(42560K) Class: 5200K(5504K)->5200K(5504K)
[2025-04-14T13:18:38.919+0000][gc          ] GC(87) Pause Young (Mixed) (G1 Evacuation Pause) 349M->294M(1024M) 19.188ms
[2025-04-14T13:18:38.919+0000][gc,cpu      ] GC(87) User=0.03s Sys=0.00s Real=0.02s
[2025-04-14T13:20:51.704+0000][gc,start    ] GC(88) Pause Young (Mixed) (G1 Evacuation Pause)
[2025-04-14T13:20:51.704+0000][gc,task     ] GC(88) Using 2 workers of 2 for evacuation
[2025-04-14T13:20:51.719+0000][gc,phases   ] GC(88)   Pre Evacuate Collection Set: 0.4ms
[2025-04-14T13:20:51.719+0000][gc,phases   ] GC(88)   Merge Heap Roots: 0.2ms
[2025-04-14T13:20:51.719+0000][gc,phases   ] GC(88)   Evacuate Collection Set: 13.8ms
[2025-04-14T13:20:51.719+0000][gc,phases   ] GC(88)   Post Evacuate Collection Set: 0.6ms
[2025-04-14T13:20:51.719+0000][gc,phases   ] GC(88)   Other: 0.1ms
[2025-04-14T13:20:51.719+0000][gc,heap     ] GC(88) Eden regions: 46->0(46)
[2025-04-14T13:20:51.719+0000][gc,heap     ] GC(88) Survivor regions: 5->5(7)
[2025-04-14T13:20:51.719+0000][gc,heap     ] GC(88) Old regions: 143->131
[2025-04-14T13:20:51.719+0000][gc,heap     ] GC(88) Humongous regions: 147->147
[2025-04-14T13:20:51.719+0000][gc,metaspace] GC(88) Metaspace: 47354K(48064K)->47354K(48064K) NonClass: 42153K(42560K)->42153K(42560K) Class: 5200K(5504K)->5200K(5504K)
[2025-04-14T13:20:51.719+0000][gc          ] GC(88) Pause Young (Mixed) (G1 Evacuation Pause) 340M->282M(1024M) 15.313ms
[2025-04-14T13:20:51.719+0000][gc,cpu      ] GC(88) User=0.03s Sys=0.00s Real=0.01s
[2025-04-14T13:23:06.704+0000][gc,start    ] GC(89) Pause Young (Mixed) (G1 Evacuation Pause)
[2025-04-14T13:23:06.704+0000][gc,task     ] GC(89) Using 2 workers of 2 for evacuation
[2025-04-14T13:23:06.717+0000][gc,phases   ] GC(89)   Pre Evacuate Collection Set: 0.3ms
[2025-04-14T13:23:06.717+0000][gc,phases   ] GC(89)   Merge Heap Roots: 0.2ms
[2025-04-14T13:23:06.717+0000][gc,phases   ] GC(89)   Evacuate Collection Set: 12.1ms
[2025-04-14T13:23:06.717+0000][gc,phases   ] GC(89)   Post Evacuate Collection Set: 0.7ms
[2025-04-14T13:23:06.717+0000][gc,phases   ] GC(89)   Other: 0.1ms
[2025-04-14T13:23:06.717+0000][gc,heap     ] GC(89) Eden regions: 46->0(61)
[2025-04-14T13:23:06.717+0000][gc,heap     ] GC(89) Survivor regions: 5->4(7)
[2025-04-14T13:23:06.717+0000][gc,heap     ] GC(89) Old regions: 131->120
[2025-04-14T13:23:06.717+0000][gc,heap     ] GC(89) Humongous regions: 147->147
[2025-04-14T13:23:06.717+0000][gc,metaspace] GC(89) Metaspace: 47390K(48128K)->47390K(48128K) NonClass: 42189K(42624K)->42189K(42624K) Class: 5200K(5504K)->5200K(5504K)
[2025-04-14T13:23:06.717+0000][gc          ] GC(89) Pause Young (Mixed) (G1 Evacuation Pause) 328M->269M(1024M) 13.650ms
[2025-04-14T13:23:06.717+0000][gc,cpu      ] GC(89) User=0.02s Sys=0.00s Real=0.01s
[2025-04-14T13:26:21.203+0000][gc,start    ] GC(90) Pause Young (Mixed) (G1 Evacuation Pause)
[2025-04-14T13:26:21.203+0000][gc,task     ] GC(90) Using 2 workers of 2 for evacuation
[2025-04-14T13:26:21.221+0000][gc,phases   ] GC(90)   Pre Evacuate Collection Set: 0.4ms
[2025-04-14T13:26:21.221+0000][gc,phases   ] GC(90)   Merge Heap Roots: 0.3ms
[2025-04-14T13:26:21.221+0000][gc,phases   ] GC(90)   Evacuate Collection Set: 16.6ms
[2025-04-14T13:26:21.221+0000][gc,phases   ] GC(90)   Post Evacuate Collection Set: 0.7ms
[2025-04-14T13:26:21.221+0000][gc,phases   ] GC(90)   Other: 0.3ms
[2025-04-14T13:26:21.221+0000][gc,heap     ] GC(90) Eden regions: 64->0(42)
[2025-04-14T13:26:21.221+0000][gc,heap     ] GC(90) Survivor regions: 4->9(9)
[2025-04-14T13:26:21.221+0000][gc,heap     ] GC(90) Old regions: 120->108
[2025-04-14T13:26:21.221+0000][gc,heap     ] GC(90) Humongous regions: 147->147
[2025-04-14T13:26:21.221+0000][gc,metaspace] GC(90) Metaspace: 47393K(48128K)->47393K(48128K) NonClass: 42193K(42624K)->42193K(42624K) Class: 5200K(5504K)->5200K(5504K)
[2025-04-14T13:26:21.221+0000][gc          ] GC(90) Pause Young (Mixed) (G1 Evacuation Pause) 333M->263M(1024M) 18.524ms
[2025-04-14T13:26:21.221+0000][gc,cpu      ] GC(90) User=0.03s Sys=0.00s Real=0.02s
[2025-04-14T13:28:25.661+0000][gc,start    ] GC(91) Pause Young (Normal) (G1 Evacuation Pause)
[2025-04-14T13:28:25.661+0000][gc,task     ] GC(91) Using 2 workers of 2 for evacuation
[2025-04-14T13:28:25.684+0000][gc,mmu      ] GC(91) MMU target violated: 21.0ms (20.0ms/21.0ms)
[2025-04-14T13:28:25.684+0000][gc,phases   ] GC(91)   Pre Evacuate Collection Set: 0.2ms
[2025-04-14T13:28:25.684+0000][gc,phases   ] GC(91)   Merge Heap Roots: 0.2ms
[2025-04-14T13:28:25.684+0000][gc,phases   ] GC(91)   Evacuate Collection Set: 22.0ms
[2025-04-14T13:28:25.684+0000][gc,phases   ] GC(91)   Post Evacuate Collection Set: 0.5ms
[2025-04-14T13:28:25.684+0000][gc,phases   ] GC(91)   Other: 0.1ms
[2025-04-14T13:28:25.684+0000][gc,heap     ] GC(91) Eden regions: 42->0(45)
[2025-04-14T13:28:25.684+0000][gc,heap     ] GC(91) Survivor regions: 9->6(7)
[2025-04-14T13:28:25.684+0000][gc,heap     ] GC(91) Old regions: 108->115
[2025-04-14T13:28:25.684+0000][gc,heap     ] GC(91) Humongous regions: 147->147
[2025-04-14T13:28:25.684+0000][gc,metaspace] GC(91) Metaspace: 47396K(48128K)->47396K(48128K) NonClass: 42195K(42624K)->42195K(42624K) Class: 5200K(5504K)->5200K(5504K)
[2025-04-14T13:28:25.685+0000][gc          ] GC(91) Pause Young (Normal) (G1 Evacuation Pause) 305M->267M(1024M) 23.199ms
[2025-04-14T13:28:25.685+0000][gc,cpu      ] GC(91) User=0.05s Sys=0.00s Real=0.03s
[2025-04-14T13:30:41.704+0000][gc,start    ] GC(92) Pause Young (Normal) (G1 Evacuation Pause)
[2025-04-14T13:30:41.704+0000][gc,task     ] GC(92) Using 2 workers of 2 for evacuation
[2025-04-14T13:30:41.719+0000][gc,phases   ] GC(92)   Pre Evacuate Collection Set: 0.4ms
[2025-04-14T13:30:41.719+0000][gc,phases   ] GC(92)   Merge Heap Roots: 0.2ms
[2025-04-14T13:30:41.719+0000][gc,phases   ] GC(92)   Evacuate Collection Set: 13.8ms
[2025-04-14T13:30:41.719+0000][gc,phases   ] GC(92)   Post Evacuate Collection Set: 0.5ms
[2025-04-14T13:30:41.719+0000][gc,phases   ] GC(92)   Other: 0.1ms
[2025-04-14T13:30:41.719+0000][gc,heap     ] GC(92) Eden regions: 45->0(59)
[2025-04-14T13:30:41.719+0000][gc,heap     ] GC(92) Survivor regions: 6->4(7)
[2025-04-14T13:30:41.719+0000][gc,heap     ] GC(92) Old regions: 115->119
[2025-04-14T13:30:41.719+0000][gc,heap     ] GC(92) Humongous regions: 147->147
[2025-04-14T13:30:41.719+0000][gc,metaspace] GC(92) Metaspace: 47413K(48128K)->47413K(48128K) NonClass: 42212K(42624K)->42212K(42624K) Class: 5200K(5504K)->5200K(5504K)
[2025-04-14T13:30:41.719+0000][gc          ] GC(92) Pause Young (Normal) (G1 Evacuation Pause) 312M->270M(1024M) 15.218ms
[2025-04-14T13:30:41.719+0000][gc,cpu      ] GC(92) User=0.02s Sys=0.00s Real=0.01s
[2025-04-14T13:33:51.724+0000][gc,start    ] GC(93) Pause Young (Normal) (G1 Evacuation Pause)
[2025-04-14T13:33:51.724+0000][gc,task     ] GC(93) Using 2 workers of 2 for evacuation
[2025-04-14T13:33:51.742+0000][gc,phases   ] GC(93)   Pre Evacuate Collection Set: 0.2ms
[2025-04-14T13:33:51.742+0000][gc,phases   ] GC(93)   Merge Heap Roots: 0.2ms
[2025-04-14T13:33:51.742+0000][gc,phases   ] GC(93)   Evacuate Collection Set: 16.9ms
[2025-04-14T13:33:51.742+0000][gc,phases   ] GC(93)   Post Evacuate Collection Set: 0.7ms
[2025-04-14T13:33:51.742+0000][gc,phases   ] GC(93)   Other: 0.1ms
[2025-04-14T13:33:51.742+0000][gc,heap     ] GC(93) Eden regions: 61->0(42)
[2025-04-14T13:33:51.742+0000][gc,heap     ] GC(93) Survivor regions: 4->9(9)
[2025-04-14T13:33:51.742+0000][gc,heap     ] GC(93) Old regions: 119->119
[2025-04-14T13:33:51.742+0000][gc,heap     ] GC(93) Humongous regions: 147->147
[2025-04-14T13:33:51.742+0000][gc,metaspace] GC(93) Metaspace: 47451K(48128K)->47451K(48128K) NonClass: 42242K(42624K)->42242K(42624K) Class: 5208K(5504K)->5208K(5504K)
[2025-04-14T13:33:51.743+0000][gc          ] GC(93) Pause Young (Normal) (G1 Evacuation Pause) 331M->275M(1024M) 18.322ms
[2025-04-14T13:33:51.743+0000][gc,cpu      ] GC(93) User=0.03s Sys=0.00s Real=0.01s
[2025-04-14T13:36:08.198+0000][gc,start    ] GC(94) Pause Young (Normal) (G1 Evacuation Pause)
[2025-04-14T13:36:08.198+0000][gc,task     ] GC(94) Using 2 workers of 2 for evacuation
[2025-04-14T13:36:08.217+0000][gc,phases   ] GC(94)   Pre Evacuate Collection Set: 0.4ms
[2025-04-14T13:36:08.217+0000][gc,phases   ] GC(94)   Merge Heap Roots: 0.2ms
[2025-04-14T13:36:08.217+0000][gc,phases   ] GC(94)   Evacuate Collection Set: 17.7ms
[2025-04-14T13:36:08.217+0000][gc,phases   ] GC(94)   Post Evacuate Collection Set: 0.4ms
[2025-04-14T13:36:08.217+0000][gc,phases   ] GC(94)   Other: 0.1ms
[2025-04-14T13:36:08.217+0000][gc,heap     ] GC(94) Eden regions: 42->0(54)
[2025-04-14T13:36:08.217+0000][gc,heap     ] GC(94) Survivor regions: 9->5(7)
[2025-04-14T13:36:08.217+0000][gc,heap     ] GC(94) Old regions: 119->126
[2025-04-14T13:36:08.217+0000][gc,heap     ] GC(94) Humongous regions: 147->147
[2025-04-14T13:36:08.217+0000][gc,metaspace] GC(94) Metaspace: 47460K(48128K)->47460K(48128K) NonClass: 42248K(42624K)->42248K(42624K) Class: 5212K(5504K)->5212K(5504K)
[2025-04-14T13:36:08.217+0000][gc          ] GC(94) Pause Young (Normal) (G1 Evacuation Pause) 316M->278M(1024M) 19.077ms
[2025-04-14T13:36:08.217+0000][gc,cpu      ] GC(94) User=0.04s Sys=0.00s Real=0.02s
[2025-04-14T13:39:20.799+0000][gc,start    ] GC(95) Pause Young (Normal) (G1 Evacuation Pause)
[2025-04-14T13:39:20.799+0000][gc,task     ] GC(95) Using 2 workers of 2 for evacuation
[2025-04-14T13:39:20.815+0000][gc,phases   ] GC(95)   Pre Evacuate Collection Set: 0.3ms
[2025-04-14T13:39:20.815+0000][gc,phases   ] GC(95)   Merge Heap Roots: 0.2ms
[2025-04-14T13:39:20.815+0000][gc,phases   ] GC(95)   Evacuate Collection Set: 14.9ms
[2025-04-14T13:39:20.815+0000][gc,phases   ] GC(95)   Post Evacuate Collection Set: 0.8ms
[2025-04-14T13:39:20.815+0000][gc,phases   ] GC(95)   Other: 0.1ms
[2025-04-14T13:39:20.815+0000][gc,heap     ] GC(95) Eden regions: 60->0(43)
[2025-04-14T13:39:20.815+0000][gc,heap     ] GC(95) Survivor regions: 5->8(9)
[2025-04-14T13:39:20.815+0000][gc,heap     ] GC(95) Old regions: 126->126
[2025-04-14T13:39:20.815+0000][gc,heap     ] GC(95) Humongous regions: 147->147
[2025-04-14T13:39:20.815+0000][gc,metaspace] GC(95) Metaspace: 47462K(48128K)->47462K(48128K) NonClass: 42250K(42624K)->42250K(42624K) Class: 5212K(5504K)->5212K(5504K)
[2025-04-14T13:39:20.815+0000][gc          ] GC(95) Pause Young (Normal) (G1 Evacuation Pause) 338M->280M(1024M) 16.434ms
[2025-04-14T13:39:20.815+0000][gc,cpu      ] GC(95) User=0.03s Sys=0.00s Real=0.02s
[2025-04-14T13:41:19.620+0000][gc,start    ] GC(96) Pause Young (Normal) (G1 Evacuation Pause)
[2025-04-14T13:41:19.620+0000][gc,task     ] GC(96) Using 2 workers of 2 for evacuation
[2025-04-14T13:41:19.637+0000][gc,phases   ] GC(96)   Pre Evacuate Collection Set: 0.4ms
[2025-04-14T13:41:19.637+0000][gc,phases   ] GC(96)   Merge Heap Roots: 0.2ms
[2025-04-14T13:41:19.637+0000][gc,phases   ] GC(96)   Evacuate Collection Set: 15.7ms
[2025-04-14T13:41:19.637+0000][gc,phases   ] GC(96)   Post Evacuate Collection Set: 0.6ms
[2025-04-14T13:41:19.637+0000][gc,phases   ] GC(96)   Other: 0.1ms
[2025-04-14T13:41:19.637+0000][gc,heap     ] GC(96) Eden regions: 43->0(74)
[2025-04-14T13:41:19.637+0000][gc,heap     ] GC(96) Survivor regions: 8->5(7)
[2025-04-14T13:41:19.637+0000][gc,heap     ] GC(96) Old regions: 126->132
[2025-04-14T13:41:19.637+0000][gc,heap     ] GC(96) Humongous regions: 147->147
[2025-04-14T13:41:19.637+0000][gc,metaspace] GC(96) Metaspace: 47463K(48128K)->47463K(48128K) NonClass: 42251K(42624K)->42251K(42624K) Class: 5212K(5504K)->5212K(5504K)
[2025-04-14T13:41:19.637+0000][gc          ] GC(96) Pause Young (Normal) (G1 Evacuation Pause) 323M->283M(1024M) 17.176ms
[2025-04-14T13:41:19.637+0000][gc,cpu      ] GC(96) User=0.04s Sys=0.00s Real=0.02s
[2025-04-14T13:45:00.060+0000][gc,start    ] GC(97) Pause Young (Normal) (G1 Evacuation Pause)
[2025-04-14T13:45:00.061+0000][gc,task     ] GC(97) Using 2 workers of 2 for evacuation
[2025-04-14T13:45:00.096+0000][gc,mmu      ] GC(97) MMU target violated: 21.0ms (20.0ms/21.0ms)
[2025-04-14T13:45:00.096+0000][gc,phases   ] GC(97)   Pre Evacuate Collection Set: 0.6ms
[2025-04-14T13:45:00.096+0000][gc,phases   ] GC(97)   Merge Heap Roots: 0.1ms
[2025-04-14T13:45:00.096+0000][gc,phases   ] GC(97)   Evacuate Collection Set: 33.1ms
[2025-04-14T13:45:00.096+0000][gc,phases   ] GC(97)   Post Evacuate Collection Set: 1.5ms
[2025-04-14T13:45:00.096+0000][gc,phases   ] GC(97)   Other: 0.2ms
[2025-04-14T13:45:00.096+0000][gc,heap     ] GC(97) Eden regions: 78->0(41)
[2025-04-14T13:45:00.096+0000][gc,heap     ] GC(97) Survivor regions: 5->10(11)
[2025-04-14T13:45:00.096+0000][gc,heap     ] GC(97) Old regions: 132->132
[2025-04-14T13:45:00.096+0000][gc,heap     ] GC(97) Humongous regions: 147->147
[2025-04-14T13:45:00.096+0000][gc,metaspace] GC(97) Metaspace: 47466K(48128K)->47466K(48128K) NonClass: 42254K(42624K)->42254K(42624K) Class: 5212K(5504K)->5212K(5504K)
[2025-04-14T13:45:00.096+0000][gc          ] GC(97) Pause Young (Normal) (G1 Evacuation Pause) 361M->288M(1024M) 35.597ms
[2025-04-14T13:45:00.096+0000][gc,cpu      ] GC(97) User=0.04s Sys=0.00s Real=0.04s
[2025-04-14T13:46:55.609+0000][gc,start    ] GC(98) Pause Young (Normal) (G1 Evacuation Pause)
[2025-04-14T13:46:55.609+0000][gc,task     ] GC(98) Using 2 workers of 2 for evacuation
[2025-04-14T13:46:55.627+0000][gc,phases   ] GC(98)   Pre Evacuate Collection Set: 0.3ms
[2025-04-14T13:46:55.627+0000][gc,phases   ] GC(98)   Merge Heap Roots: 0.2ms
[2025-04-14T13:46:55.627+0000][gc,phases   ] GC(98)   Evacuate Collection Set: 17.1ms
[2025-04-14T13:46:55.627+0000][gc,phases   ] GC(98)   Post Evacuate Collection Set: 0.4ms
[2025-04-14T13:46:55.627+0000][gc,phases   ] GC(98)   Other: 0.1ms
[2025-04-14T13:46:55.627+0000][gc,heap     ] GC(98) Eden regions: 41->0(47)
[2025-04-14T13:46:55.627+0000][gc,heap     ] GC(98) Survivor regions: 10->4(7)
[2025-04-14T13:46:55.627+0000][gc,heap     ] GC(98) Old regions: 132->140
[2025-04-14T13:46:55.627+0000][gc,heap     ] GC(98) Humongous regions: 147->147
[2025-04-14T13:46:55.627+0000][gc,metaspace] GC(98) Metaspace: 47466K(48128K)->47466K(48128K) NonClass: 42254K(42624K)->42254K(42624K) Class: 5212K(5504K)->5212K(5504K)
[2025-04-14T13:46:55.627+0000][gc          ] GC(98) Pause Young (Normal) (G1 Evacuation Pause) 329M->290M(1024M) 18.292ms
[2025-04-14T13:46:55.628+0000][gc,cpu      ] GC(98) User=0.04s Sys=0.00s Real=0.02s
[2025-04-14T13:49:10.536+0000][gc,start    ] GC(99) Pause Young (Normal) (G1 Evacuation Pause)
[2025-04-14T13:49:10.536+0000][gc,task     ] GC(99) Using 2 workers of 2 for evacuation
[2025-04-14T13:49:10.551+0000][gc,phases   ] GC(99)   Pre Evacuate Collection Set: 0.4ms
[2025-04-14T13:49:10.551+0000][gc,phases   ] GC(99)   Merge Heap Roots: 0.2ms
[2025-04-14T13:49:10.551+0000][gc,phases   ] GC(99)   Evacuate Collection Set: 13.7ms
[2025-04-14T13:49:10.551+0000][gc,phases   ] GC(99)   Post Evacuate Collection Set: 0.6ms
[2025-04-14T13:49:10.551+0000][gc,phases   ] GC(99)   Other: 0.1ms
[2025-04-14T13:49:10.551+0000][gc,heap     ] GC(99) Eden regions: 48->0(45)
[2025-04-14T13:49:10.551+0000][gc,heap     ] GC(99) Survivor regions: 4->6(7)
[2025-04-14T13:49:10.551+0000][gc,heap     ] GC(99) Old regions: 140->140
[2025-04-14T13:49:10.551+0000][gc,heap     ] GC(99) Humongous regions: 147->147
[2025-04-14T13:49:10.551+0000][gc,metaspace] GC(99) Metaspace: 47467K(48128K)->47467K(48128K) NonClass: 42255K(42624K)->42255K(42624K) Class: 5212K(5504K)->5212K(5504K)
[2025-04-14T13:49:10.551+0000][gc          ] GC(99) Pause Young (Normal) (G1 Evacuation Pause) 338M->292M(1024M) 15.137ms
[2025-04-14T13:49:10.551+0000][gc,cpu      ] GC(99) User=0.02s Sys=0.00s Real=0.01s
[2025-04-14T13:51:17.257+0000][gc,start    ] GC(100) Pause Young (Normal) (G1 Evacuation Pause)
[2025-04-14T13:51:17.257+0000][gc,task     ] GC(100) Using 2 workers of 2 for evacuation
[2025-04-14T13:51:17.278+0000][gc,mmu      ] GC(100) MMU target violated: 21.0ms (20.0ms/21.0ms)
[2025-04-14T13:51:17.278+0000][gc,phases   ] GC(100)   Pre Evacuate Collection Set: 0.5ms
[2025-04-14T13:51:17.278+0000][gc,phases   ] GC(100)   Merge Heap Roots: 0.2ms
[2025-04-14T13:51:17.278+0000][gc,phases   ] GC(100)   Evacuate Collection Set: 19.8ms
[2025-04-14T13:51:17.278+0000][gc,phases   ] GC(100)   Post Evacuate Collection Set: 0.6ms
[2025-04-14T13:51:17.278+0000][gc,phases   ] GC(100)   Other: 0.2ms
[2025-04-14T13:51:17.278+0000][gc,heap     ] GC(100) Eden regions: 45->0(44)
[2025-04-14T13:51:17.278+0000][gc,heap     ] GC(100) Survivor regions: 6->7(7)
[2025-04-14T13:51:17.278+0000][gc,heap     ] GC(100) Old regions: 140->144
[2025-04-14T13:51:17.278+0000][gc,heap     ] GC(100) Humongous regions: 147->147
[2025-04-14T13:51:17.278+0000][gc,metaspace] GC(100) Metaspace: 47467K(48128K)->47467K(48128K) NonClass: 42255K(42624K)->42255K(42624K) Class: 5212K(5504K)->5212K(5504K)
[2025-04-14T13:51:17.278+0000][gc          ] GC(100) Pause Young (Normal) (G1 Evacuation Pause) 337M->297M(1024M) 21.483ms
[2025-04-14T13:51:17.278+0000][gc,cpu      ] GC(100) User=0.03s Sys=0.00s Real=0.02s
[2025-04-14T13:53:21.029+0000][gc,start    ] GC(101) Pause Young (Normal) (G1 Evacuation Pause)
[2025-04-14T13:53:21.029+0000][gc,task     ] GC(101) Using 2 workers of 2 for evacuation
[2025-04-14T13:53:21.047+0000][gc,phases   ] GC(101)   Pre Evacuate Collection Set: 0.4ms
[2025-04-14T13:53:21.047+0000][gc,phases   ] GC(101)   Merge Heap Roots: 0.2ms
[2025-04-14T13:53:21.047+0000][gc,phases   ] GC(101)   Evacuate Collection Set: 17.1ms
[2025-04-14T13:53:21.047+0000][gc,phases   ] GC(101)   Post Evacuate Collection Set: 0.4ms
[2025-04-14T13:53:21.047+0000][gc,phases   ] GC(101)   Other: 0.1ms
[2025-04-14T13:53:21.047+0000][gc,heap     ] GC(101) Eden regions: 44->0(46)
[2025-04-14T13:53:21.047+0000][gc,heap     ] GC(101) Survivor regions: 7->5(7)
[2025-04-14T13:53:21.047+0000][gc,heap     ] GC(101) Old regions: 144->150
[2025-04-14T13:53:21.047+0000][gc,heap     ] GC(101) Humongous regions: 147->147
[2025-04-14T13:53:21.047+0000][gc,metaspace] GC(101) Metaspace: 47467K(48128K)->47467K(48128K) NonClass: 42255K(42624K)->42255K(42624K) Class: 5212K(5504K)->5212K(5504K)
[2025-04-14T13:53:21.047+0000][gc          ] GC(101) Pause Young (Normal) (G1 Evacuation Pause) 341M->301M(1024M) 18.397ms
[2025-04-14T13:53:21.047+0000][gc,cpu      ] GC(101) User=0.03s Sys=0.00s Real=0.02s
[2025-04-14T13:55:30.585+0000][gc,start    ] GC(102) Pause Young (Normal) (G1 Evacuation Pause)
[2025-04-14T13:55:30.586+0000][gc,task     ] GC(102) Using 2 workers of 2 for evacuation
[2025-04-14T13:55:30.613+0000][gc,mmu      ] GC(102) MMU target violated: 21.0ms (20.0ms/21.0ms)
[2025-04-14T13:55:30.613+0000][gc,phases   ] GC(102)   Pre Evacuate Collection Set: 0.4ms
[2025-04-14T13:55:30.613+0000][gc,phases   ] GC(102)   Merge Heap Roots: 0.1ms
[2025-04-14T13:55:30.613+0000][gc,phases   ] GC(102)   Evacuate Collection Set: 26.4ms
[2025-04-14T13:55:30.613+0000][gc,phases   ] GC(102)   Post Evacuate Collection Set: 0.5ms
[2025-04-14T13:55:30.613+0000][gc,phases   ] GC(102)   Other: 0.1ms
[2025-04-14T13:55:30.613+0000][gc,heap     ] GC(102) Eden regions: 46->0(46)
[2025-04-14T13:55:30.613+0000][gc,heap     ] GC(102) Survivor regions: 5->5(7)
[2025-04-14T13:55:30.613+0000][gc,heap     ] GC(102) Old regions: 150->153
[2025-04-14T13:55:30.613+0000][gc,heap     ] GC(102) Humongous regions: 147->147
[2025-04-14T13:55:30.613+0000][gc,metaspace] GC(102) Metaspace: 47468K(48128K)->47468K(48128K) NonClass: 42256K(42624K)->42256K(42624K) Class: 5212K(5504K)->5212K(5504K)
[2025-04-14T13:55:30.613+0000][gc          ] GC(102) Pause Young (Normal) (G1 Evacuation Pause) 347M->304M(1024M) 27.615ms
[2025-04-14T13:55:30.613+0000][gc,cpu      ] GC(102) User=0.03s Sys=0.00s Real=0.03s
[2025-04-14T13:57:40.482+0000][gc,start    ] GC(103) Pause Young (Normal) (G1 Evacuation Pause)
[2025-04-14T13:57:40.482+0000][gc,task     ] GC(103) Using 2 workers of 2 for evacuation
[2025-04-14T13:57:40.497+0000][gc,phases   ] GC(103)   Pre Evacuate Collection Set: 0.2ms
[2025-04-14T13:57:40.497+0000][gc,phases   ] GC(103)   Merge Heap Roots: 0.2ms
[2025-04-14T13:57:40.497+0000][gc,phases   ] GC(103)   Evacuate Collection Set: 13.8ms
[2025-04-14T13:57:40.497+0000][gc,phases   ] GC(103)   Post Evacuate Collection Set: 0.8ms
[2025-04-14T13:57:40.497+0000][gc,phases   ] GC(103)   Other: 0.1ms
[2025-04-14T13:57:40.497+0000][gc,heap     ] GC(103) Eden regions: 46->0(49)
[2025-04-14T13:57:40.497+0000][gc,heap     ] GC(103) Survivor regions: 5->4(7)
[2025-04-14T13:57:40.497+0000][gc,heap     ] GC(103) Old regions: 153->157
[2025-04-14T13:57:40.497+0000][gc,heap     ] GC(103) Humongous regions: 147->147
[2025-04-14T13:57:40.497+0000][gc,metaspace] GC(103) Metaspace: 47468K(48128K)->47468K(48128K) NonClass: 42256K(42624K)->42256K(42624K) Class: 5212K(5504K)->5212K(5504K)
[2025-04-14T13:57:40.497+0000][gc          ] GC(103) Pause Young (Normal) (G1 Evacuation Pause) 350M->307M(1024M) 15.251ms
[2025-04-14T13:57:40.497+0000][gc,cpu      ] GC(103) User=0.03s Sys=0.00s Real=0.02s
[2025-04-14T14:00:06.704+0000][gc,start    ] GC(104) Pause Young (Normal) (G1 Evacuation Pause)
[2025-04-14T14:00:06.704+0000][gc,task     ] GC(104) Using 2 workers of 2 for evacuation
[2025-04-14T14:00:06.720+0000][gc,phases   ] GC(104)   Pre Evacuate Collection Set: 0.4ms
[2025-04-14T14:00:06.720+0000][gc,phases   ] GC(104)   Merge Heap Roots: 0.2ms
[2025-04-14T14:00:06.720+0000][gc,phases   ] GC(104)   Evacuate Collection Set: 15.3ms
[2025-04-14T14:00:06.720+0000][gc,phases   ] GC(104)   Post Evacuate Collection Set: 0.5ms
[2025-04-14T14:00:06.720+0000][gc,phases   ] GC(104)   Other: 0.1ms
[2025-04-14T14:00:06.720+0000][gc,heap     ] GC(104) Eden regions: 52->0(44)
[2025-04-14T14:00:06.720+0000][gc,heap     ] GC(104) Survivor regions: 4->7(7)
[2025-04-14T14:00:06.720+0000][gc,heap     ] GC(104) Old regions: 157->157
[2025-04-14T14:00:06.720+0000][gc,heap     ] GC(104) Humongous regions: 147->147
[2025-04-14T14:00:06.720+0000][gc,metaspace] GC(104) Metaspace: 47468K(48128K)->47468K(48128K) NonClass: 42256K(42624K)->42256K(42624K) Class: 5212K(5504K)->5212K(5504K)
[2025-04-14T14:00:06.720+0000][gc          ] GC(104) Pause Young (Normal) (G1 Evacuation Pause) 359M->310M(1024M) 16.650ms
[2025-04-14T14:00:06.720+0000][gc,cpu      ] GC(104) User=0.03s Sys=0.00s Real=0.01s
[2025-04-14T14:02:11.441+0000][gc,start    ] GC(105) Pause Young (Normal) (G1 Evacuation Pause)
[2025-04-14T14:02:11.441+0000][gc,task     ] GC(105) Using 2 workers of 2 for evacuation
[2025-04-14T14:02:11.462+0000][gc,mmu      ] GC(105) MMU target violated: 20.2ms (20.0ms/21.0ms)
[2025-04-14T14:02:11.462+0000][gc,phases   ] GC(105)   Pre Evacuate Collection Set: 0.4ms
[2025-04-14T14:02:11.462+0000][gc,phases   ] GC(105)   Merge Heap Roots: 0.2ms
[2025-04-14T14:02:11.462+0000][gc,phases   ] GC(105)   Evacuate Collection Set: 19.2ms
[2025-04-14T14:02:11.462+0000][gc,phases   ] GC(105)   Post Evacuate Collection Set: 0.4ms
[2025-04-14T14:02:11.462+0000][gc,phases   ] GC(105)   Other: 0.1ms
[2025-04-14T14:02:11.462+0000][gc,heap     ] GC(105) Eden regions: 44->0(45)
[2025-04-14T14:02:11.462+0000][gc,heap     ] GC(105) Survivor regions: 7->6(7)
[2025-04-14T14:02:11.462+0000][gc,heap     ] GC(105) Old regions: 157->163
[2025-04-14T14:02:11.462+0000][gc,heap     ] GC(105) Humongous regions: 147->147
[2025-04-14T14:02:11.462+0000][gc,metaspace] GC(105) Metaspace: 47468K(48128K)->47468K(48128K) NonClass: 42256K(42624K)->42256K(42624K) Class: 5212K(5504K)->5212K(5504K)
[2025-04-14T14:02:11.462+0000][gc          ] GC(105) Pause Young (Normal) (G1 Evacuation Pause) 354M->315M(1024M) 20.447ms
[2025-04-14T14:02:11.462+0000][gc,cpu      ] GC(105) User=0.04s Sys=0.00s Real=0.02s
[2025-04-14T14:04:17.584+0000][gc,start    ] GC(106) Pause Young (Normal) (G1 Evacuation Pause)
[2025-04-14T14:04:17.584+0000][gc,task     ] GC(106) Using 2 workers of 2 for evacuation
[2025-04-14T14:04:17.599+0000][gc,phases   ] GC(106)   Pre Evacuate Collection Set: 0.3ms
[2025-04-14T14:04:17.599+0000][gc,phases   ] GC(106)   Merge Heap Roots: 0.1ms
[2025-04-14T14:04:17.599+0000][gc,phases   ] GC(106)   Evacuate Collection Set: 13.6ms
[2025-04-14T14:04:17.599+0000][gc,phases   ] GC(106)   Post Evacuate Collection Set: 0.5ms
[2025-04-14T14:04:17.599+0000][gc,phases   ] GC(106)   Other: 0.1ms
[2025-04-14T14:04:17.599+0000][gc,heap     ] GC(106) Eden regions: 45->0(49)
[2025-04-14T14:04:17.599+0000][gc,heap     ] GC(106) Survivor regions: 6->5(7)
[2025-04-14T14:04:17.599+0000][gc,heap     ] GC(106) Old regions: 163->167
[2025-04-14T14:04:17.599+0000][gc,heap     ] GC(106) Humongous regions: 147->147
[2025-04-14T14:04:17.599+0000][gc,metaspace] GC(106) Metaspace: 47468K(48128K)->47468K(48128K) NonClass: 42256K(42624K)->42256K(42624K) Class: 5212K(5504K)->5212K(5504K)
[2025-04-14T14:04:17.599+0000][gc          ] GC(106) Pause Young (Normal) (G1 Evacuation Pause) 360M->318M(1024M) 14.849ms
[2025-04-14T14:04:17.599+0000][gc,cpu      ] GC(106) User=0.03s Sys=0.00s Real=0.01s
[2025-04-14T14:06:27.700+0000][gc,start    ] GC(107) Pause Young (Normal) (G1 Evacuation Pause)
[2025-04-14T14:06:27.700+0000][gc,task     ] GC(107) Using 2 workers of 2 for evacuation
[2025-04-14T14:06:27.714+0000][gc,phases   ] GC(107)   Pre Evacuate Collection Set: 0.3ms
[2025-04-14T14:06:27.714+0000][gc,phases   ] GC(107)   Merge Heap Roots: 0.2ms
[2025-04-14T14:06:27.714+0000][gc,phases   ] GC(107)   Evacuate Collection Set: 13.1ms
[2025-04-14T14:06:27.714+0000][gc,phases   ] GC(107)   Post Evacuate Collection Set: 0.7ms
[2025-04-14T14:06:27.714+0000][gc,phases   ] GC(107)   Other: 0.1ms
[2025-04-14T14:06:27.714+0000][gc,heap     ] GC(107) Eden regions: 46->0(60)
[2025-04-14T14:06:27.714+0000][gc,heap     ] GC(107) Survivor regions: 5->5(7)
[2025-04-14T14:06:27.714+0000][gc,heap     ] GC(107) Old regions: 167->170
[2025-04-14T14:06:27.714+0000][gc,heap     ] GC(107) Humongous regions: 147->147
[2025-04-14T14:06:27.714+0000][gc,metaspace] GC(107) Metaspace: 47468K(48128K)->47468K(48128K) NonClass: 42256K(42624K)->42256K(42624K) Class: 5212K(5504K)->5212K(5504K)
[2025-04-14T14:06:27.714+0000][gc          ] GC(107) Pause Young (Normal) (G1 Evacuation Pause) 364M->321M(1024M) 14.475ms
[2025-04-14T14:06:27.714+0000][gc,cpu      ] GC(107) User=0.03s Sys=0.00s Real=0.02s
[2025-04-14T14:09:00.336+0000][gc,start    ] GC(108) Pause Young (Normal) (G1 Evacuation Pause)
[2025-04-14T14:09:00.336+0000][gc,task     ] GC(108) Using 2 workers of 2 for evacuation
[2025-04-14T14:09:00.352+0000][gc,phases   ] GC(108)   Pre Evacuate Collection Set: 0.4ms
[2025-04-14T14:09:00.352+0000][gc,phases   ] GC(108)   Merge Heap Roots: 0.2ms
[2025-04-14T14:09:00.352+0000][gc,phases   ] GC(108)   Evacuate Collection Set: 14.9ms
[2025-04-14T14:09:00.352+0000][gc,phases   ] GC(108)   Post Evacuate Collection Set: 0.5ms
[2025-04-14T14:09:00.352+0000][gc,phases   ] GC(108)   Other: 0.1ms
[2025-04-14T14:09:00.352+0000][gc,heap     ] GC(108) Eden regions: 54->0(52)
[2025-04-14T14:09:00.352+0000][gc,heap     ] GC(108) Survivor regions: 5->6(8)
[2025-04-14T14:09:00.352+0000][gc,heap     ] GC(108) Old regions: 170->173
[2025-04-14T14:09:00.352+0000][gc,heap     ] GC(108) Humongous regions: 147->147
[2025-04-14T14:09:00.352+0000][gc,metaspace] GC(108) Metaspace: 47468K(48128K)->47468K(48128K) NonClass: 42256K(42624K)->42256K(42624K) Class: 5212K(5504K)->5212K(5504K)
[2025-04-14T14:09:00.352+0000][gc          ] GC(108) Pause Young (Normal) (G1 Evacuation Pause) 375M->325M(1024M) 16.304ms
[2025-04-14T14:09:00.352+0000][gc,cpu      ] GC(108) User=0.03s Sys=0.00s Real=0.01s
[2025-04-14T14:11:12.797+0000][gc,start    ] GC(109) Pause Young (Normal) (G1 Evacuation Pause)
[2025-04-14T14:11:12.797+0000][gc,task     ] GC(109) Using 2 workers of 2 for evacuation
[2025-04-14T14:11:12.813+0000][gc,phases   ] GC(109)   Pre Evacuate Collection Set: 0.4ms
[2025-04-14T14:11:12.813+0000][gc,phases   ] GC(109)   Merge Heap Roots: 0.9ms
[2025-04-14T14:11:12.813+0000][gc,phases   ] GC(109)   Evacuate Collection Set: 14.1ms
[2025-04-14T14:11:12.813+0000][gc,phases   ] GC(109)   Post Evacuate Collection Set: 0.6ms
[2025-04-14T14:11:12.813+0000][gc,phases   ] GC(109)   Other: 0.1ms
[2025-04-14T14:11:12.813+0000][gc,heap     ] GC(109) Eden regions: 47->0(64)
[2025-04-14T14:11:12.813+0000][gc,heap     ] GC(109) Survivor regions: 6->5(7)
[2025-04-14T14:11:12.813+0000][gc,heap     ] GC(109) Old regions: 173->177
[2025-04-14T14:11:12.813+0000][gc,heap     ] GC(109) Humongous regions: 147->147
[2025-04-14T14:11:12.813+0000][gc,metaspace] GC(109) Metaspace: 47468K(48128K)->47468K(48128K) NonClass: 42256K(42624K)->42256K(42624K) Class: 5212K(5504K)->5212K(5504K)
[2025-04-14T14:11:12.814+0000][gc          ] GC(109) Pause Young (Normal) (G1 Evacuation Pause) 372M->328M(1024M) 16.260ms
[2025-04-14T14:11:12.814+0000][gc,cpu      ] GC(109) User=0.03s Sys=0.00s Real=0.02s
[2025-04-14T14:13:56.636+0000][gc,start    ] GC(110) Pause Young (Normal) (G1 Evacuation Pause)
[2025-04-14T14:13:56.636+0000][gc,task     ] GC(110) Using 2 workers of 2 for evacuation
[2025-04-14T14:13:56.653+0000][gc,phases   ] GC(110)   Pre Evacuate Collection Set: 0.4ms
[2025-04-14T14:13:56.653+0000][gc,phases   ] GC(110)   Merge Heap Roots: 0.2ms
[2025-04-14T14:13:56.653+0000][gc,phases   ] GC(110)   Evacuate Collection Set: 15.9ms
[2025-04-14T14:13:56.653+0000][gc,phases   ] GC(110)   Post Evacuate Collection Set: 0.5ms
[2025-04-14T14:13:56.653+0000][gc,phases   ] GC(110)   Other: 0.1ms
[2025-04-14T14:13:56.653+0000][gc,heap     ] GC(110) Eden regions: 60->0(42)
[2025-04-14T14:13:56.653+0000][gc,heap     ] GC(110) Survivor regions: 5->9(9)
[2025-04-14T14:13:56.653+0000][gc,heap     ] GC(110) Old regions: 177->177
[2025-04-14T14:13:56.653+0000][gc,heap     ] GC(110) Humongous regions: 147->147
[2025-04-14T14:13:56.653+0000][gc,metaspace] GC(110) Metaspace: 47470K(48128K)->47470K(48128K) NonClass: 42258K(42624K)->42258K(42624K) Class: 5212K(5504K)->5212K(5504K)
[2025-04-14T14:13:56.653+0000][gc          ] GC(110) Pause Young (Normal) (G1 Evacuation Pause) 388M->332M(1024M) 17.276ms
[2025-04-14T14:13:56.654+0000][gc,cpu      ] GC(110) User=0.04s Sys=0.00s Real=0.02s
[2025-04-14T14:15:39.507+0000][gc,start    ] GC(111) Pause Young (Normal) (G1 Evacuation Pause)
[2025-04-14T14:15:39.507+0000][gc,task     ] GC(111) Using 2 workers of 2 for evacuation
[2025-04-14T14:15:39.527+0000][gc,phases   ] GC(111)   Pre Evacuate Collection Set: 0.3ms
[2025-04-14T14:15:39.527+0000][gc,phases   ] GC(111)   Merge Heap Roots: 0.2ms
[2025-04-14T14:15:39.527+0000][gc,phases   ] GC(111)   Evacuate Collection Set: 18.6ms
[2025-04-14T14:15:39.527+0000][gc,phases   ] GC(111)   Post Evacuate Collection Set: 0.5ms
[2025-04-14T14:15:39.527+0000][gc,phases   ] GC(111)   Other: 0.1ms
[2025-04-14T14:15:39.527+0000][gc,heap     ] GC(111) Eden regions: 42->0(45)
[2025-04-14T14:15:39.527+0000][gc,heap     ] GC(111) Survivor regions: 9->6(7)
[2025-04-14T14:15:39.527+0000][gc,heap     ] GC(111) Old regions: 177->184
[2025-04-14T14:15:39.527+0000][gc,heap     ] GC(111) Humongous regions: 147->147
[2025-04-14T14:15:39.527+0000][gc,metaspace] GC(111) Metaspace: 47470K(48128K)->47470K(48128K) NonClass: 42258K(42624K)->42258K(42624K) Class: 5212K(5504K)->5212K(5504K)
[2025-04-14T14:15:39.527+0000][gc          ] GC(111) Pause Young (Normal) (G1 Evacuation Pause) 374M->336M(1024M) 19.851ms
[2025-04-14T14:15:39.527+0000][gc,cpu      ] GC(111) User=0.04s Sys=0.00s Real=0.02s
[2025-04-14T14:17:46.454+0000][gc,start    ] GC(112) Pause Young (Normal) (G1 Evacuation Pause)
[2025-04-14T14:17:46.454+0000][gc,task     ] GC(112) Using 2 workers of 2 for evacuation
[2025-04-14T14:17:46.465+0000][gc,phases   ] GC(112)   Pre Evacuate Collection Set: 0.4ms
[2025-04-14T14:17:46.465+0000][gc,phases   ] GC(112)   Merge Heap Roots: 0.2ms
[2025-04-14T14:17:46.465+0000][gc,phases   ] GC(112)   Evacuate Collection Set: 10.1ms
[2025-04-14T14:17:46.465+0000][gc,phases   ] GC(112)   Post Evacuate Collection Set: 0.6ms
[2025-04-14T14:17:46.465+0000][gc,phases   ] GC(112)   Other: 0.1ms
[2025-04-14T14:17:46.465+0000][gc,heap     ] GC(112) Eden regions: 45->0(110)
[2025-04-14T14:17:46.465+0000][gc,heap     ] GC(112) Survivor regions: 6->2(7)
[2025-04-14T14:17:46.465+0000][gc,heap     ] GC(112) Old regions: 184->187
[2025-04-14T14:17:46.465+0000][gc,heap     ] GC(112) Humongous regions: 147->147
[2025-04-14T14:17:46.465+0000][gc,metaspace] GC(112) Metaspace: 47470K(48128K)->47470K(48128K) NonClass: 42258K(42624K)->42258K(42624K) Class: 5212K(5504K)->5212K(5504K)
[2025-04-14T14:17:46.465+0000][gc          ] GC(112) Pause Young (Normal) (G1 Evacuation Pause) 381M->335M(1024M) 11.541ms
[2025-04-14T14:17:46.465+0000][gc,cpu      ] GC(112) User=0.02s Sys=0.00s Real=0.01s
[2025-04-14T14:23:13.668+0000][gc,start    ] GC(113) Pause Young (Normal) (G1 Evacuation Pause)
[2025-04-14T14:23:13.668+0000][gc,task     ] GC(113) Using 2 workers of 2 for evacuation
[2025-04-14T14:23:13.696+0000][gc,mmu      ] GC(113) MMU target violated: 21.0ms (20.0ms/21.0ms)
[2025-04-14T14:23:13.696+0000][gc,phases   ] GC(113)   Pre Evacuate Collection Set: 0.3ms
[2025-04-14T14:23:13.696+0000][gc,phases   ] GC(113)   Merge Heap Roots: 0.1ms
[2025-04-14T14:23:13.696+0000][gc,phases   ] GC(113)   Evacuate Collection Set: 21.7ms
[2025-04-14T14:23:13.696+0000][gc,phases   ] GC(113)   Post Evacuate Collection Set: 5.4ms
[2025-04-14T14:23:13.696+0000][gc,phases   ] GC(113)   Other: 0.1ms
[2025-04-14T14:23:13.696+0000][gc,heap     ] GC(113) Eden regions: 129->0(39)
[2025-04-14T14:23:13.696+0000][gc,heap     ] GC(113) Survivor regions: 2->12(17)
[2025-04-14T14:23:13.696+0000][gc,heap     ] GC(113) Old regions: 187->187
[2025-04-14T14:23:13.696+0000][gc,heap     ] GC(113) Humongous regions: 147->147
[2025-04-14T14:23:13.696+0000][gc,metaspace] GC(113) Metaspace: 47471K(48128K)->47471K(48128K) NonClass: 42259K(42624K)->42259K(42624K) Class: 5212K(5504K)->5212K(5504K)
[2025-04-14T14:23:13.696+0000][gc          ] GC(113) Pause Young (Normal) (G1 Evacuation Pause) 464M->345M(1024M) 27.861ms
[2025-04-14T14:23:13.696+0000][gc,cpu      ] GC(113) User=0.04s Sys=0.00s Real=0.03s
[2025-04-14T14:24:47.847+0000][gc,start    ] GC(114) Pause Young (Normal) (G1 Evacuation Pause)
[2025-04-14T14:24:47.848+0000][gc,task     ] GC(114) Using 2 workers of 2 for evacuation
[2025-04-14T14:24:47.869+0000][gc,mmu      ] GC(114) MMU target violated: 21.0ms (20.0ms/21.0ms)
[2025-04-14T14:24:47.869+0000][gc,phases   ] GC(114)   Pre Evacuate Collection Set: 0.4ms
[2025-04-14T14:24:47.869+0000][gc,phases   ] GC(114)   Merge Heap Roots: 0.2ms
[2025-04-14T14:24:47.869+0000][gc,phases   ] GC(114)   Evacuate Collection Set: 20.4ms
[2025-04-14T14:24:47.869+0000][gc,phases   ] GC(114)   Post Evacuate Collection Set: 0.4ms
[2025-04-14T14:24:47.869+0000][gc,phases   ] GC(114)   Other: 0.1ms
[2025-04-14T14:24:47.869+0000][gc,heap     ] GC(114) Eden regions: 39->0(51)
[2025-04-14T14:24:47.869+0000][gc,heap     ] GC(114) Survivor regions: 12->4(7)
[2025-04-14T14:24:47.869+0000][gc,heap     ] GC(114) Old regions: 187->198
[2025-04-14T14:24:47.869+0000][gc,heap     ] GC(114) Humongous regions: 147->147
[2025-04-14T14:24:47.869+0000][gc,metaspace] GC(114) Metaspace: 47471K(48128K)->47471K(48128K) NonClass: 42259K(42624K)->42259K(42624K) Class: 5212K(5504K)->5212K(5504K)
[2025-04-14T14:24:47.869+0000][gc          ] GC(114) Pause Young (Normal) (G1 Evacuation Pause) 384M->348M(1024M) 21.718ms
[2025-04-14T14:24:47.869+0000][gc,cpu      ] GC(114) User=0.04s Sys=0.00s Real=0.02s
[2025-04-14T14:26:57.639+0000][gc,start    ] GC(115) Pause Young (Normal) (G1 Evacuation Pause)
[2025-04-14T14:26:57.640+0000][gc,task     ] GC(115) Using 2 workers of 2 for evacuation
[2025-04-14T14:26:57.655+0000][gc,phases   ] GC(115)   Pre Evacuate Collection Set: 0.2ms
[2025-04-14T14:26:57.655+0000][gc,phases   ] GC(115)   Merge Heap Roots: 0.1ms
[2025-04-14T14:26:57.655+0000][gc,phases   ] GC(115)   Evacuate Collection Set: 13.9ms
[2025-04-14T14:26:57.655+0000][gc,phases   ] GC(115)   Post Evacuate Collection Set: 0.4ms
[2025-04-14T14:26:57.655+0000][gc,phases   ] GC(115)   Other: 0.2ms
[2025-04-14T14:26:57.655+0000][gc,heap     ] GC(115) Eden regions: 52->0(44)
[2025-04-14T14:26:57.655+0000][gc,heap     ] GC(115) Survivor regions: 4->7(7)
[2025-04-14T14:26:57.655+0000][gc,heap     ] GC(115) Old regions: 198->199
[2025-04-14T14:26:57.655+0000][gc,heap     ] GC(115) Humongous regions: 147->147
[2025-04-14T14:26:57.655+0000][gc,metaspace] GC(115) Metaspace: 47471K(48128K)->47471K(48128K) NonClass: 42259K(42624K)->42259K(42624K) Class: 5212K(5504K)->5212K(5504K)
[2025-04-14T14:26:57.655+0000][gc          ] GC(115) Pause Young (Normal) (G1 Evacuation Pause) 400M->352M(1024M) 16.103ms
[2025-04-14T14:26:57.655+0000][gc,cpu      ] GC(115) User=0.03s Sys=0.00s Real=0.02s
[2025-04-14T14:28:46.554+0000][gc,start    ] GC(116) Pause Young (Normal) (G1 Evacuation Pause)
[2025-04-14T14:28:46.554+0000][gc,task     ] GC(116) Using 2 workers of 2 for evacuation
[2025-04-14T14:28:46.573+0000][gc,phases   ] GC(116)   Pre Evacuate Collection Set: 0.3ms
[2025-04-14T14:28:46.573+0000][gc,phases   ] GC(116)   Merge Heap Roots: 0.1ms
[2025-04-14T14:28:46.573+0000][gc,phases   ] GC(116)   Evacuate Collection Set: 18.3ms
[2025-04-14T14:28:46.573+0000][gc,phases   ] GC(116)   Post Evacuate Collection Set: 0.7ms
[2025-04-14T14:28:46.573+0000][gc,phases   ] GC(116)   Other: 0.1ms
[2025-04-14T14:28:46.573+0000][gc,heap     ] GC(116) Eden regions: 44->0(48)
[2025-04-14T14:28:46.573+0000][gc,heap     ] GC(116) Survivor regions: 7->5(7)
[2025-04-14T14:28:46.573+0000][gc,heap     ] GC(116) Old regions: 199->205
[2025-04-14T14:28:46.573+0000][gc,heap     ] GC(116) Humongous regions: 147->147
[2025-04-14T14:28:46.573+0000][gc,metaspace] GC(116) Metaspace: 47471K(48128K)->47471K(48128K) NonClass: 42259K(42624K)->42259K(42624K) Class: 5212K(5504K)->5212K(5504K)
[2025-04-14T14:28:46.573+0000][gc          ] GC(116) Pause Young (Normal) (G1 Evacuation Pause) 396M->356M(1024M) 19.656ms
[2025-04-14T14:28:46.573+0000][gc,cpu      ] GC(116) User=0.04s Sys=0.00s Real=0.02s
[2025-04-14T14:30:45.531+0000][gc,start    ] GC(117) Pause Young (Normal) (G1 Evacuation Pause)
[2025-04-14T14:30:45.531+0000][gc,task     ] GC(117) Using 2 workers of 2 for evacuation
[2025-04-14T14:30:45.547+0000][gc,phases   ] GC(117)   Pre Evacuate Collection Set: 0.3ms
[2025-04-14T14:30:45.547+0000][gc,phases   ] GC(117)   Merge Heap Roots: 0.1ms
[2025-04-14T14:30:45.547+0000][gc,phases   ] GC(117)   Evacuate Collection Set: 14.5ms
[2025-04-14T14:30:45.547+0000][gc,phases   ] GC(117)   Post Evacuate Collection Set: 0.5ms
[2025-04-14T14:30:45.547+0000][gc,phases   ] GC(117)   Other: 0.1ms
[2025-04-14T14:30:45.547+0000][gc,heap     ] GC(117) Eden regions: 48->0(50)
[2025-04-14T14:30:45.547+0000][gc,heap     ] GC(117) Survivor regions: 5->5(7)
[2025-04-14T14:30:45.547+0000][gc,heap     ] GC(117) Old regions: 205->208
[2025-04-14T14:30:45.547+0000][gc,heap     ] GC(117) Humongous regions: 147->147
[2025-04-14T14:30:45.547+0000][gc,metaspace] GC(117) Metaspace: 47471K(48128K)->47471K(48128K) NonClass: 42259K(42624K)->42259K(42624K) Class: 5212K(5504K)->5212K(5504K)
[2025-04-14T14:30:45.547+0000][gc          ] GC(117) Pause Young (Normal) (G1 Evacuation Pause) 404M->359M(1024M) 16.085ms
[2025-04-14T14:30:45.547+0000][gc,cpu      ] GC(117) User=0.03s Sys=0.00s Real=0.02s
[2025-04-14T14:32:47.351+0000][gc,start    ] GC(118) Pause Young (Normal) (G1 Evacuation Pause)
[2025-04-14T14:32:47.351+0000][gc,task     ] GC(118) Using 2 workers of 2 for evacuation
[2025-04-14T14:32:47.367+0000][gc,phases   ] GC(118)   Pre Evacuate Collection Set: 0.4ms
[2025-04-14T14:32:47.367+0000][gc,phases   ] GC(118)   Merge Heap Roots: 0.2ms
[2025-04-14T14:32:47.367+0000][gc,phases   ] GC(118)   Evacuate Collection Set: 14.7ms
[2025-04-14T14:32:47.367+0000][gc,phases   ] GC(118)   Post Evacuate Collection Set: 0.5ms
[2025-04-14T14:32:47.367+0000][gc,phases   ] GC(118)   Other: 0.1ms
[2025-04-14T14:32:47.367+0000][gc,heap     ] GC(118) Eden regions: 49->0(53)
[2025-04-14T14:32:47.367+0000][gc,heap     ] GC(118) Survivor regions: 5->5(7)
[2025-04-14T14:32:47.367+0000][gc,heap     ] GC(118) Old regions: 208->212
[2025-04-14T14:32:47.367+0000][gc,heap     ] GC(118) Humongous regions: 147->147
[2025-04-14T14:32:47.367+0000][gc,metaspace] GC(118) Metaspace: 47471K(48128K)->47471K(48128K) NonClass: 42259K(42624K)->42259K(42624K) Class: 5212K(5504K)->5212K(5504K)
[2025-04-14T14:32:47.367+0000][gc          ] GC(118) Pause Young (Normal) (G1 Evacuation Pause) 408M->363M(1024M) 16.091ms
[2025-04-14T14:32:47.367+0000][gc,cpu      ] GC(118) User=0.03s Sys=0.00s Real=0.02s
[2025-04-14T14:34:51.497+0000][gc,start    ] GC(119) Pause Young (Normal) (G1 Evacuation Pause)
[2025-04-14T14:34:51.497+0000][gc,task     ] GC(119) Using 2 workers of 2 for evacuation
[2025-04-14T14:34:51.513+0000][gc,phases   ] GC(119)   Pre Evacuate Collection Set: 0.3ms
[2025-04-14T14:34:51.513+0000][gc,phases   ] GC(119)   Merge Heap Roots: 0.2ms
[2025-04-14T14:34:51.513+0000][gc,phases   ] GC(119)   Evacuate Collection Set: 14.5ms
[2025-04-14T14:34:51.513+0000][gc,phases   ] GC(119)   Post Evacuate Collection Set: 0.5ms
[2025-04-14T14:34:51.513+0000][gc,phases   ] GC(119)   Other: 0.2ms
[2025-04-14T14:34:51.513+0000][gc,heap     ] GC(119) Eden regions: 50->0(67)
[2025-04-14T14:34:51.513+0000][gc,heap     ] GC(119) Survivor regions: 5->4(7)
[2025-04-14T14:34:51.513+0000][gc,heap     ] GC(119) Old regions: 212->215
[2025-04-14T14:34:51.513+0000][gc,heap     ] GC(119) Humongous regions: 147->147
[2025-04-14T14:34:51.513+0000][gc,metaspace] GC(119) Metaspace: 47481K(48128K)->47481K(48128K) NonClass: 42269K(42624K)->42269K(42624K) Class: 5212K(5504K)->5212K(5504K)
[2025-04-14T14:34:51.513+0000][gc          ] GC(119) Pause Young (Normal) (G1 Evacuation Pause) 413M->365M(1024M) 15.978ms
[2025-04-14T14:34:51.513+0000][gc,cpu      ] GC(119) User=0.02s Sys=0.00s Real=0.02s
[2025-04-14T14:37:28.800+0000][gc,start    ] GC(120) Pause Young (Normal) (G1 Evacuation Pause)
[2025-04-14T14:37:28.800+0000][gc,task     ] GC(120) Using 2 workers of 2 for evacuation
[2025-04-14T14:37:28.819+0000][gc,phases   ] GC(120)   Pre Evacuate Collection Set: 0.3ms
[2025-04-14T14:37:28.819+0000][gc,phases   ] GC(120)   Merge Heap Roots: 0.2ms
[2025-04-14T14:37:28.819+0000][gc,phases   ] GC(120)   Evacuate Collection Set: 17.5ms
[2025-04-14T14:37:28.819+0000][gc,phases   ] GC(120)   Post Evacuate Collection Set: 0.6ms
[2025-04-14T14:37:28.819+0000][gc,phases   ] GC(120)   Other: 0.1ms
[2025-04-14T14:37:28.819+0000][gc,heap     ] GC(120) Eden regions: 63->0(42)
[2025-04-14T14:37:28.819+0000][gc,heap     ] GC(120) Survivor regions: 4->9(9)
[2025-04-14T14:37:28.819+0000][gc,heap     ] GC(120) Old regions: 215->215
[2025-04-14T14:37:28.819+0000][gc,heap     ] GC(120) Humongous regions: 147->147
[2025-04-14T14:37:28.819+0000][gc,metaspace] GC(120) Metaspace: 47481K(48128K)->47481K(48128K) NonClass: 42269K(42624K)->42269K(42624K) Class: 5212K(5504K)->5212K(5504K)
[2025-04-14T14:37:28.819+0000][gc          ] GC(120) Pause Young (Normal) (G1 Evacuation Pause) 428M->370M(1024M) 18.955ms
[2025-04-14T14:37:28.819+0000][gc,cpu      ] GC(120) User=0.03s Sys=0.00s Real=0.02s
[2025-04-14T14:39:12.012+0000][gc,start    ] GC(121) Pause Young (Normal) (G1 Evacuation Pause)
[2025-04-14T14:39:12.013+0000][gc,task     ] GC(121) Using 2 workers of 2 for evacuation
[2025-04-14T14:39:12.033+0000][gc,mmu      ] GC(121) MMU target violated: 20.7ms (20.0ms/21.0ms)
[2025-04-14T14:39:12.033+0000][gc,phases   ] GC(121)   Pre Evacuate Collection Set: 0.4ms
[2025-04-14T14:39:12.033+0000][gc,phases   ] GC(121)   Merge Heap Roots: 0.2ms
[2025-04-14T14:39:12.033+0000][gc,phases   ] GC(121)   Evacuate Collection Set: 19.6ms
[2025-04-14T14:39:12.033+0000][gc,phases   ] GC(121)   Post Evacuate Collection Set: 0.5ms
[2025-04-14T14:39:12.033+0000][gc,phases   ] GC(121)   Other: 0.1ms
[2025-04-14T14:39:12.033+0000][gc,heap     ] GC(121) Eden regions: 42->0(49)
[2025-04-14T14:39:12.033+0000][gc,heap     ] GC(121) Survivor regions: 9->5(7)
[2025-04-14T14:39:12.033+0000][gc,heap     ] GC(121) Old regions: 215->223
[2025-04-14T14:39:12.033+0000][gc,heap     ] GC(121) Humongous regions: 147->147
[2025-04-14T14:39:12.033+0000][gc,metaspace] GC(121) Metaspace: 47481K(48128K)->47481K(48128K) NonClass: 42269K(42624K)->42269K(42624K) Class: 5212K(5504K)->5212K(5504K)
[2025-04-14T14:39:12.033+0000][gc          ] GC(121) Pause Young (Normal) (G1 Evacuation Pause) 412M->374M(1024M) 20.948ms
[2025-04-14T14:39:12.033+0000][gc,cpu      ] GC(121) User=0.04s Sys=0.00s Real=0.03s
[2025-04-14T14:41:26.703+0000][gc,start    ] GC(122) Pause Young (Normal) (G1 Evacuation Pause)
[2025-04-14T14:41:26.704+0000][gc,task     ] GC(122) Using 2 workers of 2 for evacuation
[2025-04-14T14:41:26.721+0000][gc,phases   ] GC(122)   Pre Evacuate Collection Set: 0.4ms
[2025-04-14T14:41:26.721+0000][gc,phases   ] GC(122)   Merge Heap Roots: 0.1ms
[2025-04-14T14:41:26.721+0000][gc,phases   ] GC(122)   Evacuate Collection Set: 16.1ms
[2025-04-14T14:41:26.721+0000][gc,phases   ] GC(122)   Post Evacuate Collection Set: 0.5ms
[2025-04-14T14:41:26.721+0000][gc,phases   ] GC(122)   Other: 0.1ms
[2025-04-14T14:41:26.721+0000][gc,heap     ] GC(122) Eden regions: 54->0(50)
[2025-04-14T14:41:26.721+0000][gc,heap     ] GC(122) Survivor regions: 5->5(8)
[2025-04-14T14:41:26.721+0000][gc,heap     ] GC(122) Old regions: 223->226
[2025-04-14T14:41:26.721+0000][gc,heap     ] GC(122) Humongous regions: 147->147
[2025-04-14T14:41:26.721+0000][gc,metaspace] GC(122) Metaspace: 47481K(48128K)->47481K(48128K) NonClass: 42269K(42624K)->42269K(42624K) Class: 5212K(5504K)->5212K(5504K)
[2025-04-14T14:41:26.721+0000][gc          ] GC(122) Pause Young (Normal) (G1 Evacuation Pause) 428M->377M(1024M) 17.389ms
[2025-04-14T14:41:26.721+0000][gc,cpu      ] GC(122) User=0.03s Sys=0.00s Real=0.01s
[2025-04-14T14:43:28.012+0000][gc,start    ] GC(123) Pause Young (Normal) (G1 Evacuation Pause)
[2025-04-14T14:43:28.012+0000][gc,task     ] GC(123) Using 2 workers of 2 for evacuation
[2025-04-14T14:43:28.031+0000][gc,phases   ] GC(123)   Pre Evacuate Collection Set: 0.6ms
[2025-04-14T14:43:28.031+0000][gc,phases   ] GC(123)   Merge Heap Roots: 0.2ms
[2025-04-14T14:43:28.031+0000][gc,phases   ] GC(123)   Evacuate Collection Set: 17.0ms
[2025-04-14T14:43:28.031+0000][gc,phases   ] GC(123)   Post Evacuate Collection Set: 0.5ms
[2025-04-14T14:43:28.031+0000][gc,phases   ] GC(123)   Other: 0.1ms
[2025-04-14T14:43:28.031+0000][gc,heap     ] GC(123) Eden regions: 49->0(59)
[2025-04-14T14:43:28.031+0000][gc,heap     ] GC(123) Survivor regions: 5->4(7)
[2025-04-14T14:43:28.031+0000][gc,heap     ] GC(123) Old regions: 226->229
[2025-04-14T14:43:28.031+0000][gc,heap     ] GC(123) Humongous regions: 147->147
[2025-04-14T14:43:28.031+0000][gc,metaspace] GC(123) Metaspace: 47481K(48128K)->47481K(48128K) NonClass: 42269K(42624K)->42269K(42624K) Class: 5212K(5504K)->5212K(5504K)
[2025-04-14T14:43:28.031+0000][gc          ] GC(123) Pause Young (Normal) (G1 Evacuation Pause) 426M->380M(1024M) 18.575ms
[2025-04-14T14:43:28.031+0000][gc,cpu      ] GC(123) User=0.03s Sys=0.00s Real=0.02s
[2025-04-14T14:45:49.562+0000][gc,start    ] GC(124) Pause Young (Normal) (G1 Evacuation Pause)
[2025-04-14T14:45:49.562+0000][gc,task     ] GC(124) Using 2 workers of 2 for evacuation
[2025-04-14T14:45:49.584+0000][gc,mmu      ] GC(124) MMU target violated: 21.0ms (20.0ms/21.0ms)
[2025-04-14T14:45:49.584+0000][gc,phases   ] GC(124)   Pre Evacuate Collection Set: 0.5ms
[2025-04-14T14:45:49.584+0000][gc,phases   ] GC(124)   Merge Heap Roots: 1.0ms
[2025-04-14T14:45:49.584+0000][gc,phases   ] GC(124)   Evacuate Collection Set: 19.4ms
[2025-04-14T14:45:49.584+0000][gc,phases   ] GC(124)   Post Evacuate Collection Set: 0.8ms
[2025-04-14T14:45:49.584+0000][gc,phases   ] GC(124)   Other: 0.1ms
[2025-04-14T14:45:49.584+0000][gc,heap     ] GC(124) Eden regions: 57->0(43)
[2025-04-14T14:45:49.584+0000][gc,heap     ] GC(124) Survivor regions: 4->8(8)
[2025-04-14T14:45:49.584+0000][gc,heap     ] GC(124) Old regions: 229->230
[2025-04-14T14:45:49.584+0000][gc,heap     ] GC(124) Humongous regions: 147->147
[2025-04-14T14:45:49.584+0000][gc,metaspace] GC(124) Metaspace: 47481K(48128K)->47481K(48128K) NonClass: 42269K(42624K)->42269K(42624K) Class: 5212K(5504K)->5212K(5504K)
[2025-04-14T14:45:49.584+0000][gc          ] GC(124) Pause Young (Normal) (G1 Evacuation Pause) 437M->384M(1024M) 22.059ms
[2025-04-14T14:45:49.584+0000][gc,cpu      ] GC(124) User=0.04s Sys=0.00s Real=0.03s
[2025-04-14T14:47:36.439+0000][gc,start    ] GC(125) Pause Young (Normal) (G1 Evacuation Pause)
[2025-04-14T14:47:36.439+0000][gc,task     ] GC(125) Using 2 workers of 2 for evacuation
[2025-04-14T14:47:36.460+0000][gc,mmu      ] GC(125) MMU target violated: 20.8ms (20.0ms/21.0ms)
[2025-04-14T14:47:36.460+0000][gc,phases   ] GC(125)   Pre Evacuate Collection Set: 0.4ms
[2025-04-14T14:47:36.460+0000][gc,phases   ] GC(125)   Merge Heap Roots: 0.2ms
[2025-04-14T14:47:36.460+0000][gc,phases   ] GC(125)   Evacuate Collection Set: 19.5ms
[2025-04-14T14:47:36.460+0000][gc,phases   ] GC(125)   Post Evacuate Collection Set: 0.6ms
[2025-04-14T14:47:36.460+0000][gc,phases   ] GC(125)   Other: 0.1ms
[2025-04-14T14:47:36.460+0000][gc,heap     ] GC(125) Eden regions: 43->0(46)
[2025-04-14T14:47:36.460+0000][gc,heap     ] GC(125) Survivor regions: 8->5(7)
[2025-04-14T14:47:36.460+0000][gc,heap     ] GC(125) Old regions: 230->237
[2025-04-14T14:47:36.460+0000][gc,heap     ] GC(125) Humongous regions: 147->147
[2025-04-14T14:47:36.460+0000][gc,metaspace] GC(125) Metaspace: 47481K(48128K)->47481K(48128K) NonClass: 42269K(42624K)->42269K(42624K) Class: 5212K(5504K)->5212K(5504K)
[2025-04-14T14:47:36.460+0000][gc          ] GC(125) Pause Young (Normal) (G1 Evacuation Pause) 427M->388M(1024M) 21.011ms
[2025-04-14T14:47:36.460+0000][gc,cpu      ] GC(125) User=0.04s Sys=0.00s Real=0.02s
[2025-04-14T14:49:35.622+0000][gc,start    ] GC(126) Pause Young (Normal) (G1 Evacuation Pause)
[2025-04-14T14:49:35.622+0000][gc,task     ] GC(126) Using 2 workers of 2 for evacuation
[2025-04-14T14:49:35.638+0000][gc,phases   ] GC(126)   Pre Evacuate Collection Set: 0.4ms
[2025-04-14T14:49:35.638+0000][gc,phases   ] GC(126)   Merge Heap Roots: 0.1ms
[2025-04-14T14:49:35.638+0000][gc,phases   ] GC(126)   Evacuate Collection Set: 14.6ms
[2025-04-14T14:49:35.638+0000][gc,phases   ] GC(126)   Post Evacuate Collection Set: 0.7ms
[2025-04-14T14:49:35.638+0000][gc,phases   ] GC(126)   Other: 0.1ms
[2025-04-14T14:49:35.638+0000][gc,heap     ] GC(126) Eden regions: 48->0(45)
[2025-04-14T14:49:35.638+0000][gc,heap     ] GC(126) Survivor regions: 5->6(7)
[2025-04-14T14:49:35.638+0000][gc,heap     ] GC(126) Old regions: 237->240
[2025-04-14T14:49:35.638+0000][gc,heap     ] GC(126) Humongous regions: 147->147
[2025-04-14T14:49:35.638+0000][gc,metaspace] GC(126) Metaspace: 47481K(48128K)->47481K(48128K) NonClass: 42269K(42624K)->42269K(42624K) Class: 5212K(5504K)->5212K(5504K)
[2025-04-14T14:49:35.638+0000][gc          ] GC(126) Pause Young (Normal) (G1 Evacuation Pause) 436M->392M(1024M) 16.145ms
[2025-04-14T14:49:35.638+0000][gc,cpu      ] GC(126) User=0.04s Sys=0.00s Real=0.02s
[2025-04-14T14:51:27.497+0000][gc,start    ] GC(127) Pause Young (Normal) (G1 Evacuation Pause)
[2025-04-14T14:51:27.497+0000][gc,task     ] GC(127) Using 2 workers of 2 for evacuation
[2025-04-14T14:51:27.513+0000][gc,phases   ] GC(127)   Pre Evacuate Collection Set: 0.2ms
[2025-04-14T14:51:27.513+0000][gc,phases   ] GC(127)   Merge Heap Roots: 0.2ms
[2025-04-14T14:51:27.513+0000][gc,phases   ] GC(127)   Evacuate Collection Set: 14.4ms
[2025-04-14T14:51:27.513+0000][gc,phases   ] GC(127)   Post Evacuate Collection Set: 0.6ms
[2025-04-14T14:51:27.513+0000][gc,phases   ] GC(127)   Other: 0.2ms
[2025-04-14T14:51:27.513+0000][gc,heap     ] GC(127) Eden regions: 45->0(46)
[2025-04-14T14:51:27.513+0000][gc,heap     ] GC(127) Survivor regions: 6->6(7)
[2025-04-14T14:51:27.513+0000][gc,heap     ] GC(127) Old regions: 240->243
[2025-04-14T14:51:27.513+0000][gc,heap     ] GC(127) Humongous regions: 147->147
[2025-04-14T14:51:27.513+0000][gc,metaspace] GC(127) Metaspace: 47481K(48128K)->47481K(48128K) NonClass: 42269K(42624K)->42269K(42624K) Class: 5212K(5504K)->5212K(5504K)
[2025-04-14T14:51:27.513+0000][gc          ] GC(127) Pause Young (Normal) (G1 Evacuation Pause) 437M->395M(1024M) 15.890ms
[2025-04-14T14:51:27.513+0000][gc,cpu      ] GC(127) User=0.03s Sys=0.00s Real=0.02s
[2025-04-14T14:53:19.341+0000][gc,start    ] GC(128) Pause Young (Normal) (G1 Evacuation Pause)
[2025-04-14T14:53:19.341+0000][gc,task     ] GC(128) Using 2 workers of 2 for evacuation
[2025-04-14T14:53:19.355+0000][gc,phases   ] GC(128)   Pre Evacuate Collection Set: 0.3ms
[2025-04-14T14:53:19.355+0000][gc,phases   ] GC(128)   Merge Heap Roots: 0.2ms
[2025-04-14T14:53:19.355+0000][gc,phases   ] GC(128)   Evacuate Collection Set: 13.0ms
[2025-04-14T14:53:19.355+0000][gc,phases   ] GC(128)   Post Evacuate Collection Set: 0.6ms
[2025-04-14T14:53:19.355+0000][gc,phases   ] GC(128)   Other: 0.1ms
[2025-04-14T14:53:19.355+0000][gc,heap     ] GC(128) Eden regions: 45->0(79)
[2025-04-14T14:53:19.355+0000][gc,heap     ] GC(128) Survivor regions: 6->4(7)
[2025-04-14T14:53:19.355+0000][gc,heap     ] GC(128) Old regions: 243->246
[2025-04-14T14:53:19.355+0000][gc,heap     ] GC(128) Humongous regions: 147->147
[2025-04-14T14:53:19.355+0000][gc,metaspace] GC(128) Metaspace: 47481K(48128K)->47481K(48128K) NonClass: 42269K(42624K)->42269K(42624K) Class: 5212K(5504K)->5212K(5504K)
[2025-04-14T14:53:19.355+0000][gc          ] GC(128) Pause Young (Normal) (G1 Evacuation Pause) 440M->396M(1024M) 14.358ms
[2025-04-14T14:53:19.355+0000][gc,cpu      ] GC(128) User=0.03s Sys=0.00s Real=0.02s
[2025-04-14T14:56:26.308+0000][gc,start    ] GC(129) Pause Young (Normal) (G1 Evacuation Pause)
[2025-04-14T14:56:26.308+0000][gc,task     ] GC(129) Using 2 workers of 2 for evacuation
[2025-04-14T14:56:26.326+0000][gc,phases   ] GC(129)   Pre Evacuate Collection Set: 0.4ms
[2025-04-14T14:56:26.326+0000][gc,phases   ] GC(129)   Merge Heap Roots: 0.2ms
[2025-04-14T14:56:26.326+0000][gc,phases   ] GC(129)   Evacuate Collection Set: 15.9ms
[2025-04-14T14:56:26.326+0000][gc,phases   ] GC(129)   Post Evacuate Collection Set: 0.5ms
[2025-04-14T14:56:26.326+0000][gc,phases   ] GC(129)   Other: 0.1ms
[2025-04-14T14:56:26.326+0000][gc,heap     ] GC(129) Eden regions: 75->0(42)
[2025-04-14T14:56:26.326+0000][gc,heap     ] GC(129) Survivor regions: 4->9(10)
[2025-04-14T14:56:26.326+0000][gc,heap     ] GC(129) Old regions: 246->246
[2025-04-14T14:56:26.326+0000][gc,heap     ] GC(129) Humongous regions: 147->147
[2025-04-14T14:56:26.326+0000][gc,metaspace] GC(129) Metaspace: 47481K(48128K)->47481K(48128K) NonClass: 42269K(42624K)->42269K(42624K) Class: 5212K(5504K)->5212K(5504K)
[2025-04-14T14:56:26.326+0000][gc          ] GC(129) Pause Young (Normal) (G1 Evacuation Pause) 471M->402M(1024M) 17.276ms
[2025-04-14T14:56:26.326+0000][gc,cpu      ] GC(129) User=0.03s Sys=0.00s Real=0.02s
[2025-04-14T14:58:09.505+0000][gc,start    ] GC(130) Pause Young (Normal) (G1 Evacuation Pause)
[2025-04-14T14:58:09.505+0000][gc,task     ] GC(130) Using 2 workers of 2 for evacuation
[2025-04-14T14:58:09.526+0000][gc,mmu      ] GC(130) MMU target violated: 21.0ms (20.0ms/21.0ms)
[2025-04-14T14:58:09.526+0000][gc,phases   ] GC(130)   Pre Evacuate Collection Set: 0.2ms
[2025-04-14T14:58:09.526+0000][gc,phases   ] GC(130)   Merge Heap Roots: 0.2ms
[2025-04-14T14:58:09.526+0000][gc,phases   ] GC(130)   Evacuate Collection Set: 20.5ms
[2025-04-14T14:58:09.526+0000][gc,phases   ] GC(130)   Post Evacuate Collection Set: 0.6ms
[2025-04-14T14:58:09.526+0000][gc,phases   ] GC(130)   Other: 0.2ms
[2025-04-14T14:58:09.526+0000][gc,heap     ] GC(130) Eden regions: 42->0(76)
[2025-04-14T14:58:09.526+0000][gc,heap     ] GC(130) Survivor regions: 9->4(7)
[2025-04-14T14:58:09.526+0000][gc,heap     ] GC(130) Old regions: 246->254
[2025-04-14T14:58:09.526+0000][gc,heap     ] GC(130) Humongous regions: 147->147
[2025-04-14T14:58:09.526+0000][gc,metaspace] GC(130) Metaspace: 47481K(48128K)->47481K(48128K) NonClass: 42269K(42624K)->42269K(42624K) Class: 5212K(5504K)->5212K(5504K)
[2025-04-14T14:58:09.527+0000][gc          ] GC(130) Pause Young (Normal) (G1 Evacuation Pause) 444M->404M(1024M) 21.849ms
[2025-04-14T14:58:09.527+0000][gc,cpu      ] GC(130) User=0.04s Sys=0.00s Real=0.02s
[2025-04-14T15:01:29.376+0000][gc,start    ] GC(131) Pause Young (Normal) (G1 Evacuation Pause)
[2025-04-14T15:01:29.376+0000][gc,task     ] GC(131) Using 2 workers of 2 for evacuation
[2025-04-14T15:01:29.398+0000][gc,mmu      ] GC(131) MMU target violated: 21.0ms (20.0ms/21.0ms)
[2025-04-14T15:01:29.398+0000][gc,phases   ] GC(131)   Pre Evacuate Collection Set: 0.3ms
[2025-04-14T15:01:29.398+0000][gc,phases   ] GC(131)   Merge Heap Roots: 0.5ms
[2025-04-14T15:01:29.398+0000][gc,phases   ] GC(131)   Evacuate Collection Set: 20.1ms
[2025-04-14T15:01:29.398+0000][gc,phases   ] GC(131)   Post Evacuate Collection Set: 0.7ms
[2025-04-14T15:01:29.398+0000][gc,phases   ] GC(131)   Other: 0.1ms
[2025-04-14T15:01:29.398+0000][gc,heap     ] GC(131) Eden regions: 80->0(41)
[2025-04-14T15:01:29.398+0000][gc,heap     ] GC(131) Survivor regions: 4->10(11)
[2025-04-14T15:01:29.398+0000][gc,heap     ] GC(131) Old regions: 254->254
[2025-04-14T15:01:29.398+0000][gc,heap     ] GC(131) Humongous regions: 147->147
[2025-04-14T15:01:29.398+0000][gc,metaspace] GC(131) Metaspace: 47481K(48128K)->47481K(48128K) NonClass: 42269K(42624K)->42269K(42624K) Class: 5212K(5504K)->5212K(5504K)
[2025-04-14T15:01:29.398+0000][gc          ] GC(131) Pause Young (Normal) (G1 Evacuation Pause) 484M->410M(1024M) 21.776ms
[2025-04-14T15:01:29.398+0000][gc,cpu      ] GC(131) User=0.04s Sys=0.00s Real=0.02s
[2025-04-14T15:03:10.669+0000][gc,start    ] GC(132) Pause Young (Normal) (G1 Evacuation Pause)
[2025-04-14T15:03:10.669+0000][gc,task     ] GC(132) Using 2 workers of 2 for evacuation
[2025-04-14T15:03:10.690+0000][gc,mmu      ] GC(132) MMU target violated: 21.0ms (20.0ms/21.0ms)
[2025-04-14T15:03:10.690+0000][gc,phases   ] GC(132)   Pre Evacuate Collection Set: 0.3ms
[2025-04-14T15:03:10.690+0000][gc,phases   ] GC(132)   Merge Heap Roots: 0.1ms
[2025-04-14T15:03:10.690+0000][gc,phases   ] GC(132)   Evacuate Collection Set: 20.6ms
[2025-04-14T15:03:10.690+0000][gc,phases   ] GC(132)   Post Evacuate Collection Set: 0.4ms
[2025-04-14T15:03:10.690+0000][gc,phases   ] GC(132)   Other: 0.2ms
[2025-04-14T15:03:10.690+0000][gc,heap     ] GC(132) Eden regions: 41->0(66)
[2025-04-14T15:03:10.690+0000][gc,heap     ] GC(132) Survivor regions: 10->4(7)
[2025-04-14T15:03:10.690+0000][gc,heap     ] GC(132) Old regions: 254->262
[2025-04-14T15:03:10.690+0000][gc,heap     ] GC(132) Humongous regions: 147->147
[2025-04-14T15:03:10.690+0000][gc,metaspace] GC(132) Metaspace: 47481K(48128K)->47481K(48128K) NonClass: 42269K(42624K)->42269K(42624K) Class: 5212K(5504K)->5212K(5504K)
[2025-04-14T15:03:10.690+0000][gc          ] GC(132) Pause Young (Normal) (G1 Evacuation Pause) 451M->413M(1024M) 21.763ms
[2025-04-14T15:03:10.690+0000][gc,cpu      ] GC(132) User=0.04s Sys=0.00s Real=0.02s
[2025-04-14T15:06:04.392+0000][gc,start    ] GC(133) Pause Young (Normal) (G1 Evacuation Pause)
[2025-04-14T15:06:04.392+0000][gc,task     ] GC(133) Using 2 workers of 2 for evacuation
[2025-04-14T15:06:04.409+0000][gc,phases   ] GC(133)   Pre Evacuate Collection Set: 0.4ms
[2025-04-14T15:06:04.409+0000][gc,phases   ] GC(133)   Merge Heap Roots: 0.2ms
[2025-04-14T15:06:04.409+0000][gc,phases   ] GC(133)   Evacuate Collection Set: 15.8ms
[2025-04-14T15:06:04.409+0000][gc,phases   ] GC(133)   Post Evacuate Collection Set: 0.7ms
[2025-04-14T15:06:04.409+0000][gc,phases   ] GC(133)   Other: 0.1ms
[2025-04-14T15:06:04.409+0000][gc,heap     ] GC(133) Eden regions: 70->0(42)
[2025-04-14T15:06:04.409+0000][gc,heap     ] GC(133) Survivor regions: 4->9(10)
[2025-04-14T15:06:04.409+0000][gc,heap     ] GC(133) Old regions: 262->262
[2025-04-14T15:06:04.409+0000][gc,heap     ] GC(133) Humongous regions: 147->147
[2025-04-14T15:06:04.409+0000][gc,metaspace] GC(133) Metaspace: 47481K(48128K)->47481K(48128K) NonClass: 42269K(42624K)->42269K(42624K) Class: 5212K(5504K)->5212K(5504K)
[2025-04-14T15:06:04.409+0000][gc          ] GC(133) Pause Young (Normal) (G1 Evacuation Pause) 483M->418M(1024M) 17.261ms
[2025-04-14T15:06:04.409+0000][gc,cpu      ] GC(133) User=0.03s Sys=0.00s Real=0.02s
[2025-04-14T15:07:48.224+0000][gc,start    ] GC(134) Pause Young (Normal) (G1 Evacuation Pause)
[2025-04-14T15:07:48.225+0000][gc,task     ] GC(134) Using 2 workers of 2 for evacuation
[2025-04-14T15:07:48.245+0000][gc,mmu      ] GC(134) MMU target violated: 20.9ms (20.0ms/21.0ms)
[2025-04-14T15:07:48.246+0000][gc,phases   ] GC(134)   Pre Evacuate Collection Set: 0.4ms
[2025-04-14T15:07:48.246+0000][gc,phases   ] GC(134)   Merge Heap Roots: 0.1ms
[2025-04-14T15:07:48.246+0000][gc,phases   ] GC(134)   Evacuate Collection Set: 19.8ms
[2025-04-14T15:07:48.246+0000][gc,phases   ] GC(134)   Post Evacuate Collection Set: 0.6ms
[2025-04-14T15:07:48.246+0000][gc,phases   ] GC(134)   Other: 0.1ms
[2025-04-14T15:07:48.246+0000][gc,heap     ] GC(134) Eden regions: 42->0(63)
[2025-04-14T15:07:48.246+0000][gc,heap     ] GC(134) Survivor regions: 9->5(7)
[2025-04-14T15:07:48.246+0000][gc,heap     ] GC(134) Old regions: 262->270
[2025-04-14T15:07:48.246+0000][gc,heap     ] GC(134) Humongous regions: 147->147
[2025-04-14T15:07:48.246+0000][gc,metaspace] GC(134) Metaspace: 47481K(48128K)->47481K(48128K) NonClass: 42269K(42624K)->42269K(42624K) Class: 5212K(5504K)->5212K(5504K)
[2025-04-14T15:07:48.246+0000][gc          ] GC(134) Pause Young (Normal) (G1 Evacuation Pause) 460M->421M(1024M) 21.161ms
[2025-04-14T15:07:48.246+0000][gc,cpu      ] GC(134) User=0.03s Sys=0.00s Real=0.02s
[2025-04-14T15:10:29.961+0000][gc,start    ] GC(135) Pause Young (Normal) (G1 Evacuation Pause)
[2025-04-14T15:10:29.961+0000][gc,task     ] GC(135) Using 2 workers of 2 for evacuation
[2025-04-14T15:10:29.978+0000][gc,phases   ] GC(135)   Pre Evacuate Collection Set: 0.5ms
[2025-04-14T15:10:29.978+0000][gc,phases   ] GC(135)   Merge Heap Roots: 0.1ms
[2025-04-14T15:10:29.978+0000][gc,phases   ] GC(135)   Evacuate Collection Set: 16.0ms
[2025-04-14T15:10:29.978+0000][gc,phases   ] GC(135)   Post Evacuate Collection Set: 0.6ms
[2025-04-14T15:10:29.978+0000][gc,phases   ] GC(135)   Other: 0.1ms
[2025-04-14T15:10:29.978+0000][gc,heap     ] GC(135) Eden regions: 65->0(43)
[2025-04-14T15:10:29.978+0000][gc,heap     ] GC(135) Survivor regions: 5->8(9)
[2025-04-14T15:10:29.978+0000][gc,heap     ] GC(135) Old regions: 270->270
[2025-04-14T15:10:29.978+0000][gc,heap     ] GC(135) Humongous regions: 147->147
[2025-04-14T15:10:29.978+0000][gc,metaspace] GC(135) Metaspace: 47487K(48128K)->47487K(48128K) NonClass: 42275K(42624K)->42275K(42624K) Class: 5212K(5504K)->5212K(5504K)
[2025-04-14T15:10:29.978+0000][gc          ] GC(135) Pause Young (Normal) (G1 Evacuation Pause) 486M->424M(1024M) 17.483ms
[2025-04-14T15:10:29.978+0000][gc,cpu      ] GC(135) User=0.04s Sys=0.00s Real=0.02s
[2025-04-14T15:12:16.112+0000][gc,start    ] GC(136) Pause Young (Normal) (G1 Evacuation Pause)
[2025-04-14T15:12:16.112+0000][gc,task     ] GC(136) Using 2 workers of 2 for evacuation
[2025-04-14T15:12:16.133+0000][gc,mmu      ] GC(136) MMU target violated: 20.9ms (20.0ms/21.0ms)
[2025-04-14T15:12:16.133+0000][gc,phases   ] GC(136)   Pre Evacuate Collection Set: 0.3ms
[2025-04-14T15:12:16.133+0000][gc,phases   ] GC(136)   Merge Heap Roots: 0.1ms
[2025-04-14T15:12:16.133+0000][gc,phases   ] GC(136)   Evacuate Collection Set: 19.8ms
[2025-04-14T15:12:16.133+0000][gc,phases   ] GC(136)   Post Evacuate Collection Set: 0.5ms
[2025-04-14T15:12:16.133+0000][gc,phases   ] GC(136)   Other: 0.2ms
[2025-04-14T15:12:16.133+0000][gc,heap     ] GC(136) Eden regions: 43->0(71)
[2025-04-14T15:12:16.133+0000][gc,heap     ] GC(136) Survivor regions: 8->4(7)
[2025-04-14T15:12:16.133+0000][gc,heap     ] GC(136) Old regions: 270->277
[2025-04-14T15:12:16.133+0000][gc,heap     ] GC(136) Humongous regions: 147->147
[2025-04-14T15:12:16.133+0000][gc,metaspace] GC(136) Metaspace: 47487K(48128K)->47487K(48128K) NonClass: 42275K(42624K)->42275K(42624K) Class: 5212K(5504K)->5212K(5504K)
[2025-04-14T15:12:16.134+0000][gc          ] GC(136) Pause Young (Normal) (G1 Evacuation Pause) 467M->427M(1024M) 21.195ms
[2025-04-14T15:12:16.134+0000][gc,cpu      ] GC(136) User=0.03s Sys=0.01s Real=0.03s
[2025-04-14T15:14:55.772+0000][gc,start    ] GC(137) Pause Young (Normal) (G1 Evacuation Pause)
[2025-04-14T15:14:55.772+0000][gc,task     ] GC(137) Using 2 workers of 2 for evacuation
[2025-04-14T15:14:55.796+0000][gc,mmu      ] GC(137) MMU target violated: 21.0ms (20.0ms/21.0ms)
[2025-04-14T15:14:55.796+0000][gc,phases   ] GC(137)   Pre Evacuate Collection Set: 0.3ms
[2025-04-14T15:14:55.796+0000][gc,phases   ] GC(137)   Merge Heap Roots: 0.3ms
[2025-04-14T15:14:55.796+0000][gc,phases   ] GC(137)   Evacuate Collection Set: 22.3ms
[2025-04-14T15:14:55.796+0000][gc,phases   ] GC(137)   Post Evacuate Collection Set: 0.5ms
[2025-04-14T15:14:55.796+0000][gc,phases   ] GC(137)   Other: 0.1ms
[2025-04-14T15:14:55.796+0000][gc,heap     ] GC(137) Eden regions: 71->0(41)
[2025-04-14T15:14:55.796+0000][gc,heap     ] GC(137) Survivor regions: 4->10(10)
[2025-04-14T15:14:55.796+0000][gc,heap     ] GC(137) Old regions: 277->279
[2025-04-14T15:14:55.796+0000][gc,heap     ] GC(137) Humongous regions: 147->147
[2025-04-14T15:14:55.796+0000][gc,metaspace] GC(137) Metaspace: 47488K(48128K)->47488K(48128K) NonClass: 42276K(42624K)->42276K(42624K) Class: 5212K(5504K)->5212K(5504K)
[2025-04-14T15:14:55.796+0000][gc          ] GC(137) Pause Young (Normal) (G1 Evacuation Pause) 498M->436M(1024M) 23.689ms
[2025-04-14T15:14:55.796+0000][gc,cpu      ] GC(137) User=0.04s Sys=0.00s Real=0.03s
[2025-04-14T15:16:37.948+0000][gc,start    ] GC(138) Pause Young (Normal) (G1 Evacuation Pause)
[2025-04-14T15:16:37.948+0000][gc,task     ] GC(138) Using 2 workers of 2 for evacuation
[2025-04-14T15:16:37.970+0000][gc,mmu      ] GC(138) MMU target violated: 21.0ms (20.0ms/21.0ms)
[2025-04-14T15:16:37.970+0000][gc,phases   ] GC(138)   Pre Evacuate Collection Set: 0.5ms
[2025-04-14T15:16:37.970+0000][gc,phases   ] GC(138)   Merge Heap Roots: 0.4ms
[2025-04-14T15:16:37.970+0000][gc,phases   ] GC(138)   Evacuate Collection Set: 20.4ms
[2025-04-14T15:16:37.970+0000][gc,phases   ] GC(138)   Post Evacuate Collection Set: 0.6ms
[2025-04-14T15:16:37.970+0000][gc,phases   ] GC(138)   Other: 0.1ms
[2025-04-14T15:16:37.970+0000][gc,heap     ] GC(138) Eden regions: 41->0(87)
[2025-04-14T15:16:37.970+0000][gc,heap     ] GC(138) Survivor regions: 10->2(7)
[2025-04-14T15:16:37.970+0000][gc,heap     ] GC(138) Old regions: 279->288
[2025-04-14T15:16:37.970+0000][gc,heap     ] GC(138) Humongous regions: 147->147
[2025-04-14T15:16:37.970+0000][gc,metaspace] GC(138) Metaspace: 47488K(48128K)->47488K(48128K) NonClass: 42276K(42624K)->42276K(42624K) Class: 5212K(5504K)->5212K(5504K)
[2025-04-14T15:16:37.970+0000][gc          ] GC(138) Pause Young (Normal) (G1 Evacuation Pause) 477M->436M(1024M) 22.158ms
[2025-04-14T15:16:37.970+0000][gc,cpu      ] GC(138) User=0.04s Sys=0.00s Real=0.02s
[2025-04-14T15:20:47.453+0000][gc,start    ] GC(139) Pause Young (Normal) (G1 Evacuation Pause)
[2025-04-14T15:20:47.453+0000][gc,task     ] GC(139) Using 2 workers of 2 for evacuation
[2025-04-14T15:20:47.471+0000][gc,phases   ] GC(139)   Pre Evacuate Collection Set: 0.4ms
[2025-04-14T15:20:47.471+0000][gc,phases   ] GC(139)   Merge Heap Roots: 0.1ms
[2025-04-14T15:20:47.471+0000][gc,phases   ] GC(139)   Evacuate Collection Set: 17.2ms
[2025-04-14T15:20:47.471+0000][gc,phases   ] GC(139)   Post Evacuate Collection Set: 0.7ms
[2025-04-14T15:20:47.471+0000][gc,phases   ] GC(139)   Other: 0.1ms
[2025-04-14T15:20:47.471+0000][gc,heap     ] GC(139) Eden regions: 100->0(41)
[2025-04-14T15:20:47.471+0000][gc,heap     ] GC(139) Survivor regions: 2->10(13)
[2025-04-14T15:20:47.471+0000][gc,heap     ] GC(139) Old regions: 288->288
[2025-04-14T15:20:47.471+0000][gc,heap     ] GC(139) Humongous regions: 147->147
[2025-04-14T15:20:47.471+0000][gc,metaspace] GC(139) Metaspace: 47488K(48128K)->47488K(48128K) NonClass: 42276K(42624K)->42276K(42624K) Class: 5212K(5504K)->5212K(5504K)
[2025-04-14T15:20:47.471+0000][gc          ] GC(139) Pause Young (Normal) (G1 Evacuation Pause) 536M->444M(1024M) 18.634ms
[2025-04-14T15:20:47.471+0000][gc,cpu      ] GC(139) User=0.03s Sys=0.00s Real=0.01s
[2025-04-14T15:22:29.546+0000][gc,start    ] GC(140) Pause Young (Normal) (G1 Evacuation Pause)
[2025-04-14T15:22:29.546+0000][gc,task     ] GC(140) Using 2 workers of 2 for evacuation
[2025-04-14T15:22:29.566+0000][gc,phases   ] GC(140)   Pre Evacuate Collection Set: 0.3ms
[2025-04-14T15:22:29.566+0000][gc,phases   ] GC(140)   Merge Heap Roots: 0.1ms
[2025-04-14T15:22:29.566+0000][gc,phases   ] GC(140)   Evacuate Collection Set: 18.5ms
[2025-04-14T15:22:29.566+0000][gc,phases   ] GC(140)   Post Evacuate Collection Set: 0.6ms
[2025-04-14T15:22:29.566+0000][gc,phases   ] GC(140)   Other: 0.1ms
[2025-04-14T15:22:29.566+0000][gc,heap     ] GC(140) Eden regions: 41->0(75)
[2025-04-14T15:22:29.566+0000][gc,heap     ] GC(140) Survivor regions: 10->4(7)
[2025-04-14T15:22:29.566+0000][gc,heap     ] GC(140) Old regions: 288->296
[2025-04-14T15:22:29.566+0000][gc,heap     ] GC(140) Humongous regions: 147->147
[2025-04-14T15:22:29.566+0000][gc,metaspace] GC(140) Metaspace: 47488K(48128K)->47488K(48128K) NonClass: 42276K(42624K)->42276K(42624K) Class: 5212K(5504K)->5212K(5504K)
[2025-04-14T15:22:29.566+0000][gc          ] GC(140) Pause Young (Normal) (G1 Evacuation Pause) 485M->446M(1024M) 19.844ms
[2025-04-14T15:22:29.566+0000][gc,cpu      ] GC(140) User=0.03s Sys=0.00s Real=0.02s
[2025-04-14T15:25:32.435+0000][gc,start    ] GC(141) Pause Young (Normal) (G1 Evacuation Pause)
[2025-04-14T15:25:32.435+0000][gc,task     ] GC(141) Using 2 workers of 2 for evacuation
[2025-04-14T15:25:32.453+0000][gc,phases   ] GC(141)   Pre Evacuate Collection Set: 0.3ms
[2025-04-14T15:25:32.453+0000][gc,phases   ] GC(141)   Merge Heap Roots: 0.1ms
[2025-04-14T15:25:32.453+0000][gc,phases   ] GC(141)   Evacuate Collection Set: 16.8ms
[2025-04-14T15:25:32.453+0000][gc,phases   ] GC(141)   Post Evacuate Collection Set: 0.7ms
[2025-04-14T15:25:32.453+0000][gc,phases   ] GC(141)   Other: 0.1ms
[2025-04-14T15:25:32.453+0000][gc,heap     ] GC(141) Eden regions: 74->0(41)
[2025-04-14T15:25:32.453+0000][gc,heap     ] GC(141) Survivor regions: 4->10(10)
[2025-04-14T15:25:32.453+0000][gc,heap     ] GC(141) Old regions: 296->296
[2025-04-14T15:25:32.453+0000][gc,heap     ] GC(141) Humongous regions: 147->147
[2025-04-14T15:25:32.453+0000][gc,metaspace] GC(141) Metaspace: 47488K(48128K)->47488K(48128K) NonClass: 42276K(42624K)->42276K(42624K) Class: 5212K(5504K)->5212K(5504K)
[2025-04-14T15:25:32.453+0000][gc          ] GC(141) Pause Young (Normal) (G1 Evacuation Pause) 520M->452M(1024M) 18.266ms
[2025-04-14T15:25:32.453+0000][gc,cpu      ] GC(141) User=0.04s Sys=0.00s Real=0.02s
[2025-04-14T15:27:14.106+0000][gc,start    ] GC(142) Pause Young (Normal) (G1 Evacuation Pause)
[2025-04-14T15:27:14.106+0000][gc,task     ] GC(142) Using 2 workers of 2 for evacuation
[2025-04-14T15:27:14.130+0000][gc,mmu      ] GC(142) MMU target violated: 21.0ms (20.0ms/21.0ms)
[2025-04-14T15:27:14.130+0000][gc,phases   ] GC(142)   Pre Evacuate Collection Set: 0.4ms
[2025-04-14T15:27:14.130+0000][gc,phases   ] GC(142)   Merge Heap Roots: 0.2ms
[2025-04-14T15:27:14.130+0000][gc,phases   ] GC(142)   Evacuate Collection Set: 22.6ms
[2025-04-14T15:27:14.130+0000][gc,phases   ] GC(142)   Post Evacuate Collection Set: 0.6ms
[2025-04-14T15:27:14.130+0000][gc,phases   ] GC(142)   Other: 0.2ms
[2025-04-14T15:27:14.130+0000][gc,heap     ] GC(142) Eden regions: 41->0(70)
[2025-04-14T15:27:14.130+0000][gc,heap     ] GC(142) Survivor regions: 10->4(7)
[2025-04-14T15:27:14.130+0000][gc,heap     ] GC(142) Old regions: 296->304
[2025-04-14T15:27:14.130+0000][gc,heap     ] GC(142) Humongous regions: 147->147
[2025-04-14T15:27:14.130+0000][gc,metaspace] GC(142) Metaspace: 47488K(48128K)->47488K(48128K) NonClass: 42276K(42624K)->42276K(42624K) Class: 5212K(5504K)->5212K(5504K)
[2025-04-14T15:27:14.130+0000][gc          ] GC(142) Pause Young (Normal) (G1 Evacuation Pause) 493M->455M(1024M) 24.073ms
[2025-04-14T15:27:14.130+0000][gc,cpu      ] GC(142) User=0.04s Sys=0.00s Real=0.02s
[2025-04-14T15:30:13.585+0000][gc,start    ] GC(143) Pause Young (Normal) (G1 Evacuation Pause)
[2025-04-14T15:30:13.585+0000][gc,task     ] GC(143) Using 2 workers of 2 for evacuation
[2025-04-14T15:30:13.602+0000][gc,phases   ] GC(143)   Pre Evacuate Collection Set: 0.4ms
[2025-04-14T15:30:13.602+0000][gc,phases   ] GC(143)   Merge Heap Roots: 0.2ms
[2025-04-14T15:30:13.602+0000][gc,phases   ] GC(143)   Evacuate Collection Set: 15.9ms
[2025-04-14T15:30:13.602+0000][gc,phases   ] GC(143)   Post Evacuate Collection Set: 0.5ms
[2025-04-14T15:30:13.602+0000][gc,phases   ] GC(143)   Other: 0.1ms
[2025-04-14T15:30:13.602+0000][gc,heap     ] GC(143) Eden regions: 72->0(42)
[2025-04-14T15:30:13.602+0000][gc,heap     ] GC(143) Survivor regions: 4->9(10)
[2025-04-14T15:30:13.602+0000][gc,heap     ] GC(143) Old regions: 304->304
[2025-04-14T15:30:13.602+0000][gc,heap     ] GC(143) Humongous regions: 147->147
[2025-04-14T15:30:13.602+0000][gc,metaspace] GC(143) Metaspace: 47489K(48128K)->47489K(48128K) NonClass: 42277K(42624K)->42277K(42624K) Class: 5212K(5504K)->5212K(5504K)
[2025-04-14T15:30:13.602+0000][gc          ] GC(143) Pause Young (Normal) (G1 Evacuation Pause) 527M->460M(1024M) 17.272ms
[2025-04-14T15:30:13.602+0000][gc,cpu      ] GC(143) User=0.04s Sys=0.00s Real=0.01s
[2025-04-14T15:31:57.783+0000][gc,start    ] GC(144) Pause Young (Normal) (G1 Evacuation Pause)
[2025-04-14T15:31:57.783+0000][gc,task     ] GC(144) Using 2 workers of 2 for evacuation
[2025-04-14T15:31:57.803+0000][gc,mmu      ] GC(144) MMU target violated: 20.7ms (20.0ms/21.0ms)
[2025-04-14T15:31:57.803+0000][gc,phases   ] GC(144)   Pre Evacuate Collection Set: 0.4ms
[2025-04-14T15:31:57.803+0000][gc,phases   ] GC(144)   Merge Heap Roots: 0.1ms
[2025-04-14T15:31:57.803+0000][gc,phases   ] GC(144)   Evacuate Collection Set: 19.7ms
[2025-04-14T15:31:57.803+0000][gc,phases   ] GC(144)   Post Evacuate Collection Set: 0.4ms
[2025-04-14T15:31:57.803+0000][gc,phases   ] GC(144)   Other: 0.1ms
[2025-04-14T15:31:57.803+0000][gc,heap     ] GC(144) Eden regions: 42->0(64)
[2025-04-14T15:31:57.803+0000][gc,heap     ] GC(144) Survivor regions: 9->5(7)
[2025-04-14T15:31:57.804+0000][gc,heap     ] GC(144) Old regions: 304->312
[2025-04-14T15:31:57.804+0000][gc,heap     ] GC(144) Humongous regions: 147->147
[2025-04-14T15:31:57.804+0000][gc,metaspace] GC(144) Metaspace: 47489K(48128K)->47489K(48128K) NonClass: 42277K(42624K)->42277K(42624K) Class: 5212K(5504K)->5212K(5504K)
[2025-04-14T15:31:57.804+0000][gc          ] GC(144) Pause Young (Normal) (G1 Evacuation Pause) 502M->462M(1024M) 20.921ms
[2025-04-14T15:31:57.804+0000][gc,cpu      ] GC(144) User=0.04s Sys=0.00s Real=0.03s
[2025-04-14T15:34:39.260+0000][gc,start    ] GC(145) Pause Young (Normal) (G1 Evacuation Pause)
[2025-04-14T15:34:39.260+0000][gc,task     ] GC(145) Using 2 workers of 2 for evacuation
[2025-04-14T15:34:39.278+0000][gc,phases   ] GC(145)   Pre Evacuate Collection Set: 0.3ms
[2025-04-14T15:34:39.279+0000][gc,phases   ] GC(145)   Merge Heap Roots: 0.2ms
[2025-04-14T15:34:39.279+0000][gc,phases   ] GC(145)   Evacuate Collection Set: 17.5ms
[2025-04-14T15:34:39.279+0000][gc,phases   ] GC(145)   Post Evacuate Collection Set: 0.7ms
[2025-04-14T15:34:39.279+0000][gc,phases   ] GC(145)   Other: 0.1ms
[2025-04-14T15:34:39.279+0000][gc,heap     ] GC(145) Eden regions: 65->0(42)
[2025-04-14T15:34:39.279+0000][gc,heap     ] GC(145) Survivor regions: 5->9(9)
[2025-04-14T15:34:39.279+0000][gc,heap     ] GC(145) Old regions: 312->312
[2025-04-14T15:34:39.279+0000][gc,heap     ] GC(145) Humongous regions: 147->147
[2025-04-14T15:34:39.279+0000][gc,metaspace] GC(145) Metaspace: 47489K(48128K)->47489K(48128K) NonClass: 42277K(42624K)->42277K(42624K) Class: 5212K(5504K)->5212K(5504K)
[2025-04-14T15:34:39.279+0000][gc          ] GC(145) Pause Young (Normal) (G1 Evacuation Pause) 527M->466M(1024M) 18.881ms
[2025-04-14T15:34:39.279+0000][gc,cpu      ] GC(145) User=0.03s Sys=0.00s Real=0.02s
[2025-04-14T15:36:23.038+0000][gc,start    ] GC(146) Pause Young (Normal) (G1 Evacuation Pause)
[2025-04-14T15:36:23.038+0000][gc,task     ] GC(146) Using 2 workers of 2 for evacuation
[2025-04-14T15:36:23.057+0000][gc,phases   ] GC(146)   Pre Evacuate Collection Set: 0.3ms
[2025-04-14T15:36:23.057+0000][gc,phases   ] GC(146)   Merge Heap Roots: 0.1ms
[2025-04-14T15:36:23.057+0000][gc,phases   ] GC(146)   Evacuate Collection Set: 17.4ms
[2025-04-14T15:36:23.057+0000][gc,phases   ] GC(146)   Post Evacuate Collection Set: 0.6ms
[2025-04-14T15:36:23.057+0000][gc,phases   ] GC(146)   Other: 0.1ms
[2025-04-14T15:36:23.057+0000][gc,heap     ] GC(146) Eden regions: 42->0(87)
[2025-04-14T15:36:23.057+0000][gc,heap     ] GC(146) Survivor regions: 9->4(7)
[2025-04-14T15:36:23.057+0000][gc,heap     ] GC(146) Old regions: 312->319
[2025-04-14T15:36:23.057+0000][gc,heap     ] GC(146) Humongous regions: 147->147
[2025-04-14T15:36:23.057+0000][gc,metaspace] GC(146) Metaspace: 47489K(48128K)->47489K(48128K) NonClass: 42277K(42624K)->42277K(42624K) Class: 5212K(5504K)->5212K(5504K)
[2025-04-14T15:36:23.057+0000][gc          ] GC(146) Pause Young (Normal) (G1 Evacuation Pause) 508M->470M(1024M) 18.706ms
[2025-04-14T15:36:23.057+0000][gc,cpu      ] GC(146) User=0.03s Sys=0.00s Real=0.02s
[2025-04-14T15:40:00.187+0000][gc,start    ] GC(147) Pause Young (Normal) (G1 Evacuation Pause)
[2025-04-14T15:40:00.187+0000][gc,task     ] GC(147) Using 2 workers of 2 for evacuation
[2025-04-14T15:40:00.205+0000][gc,phases   ] GC(147)   Pre Evacuate Collection Set: 0.5ms
[2025-04-14T15:40:00.205+0000][gc,phases   ] GC(147)   Merge Heap Roots: 0.2ms
[2025-04-14T15:40:00.205+0000][gc,phases   ] GC(147)   Evacuate Collection Set: 16.6ms
[2025-04-14T15:40:00.205+0000][gc,phases   ] GC(147)   Post Evacuate Collection Set: 0.7ms
[2025-04-14T15:40:00.205+0000][gc,phases   ] GC(147)   Other: 0.1ms
[2025-04-14T15:40:00.205+0000][gc,heap     ] GC(147) Eden regions: 87->0(42)
[2025-04-14T15:40:00.205+0000][gc,heap     ] GC(147) Survivor regions: 4->9(12)
[2025-04-14T15:40:00.205+0000][gc,heap     ] GC(147) Old regions: 319->319
[2025-04-14T15:40:00.205+0000][gc,heap     ] GC(147) Humongous regions: 147->147
[2025-04-14T15:40:00.205+0000][gc,metaspace] GC(147) Metaspace: 47494K(48128K)->47494K(48128K) NonClass: 42282K(42624K)->42282K(42624K) Class: 5212K(5504K)->5212K(5504K)
[2025-04-14T15:40:00.205+0000][gc          ] GC(147) Pause Young (Normal) (G1 Evacuation Pause) 557M->475M(1024M) 18.179ms
[2025-04-14T15:40:00.206+0000][gc,cpu      ] GC(147) User=0.03s Sys=0.00s Real=0.02s
[2025-04-14T15:41:44.272+0000][gc,start    ] GC(148) Pause Young (Normal) (G1 Evacuation Pause)
[2025-04-14T15:41:44.272+0000][gc,task     ] GC(148) Using 2 workers of 2 for evacuation
[2025-04-14T15:41:44.294+0000][gc,mmu      ] GC(148) MMU target violated: 21.0ms (20.0ms/21.0ms)
[2025-04-14T15:41:44.294+0000][gc,phases   ] GC(148)   Pre Evacuate Collection Set: 0.4ms
[2025-04-14T15:41:44.294+0000][gc,phases   ] GC(148)   Merge Heap Roots: 0.1ms
[2025-04-14T15:41:44.294+0000][gc,phases   ] GC(148)   Evacuate Collection Set: 20.1ms
[2025-04-14T15:41:44.294+0000][gc,phases   ] GC(148)   Post Evacuate Collection Set: 0.6ms
[2025-04-14T15:41:44.294+0000][gc,phases   ] GC(148)   Other: 0.1ms
[2025-04-14T15:41:44.294+0000][gc,heap     ] GC(148) Eden regions: 42->0(84)
[2025-04-14T15:41:44.294+0000][gc,heap     ] GC(148) Survivor regions: 9->4(7)
[2025-04-14T15:41:44.294+0000][gc,heap     ] GC(148) Old regions: 319->328
[2025-04-14T15:41:44.294+0000][gc,heap     ] GC(148) Humongous regions: 147->147
[2025-04-14T15:41:44.294+0000][gc,metaspace] GC(148) Metaspace: 47494K(48128K)->47494K(48128K) NonClass: 42282K(42624K)->42282K(42624K) Class: 5212K(5504K)->5212K(5504K)
[2025-04-14T15:41:44.294+0000][gc          ] GC(148) Pause Young (Normal) (G1 Evacuation Pause) 517M->478M(1024M) 21.510ms
[2025-04-14T15:41:44.294+0000][gc,cpu      ] GC(148) User=0.04s Sys=0.00s Real=0.03s
[2025-04-14T15:45:13.370+0000][gc,start    ] GC(149) Pause Young (Normal) (G1 Evacuation Pause)
[2025-04-14T15:45:13.370+0000][gc,task     ] GC(149) Using 2 workers of 2 for evacuation
[2025-04-14T15:45:13.389+0000][gc,phases   ] GC(149)   Pre Evacuate Collection Set: 0.4ms
[2025-04-14T15:45:13.389+0000][gc,phases   ] GC(149)   Merge Heap Roots: 0.1ms
[2025-04-14T15:45:13.389+0000][gc,phases   ] GC(149)   Evacuate Collection Set: 17.5ms
[2025-04-14T15:45:13.389+0000][gc,phases   ] GC(149)   Post Evacuate Collection Set: 0.6ms
[2025-04-14T15:45:13.389+0000][gc,phases   ] GC(149)   Other: 0.1ms
[2025-04-14T15:45:13.389+0000][gc,heap     ] GC(149) Eden regions: 84->0(41)
[2025-04-14T15:45:13.389+0000][gc,heap     ] GC(149) Survivor regions: 4->10(11)
[2025-04-14T15:45:13.389+0000][gc,heap     ] GC(149) Old regions: 328->328
[2025-04-14T15:45:13.389+0000][gc,heap     ] GC(149) Humongous regions: 147->147
[2025-04-14T15:45:13.389+0000][gc,metaspace] GC(149) Metaspace: 47494K(48128K)->47494K(48128K) NonClass: 42282K(42624K)->42282K(42624K) Class: 5212K(5504K)->5212K(5504K)
[2025-04-14T15:45:13.389+0000][gc          ] GC(149) Pause Young (Normal) (G1 Evacuation Pause) 562M->484M(1024M) 18.970ms
[2025-04-14T15:45:13.389+0000][gc,cpu      ] GC(149) User=0.04s Sys=0.00s Real=0.02s
[2025-04-14T15:46:55.371+0000][gc,start    ] GC(150) Pause Young (Normal) (G1 Evacuation Pause)
[2025-04-14T15:46:55.371+0000][gc,task     ] GC(150) Using 2 workers of 2 for evacuation
[2025-04-14T15:46:55.397+0000][gc,mmu      ] GC(150) MMU target violated: 21.0ms (20.0ms/21.0ms)
[2025-04-14T15:46:55.397+0000][gc,phases   ] GC(150)   Pre Evacuate Collection Set: 0.3ms
[2025-04-14T15:46:55.397+0000][gc,phases   ] GC(150)   Merge Heap Roots: 0.1ms
[2025-04-14T15:46:55.397+0000][gc,phases   ] GC(150)   Evacuate Collection Set: 24.0ms
[2025-04-14T15:46:55.397+0000][gc,phases   ] GC(150)   Post Evacuate Collection Set: 1.2ms
[2025-04-14T15:46:55.397+0000][gc,phases   ] GC(150)   Other: 0.1ms
[2025-04-14T15:46:55.397+0000][gc,heap     ] GC(150) Eden regions: 41->0(56)
[2025-04-14T15:46:55.397+0000][gc,heap     ] GC(150) Survivor regions: 10->5(7)
[2025-04-14T15:46:55.397+0000][gc,heap     ] GC(150) Old regions: 328->336
[2025-04-14T15:46:55.397+0000][gc,heap     ] GC(150) Humongous regions: 147->147
[2025-04-14T15:46:55.397+0000][gc,metaspace] GC(150) Metaspace: 47494K(48128K)->47494K(48128K) NonClass: 42282K(42624K)->42282K(42624K) Class: 5212K(5504K)->5212K(5504K)
[2025-04-14T15:46:55.397+0000][gc          ] GC(150) Pause Young (Normal) (G1 Evacuation Pause) 525M->487M(1024M) 25.817ms
[2025-04-14T15:46:55.397+0000][gc,cpu      ] GC(150) User=0.04s Sys=0.00s Real=0.03s
[2025-04-14T15:49:14.323+0000][gc,start    ] GC(151) Pause Young (Normal) (G1 Evacuation Pause)
[2025-04-14T15:49:14.323+0000][gc,task     ] GC(151) Using 2 workers of 2 for evacuation
[2025-04-14T15:49:14.344+0000][gc,mmu      ] GC(151) MMU target violated: 20.3ms (20.0ms/21.0ms)
[2025-04-14T15:49:14.344+0000][gc,phases   ] GC(151)   Pre Evacuate Collection Set: 0.2ms
[2025-04-14T15:49:14.344+0000][gc,phases   ] GC(151)   Merge Heap Roots: 0.1ms
[2025-04-14T15:49:14.344+0000][gc,phases   ] GC(151)   Evacuate Collection Set: 19.5ms
[2025-04-14T15:49:14.344+0000][gc,phases   ] GC(151)   Post Evacuate Collection Set: 0.4ms
[2025-04-14T15:49:14.344+0000][gc,phases   ] GC(151)   Other: 0.1ms
[2025-04-14T15:49:14.344+0000][gc,heap     ] GC(151) Eden regions: 56->0(46)
[2025-04-14T15:49:14.344+0000][gc,heap     ] GC(151) Survivor regions: 5->5(8)
[2025-04-14T15:49:14.344+0000][gc,heap     ] GC(151) Old regions: 336->339
[2025-04-14T15:49:14.344+0000][gc,heap     ] GC(151) Humongous regions: 147->147
[2025-04-14T15:49:14.344+0000][gc,metaspace] GC(151) Metaspace: 47494K(48128K)->47494K(48128K) NonClass: 42282K(42624K)->42282K(42624K) Class: 5212K(5504K)->5212K(5504K)
[2025-04-14T15:49:14.344+0000][gc          ] GC(151) Pause Young (Normal) (G1 Evacuation Pause) 543M->490M(1024M) 20.572ms
[2025-04-14T15:49:14.344+0000][gc,cpu      ] GC(151) User=0.04s Sys=0.00s Real=0.02s
[2025-04-14T15:51:08.007+0000][gc,start    ] GC(152) Pause Young (Normal) (G1 Evacuation Pause)
[2025-04-14T15:51:08.007+0000][gc,task     ] GC(152) Using 2 workers of 2 for evacuation
[2025-04-14T15:51:08.023+0000][gc,phases   ] GC(152)   Pre Evacuate Collection Set: 0.4ms
[2025-04-14T15:51:08.023+0000][gc,phases   ] GC(152)   Merge Heap Roots: 0.2ms
[2025-04-14T15:51:08.026+0000][gc,phases   ] GC(152)   Evacuate Collection Set: 14.4ms
[2025-04-14T15:51:08.026+0000][gc,phases   ] GC(152)   Post Evacuate Collection Set: 0.5ms
[2025-04-14T15:51:08.026+0000][gc,phases   ] GC(152)   Other: 0.1ms
[2025-04-14T15:51:08.026+0000][gc,heap     ] GC(152) Eden regions: 46->0(52)
[2025-04-14T15:51:08.026+0000][gc,heap     ] GC(152) Survivor regions: 5->4(7)
[2025-04-14T15:51:08.026+0000][gc,heap     ] GC(152) Old regions: 339->343
[2025-04-14T15:51:08.026+0000][gc,heap     ] GC(152) Humongous regions: 147->147
[2025-04-14T15:51:08.026+0000][gc,metaspace] GC(152) Metaspace: 47494K(48128K)->47494K(48128K) NonClass: 42282K(42624K)->42282K(42624K) Class: 5212K(5504K)->5212K(5504K)
[2025-04-14T15:51:08.026+0000][gc          ] GC(152) Pause Young (Normal) (G1 Evacuation Pause) 536M->493M(1024M) 19.034ms
[2025-04-14T15:51:08.026+0000][gc,cpu      ] GC(152) User=0.04s Sys=0.00s Real=0.02s
[2025-04-14T15:53:10.363+0000][gc,start    ] GC(153) Pause Young (Normal) (G1 Evacuation Pause)
[2025-04-14T15:53:10.363+0000][gc,task     ] GC(153) Using 2 workers of 2 for evacuation
[2025-04-14T15:53:10.380+0000][gc,phases   ] GC(153)   Pre Evacuate Collection Set: 0.5ms
[2025-04-14T15:53:10.380+0000][gc,phases   ] GC(153)   Merge Heap Roots: 0.3ms
[2025-04-14T15:53:10.380+0000][gc,phases   ] GC(153)   Evacuate Collection Set: 16.1ms
[2025-04-14T15:53:10.380+0000][gc,phases   ] GC(153)   Post Evacuate Collection Set: 0.5ms
[2025-04-14T15:53:10.380+0000][gc,phases   ] GC(153)   Other: 0.1ms
[2025-04-14T15:53:10.380+0000][gc,heap     ] GC(153) Eden regions: 49->0(44)
[2025-04-14T15:53:10.380+0000][gc,heap     ] GC(153) Survivor regions: 4->7(7)
[2025-04-14T15:53:10.380+0000][gc,heap     ] GC(153) Old regions: 343->343
[2025-04-14T15:53:10.380+0000][gc,heap     ] GC(153) Humongous regions: 147->147
[2025-04-14T15:53:10.380+0000][gc,metaspace] GC(153) Metaspace: 47494K(48128K)->47494K(48128K) NonClass: 42282K(42624K)->42282K(42624K) Class: 5212K(5504K)->5212K(5504K)
[2025-04-14T15:53:10.380+0000][gc          ] GC(153) Pause Young (Normal) (G1 Evacuation Pause) 542M->497M(1024M) 17.596ms
[2025-04-14T15:53:10.380+0000][gc,cpu      ] GC(153) User=0.03s Sys=0.00s Real=0.02s
[2025-04-14T15:54:58.959+0000][gc,start    ] GC(154) Pause Young (Normal) (G1 Evacuation Pause)
[2025-04-14T15:54:58.959+0000][gc,task     ] GC(154) Using 2 workers of 2 for evacuation
[2025-04-14T15:54:58.977+0000][gc,phases   ] GC(154)   Pre Evacuate Collection Set: 0.4ms
[2025-04-14T15:54:58.977+0000][gc,phases   ] GC(154)   Merge Heap Roots: 0.1ms
[2025-04-14T15:54:58.977+0000][gc,phases   ] GC(154)   Evacuate Collection Set: 16.9ms
[2025-04-14T15:54:58.977+0000][gc,phases   ] GC(154)   Post Evacuate Collection Set: 0.5ms
[2025-04-14T15:54:58.977+0000][gc,phases   ] GC(154)   Other: 0.1ms
[2025-04-14T15:54:58.977+0000][gc,heap     ] GC(154) Eden regions: 44->0(60)
[2025-04-14T15:54:58.977+0000][gc,heap     ] GC(154) Survivor regions: 7->4(7)
[2025-04-14T15:54:58.977+0000][gc,heap     ] GC(154) Old regions: 343->350
[2025-04-14T15:54:58.977+0000][gc,heap     ] GC(154) Humongous regions: 147->147
[2025-04-14T15:54:58.977+0000][gc,metaspace] GC(154) Metaspace: 47494K(48128K)->47494K(48128K) NonClass: 42282K(42624K)->42282K(42624K) Class: 5212K(5504K)->5212K(5504K)
[2025-04-14T15:54:58.977+0000][gc          ] GC(154) Pause Young (Normal) (G1 Evacuation Pause) 541M->500M(1024M) 18.174ms
[2025-04-14T15:54:58.977+0000][gc,cpu      ] GC(154) User=0.04s Sys=0.00s Real=0.02s
[2025-04-14T15:57:35.933+0000][gc,start    ] GC(155) Pause Young (Normal) (G1 Evacuation Pause)
[2025-04-14T15:57:35.933+0000][gc,task     ] GC(155) Using 2 workers of 2 for evacuation
[2025-04-14T15:57:35.949+0000][gc,phases   ] GC(155)   Pre Evacuate Collection Set: 0.3ms
[2025-04-14T15:57:35.949+0000][gc,phases   ] GC(155)   Merge Heap Roots: 0.2ms
[2025-04-14T15:57:35.949+0000][gc,phases   ] GC(155)   Evacuate Collection Set: 14.4ms
[2025-04-14T15:57:35.949+0000][gc,phases   ] GC(155)   Post Evacuate Collection Set: 0.5ms
[2025-04-14T15:57:35.949+0000][gc,phases   ] GC(155)   Other: 0.1ms
[2025-04-14T15:57:35.949+0000][gc,heap     ] GC(155) Eden regions: 63->0(43)
[2025-04-14T15:57:35.949+0000][gc,heap     ] GC(155) Survivor regions: 4->8(9)
[2025-04-14T15:57:35.949+0000][gc,heap     ] GC(155) Old regions: 350->350
[2025-04-14T15:57:35.949+0000][gc,heap     ] GC(155) Humongous regions: 147->147
[2025-04-14T15:57:35.949+0000][gc,metaspace] GC(155) Metaspace: 47494K(48128K)->47494K(48128K) NonClass: 42282K(42624K)->42282K(42624K) Class: 5212K(5504K)->5212K(5504K)
[2025-04-14T15:57:35.949+0000][gc          ] GC(155) Pause Young (Normal) (G1 Evacuation Pause) 563M->504M(1024M) 15.698ms
[2025-04-14T15:57:35.949+0000][gc,cpu      ] GC(155) User=0.02s Sys=0.00s Real=0.01s
[2025-04-14T15:59:22.040+0000][gc,start    ] GC(156) Pause Young (Normal) (G1 Evacuation Pause)
[2025-04-14T15:59:22.040+0000][gc,task     ] GC(156) Using 2 workers of 2 for evacuation
[2025-04-14T15:59:22.059+0000][gc,phases   ] GC(156)   Pre Evacuate Collection Set: 0.4ms
[2025-04-14T15:59:22.059+0000][gc,phases   ] GC(156)   Merge Heap Roots: 0.1ms
[2025-04-14T15:59:22.059+0000][gc,phases   ] GC(156)   Evacuate Collection Set: 17.8ms
[2025-04-14T15:59:22.059+0000][gc,phases   ] GC(156)   Post Evacuate Collection Set: 0.6ms
[2025-04-14T15:59:22.059+0000][gc,phases   ] GC(156)   Other: 0.1ms
[2025-04-14T15:59:22.060+0000][gc,heap     ] GC(156) Eden regions: 43->0(81)
[2025-04-14T15:59:22.060+0000][gc,heap     ] GC(156) Survivor regions: 8->4(7)
[2025-04-14T15:59:22.060+0000][gc,heap     ] GC(156) Old regions: 350->357
[2025-04-14T15:59:22.060+0000][gc,heap     ] GC(156) Humongous regions: 147->147
[2025-04-14T15:59:22.060+0000][gc,metaspace] GC(156) Metaspace: 47494K(48128K)->47494K(48128K) NonClass: 42282K(42624K)->42282K(42624K) Class: 5212K(5504K)->5212K(5504K)
[2025-04-14T15:59:22.060+0000][gc          ] GC(156) Pause Young (Normal) (G1 Evacuation Pause) 547M->506M(1024M) 19.181ms
[2025-04-14T15:59:22.060+0000][gc,cpu      ] GC(156) User=0.04s Sys=0.00s Real=0.02s
[2025-04-14T16:02:51.328+0000][gc,start    ] GC(157) Pause Young (Normal) (G1 Evacuation Pause)
[2025-04-14T16:02:51.328+0000][gc,task     ] GC(157) Using 2 workers of 2 for evacuation
[2025-04-14T16:02:51.348+0000][gc,phases   ] GC(157)   Pre Evacuate Collection Set: 0.4ms
[2025-04-14T16:02:51.348+0000][gc,phases   ] GC(157)   Merge Heap Roots: 0.2ms
[2025-04-14T16:02:51.348+0000][gc,phases   ] GC(157)   Evacuate Collection Set: 18.1ms
[2025-04-14T16:02:51.348+0000][gc,phases   ] GC(157)   Post Evacuate Collection Set: 0.7ms
[2025-04-14T16:02:51.348+0000][gc,phases   ] GC(157)   Other: 0.1ms
[2025-04-14T16:02:51.348+0000][gc,heap     ] GC(157) Eden regions: 84->0(41)
[2025-04-14T16:02:51.348+0000][gc,heap     ] GC(157) Survivor regions: 4->10(11)
[2025-04-14T16:02:51.348+0000][gc,heap     ] GC(157) Old regions: 357->357
[2025-04-14T16:02:51.348+0000][gc,heap     ] GC(157) Humongous regions: 147->147
[2025-04-14T16:02:51.348+0000][gc,metaspace] GC(157) Metaspace: 47494K(48128K)->47494K(48128K) NonClass: 42282K(42624K)->42282K(42624K) Class: 5212K(5504K)->5212K(5504K)
[2025-04-14T16:02:51.348+0000][gc          ] GC(157) Pause Young (Normal) (G1 Evacuation Pause) 590M->513M(1024M) 19.693ms
[2025-04-14T16:02:51.348+0000][gc,cpu      ] GC(157) User=0.04s Sys=0.00s Real=0.02s
[2025-04-14T16:04:33.011+0000][gc,start    ] GC(158) Pause Young (Normal) (G1 Evacuation Pause)
[2025-04-14T16:04:33.011+0000][gc,task     ] GC(158) Using 2 workers of 2 for evacuation
[2025-04-14T16:04:33.034+0000][gc,mmu      ] GC(158) MMU target violated: 21.0ms (20.0ms/21.0ms)
[2025-04-14T16:04:33.034+0000][gc,phases   ] GC(158)   Pre Evacuate Collection Set: 0.3ms
[2025-04-14T16:04:33.034+0000][gc,phases   ] GC(158)   Merge Heap Roots: 0.2ms
[2025-04-14T16:04:33.034+0000][gc,phases   ] GC(158)   Evacuate Collection Set: 21.7ms
[2025-04-14T16:04:33.034+0000][gc,phases   ] GC(158)   Post Evacuate Collection Set: 0.5ms
[2025-04-14T16:04:33.034+0000][gc,phases   ] GC(158)   Other: 0.1ms
[2025-04-14T16:04:33.034+0000][gc,heap     ] GC(158) Eden regions: 41->0(62)
[2025-04-14T16:04:33.034+0000][gc,heap     ] GC(158) Survivor regions: 10->5(7)
[2025-04-14T16:04:33.034+0000][gc,heap     ] GC(158) Old regions: 357->365
[2025-04-14T16:04:33.034+0000][gc,heap     ] GC(158) Humongous regions: 147->147
[2025-04-14T16:04:33.034+0000][gc,metaspace] GC(158) Metaspace: 47495K(48128K)->47495K(48128K) NonClass: 42283K(42624K)->42283K(42624K) Class: 5212K(5504K)->5212K(5504K)
[2025-04-14T16:04:33.034+0000][gc          ] GC(158) Pause Young (Normal) (G1 Evacuation Pause) 554M->516M(1024M) 22.989ms
[2025-04-14T16:04:33.034+0000][gc,cpu      ] GC(158) User=0.04s Sys=0.00s Real=0.03s
[2025-04-14T16:07:17.557+0000][gc,start    ] GC(159) Pause Young (Normal) (G1 Evacuation Pause)
[2025-04-14T16:07:17.557+0000][gc,task     ] GC(159) Using 2 workers of 2 for evacuation
[2025-04-14T16:07:17.573+0000][gc,phases   ] GC(159)   Pre Evacuate Collection Set: 0.3ms
[2025-04-14T16:07:17.573+0000][gc,phases   ] GC(159)   Merge Heap Roots: 0.2ms
[2025-04-14T16:07:17.573+0000][gc,phases   ] GC(159)   Evacuate Collection Set: 14.8ms
[2025-04-14T16:07:17.573+0000][gc,phases   ] GC(159)   Post Evacuate Collection Set: 0.5ms
[2025-04-14T16:07:17.573+0000][gc,phases   ] GC(159)   Other: 0.1ms
[2025-04-14T16:07:17.573+0000][gc,heap     ] GC(159) Eden regions: 66->0(42)
[2025-04-14T16:07:17.573+0000][gc,heap     ] GC(159) Survivor regions: 5->9(9)
[2025-04-14T16:07:17.573+0000][gc,heap     ] GC(159) Old regions: 365->365
[2025-04-14T16:07:17.573+0000][gc,heap     ] GC(159) Humongous regions: 147->147
[2025-04-14T16:07:17.573+0000][gc,metaspace] GC(159) Metaspace: 47495K(48128K)->47495K(48128K) NonClass: 42283K(42624K)->42283K(42624K) Class: 5212K(5504K)->5212K(5504K)
[2025-04-14T16:07:17.573+0000][gc          ] GC(159) Pause Young (Normal) (G1 Evacuation Pause) 582M->520M(1024M) 15.983ms
[2025-04-14T16:07:17.573+0000][gc,cpu      ] GC(159) User=0.03s Sys=0.00s Real=0.02s
[2025-04-14T16:09:01.405+0000][gc,start    ] GC(160) Pause Young (Normal) (G1 Evacuation Pause)
[2025-04-14T16:09:01.405+0000][gc,task     ] GC(160) Using 2 workers of 2 for evacuation
[2025-04-14T16:09:01.424+0000][gc,phases   ] GC(160)   Pre Evacuate Collection Set: 0.3ms
[2025-04-14T16:09:01.424+0000][gc,phases   ] GC(160)   Merge Heap Roots: 0.1ms
[2025-04-14T16:09:01.424+0000][gc,phases   ] GC(160)   Evacuate Collection Set: 18.0ms
[2025-04-14T16:09:01.424+0000][gc,phases   ] GC(160)   Post Evacuate Collection Set: 0.5ms
[2025-04-14T16:09:01.424+0000][gc,phases   ] GC(160)   Other: 0.1ms
[2025-04-14T16:09:01.424+0000][gc,heap     ] GC(160) Eden regions: 42->0(82)
[2025-04-14T16:09:01.424+0000][gc,heap     ] GC(160) Survivor regions: 9->4(7)
[2025-04-14T16:09:01.424+0000][gc,heap     ] GC(160) Old regions: 365->372
[2025-04-14T16:09:01.424+0000][gc,heap     ] GC(160) Humongous regions: 147->147
[2025-04-14T16:09:01.424+0000][gc,metaspace] GC(160) Metaspace: 47495K(48128K)->47495K(48128K) NonClass: 42283K(42624K)->42283K(42624K) Class: 5212K(5504K)->5212K(5504K)
[2025-04-14T16:09:01.424+0000][gc          ] GC(160) Pause Young (Normal) (G1 Evacuation Pause) 562M->523M(1024M) 19.185ms
[2025-04-14T16:09:01.424+0000][gc,cpu      ] GC(160) User=0.04s Sys=0.00s Real=0.02s
[2025-04-14T16:12:28.274+0000][gc,start    ] GC(161) Pause Young (Normal) (G1 Evacuation Pause)
[2025-04-14T16:12:28.274+0000][gc,task     ] GC(161) Using 2 workers of 2 for evacuation
[2025-04-14T16:12:28.291+0000][gc,phases   ] GC(161)   Pre Evacuate Collection Set: 0.4ms
[2025-04-14T16:12:28.291+0000][gc,phases   ] GC(161)   Merge Heap Roots: 0.1ms
[2025-04-14T16:12:28.291+0000][gc,phases   ] GC(161)   Evacuate Collection Set: 15.6ms
[2025-04-14T16:12:28.291+0000][gc,phases   ] GC(161)   Post Evacuate Collection Set: 0.6ms
[2025-04-14T16:12:28.291+0000][gc,phases   ] GC(161)   Other: 0.1ms
[2025-04-14T16:12:28.291+0000][gc,heap     ] GC(161) Eden regions: 83->0(42)
[2025-04-14T16:12:28.291+0000][gc,heap     ] GC(161) Survivor regions: 4->9(11)
[2025-04-14T16:12:28.291+0000][gc,heap     ] GC(161) Old regions: 372->372
[2025-04-14T16:12:28.291+0000][gc,heap     ] GC(161) Humongous regions: 147->147
[2025-04-14T16:12:28.291+0000][gc,metaspace] GC(161) Metaspace: 47495K(48128K)->47495K(48128K) NonClass: 42283K(42624K)->42283K(42624K) Class: 5212K(5504K)->5212K(5504K)
[2025-04-14T16:12:28.291+0000][gc          ] GC(161) Pause Young (Normal) (G1 Evacuation Pause) 605M->528M(1024M) 17.066ms
[2025-04-14T16:12:28.291+0000][gc,cpu      ] GC(161) User=0.03s Sys=0.00s Real=0.01s
[2025-04-14T16:14:11.704+0000][gc,start    ] GC(162) Pause Young (Normal) (G1 Evacuation Pause)
[2025-04-14T16:14:11.704+0000][gc,task     ] GC(162) Using 2 workers of 2 for evacuation
[2025-04-14T16:14:11.725+0000][gc,mmu      ] GC(162) MMU target violated: 21.0ms (20.0ms/21.0ms)
[2025-04-14T16:14:11.725+0000][gc,phases   ] GC(162)   Pre Evacuate Collection Set: 0.4ms
[2025-04-14T16:14:11.725+0000][gc,phases   ] GC(162)   Merge Heap Roots: 0.2ms
[2025-04-14T16:14:11.725+0000][gc,phases   ] GC(162)   Evacuate Collection Set: 20.3ms
[2025-04-14T16:14:11.725+0000][gc,phases   ] GC(162)   Post Evacuate Collection Set: 0.4ms
[2025-04-14T16:14:11.725+0000][gc,phases   ] GC(162)   Other: 0.1ms
[2025-04-14T16:14:11.725+0000][gc,heap     ] GC(162) Eden regions: 42->0(90)
[2025-04-14T16:14:11.725+0000][gc,heap     ] GC(162) Survivor regions: 9->4(7)
[2025-04-14T16:14:11.725+0000][gc,heap     ] GC(162) Old regions: 372->380
[2025-04-14T16:14:11.725+0000][gc,heap     ] GC(162) Humongous regions: 147->147
[2025-04-14T16:14:11.725+0000][gc,metaspace] GC(162) Metaspace: 47495K(48128K)->47495K(48128K) NonClass: 42283K(42624K)->42283K(42624K) Class: 5212K(5504K)->5212K(5504K)
[2025-04-14T16:14:11.725+0000][gc          ] GC(162) Pause Young (Normal) (G1 Evacuation Pause) 569M->530M(1024M) 21.618ms
[2025-04-14T16:14:11.725+0000][gc,cpu      ] GC(162) User=0.04s Sys=0.00s Real=0.02s
[2025-04-14T16:17:34.301+0000][gc,start    ] GC(163) Pause Young (Normal) (G1 Evacuation Pause)
[2025-04-14T16:17:34.301+0000][gc,task     ] GC(163) Using 2 workers of 2 for evacuation
[2025-04-14T16:17:34.320+0000][gc,phases   ] GC(163)   Pre Evacuate Collection Set: 0.4ms
[2025-04-14T16:17:34.320+0000][gc,phases   ] GC(163)   Merge Heap Roots: 0.2ms
[2025-04-14T16:17:34.320+0000][gc,phases   ] GC(163)   Evacuate Collection Set: 17.7ms
[2025-04-14T16:17:34.320+0000][gc,phases   ] GC(163)   Post Evacuate Collection Set: 0.7ms
[2025-04-14T16:17:34.320+0000][gc,phases   ] GC(163)   Other: 0.1ms
[2025-04-14T16:17:34.320+0000][gc,heap     ] GC(163) Eden regions: 88->0(41)
[2025-04-14T16:17:34.320+0000][gc,heap     ] GC(163) Survivor regions: 4->10(12)
[2025-04-14T16:17:34.320+0000][gc,heap     ] GC(163) Old regions: 380->380
[2025-04-14T16:17:34.320+0000][gc,heap     ] GC(163) Humongous regions: 147->147
[2025-04-14T16:17:34.320+0000][gc,metaspace] GC(163) Metaspace: 47495K(48128K)->47495K(48128K) NonClass: 42283K(42624K)->42283K(42624K) Class: 5212K(5504K)->5212K(5504K)
[2025-04-14T16:17:34.320+0000][gc          ] GC(163) Pause Young (Normal) (G1 Evacuation Pause) 618M->537M(1024M) 19.296ms
[2025-04-14T16:17:34.320+0000][gc,cpu      ] GC(163) User=0.03s Sys=0.00s Real=0.02s
[2025-04-14T16:19:15.928+0000][gc,start    ] GC(164) Pause Young (Normal) (G1 Evacuation Pause)
[2025-04-14T16:19:15.928+0000][gc,task     ] GC(164) Using 2 workers of 2 for evacuation
[2025-04-14T16:19:15.946+0000][gc,phases   ] GC(164)   Pre Evacuate Collection Set: 0.2ms
[2025-04-14T16:19:15.946+0000][gc,phases   ] GC(164)   Merge Heap Roots: 0.2ms
[2025-04-14T16:19:15.946+0000][gc,phases   ] GC(164)   Evacuate Collection Set: 17.0ms
[2025-04-14T16:19:15.946+0000][gc,phases   ] GC(164)   Post Evacuate Collection Set: 0.4ms
[2025-04-14T16:19:15.946+0000][gc,phases   ] GC(164)   Other: 0.1ms
[2025-04-14T16:19:15.946+0000][gc,heap     ] GC(164) Eden regions: 41->0(106)
[2025-04-14T16:19:15.946+0000][gc,heap     ] GC(164) Survivor regions: 10->3(7)
[2025-04-14T16:19:15.946+0000][gc,heap     ] GC(164) Old regions: 380->387
[2025-04-14T16:19:15.946+0000][gc,heap     ] GC(164) Humongous regions: 147->147
[2025-04-14T16:19:15.946+0000][gc,metaspace] GC(164) Metaspace: 47495K(48128K)->47495K(48128K) NonClass: 42283K(42624K)->42283K(42624K) Class: 5212K(5504K)->5212K(5504K)
[2025-04-14T16:19:15.946+0000][gc          ] GC(164) Pause Young (Normal) (G1 Evacuation Pause) 578M->536M(1024M) 18.119ms
[2025-04-14T16:19:15.946+0000][gc,cpu      ] GC(164) User=0.03s Sys=0.00s Real=0.02s
[2025-04-14T16:24:25.505+0000][gc,start    ] GC(165) Pause Young (Normal) (G1 Evacuation Pause)
[2025-04-14T16:24:25.505+0000][gc,task     ] GC(165) Using 2 workers of 2 for evacuation
[2025-04-14T16:24:25.525+0000][gc,phases   ] GC(165)   Pre Evacuate Collection Set: 0.3ms
[2025-04-14T16:24:25.525+0000][gc,phases   ] GC(165)   Merge Heap Roots: 0.1ms
[2025-04-14T16:24:25.525+0000][gc,phases   ] GC(165)   Evacuate Collection Set: 19.0ms
[2025-04-14T16:24:25.525+0000][gc,phases   ] GC(165)   Post Evacuate Collection Set: 0.6ms
[2025-04-14T16:24:25.525+0000][gc,phases   ] GC(165)   Other: 0.1ms
[2025-04-14T16:24:25.525+0000][gc,heap     ] GC(165) Eden regions: 124->0(41)
[2025-04-14T16:24:25.525+0000][gc,heap     ] GC(165) Survivor regions: 3->10(16)
[2025-04-14T16:24:25.525+0000][gc,heap     ] GC(165) Old regions: 387->387
[2025-04-14T16:24:25.525+0000][gc,heap     ] GC(165) Humongous regions: 147->147
[2025-04-14T16:24:25.525+0000][gc,metaspace] GC(165) Metaspace: 47495K(48128K)->47495K(48128K) NonClass: 42283K(42624K)->42283K(42624K) Class: 5212K(5504K)->5212K(5504K)
[2025-04-14T16:24:25.525+0000][gc          ] GC(165) Pause Young (Normal) (G1 Evacuation Pause) 660M->544M(1024M) 20.249ms
[2025-04-14T16:24:25.525+0000][gc,cpu      ] GC(165) User=0.04s Sys=0.00s Real=0.02s
[2025-04-14T16:26:05.938+0000][gc,start    ] GC(166) Pause Young (Normal) (G1 Evacuation Pause)
[2025-04-14T16:26:05.938+0000][gc,task     ] GC(166) Using 2 workers of 2 for evacuation
[2025-04-14T16:26:05.962+0000][gc,mmu      ] GC(166) MMU target violated: 21.0ms (20.0ms/21.0ms)
[2025-04-14T16:26:05.962+0000][gc,phases   ] GC(166)   Pre Evacuate Collection Set: 0.4ms
[2025-04-14T16:26:05.962+0000][gc,phases   ] GC(166)   Merge Heap Roots: 0.1ms
[2025-04-14T16:26:05.962+0000][gc,phases   ] GC(166)   Evacuate Collection Set: 22.9ms
[2025-04-14T16:26:05.962+0000][gc,phases   ] GC(166)   Post Evacuate Collection Set: 0.8ms
[2025-04-14T16:26:05.962+0000][gc,phases   ] GC(166)   Other: 0.2ms
[2025-04-14T16:26:05.962+0000][gc,heap     ] GC(166) Eden regions: 41->0(52)
[2025-04-14T16:26:05.962+0000][gc,heap     ] GC(166) Survivor regions: 10->6(7)
[2025-04-14T16:26:05.962+0000][gc,heap     ] GC(166) Old regions: 387->396
[2025-04-14T16:26:05.962+0000][gc,heap     ] GC(166) Humongous regions: 147->147
[2025-04-14T16:26:05.962+0000][gc,metaspace] GC(166) Metaspace: 47495K(48128K)->47495K(48128K) NonClass: 42283K(42624K)->42283K(42624K) Class: 5212K(5504K)->5212K(5504K)
[2025-04-14T16:26:05.962+0000][gc          ] GC(166) Pause Young (Normal) (G1 Evacuation Pause) 585M->548M(1024M) 24.681ms
[2025-04-14T16:26:05.962+0000][gc,cpu      ] GC(166) User=0.04s Sys=0.00s Real=0.02s
[2025-04-14T16:28:17.683+0000][gc,start    ] GC(167) Pause Young (Normal) (G1 Evacuation Pause)
[2025-04-14T16:28:17.684+0000][gc,task     ] GC(167) Using 2 workers of 2 for evacuation
[2025-04-14T16:28:17.701+0000][gc,phases   ] GC(167)   Pre Evacuate Collection Set: 0.4ms
[2025-04-14T16:28:17.701+0000][gc,phases   ] GC(167)   Merge Heap Roots: 0.2ms
[2025-04-14T16:28:17.701+0000][gc,phases   ] GC(167)   Evacuate Collection Set: 15.4ms
[2025-04-14T16:28:17.701+0000][gc,phases   ] GC(167)   Post Evacuate Collection Set: 0.6ms
[2025-04-14T16:28:17.701+0000][gc,phases   ] GC(167)   Other: 0.1ms
[2025-04-14T16:28:17.701+0000][gc,heap     ] GC(167) Eden regions: 53->0(77)
[2025-04-14T16:28:17.701+0000][gc,heap     ] GC(167) Survivor regions: 6->4(8)
[2025-04-14T16:28:17.701+0000][gc,heap     ] GC(167) Old regions: 396->400
[2025-04-14T16:28:17.701+0000][gc,heap     ] GC(167) Humongous regions: 147->147
[2025-04-14T16:28:17.701+0000][gc,metaspace] GC(167) Metaspace: 47496K(48128K)->47496K(48128K) NonClass: 42284K(42624K)->42284K(42624K) Class: 5212K(5504K)->5212K(5504K)
[2025-04-14T16:28:17.701+0000][gc          ] GC(167) Pause Young (Normal) (G1 Evacuation Pause) 601M->550M(1024M) 17.829ms
[2025-04-14T16:28:17.701+0000][gc,cpu      ] GC(167) User=0.03s Sys=0.01s Real=0.01s
[2025-04-14T16:31:21.484+0000][gc,start    ] GC(168) Pause Young (Normal) (G1 Evacuation Pause)
[2025-04-14T16:31:21.484+0000][gc,task     ] GC(168) Using 2 workers of 2 for evacuation
[2025-04-14T16:31:21.504+0000][gc,mmu      ] GC(168) MMU target violated: 20.1ms (20.0ms/21.0ms)
[2025-04-14T16:31:21.504+0000][gc,phases   ] GC(168)   Pre Evacuate Collection Set: 0.4ms
[2025-04-14T16:31:21.504+0000][gc,phases   ] GC(168)   Merge Heap Roots: 0.3ms
[2025-04-14T16:31:21.504+0000][gc,phases   ] GC(168)   Evacuate Collection Set: 18.8ms
[2025-04-14T16:31:21.504+0000][gc,phases   ] GC(168)   Post Evacuate Collection Set: 0.5ms
[2025-04-14T16:31:21.504+0000][gc,phases   ] GC(168)   Other: 0.1ms
[2025-04-14T16:31:21.504+0000][gc,heap     ] GC(168) Eden regions: 74->0(41)
[2025-04-14T16:31:21.504+0000][gc,heap     ] GC(168) Survivor regions: 4->10(10)
[2025-04-14T16:31:21.504+0000][gc,heap     ] GC(168) Old regions: 400->400
[2025-04-14T16:31:21.504+0000][gc,heap     ] GC(168) Humongous regions: 147->147
[2025-04-14T16:31:21.504+0000][gc,metaspace] GC(168) Metaspace: 47496K(48128K)->47496K(48128K) NonClass: 42284K(42624K)->42284K(42624K) Class: 5212K(5504K)->5212K(5504K)
[2025-04-14T16:31:21.504+0000][gc          ] GC(168) Pause Young (Normal) (G1 Evacuation Pause) 624M->556M(1024M) 20.292ms
[2025-04-14T16:31:21.504+0000][gc,cpu      ] GC(168) User=0.04s Sys=0.00s Real=0.02s
[2025-04-14T16:33:03.445+0000][gc,start    ] GC(169) Pause Young (Normal) (G1 Evacuation Pause)
[2025-04-14T16:33:03.445+0000][gc,task     ] GC(169) Using 2 workers of 2 for evacuation
[2025-04-14T16:33:03.468+0000][gc,mmu      ] GC(169) MMU target violated: 21.0ms (20.0ms/21.0ms)
[2025-04-14T16:33:03.468+0000][gc,phases   ] GC(169)   Pre Evacuate Collection Set: 0.4ms
[2025-04-14T16:33:03.468+0000][gc,phases   ] GC(169)   Merge Heap Roots: 0.1ms
[2025-04-14T16:33:03.468+0000][gc,phases   ] GC(169)   Evacuate Collection Set: 21.7ms
[2025-04-14T16:33:03.468+0000][gc,phases   ] GC(169)   Post Evacuate Collection Set: 0.7ms
[2025-04-14T16:33:03.468+0000][gc,phases   ] GC(169)   Other: 0.1ms
[2025-04-14T16:33:03.468+0000][gc,heap     ] GC(169) Eden regions: 41->0(75)
[2025-04-14T16:33:03.468+0000][gc,heap     ] GC(169) Survivor regions: 10->4(7)
[2025-04-14T16:33:03.469+0000][gc,heap     ] GC(169) Old regions: 400->408
[2025-04-14T16:33:03.469+0000][gc,heap     ] GC(169) Humongous regions: 147->147
[2025-04-14T16:33:03.469+0000][gc,metaspace] GC(169) Metaspace: 47496K(48128K)->47496K(48128K) NonClass: 42284K(42624K)->42284K(42624K) Class: 5212K(5504K)->5212K(5504K)
[2025-04-14T16:33:03.469+0000][gc          ] GC(169) Pause Young (Normal) (G1 Evacuation Pause) 597M->559M(1024M) 23.214ms
[2025-04-14T16:33:03.469+0000][gc,cpu      ] GC(169) User=0.04s Sys=0.00s Real=0.02s
[2025-04-14T16:36:15.293+0000][gc,start    ] GC(170) Pause Young (Normal) (G1 Evacuation Pause)
[2025-04-14T16:36:15.294+0000][gc,task     ] GC(170) Using 2 workers of 2 for evacuation
[2025-04-14T16:36:15.311+0000][gc,phases   ] GC(170)   Pre Evacuate Collection Set: 0.4ms
[2025-04-14T16:36:15.311+0000][gc,phases   ] GC(170)   Merge Heap Roots: 0.1ms
[2025-04-14T16:36:15.311+0000][gc,phases   ] GC(170)   Evacuate Collection Set: 16.9ms
[2025-04-14T16:36:15.311+0000][gc,phases   ] GC(170)   Post Evacuate Collection Set: 0.5ms
[2025-04-14T16:36:15.312+0000][gc,phases   ] GC(170)   Other: 0.1ms
[2025-04-14T16:36:15.312+0000][gc,heap     ] GC(170) Eden regions: 77->0(41)
[2025-04-14T16:36:15.312+0000][gc,heap     ] GC(170) Survivor regions: 4->10(11)
[2025-04-14T16:36:15.312+0000][gc,heap     ] GC(170) Old regions: 408->408
[2025-04-14T16:36:15.312+0000][gc,heap     ] GC(170) Humongous regions: 147->147
[2025-04-14T16:36:15.312+0000][gc,metaspace] GC(170) Metaspace: 47499K(48128K)->47499K(48128K) NonClass: 42287K(42624K)->42287K(42624K) Class: 5212K(5504K)->5212K(5504K)
[2025-04-14T16:36:15.312+0000][gc          ] GC(170) Pause Young (Normal) (G1 Evacuation Pause) 636M->564M(1024M) 18.133ms
[2025-04-14T16:36:15.312+0000][gc,cpu      ] GC(170) User=0.04s Sys=0.00s Real=0.01s
[2025-04-14T16:37:57.001+0000][gc,start    ] GC(171) Pause Young (Normal) (G1 Evacuation Pause)
[2025-04-14T16:37:57.001+0000][gc,task     ] GC(171) Using 2 workers of 2 for evacuation
[2025-04-14T16:37:57.026+0000][gc,mmu      ] GC(171) MMU target violated: 21.0ms (20.0ms/21.0ms)
[2025-04-14T16:37:57.026+0000][gc,phases   ] GC(171)   Pre Evacuate Collection Set: 0.4ms
[2025-04-14T16:37:57.026+0000][gc,phases   ] GC(171)   Merge Heap Roots: 0.2ms
[2025-04-14T16:37:57.026+0000][gc,phases   ] GC(171)   Evacuate Collection Set: 23.6ms
[2025-04-14T16:37:57.026+0000][gc,phases   ] GC(171)   Post Evacuate Collection Set: 0.4ms
[2025-04-14T16:37:57.026+0000][gc,phases   ] GC(171)   Other: 0.1ms
[2025-04-14T16:37:57.026+0000][gc,heap     ] GC(171) Eden regions: 41->0(66)
[2025-04-14T16:37:57.026+0000][gc,heap     ] GC(171) Survivor regions: 10->5(7)
[2025-04-14T16:37:57.026+0000][gc,heap     ] GC(171) Old regions: 408->416
[2025-04-14T16:37:57.026+0000][gc,heap     ] GC(171) Humongous regions: 147->147
[2025-04-14T16:37:57.026+0000][gc,metaspace] GC(171) Metaspace: 47499K(48128K)->47499K(48128K) NonClass: 42287K(42624K)->42287K(42624K) Class: 5212K(5504K)->5212K(5504K)
[2025-04-14T16:37:57.026+0000][gc          ] GC(171) Pause Young (Normal) (G1 Evacuation Pause) 605M->567M(1024M) 24.872ms
[2025-04-14T16:37:57.026+0000][gc,cpu      ] GC(171) User=0.04s Sys=0.00s Real=0.03s
[2025-04-14T16:40:43.775+0000][gc,start    ] GC(172) Pause Young (Normal) (G1 Evacuation Pause)
[2025-04-14T16:40:43.775+0000][gc,task     ] GC(172) Using 2 workers of 2 for evacuation
[2025-04-14T16:40:43.791+0000][gc,phases   ] GC(172)   Pre Evacuate Collection Set: 0.4ms
[2025-04-14T16:40:43.791+0000][gc,phases   ] GC(172)   Merge Heap Roots: 0.1ms
[2025-04-14T16:40:43.791+0000][gc,phases   ] GC(172)   Evacuate Collection Set: 14.8ms
[2025-04-14T16:40:43.791+0000][gc,phases   ] GC(172)   Post Evacuate Collection Set: 0.6ms
[2025-04-14T16:40:43.791+0000][gc,phases   ] GC(172)   Other: 0.1ms
[2025-04-14T16:40:43.791+0000][gc,heap     ] GC(172) Eden regions: 67->0(42)
[2025-04-14T16:40:43.791+0000][gc,heap     ] GC(172) Survivor regions: 5->9(9)
[2025-04-14T16:40:43.791+0000][gc,heap     ] GC(172) Old regions: 416->416
[2025-04-14T16:40:43.791+0000][gc,heap     ] GC(172) Humongous regions: 147->147
[2025-04-14T16:40:43.791+0000][gc,metaspace] GC(172) Metaspace: 47499K(48128K)->47499K(48128K) NonClass: 42287K(42624K)->42287K(42624K) Class: 5212K(5504K)->5212K(5504K)
[2025-04-14T16:40:43.791+0000][gc          ] GC(172) Pause Young (Normal) (G1 Evacuation Pause) 634M->571M(1024M) 16.266ms
[2025-04-14T16:40:43.792+0000][gc,cpu      ] GC(172) User=0.03s Sys=0.00s Real=0.01s
[2025-04-14T16:42:27.868+0000][gc,start    ] GC(173) Pause Young (Normal) (G1 Evacuation Pause)
[2025-04-14T16:42:27.868+0000][gc,task     ] GC(173) Using 2 workers of 2 for evacuation
[2025-04-14T16:42:27.889+0000][gc,mmu      ] GC(173) MMU target violated: 20.7ms (20.0ms/21.0ms)
[2025-04-14T16:42:27.889+0000][gc,phases   ] GC(173)   Pre Evacuate Collection Set: 0.4ms
[2025-04-14T16:42:27.889+0000][gc,phases   ] GC(173)   Merge Heap Roots: 0.2ms
[2025-04-14T16:42:27.889+0000][gc,phases   ] GC(173)   Evacuate Collection Set: 19.4ms
[2025-04-14T16:42:27.889+0000][gc,phases   ] GC(173)   Post Evacuate Collection Set: 0.7ms
[2025-04-14T16:42:27.889+0000][gc,phases   ] GC(173)   Other: 0.1ms
[2025-04-14T16:42:27.889+0000][gc,heap     ] GC(173) Eden regions: 42->0(86)
[2025-04-14T16:42:27.889+0000][gc,heap     ] GC(173) Survivor regions: 9->4(7)
[2025-04-14T16:42:27.889+0000][gc,heap     ] GC(173) Old regions: 416->423
[2025-04-14T16:42:27.889+0000][gc,heap     ] GC(173) Humongous regions: 147->147
[2025-04-14T16:42:27.889+0000][gc,metaspace] GC(173) Metaspace: 47499K(48128K)->47499K(48128K) NonClass: 42287K(42624K)->42287K(42624K) Class: 5212K(5504K)->5212K(5504K)
[2025-04-14T16:42:27.889+0000][gc          ] GC(173) Pause Young (Normal) (G1 Evacuation Pause) 613M->574M(1024M) 20.978ms
[2025-04-14T16:42:27.889+0000][gc,cpu      ] GC(173) User=0.03s Sys=0.00s Real=0.02s
[2025-04-14T16:46:01.804+0000][gc,start    ] GC(174) Pause Young (Normal) (G1 Evacuation Pause)
[2025-04-14T16:46:01.804+0000][gc,task     ] GC(174) Using 2 workers of 2 for evacuation
[2025-04-14T16:46:01.827+0000][gc,mmu      ] GC(174) MMU target violated: 21.0ms (20.0ms/21.0ms)
[2025-04-14T16:46:01.827+0000][gc,phases   ] GC(174)   Pre Evacuate Collection Set: 0.4ms
[2025-04-14T16:46:01.827+0000][gc,phases   ] GC(174)   Merge Heap Roots: 0.2ms
[2025-04-14T16:46:01.827+0000][gc,phases   ] GC(174)   Evacuate Collection Set: 21.8ms
[2025-04-14T16:46:01.827+0000][gc,phases   ] GC(174)   Post Evacuate Collection Set: 0.5ms
[2025-04-14T16:46:01.827+0000][gc,phases   ] GC(174)   Other: 0.1ms
[2025-04-14T16:46:01.827+0000][gc,heap     ] GC(174) Eden regions: 86->0(42)
[2025-04-14T16:46:01.827+0000][gc,heap     ] GC(174) Survivor regions: 4->9(12)
[2025-04-14T16:46:01.827+0000][gc,heap     ] GC(174) Old regions: 423->423
[2025-04-14T16:46:01.827+0000][gc,heap     ] GC(174) Humongous regions: 147->147
[2025-04-14T16:46:01.827+0000][gc,metaspace] GC(174) Metaspace: 47499K(48128K)->47499K(48128K) NonClass: 42287K(42624K)->42287K(42624K) Class: 5212K(5504K)->5212K(5504K)
[2025-04-14T16:46:01.827+0000][gc          ] GC(174) Pause Young (Normal) (G1 Evacuation Pause) 659M->579M(1024M) 23.233ms
[2025-04-14T16:46:01.827+0000][gc,cpu      ] GC(174) User=0.03s Sys=0.00s Real=0.02s
[2025-04-14T16:47:46.306+0000][gc,start    ] GC(175) Pause Young (Normal) (G1 Evacuation Pause)
[2025-04-14T16:47:46.306+0000][gc,task     ] GC(175) Using 2 workers of 2 for evacuation
[2025-04-14T16:47:46.328+0000][gc,mmu      ] GC(175) MMU target violated: 21.0ms (20.0ms/21.0ms)
[2025-04-14T16:47:46.328+0000][gc,phases   ] GC(175)   Pre Evacuate Collection Set: 0.4ms
[2025-04-14T16:47:46.328+0000][gc,phases   ] GC(175)   Merge Heap Roots: 0.2ms
[2025-04-14T16:47:46.328+0000][gc,phases   ] GC(175)   Evacuate Collection Set: 19.9ms
[2025-04-14T16:47:46.328+0000][gc,phases   ] GC(175)   Post Evacuate Collection Set: 0.4ms
[2025-04-14T16:47:46.328+0000][gc,phases   ] GC(175)   Other: 0.1ms
[2025-04-14T16:47:46.328+0000][gc,heap     ] GC(175) Eden regions: 42->0(73)
[2025-04-14T16:47:46.328+0000][gc,heap     ] GC(175) Survivor regions: 9->4(7)
[2025-04-14T16:47:46.328+0000][gc,heap     ] GC(175) Old regions: 423->432
[2025-04-14T16:47:46.328+0000][gc,heap     ] GC(175) Humongous regions: 147->147
[2025-04-14T16:47:46.328+0000][gc,metaspace] GC(175) Metaspace: 47499K(48128K)->47499K(48128K) NonClass: 42287K(42624K)->42287K(42624K) Class: 5212K(5504K)->5212K(5504K)
[2025-04-14T16:47:46.328+0000][gc          ] GC(175) Pause Young (Normal) (G1 Evacuation Pause) 621M->582M(1024M) 21.284ms
[2025-04-14T16:47:46.328+0000][gc,cpu      ] GC(175) User=0.03s Sys=0.00s Real=0.02s
[2025-04-14T16:50:49.836+0000][gc,start    ] GC(176) Pause Young (Normal) (G1 Evacuation Pause)
[2025-04-14T16:50:49.836+0000][gc,task     ] GC(176) Using 2 workers of 2 for evacuation
[2025-04-14T16:50:49.855+0000][gc,phases   ] GC(176)   Pre Evacuate Collection Set: 0.4ms
[2025-04-14T16:50:49.855+0000][gc,phases   ] GC(176)   Merge Heap Roots: 0.2ms
[2025-04-14T16:50:49.855+0000][gc,phases   ] GC(176)   Evacuate Collection Set: 18.2ms
[2025-04-14T16:50:49.855+0000][gc,phases   ] GC(176)   Post Evacuate Collection Set: 0.5ms
[2025-04-14T16:50:49.855+0000][gc,phases   ] GC(176)   Other: 0.1ms
[2025-04-14T16:50:49.855+0000][gc,heap     ] GC(176) Eden regions: 74->0(42)
[2025-04-14T16:50:49.855+0000][gc,heap     ] GC(176) Survivor regions: 4->9(10)
[2025-04-14T16:50:49.855+0000][gc,heap     ] GC(176) Old regions: 432->432
[2025-04-14T16:50:49.855+0000][gc,heap     ] GC(176) Humongous regions: 147->147
[2025-04-14T16:50:49.855+0000][gc,metaspace] GC(176) Metaspace: 47499K(48128K)->47499K(48128K) NonClass: 42287K(42624K)->42287K(42624K) Class: 5212K(5504K)->5212K(5504K)
[2025-04-14T16:50:49.855+0000][gc          ] GC(176) Pause Young (Normal) (G1 Evacuation Pause) 656M->587M(1024M) 19.538ms
[2025-04-14T16:50:49.855+0000][gc,cpu      ] GC(176) User=0.03s Sys=0.00s Real=0.02s
[2025-04-14T16:52:33.878+0000][gc,start    ] GC(177) Pause Young (Normal) (G1 Evacuation Pause)
[2025-04-14T16:52:33.878+0000][gc,task     ] GC(177) Using 2 workers of 2 for evacuation
[2025-04-14T16:52:33.897+0000][gc,phases   ] GC(177)   Pre Evacuate Collection Set: 0.4ms
[2025-04-14T16:52:33.897+0000][gc,phases   ] GC(177)   Merge Heap Roots: 0.1ms
[2025-04-14T16:52:33.897+0000][gc,phases   ] GC(177)   Evacuate Collection Set: 18.5ms
[2025-04-14T16:52:33.897+0000][gc,phases   ] GC(177)   Post Evacuate Collection Set: 0.4ms
[2025-04-14T16:52:33.897+0000][gc,phases   ] GC(177)   Other: 0.1ms
[2025-04-14T16:52:33.897+0000][gc,heap     ] GC(177) Eden regions: 42->0(75)
[2025-04-14T16:52:33.897+0000][gc,heap     ] GC(177) Survivor regions: 9->4(7)
[2025-04-14T16:52:33.897+0000][gc,heap     ] GC(177) Old regions: 432->439
[2025-04-14T16:52:33.897+0000][gc,heap     ] GC(177) Humongous regions: 147->147
[2025-04-14T16:52:33.897+0000][gc,metaspace] GC(177) Metaspace: 47499K(48128K)->47499K(48128K) NonClass: 42287K(42624K)->42287K(42624K) Class: 5212K(5504K)->5212K(5504K)
[2025-04-14T16:52:33.897+0000][gc          ] GC(177) Pause Young (Normal) (G1 Evacuation Pause) 629M->589M(1024M) 19.712ms
[2025-04-14T16:52:33.897+0000][gc,cpu      ] GC(177) User=0.03s Sys=0.00s Real=0.02s
[2025-04-14T16:55:40.921+0000][gc,start    ] GC(178) Pause Young (Normal) (G1 Evacuation Pause)
[2025-04-14T16:55:40.921+0000][gc,task     ] GC(178) Using 2 workers of 2 for evacuation
[2025-04-14T16:55:40.940+0000][gc,phases   ] GC(178)   Pre Evacuate Collection Set: 0.4ms
[2025-04-14T16:55:40.940+0000][gc,phases   ] GC(178)   Merge Heap Roots: 0.2ms
[2025-04-14T16:55:40.940+0000][gc,phases   ] GC(178)   Evacuate Collection Set: 17.8ms
[2025-04-14T16:55:40.940+0000][gc,phases   ] GC(178)   Post Evacuate Collection Set: 0.7ms
[2025-04-14T16:55:40.940+0000][gc,phases   ] GC(178)   Other: 0.1ms
[2025-04-14T16:55:40.940+0000][gc,heap     ] GC(178) Eden regions: 75->0(42)
[2025-04-14T16:55:40.940+0000][gc,heap     ] GC(178) Survivor regions: 4->9(10)
[2025-04-14T16:55:40.940+0000][gc,heap     ] GC(178) Old regions: 439->439
[2025-04-14T16:55:40.940+0000][gc,heap     ] GC(178) Humongous regions: 147->147
[2025-04-14T16:55:40.940+0000][gc,metaspace] GC(178) Metaspace: 47499K(48128K)->47499K(48128K) NonClass: 42287K(42624K)->42287K(42624K) Class: 5212K(5504K)->5212K(5504K)
[2025-04-14T16:55:40.940+0000][gc          ] GC(178) Pause Young (Normal) (G1 Evacuation Pause) 664M->595M(1024M) 19.312ms
[2025-04-14T16:55:40.940+0000][gc,cpu      ] GC(178) User=0.03s Sys=0.00s Real=0.02s
[2025-04-14T16:57:25.289+0000][gc,start    ] GC(179) Pause Young (Normal) (G1 Evacuation Pause)
[2025-04-14T16:57:25.289+0000][gc,task     ] GC(179) Using 2 workers of 2 for evacuation
[2025-04-14T16:57:25.312+0000][gc,mmu      ] GC(179) MMU target violated: 21.0ms (20.0ms/21.0ms)
[2025-04-14T16:57:25.312+0000][gc,phases   ] GC(179)   Pre Evacuate Collection Set: 0.4ms
[2025-04-14T16:57:25.312+0000][gc,phases   ] GC(179)   Merge Heap Roots: 0.2ms
[2025-04-14T16:57:25.312+0000][gc,phases   ] GC(179)   Evacuate Collection Set: 21.1ms
[2025-04-14T16:57:25.312+0000][gc,phases   ] GC(179)   Post Evacuate Collection Set: 0.9ms
[2025-04-14T16:57:25.312+0000][gc,phases   ] GC(179)   Other: 0.2ms
[2025-04-14T16:57:25.312+0000][gc,heap     ] GC(179) Eden regions: 42->0(70)
[2025-04-14T16:57:25.312+0000][gc,heap     ] GC(179) Survivor regions: 9->4(7)
[2025-04-14T16:57:25.312+0000][gc,heap     ] GC(179) Old regions: 439->447
[2025-04-14T16:57:25.312+0000][gc,heap     ] GC(179) Humongous regions: 147->147
[2025-04-14T16:57:25.312+0000][gc,metaspace] GC(179) Metaspace: 47499K(48128K)->47499K(48128K) NonClass: 42287K(42624K)->42287K(42624K) Class: 5212K(5504K)->5212K(5504K)
[2025-04-14T16:57:25.312+0000][gc          ] GC(179) Pause Young (Normal) (G1 Evacuation Pause) 637M->598M(1024M) 22.822ms
[2025-04-14T16:57:25.312+0000][gc,cpu      ] GC(179) User=0.04s Sys=0.00s Real=0.02s
[2025-04-14T17:00:18.809+0000][gc,start    ] GC(180) Pause Young (Normal) (G1 Evacuation Pause)
[2025-04-14T17:00:18.809+0000][gc,task     ] GC(180) Using 2 workers of 2 for evacuation
[2025-04-14T17:00:18.826+0000][gc,phases   ] GC(180)   Pre Evacuate Collection Set: 0.4ms
[2025-04-14T17:00:18.826+0000][gc,phases   ] GC(180)   Merge Heap Roots: 0.2ms
[2025-04-14T17:00:18.826+0000][gc,phases   ] GC(180)   Evacuate Collection Set: 15.5ms
[2025-04-14T17:00:18.826+0000][gc,phases   ] GC(180)   Post Evacuate Collection Set: 0.6ms
[2025-04-14T17:00:18.826+0000][gc,phases   ] GC(180)   Other: 0.1ms
[2025-04-14T17:00:18.826+0000][gc,heap     ] GC(180) Eden regions: 70->0(42)
[2025-04-14T17:00:18.826+0000][gc,heap     ] GC(180) Survivor regions: 4->9(10)
[2025-04-14T17:00:18.826+0000][gc,heap     ] GC(180) Old regions: 447->447
[2025-04-14T17:00:18.826+0000][gc,heap     ] GC(180) Humongous regions: 147->147
[2025-04-14T17:00:18.826+0000][gc,metaspace] GC(180) Metaspace: 47499K(48128K)->47499K(48128K) NonClass: 42287K(42624K)->42287K(42624K) Class: 5212K(5504K)->5212K(5504K)
[2025-04-14T17:00:18.826+0000][gc          ] GC(180) Pause Young (Normal) (G1 Evacuation Pause) 668M->603M(1024M) 16.946ms
[2025-04-14T17:00:18.826+0000][gc,cpu      ] GC(180) User=0.03s Sys=0.00s Real=0.02s
[2025-04-14T17:02:03.075+0000][gc,start    ] GC(181) Pause Young (Normal) (G1 Evacuation Pause)
[2025-04-14T17:02:03.075+0000][gc,task     ] GC(181) Using 2 workers of 2 for evacuation
[2025-04-14T17:02:03.095+0000][gc,mmu      ] GC(181) MMU target violated: 20.5ms (20.0ms/21.0ms)
[2025-04-14T17:02:03.095+0000][gc,phases   ] GC(181)   Pre Evacuate Collection Set: 0.4ms
[2025-04-14T17:02:03.095+0000][gc,phases   ] GC(181)   Merge Heap Roots: 0.1ms
[2025-04-14T17:02:03.095+0000][gc,phases   ] GC(181)   Evacuate Collection Set: 19.4ms
[2025-04-14T17:02:03.095+0000][gc,phases   ] GC(181)   Post Evacuate Collection Set: 0.5ms
[2025-04-14T17:02:03.095+0000][gc,phases   ] GC(181)   Other: 0.1ms
[2025-04-14T17:02:03.095+0000][gc,heap     ] GC(181) Eden regions: 42->0(67)
[2025-04-14T17:02:03.095+0000][gc,heap     ] GC(181) Survivor regions: 9->5(7)
[2025-04-14T17:02:03.095+0000][gc,heap     ] GC(181) Old regions: 447->455
[2025-04-14T17:02:03.095+0000][gc,heap     ] GC(181) Humongous regions: 147->147
[2025-04-14T17:02:03.095+0000][gc,metaspace] GC(181) Metaspace: 47499K(48128K)->47499K(48128K) NonClass: 42287K(42624K)->42287K(42624K) Class: 5212K(5504K)->5212K(5504K)
[2025-04-14T17:02:03.095+0000][gc          ] GC(181) Pause Young (Normal) (G1 Evacuation Pause) 645M->606M(1024M) 20.697ms
[2025-04-14T17:02:03.095+0000][gc,cpu      ] GC(181) User=0.03s Sys=0.00s Real=0.02s
[2025-04-14T17:04:49.768+0000][gc,start    ] GC(182) Pause Young (Normal) (G1 Evacuation Pause)
[2025-04-14T17:04:49.768+0000][gc,task     ] GC(182) Using 2 workers of 2 for evacuation
[2025-04-14T17:04:49.784+0000][gc,phases   ] GC(182)   Pre Evacuate Collection Set: 0.4ms
[2025-04-14T17:04:49.784+0000][gc,phases   ] GC(182)   Merge Heap Roots: 0.1ms
[2025-04-14T17:04:49.784+0000][gc,phases   ] GC(182)   Evacuate Collection Set: 14.9ms
[2025-04-14T17:04:49.784+0000][gc,phases   ] GC(182)   Post Evacuate Collection Set: 0.5ms
[2025-04-14T17:04:49.784+0000][gc,phases   ] GC(182)   Other: 0.1ms
[2025-04-14T17:04:49.784+0000][gc,heap     ] GC(182) Eden regions: 67->0(42)
[2025-04-14T17:04:49.784+0000][gc,heap     ] GC(182) Survivor regions: 5->9(9)
[2025-04-14T17:04:49.784+0000][gc,heap     ] GC(182) Old regions: 455->455
[2025-04-14T17:04:49.784+0000][gc,heap     ] GC(182) Humongous regions: 147->147
[2025-04-14T17:04:49.784+0000][gc,metaspace] GC(182) Metaspace: 47499K(48128K)->47499K(48128K) NonClass: 42287K(42624K)->42287K(42624K) Class: 5212K(5504K)->5212K(5504K)
[2025-04-14T17:04:49.784+0000][gc          ] GC(182) Pause Young (Normal) (G1 Evacuation Pause) 673M->610M(1024M) 16.242ms
[2025-04-14T17:04:49.784+0000][gc,cpu      ] GC(182) User=0.03s Sys=0.00s Real=0.02s
[2025-04-14T17:06:33.480+0000][gc,start    ] GC(183) Pause Young (Normal) (G1 Evacuation Pause)
[2025-04-14T17:06:33.480+0000][gc,task     ] GC(183) Using 2 workers of 2 for evacuation
[2025-04-14T17:06:33.500+0000][gc,phases   ] GC(183)   Pre Evacuate Collection Set: 0.3ms
[2025-04-14T17:06:33.500+0000][gc,phases   ] GC(183)   Merge Heap Roots: 0.1ms
[2025-04-14T17:06:33.500+0000][gc,phases   ] GC(183)   Evacuate Collection Set: 19.1ms
[2025-04-14T17:06:33.500+0000][gc,phases   ] GC(183)   Post Evacuate Collection Set: 0.4ms
[2025-04-14T17:06:33.500+0000][gc,phases   ] GC(183)   Other: 0.1ms
[2025-04-14T17:06:33.500+0000][gc,heap     ] GC(183) Eden regions: 42->0(91)
[2025-04-14T17:06:33.500+0000][gc,heap     ] GC(183) Survivor regions: 9->4(7)
[2025-04-14T17:06:33.500+0000][gc,heap     ] GC(183) Old regions: 455->462
[2025-04-14T17:06:33.500+0000][gc,heap     ] GC(183) Humongous regions: 147->147
[2025-04-14T17:06:33.500+0000][gc,metaspace] GC(183) Metaspace: 47499K(48128K)->47499K(48128K) NonClass: 42287K(42624K)->42287K(42624K) Class: 5212K(5504K)->5212K(5504K)
[2025-04-14T17:06:33.500+0000][gc          ] GC(183) Pause Young (Normal) (G1 Evacuation Pause) 652M->613M(1024M) 20.207ms
[2025-04-14T17:06:33.500+0000][gc,cpu      ] GC(183) User=0.03s Sys=0.01s Real=0.02s
[2025-04-14T17:10:17.855+0000][gc,start    ] GC(184) Pause Young (Normal) (G1 Evacuation Pause)
[2025-04-14T17:10:17.855+0000][gc,task     ] GC(184) Using 2 workers of 2 for evacuation
[2025-04-14T17:10:17.874+0000][gc,phases   ] GC(184)   Pre Evacuate Collection Set: 0.4ms
[2025-04-14T17:10:17.874+0000][gc,phases   ] GC(184)   Merge Heap Roots: 0.2ms
[2025-04-14T17:10:17.874+0000][gc,phases   ] GC(184)   Evacuate Collection Set: 17.6ms
[2025-04-14T17:10:17.874+0000][gc,phases   ] GC(184)   Post Evacuate Collection Set: 0.7ms
[2025-04-14T17:10:17.874+0000][gc,phases   ] GC(184)   Other: 0.1ms
[2025-04-14T17:10:17.874+0000][gc,heap     ] GC(184) Eden regions: 90->0(41)
[2025-04-14T17:10:17.874+0000][gc,heap     ] GC(184) Survivor regions: 4->10(12)
[2025-04-14T17:10:17.874+0000][gc,heap     ] GC(184) Old regions: 462->462
[2025-04-14T17:10:17.874+0000][gc,heap     ] GC(184) Humongous regions: 147->147
[2025-04-14T17:10:17.874+0000][gc,metaspace] GC(184) Metaspace: 47499K(48128K)->47499K(48128K) NonClass: 42287K(42624K)->42287K(42624K) Class: 5212K(5504K)->5212K(5504K)
[2025-04-14T17:10:17.875+0000][gc          ] GC(184) Pause Young (Normal) (G1 Evacuation Pause) 703M->618M(1024M) 19.087ms
[2025-04-14T17:10:17.875+0000][gc,cpu      ] GC(184) User=0.03s Sys=0.00s Real=0.02s
[2025-04-14T17:12:00.169+0000][gc,start    ] GC(185) Pause Young (Normal) (G1 Evacuation Pause)
[2025-04-14T17:12:00.169+0000][gc,task     ] GC(185) Using 2 workers of 2 for evacuation
[2025-04-14T17:12:00.191+0000][gc,mmu      ] GC(185) MMU target violated: 21.0ms (20.0ms/21.0ms)
[2025-04-14T17:12:00.191+0000][gc,phases   ] GC(185)   Pre Evacuate Collection Set: 0.4ms
[2025-04-14T17:12:00.191+0000][gc,phases   ] GC(185)   Merge Heap Roots: 0.2ms
[2025-04-14T17:12:00.191+0000][gc,phases   ] GC(185)   Evacuate Collection Set: 20.8ms
[2025-04-14T17:12:00.191+0000][gc,phases   ] GC(185)   Post Evacuate Collection Set: 0.6ms
[2025-04-14T17:12:00.191+0000][gc,phases   ] GC(185)   Other: 0.2ms
[2025-04-14T17:12:00.191+0000][gc,heap     ] GC(185) Eden regions: 41->0(93)
[2025-04-14T17:12:00.191+0000][gc,heap     ] GC(185) Survivor regions: 10->4(7)
[2025-04-14T17:12:00.191+0000][gc,heap     ] GC(185) Old regions: 462->471
[2025-04-14T17:12:00.191+0000][gc,heap     ] GC(185) Humongous regions: 147->147
[2025-04-14T17:12:00.191+0000][gc,metaspace] GC(185) Metaspace: 47499K(48128K)->47499K(48128K) NonClass: 42287K(42624K)->42287K(42624K) Class: 5212K(5504K)->5212K(5504K)
[2025-04-14T17:12:00.191+0000][gc          ] GC(185) Pause Young (Normal) (G1 Evacuation Pause) 659M->621M(1024M) 22.456ms
[2025-04-14T17:12:00.191+0000][gc,cpu      ] GC(185) User=0.04s Sys=0.01s Real=0.02s
[2025-04-14T17:15:29.721+0000][gc,start    ] GC(186) Pause Young (Normal) (G1 Evacuation Pause)
[2025-04-14T17:15:29.721+0000][gc,task     ] GC(186) Using 2 workers of 2 for evacuation
[2025-04-14T17:15:29.744+0000][gc,mmu      ] GC(186) MMU target violated: 21.0ms (20.0ms/21.0ms)
[2025-04-14T17:15:29.745+0000][gc,phases   ] GC(186)   Pre Evacuate Collection Set: 0.9ms
[2025-04-14T17:15:29.745+0000][gc,phases   ] GC(186)   Merge Heap Roots: 0.2ms
[2025-04-14T17:15:29.745+0000][gc,phases   ] GC(186)   Evacuate Collection Set: 21.8ms
[2025-04-14T17:15:29.745+0000][gc,phases   ] GC(186)   Post Evacuate Collection Set: 0.7ms
[2025-04-14T17:15:29.745+0000][gc,phases   ] GC(186)   Other: 0.1ms
[2025-04-14T17:15:29.745+0000][gc,heap     ] GC(186) Eden regions: 90->0(40)
[2025-04-14T17:15:29.745+0000][gc,heap     ] GC(186) Survivor regions: 4->11(12)
[2025-04-14T17:15:29.745+0000][gc,heap     ] GC(186) Old regions: 471->471
[2025-04-14T17:15:29.745+0000][gc,heap     ] GC(186) Humongous regions: 147->147
[2025-04-14T17:15:29.745+0000][gc,metaspace] GC(186) Metaspace: 47503K(48128K)->47503K(48128K) NonClass: 42291K(42624K)->42291K(42624K) Class: 5212K(5504K)->5212K(5504K)
[2025-04-14T17:15:29.745+0000][gc          ] GC(186) Pause Young (Normal) (G1 Evacuation Pause) 711M->628M(1024M) 23.863ms
[2025-04-14T17:15:29.745+0000][gc,cpu      ] GC(186) User=0.04s Sys=0.00s Real=0.03s
[2025-04-14T17:17:09.542+0000][gc,start    ] GC(187) Pause Young (Normal) (G1 Evacuation Pause)
[2025-04-14T17:17:09.542+0000][gc,task     ] GC(187) Using 2 workers of 2 for evacuation
[2025-04-14T17:17:09.567+0000][gc,mmu      ] GC(187) MMU target violated: 21.0ms (20.0ms/21.0ms)
[2025-04-14T17:17:09.567+0000][gc,phases   ] GC(187)   Pre Evacuate Collection Set: 0.5ms
[2025-04-14T17:17:09.567+0000][gc,phases   ] GC(187)   Merge Heap Roots: 0.2ms
[2025-04-14T17:17:09.567+0000][gc,phases   ] GC(187)   Evacuate Collection Set: 23.9ms
[2025-04-14T17:17:09.567+0000][gc,phases   ] GC(187)   Post Evacuate Collection Set: 0.5ms
[2025-04-14T17:17:09.567+0000][gc,phases   ] GC(187)   Other: 0.1ms
[2025-04-14T17:17:09.567+0000][gc,heap     ] GC(187) Eden regions: 40->0(71)
[2025-04-14T17:17:09.567+0000][gc,heap     ] GC(187) Survivor regions: 11->4(7)
[2025-04-14T17:17:09.567+0000][gc,heap     ] GC(187) Old regions: 471->480
[2025-04-14T17:17:09.567+0000][gc,heap     ] GC(187) Humongous regions: 147->147
[2025-04-14T17:17:09.567+0000][gc,metaspace] GC(187) Metaspace: 47503K(48128K)->47503K(48128K) NonClass: 42291K(42624K)->42291K(42624K) Class: 5212K(5504K)->5212K(5504K)
[2025-04-14T17:17:09.567+0000][gc          ] GC(187) Pause Young (Normal) (G1 Evacuation Pause) 668M->630M(1024M) 25.371ms
[2025-04-14T17:17:09.567+0000][gc,cpu      ] GC(187) User=0.04s Sys=0.01s Real=0.03s
[2025-04-14T17:20:43.515+0000][gc,start    ] GC(188) Pause Young (Normal) (G1 Evacuation Pause)
[2025-04-14T17:20:43.516+0000][gc,task     ] GC(188) Using 2 workers of 2 for evacuation
[2025-04-14T17:20:43.532+0000][gc,phases   ] GC(188)   Pre Evacuate Collection Set: 0.5ms
[2025-04-14T17:20:43.532+0000][gc,phases   ] GC(188)   Merge Heap Roots: 0.1ms
[2025-04-14T17:20:43.532+0000][gc,phases   ] GC(188)   Evacuate Collection Set: 15.0ms
[2025-04-14T17:20:43.532+0000][gc,phases   ] GC(188)   Post Evacuate Collection Set: 0.5ms
[2025-04-14T17:20:43.532+0000][gc,phases   ] GC(188)   Other: 0.1ms
[2025-04-14T17:20:43.532+0000][gc,heap     ] GC(188) Eden regions: 86->0(43)
[2025-04-14T17:20:43.532+0000][gc,heap     ] GC(188) Survivor regions: 4->8(12)
[2025-04-14T17:20:43.532+0000][gc,heap     ] GC(188) Old regions: 480->480
[2025-04-14T17:20:43.532+0000][gc,heap     ] GC(188) Humongous regions: 147->147
[2025-04-14T17:20:43.532+0000][gc,metaspace] GC(188) Metaspace: 47507K(48128K)->47507K(48128K) NonClass: 42295K(42624K)->42295K(42624K) Class: 5212K(5504K)->5212K(5504K)
[2025-04-14T17:20:43.532+0000][gc          ] GC(188) Pause Young (Normal) (G1 Evacuation Pause) 716M->635M(1024M) 16.420ms
[2025-04-14T17:20:43.532+0000][gc,cpu      ] GC(188) User=0.03s Sys=0.00s Real=0.01s
[2025-04-14T17:22:30.262+0000][gc,start    ] GC(189) Pause Young (Normal) (G1 Evacuation Pause)
[2025-04-14T17:22:30.262+0000][gc,task     ] GC(189) Using 2 workers of 2 for evacuation
[2025-04-14T17:22:30.281+0000][gc,phases   ] GC(189)   Pre Evacuate Collection Set: 0.4ms
[2025-04-14T17:22:30.281+0000][gc,phases   ] GC(189)   Merge Heap Roots: 0.1ms
[2025-04-14T17:22:30.281+0000][gc,phases   ] GC(189)   Evacuate Collection Set: 18.2ms
[2025-04-14T17:22:30.281+0000][gc,phases   ] GC(189)   Post Evacuate Collection Set: 0.4ms
[2025-04-14T17:22:30.281+0000][gc,phases   ] GC(189)   Other: 0.1ms
[2025-04-14T17:22:30.281+0000][gc,heap     ] GC(189) Eden regions: 43->0(63)
[2025-04-14T17:22:30.281+0000][gc,heap     ] GC(189) Survivor regions: 8->5(7)
[2025-04-14T17:22:30.281+0000][gc,heap     ] GC(189) Old regions: 480->487
[2025-04-14T17:22:30.281+0000][gc,heap     ] GC(189) Humongous regions: 147->147
[2025-04-14T17:22:30.281+0000][gc,metaspace] GC(189) Metaspace: 47507K(48128K)->47507K(48128K) NonClass: 42295K(42624K)->42295K(42624K) Class: 5212K(5504K)->5212K(5504K)
[2025-04-14T17:22:30.281+0000][gc          ] GC(189) Pause Young (Normal) (G1 Evacuation Pause) 678M->638M(1024M) 19.391ms
[2025-04-14T17:22:30.282+0000][gc,cpu      ] GC(189) User=0.03s Sys=0.01s Real=0.02s
[2025-04-14T17:25:02.799+0000][gc,start    ] GC(190) Pause Young (Normal) (G1 Evacuation Pause)
[2025-04-14T17:25:02.799+0000][gc,task     ] GC(190) Using 2 workers of 2 for evacuation
[2025-04-14T17:25:02.815+0000][gc,phases   ] GC(190)   Pre Evacuate Collection Set: 0.4ms
[2025-04-14T17:25:02.815+0000][gc,phases   ] GC(190)   Merge Heap Roots: 0.2ms
[2025-04-14T17:25:02.815+0000][gc,phases   ] GC(190)   Evacuate Collection Set: 14.8ms
[2025-04-14T17:25:02.815+0000][gc,phases   ] GC(190)   Post Evacuate Collection Set: 0.5ms
[2025-04-14T17:25:02.816+0000][gc,phases   ] GC(190)   Other: 0.1ms
[2025-04-14T17:25:02.816+0000][gc,heap     ] GC(190) Eden regions: 62->0(43)
[2025-04-14T17:25:02.816+0000][gc,heap     ] GC(190) Survivor regions: 5->8(9)
[2025-04-14T17:25:02.816+0000][gc,heap     ] GC(190) Old regions: 487->487
[2025-04-14T17:25:02.816+0000][gc,heap     ] GC(190) Humongous regions: 147->147
[2025-04-14T17:25:02.816+0000][gc,metaspace] GC(190) Metaspace: 47511K(48128K)->47511K(48128K) NonClass: 42299K(42624K)->42299K(42624K) Class: 5212K(5504K)->5212K(5504K)
[2025-04-14T17:25:02.816+0000][gc          ] GC(190) Pause Young (Normal) (G1 Evacuation Pause) 700M->641M(1024M) 16.139ms
[2025-04-14T17:25:02.816+0000][gc,cpu      ] GC(190) User=0.03s Sys=0.00s Real=0.02s
[2025-04-14T17:26:49.606+0000][gc,start    ] GC(191) Pause Young (Normal) (G1 Evacuation Pause)
[2025-04-14T17:26:49.606+0000][gc,task     ] GC(191) Using 2 workers of 2 for evacuation
[2025-04-14T17:26:49.626+0000][gc,phases   ] GC(191)   Pre Evacuate Collection Set: 0.4ms
[2025-04-14T17:26:49.626+0000][gc,phases   ] GC(191)   Merge Heap Roots: 0.2ms
[2025-04-14T17:26:49.626+0000][gc,phases   ] GC(191)   Evacuate Collection Set: 18.6ms
[2025-04-14T17:26:49.626+0000][gc,phases   ] GC(191)   Post Evacuate Collection Set: 0.7ms
[2025-04-14T17:26:49.626+0000][gc,phases   ] GC(191)   Other: 0.1ms
[2025-04-14T17:26:49.626+0000][gc,heap     ] GC(191) Eden regions: 43->0(80)
[2025-04-14T17:26:49.626+0000][gc,heap     ] GC(191) Survivor regions: 8->4(7)
[2025-04-14T17:26:49.626+0000][gc,heap     ] GC(191) Old regions: 487->494
[2025-04-14T17:26:49.626+0000][gc,heap     ] GC(191) Humongous regions: 147->147
[2025-04-14T17:26:49.626+0000][gc,metaspace] GC(191) Metaspace: 47511K(48128K)->47511K(48128K) NonClass: 42299K(42624K)->42299K(42624K) Class: 5212K(5504K)->5212K(5504K)
[2025-04-14T17:26:49.626+0000][gc          ] GC(191) Pause Young (Normal) (G1 Evacuation Pause) 684M->644M(1024M) 20.222ms
[2025-04-14T17:26:49.626+0000][gc,cpu      ] GC(191) User=0.04s Sys=0.00s Real=0.02s
[2025-04-14T17:30:05.904+0000][gc,start    ] GC(192) Pause Young (Normal) (G1 Evacuation Pause)
[2025-04-14T17:30:05.904+0000][gc,task     ] GC(192) Using 2 workers of 2 for evacuation
[2025-04-14T17:30:05.924+0000][gc,phases   ] GC(192)   Pre Evacuate Collection Set: 0.3ms
[2025-04-14T17:30:05.924+0000][gc,phases   ] GC(192)   Merge Heap Roots: 0.2ms
[2025-04-14T17:30:05.924+0000][gc,phases   ] GC(192)   Evacuate Collection Set: 18.2ms
[2025-04-14T17:30:05.924+0000][gc,phases   ] GC(192)   Post Evacuate Collection Set: 0.7ms
[2025-04-14T17:30:05.924+0000][gc,phases   ] GC(192)   Other: 0.1ms
[2025-04-14T17:30:05.924+0000][gc,heap     ] GC(192) Eden regions: 79->0(41)
[2025-04-14T17:30:05.924+0000][gc,heap     ] GC(192) Survivor regions: 4->10(11)
[2025-04-14T17:30:05.924+0000][gc,heap     ] GC(192) Old regions: 494->494
[2025-04-14T17:30:05.924+0000][gc,heap     ] GC(192) Humongous regions: 147->147
[2025-04-14T17:30:05.924+0000][gc,metaspace] GC(192) Metaspace: 47511K(48128K)->47511K(48128K) NonClass: 42299K(42624K)->42299K(42624K) Class: 5212K(5504K)->5212K(5504K)
[2025-04-14T17:30:05.924+0000][gc          ] GC(192) Pause Young (Normal) (G1 Evacuation Pause) 723M->650M(1024M) 19.664ms
[2025-04-14T17:30:05.924+0000][gc,cpu      ] GC(192) User=0.04s Sys=0.00s Real=0.02s
[2025-04-14T17:31:48.083+0000][gc,start    ] GC(193) Pause Young (Normal) (G1 Evacuation Pause)
[2025-04-14T17:31:48.083+0000][gc,task     ] GC(193) Using 2 workers of 2 for evacuation
[2025-04-14T17:31:48.106+0000][gc,mmu      ] GC(193) MMU target violated: 21.0ms (20.0ms/21.0ms)
[2025-04-14T17:31:48.106+0000][gc,phases   ] GC(193)   Pre Evacuate Collection Set: 0.4ms
[2025-04-14T17:31:48.106+0000][gc,phases   ] GC(193)   Merge Heap Roots: 0.2ms
[2025-04-14T17:31:48.106+0000][gc,phases   ] GC(193)   Evacuate Collection Set: 21.0ms
[2025-04-14T17:31:48.106+0000][gc,phases   ] GC(193)   Post Evacuate Collection Set: 0.4ms
[2025-04-14T17:31:48.106+0000][gc,phases   ] GC(193)   Other: 0.1ms
[2025-04-14T17:31:48.106+0000][gc,heap     ] GC(193) Eden regions: 41->0(68)
[2025-04-14T17:31:48.106+0000][gc,heap     ] GC(193) Survivor regions: 10->5(7)
[2025-04-14T17:31:48.106+0000][gc,heap     ] GC(193) Old regions: 494->502
[2025-04-14T17:31:48.106+0000][gc,heap     ] GC(193) Humongous regions: 147->147
[2025-04-14T17:31:48.106+0000][gc,metaspace] GC(193) Metaspace: 47511K(48128K)->47511K(48128K) NonClass: 42299K(42624K)->42299K(42624K) Class: 5212K(5504K)->5212K(5504K)
[2025-04-14T17:31:48.106+0000][gc          ] GC(193) Pause Young (Normal) (G1 Evacuation Pause) 691M->653M(1024M) 22.331ms
[2025-04-14T17:31:48.106+0000][gc,cpu      ] GC(193) User=0.04s Sys=0.00s Real=0.02s
[2025-04-14T17:34:39.833+0000][gc,start    ] GC(194) Pause Young (Normal) (G1 Evacuation Pause)
[2025-04-14T17:34:39.833+0000][gc,task     ] GC(194) Using 2 workers of 2 for evacuation
[2025-04-14T17:34:39.849+0000][gc,phases   ] GC(194)   Pre Evacuate Collection Set: 0.3ms
[2025-04-14T17:34:39.850+0000][gc,phases   ] GC(194)   Merge Heap Roots: 0.1ms
[2025-04-14T17:34:39.850+0000][gc,phases   ] GC(194)   Evacuate Collection Set: 15.6ms
[2025-04-14T17:34:39.850+0000][gc,phases   ] GC(194)   Post Evacuate Collection Set: 0.5ms
[2025-04-14T17:34:39.850+0000][gc,phases   ] GC(194)   Other: 0.1ms
[2025-04-14T17:34:39.850+0000][gc,heap     ] GC(194) Eden regions: 69->0(42)
[2025-04-14T17:34:39.850+0000][gc,heap     ] GC(194) Survivor regions: 5->9(10)
[2025-04-14T17:34:39.850+0000][gc,heap     ] GC(194) Old regions: 502->502
[2025-04-14T17:34:39.850+0000][gc,heap     ] GC(194) Humongous regions: 147->147
[2025-04-14T17:34:39.850+0000][gc,metaspace] GC(194) Metaspace: 47511K(48128K)->47511K(48128K) NonClass: 42299K(42624K)->42299K(42624K) Class: 5212K(5504K)->5212K(5504K)
[2025-04-14T17:34:39.850+0000][gc          ] GC(194) Pause Young (Normal) (G1 Evacuation Pause) 722M->658M(1024M) 16.718ms
[2025-04-14T17:34:39.850+0000][gc,cpu      ] GC(194) User=0.03s Sys=0.00s Real=0.01s
[2025-04-14T17:36:23.448+0000][gc,start    ] GC(195) Pause Young (Normal) (G1 Evacuation Pause)
[2025-04-14T17:36:23.448+0000][gc,task     ] GC(195) Using 2 workers of 2 for evacuation
[2025-04-14T17:36:23.474+0000][gc,mmu      ] GC(195) MMU target violated: 21.0ms (20.0ms/21.0ms)
[2025-04-14T17:36:23.474+0000][gc,phases   ] GC(195)   Pre Evacuate Collection Set: 0.4ms
[2025-04-14T17:36:23.474+0000][gc,phases   ] GC(195)   Merge Heap Roots: 0.2ms
[2025-04-14T17:36:23.474+0000][gc,phases   ] GC(195)   Evacuate Collection Set: 24.9ms
[2025-04-14T17:36:23.474+0000][gc,phases   ] GC(195)   Post Evacuate Collection Set: 0.8ms
[2025-04-14T17:36:23.474+0000][gc,phases   ] GC(195)   Other: 0.1ms
[2025-04-14T17:36:23.474+0000][gc,heap     ] GC(195) Eden regions: 42->0(67)
[2025-04-14T17:36:23.474+0000][gc,heap     ] GC(195) Survivor regions: 9->4(7)
[2025-04-14T17:36:23.474+0000][gc,heap     ] GC(195) Old regions: 502->509
[2025-04-14T17:36:23.474+0000][gc,heap     ] GC(195) Humongous regions: 147->147
[2025-04-14T17:36:23.474+0000][gc,metaspace] GC(195) Metaspace: 47511K(48128K)->47511K(48128K) NonClass: 42299K(42624K)->42299K(42624K) Class: 5212K(5504K)->5212K(5504K)
[2025-04-14T17:36:23.474+0000][gc          ] GC(195) Pause Young (Normal) (G1 Evacuation Pause) 700M->660M(1024M) 26.518ms
[2025-04-14T17:36:23.474+0000][gc,cpu      ] GC(195) User=0.05s Sys=0.00s Real=0.03s
[2025-04-14T17:39:12.301+0000][gc,start    ] GC(196) Pause Young (Normal) (G1 Evacuation Pause)
[2025-04-14T17:39:12.301+0000][gc,task     ] GC(196) Using 2 workers of 2 for evacuation
[2025-04-14T17:39:12.317+0000][gc,phases   ] GC(196)   Pre Evacuate Collection Set: 0.2ms
[2025-04-14T17:39:12.317+0000][gc,phases   ] GC(196)   Merge Heap Roots: 0.1ms
[2025-04-14T17:39:12.317+0000][gc,phases   ] GC(196)   Evacuate Collection Set: 15.4ms
[2025-04-14T17:39:12.317+0000][gc,phases   ] GC(196)   Post Evacuate Collection Set: 0.7ms
[2025-04-14T17:39:12.317+0000][gc,phases   ] GC(196)   Other: 0.1ms
[2025-04-14T17:39:12.317+0000][gc,heap     ] GC(196) Eden regions: 68->0(42)
[2025-04-14T17:39:12.317+0000][gc,heap     ] GC(196) Survivor regions: 4->9(9)
[2025-04-14T17:39:12.317+0000][gc,heap     ] GC(196) Old regions: 509->509
[2025-04-14T17:39:12.317+0000][gc,heap     ] GC(196) Humongous regions: 147->147
[2025-04-14T17:39:12.317+0000][gc,metaspace] GC(196) Metaspace: 47511K(48128K)->47511K(48128K) NonClass: 42299K(42624K)->42299K(42624K) Class: 5212K(5504K)->5212K(5504K)
[2025-04-14T17:39:12.317+0000][gc          ] GC(196) Pause Young (Normal) (G1 Evacuation Pause) 728M->664M(1024M) 16.639ms
[2025-04-14T17:39:12.317+0000][gc,cpu      ] GC(196) User=0.03s Sys=0.00s Real=0.02s
[2025-04-14T17:40:56.112+0000][gc,start    ] GC(197) Pause Young (Normal) (G1 Evacuation Pause)
[2025-04-14T17:40:56.112+0000][gc,task     ] GC(197) Using 2 workers of 2 for evacuation
[2025-04-14T17:40:56.134+0000][gc,mmu      ] GC(197) MMU target violated: 21.0ms (20.0ms/21.0ms)
[2025-04-14T17:40:56.134+0000][gc,phases   ] GC(197)   Pre Evacuate Collection Set: 0.2ms
[2025-04-14T17:40:56.134+0000][gc,phases   ] GC(197)   Merge Heap Roots: 0.2ms
[2025-04-14T17:40:56.134+0000][gc,phases   ] GC(197)   Evacuate Collection Set: 20.9ms
[2025-04-14T17:40:56.134+0000][gc,phases   ] GC(197)   Post Evacuate Collection Set: 0.5ms
[2025-04-14T17:40:56.134+0000][gc,phases   ] GC(197)   Other: 0.1ms
[2025-04-14T17:40:56.134+0000][gc,heap     ] GC(197) Eden regions: 42->0(72)
[2025-04-14T17:40:56.134+0000][gc,heap     ] GC(197) Survivor regions: 9->4(7)
[2025-04-14T17:40:56.134+0000][gc,heap     ] GC(197) Old regions: 509->517
[2025-04-14T17:40:56.134+0000][gc,heap     ] GC(197) Humongous regions: 147->147
[2025-04-14T17:40:56.134+0000][gc,metaspace] GC(197) Metaspace: 47511K(48128K)->47511K(48128K) NonClass: 42299K(42624K)->42299K(42624K) Class: 5212K(5504K)->5212K(5504K)
[2025-04-14T17:40:56.134+0000][gc          ] GC(197) Pause Young (Normal) (G1 Evacuation Pause) 706M->667M(1024M) 22.037ms
[2025-04-14T17:40:56.134+0000][gc,cpu      ] GC(197) User=0.04s Sys=0.00s Real=0.03s
[2025-04-14T17:43:55.237+0000][gc,start    ] GC(198) Pause Young (Normal) (G1 Evacuation Pause)
[2025-04-14T17:43:55.237+0000][gc,task     ] GC(198) Using 2 workers of 2 for evacuation
[2025-04-14T17:43:55.257+0000][gc,phases   ] GC(198)   Pre Evacuate Collection Set: 0.4ms
[2025-04-14T17:43:55.257+0000][gc,phases   ] GC(198)   Merge Heap Roots: 0.1ms
[2025-04-14T17:43:55.257+0000][gc,phases   ] GC(198)   Evacuate Collection Set: 18.7ms
[2025-04-14T17:43:55.257+0000][gc,phases   ] GC(198)   Post Evacuate Collection Set: 0.4ms
[2025-04-14T17:43:55.257+0000][gc,phases   ] GC(198)   Other: 0.1ms
[2025-04-14T17:43:55.257+0000][gc,heap     ] GC(198) Eden regions: 72->0(42)
[2025-04-14T17:43:55.257+0000][gc,heap     ] GC(198) Survivor regions: 4->9(10)
[2025-04-14T17:43:55.257+0000][gc,heap     ] GC(198) Old regions: 517->517
[2025-04-14T17:43:55.257+0000][gc,heap     ] GC(198) Humongous regions: 147->147
[2025-04-14T17:43:55.257+0000][gc,metaspace] GC(198) Metaspace: 47511K(48128K)->47511K(48128K) NonClass: 42299K(42624K)->42299K(42624K) Class: 5212K(5504K)->5212K(5504K)
[2025-04-14T17:43:55.257+0000][gc          ] GC(198) Pause Young (Normal) (G1 Evacuation Pause) 739M->672M(1024M) 19.878ms
[2025-04-14T17:43:55.257+0000][gc,cpu      ] GC(198) User=0.04s Sys=0.00s Real=0.02s
[2025-04-14T17:45:39.476+0000][gc,start    ] GC(199) Pause Young (Normal) (G1 Evacuation Pause)
[2025-04-14T17:45:39.476+0000][gc,task     ] GC(199) Using 2 workers of 2 for evacuation
[2025-04-14T17:45:39.497+0000][gc,mmu      ] GC(199) MMU target violated: 21.0ms (20.0ms/21.0ms)
[2025-04-14T17:45:39.497+0000][gc,phases   ] GC(199)   Pre Evacuate Collection Set: 0.4ms
[2025-04-14T17:45:39.497+0000][gc,phases   ] GC(199)   Merge Heap Roots: 0.2ms
[2025-04-14T17:45:39.497+0000][gc,phases   ] GC(199)   Evacuate Collection Set: 20.1ms
[2025-04-14T17:45:39.497+0000][gc,phases   ] GC(199)   Post Evacuate Collection Set: 0.5ms
[2025-04-14T17:45:39.497+0000][gc,phases   ] GC(199)   Other: 0.1ms
[2025-04-14T17:45:39.497+0000][gc,heap     ] GC(199) Eden regions: 42->0(61)
[2025-04-14T17:45:39.497+0000][gc,heap     ] GC(199) Survivor regions: 9->5(7)
[2025-04-14T17:45:39.497+0000][gc,heap     ] GC(199) Old regions: 517->524
[2025-04-14T17:45:39.497+0000][gc,heap     ] GC(199) Humongous regions: 147->147
[2025-04-14T17:45:39.497+0000][gc,metaspace] GC(199) Metaspace: 47511K(48128K)->47511K(48128K) NonClass: 42299K(42624K)->42299K(42624K) Class: 5212K(5504K)->5212K(5504K)
[2025-04-14T17:45:39.497+0000][gc          ] GC(199) Pause Young (Normal) (G1 Evacuation Pause) 714M->675M(1024M) 21.525ms
[2025-04-14T17:45:39.497+0000][gc,cpu      ] GC(199) User=0.04s Sys=0.00s Real=0.02s
[2025-04-14T17:48:11.729+0000][gc,start    ] GC(200) Pause Young (Normal) (G1 Evacuation Pause)
[2025-04-14T17:48:11.729+0000][gc,task     ] GC(200) Using 2 workers of 2 for evacuation
[2025-04-14T17:48:11.744+0000][gc,phases   ] GC(200)   Pre Evacuate Collection Set: 0.4ms
[2025-04-14T17:48:11.744+0000][gc,phases   ] GC(200)   Merge Heap Roots: 0.2ms
[2025-04-14T17:48:11.744+0000][gc,phases   ] GC(200)   Evacuate Collection Set: 14.3ms
[2025-04-14T17:48:11.744+0000][gc,phases   ] GC(200)   Post Evacuate Collection Set: 0.4ms
[2025-04-14T17:48:11.744+0000][gc,phases   ] GC(200)   Other: 0.1ms
[2025-04-14T17:48:11.744+0000][gc,heap     ] GC(200) Eden regions: 61->0(43)
[2025-04-14T17:48:11.744+0000][gc,heap     ] GC(200) Survivor regions: 5->8(9)
[2025-04-14T17:48:11.744+0000][gc,heap     ] GC(200) Old regions: 524->524
[2025-04-14T17:48:11.744+0000][gc,heap     ] GC(200) Humongous regions: 147->147
[2025-04-14T17:48:11.744+0000][gc,metaspace] GC(200) Metaspace: 47530K(48192K)->47530K(48192K) NonClass: 42318K(42688K)->42318K(42688K) Class: 5212K(5504K)->5212K(5504K)
[2025-04-14T17:48:11.744+0000][gc          ] GC(200) Pause Young (Normal) (G1 Evacuation Pause) 736M->678M(1024M) 15.553ms
[2025-04-14T17:48:11.744+0000][gc,cpu      ] GC(200) User=0.03s Sys=0.00s Real=0.02s
[2025-04-14T17:49:57.944+0000][gc,start    ] GC(201) Pause Young (Normal) (G1 Evacuation Pause)
[2025-04-14T17:49:57.944+0000][gc,task     ] GC(201) Using 2 workers of 2 for evacuation
[2025-04-14T17:49:57.964+0000][gc,phases   ] GC(201)   Pre Evacuate Collection Set: 0.4ms
[2025-04-14T17:49:57.964+0000][gc,phases   ] GC(201)   Merge Heap Roots: 0.1ms
[2025-04-14T17:49:57.964+0000][gc,phases   ] GC(201)   Evacuate Collection Set: 18.3ms
[2025-04-14T17:49:57.964+0000][gc,phases   ] GC(201)   Post Evacuate Collection Set: 0.7ms
[2025-04-14T17:49:57.964+0000][gc,phases   ] GC(201)   Other: 0.1ms
[2025-04-14T17:49:57.964+0000][gc,heap     ] GC(201) Eden regions: 43->0(85)
[2025-04-14T17:49:57.964+0000][gc,heap     ] GC(201) Survivor regions: 8->4(7)
[2025-04-14T17:49:57.964+0000][gc,heap     ] GC(201) Old regions: 524->531
[2025-04-14T17:49:57.964+0000][gc,heap     ] GC(201) Humongous regions: 147->147
[2025-04-14T17:49:57.964+0000][gc,metaspace] GC(201) Metaspace: 47530K(48192K)->47530K(48192K) NonClass: 42318K(42688K)->42318K(42688K) Class: 5212K(5504K)->5212K(5504K)
[2025-04-14T17:49:57.964+0000][gc          ] GC(201) Pause Young (Normal) (G1 Evacuation Pause) 721M->681M(1024M) 19.823ms
[2025-04-14T17:49:57.964+0000][gc,cpu      ] GC(201) User=0.03s Sys=0.00s Real=0.02s
[2025-04-14T17:53:28.305+0000][gc,start    ] GC(202) Pause Young (Normal) (G1 Evacuation Pause)
[2025-04-14T17:53:28.305+0000][gc,task     ] GC(202) Using 2 workers of 2 for evacuation
[2025-04-14T17:53:28.328+0000][gc,mmu      ] GC(202) MMU target violated: 21.0ms (20.0ms/21.0ms)
[2025-04-14T17:53:28.328+0000][gc,phases   ] GC(202)   Pre Evacuate Collection Set: 1.8ms
[2025-04-14T17:53:28.328+0000][gc,phases   ] GC(202)   Merge Heap Roots: 0.2ms
[2025-04-14T17:53:28.328+0000][gc,phases   ] GC(202)   Evacuate Collection Set: 18.7ms
[2025-04-14T17:53:28.328+0000][gc,phases   ] GC(202)   Post Evacuate Collection Set: 2.7ms
[2025-04-14T17:53:28.328+0000][gc,phases   ] GC(202)   Other: 0.1ms
[2025-04-14T17:53:28.328+0000][gc,heap     ] GC(202) Eden regions: 84->0(41)
[2025-04-14T17:53:28.328+0000][gc,heap     ] GC(202) Survivor regions: 4->10(11)
[2025-04-14T17:53:28.328+0000][gc,heap     ] GC(202) Old regions: 531->531
[2025-04-14T17:53:28.328+0000][gc,heap     ] GC(202) Humongous regions: 147->147
[2025-04-14T17:53:28.328+0000][gc,metaspace] GC(202) Metaspace: 47530K(48192K)->47530K(48192K) NonClass: 42318K(42688K)->42318K(42688K) Class: 5212K(5504K)->5212K(5504K)
[2025-04-14T17:53:28.328+0000][gc          ] GC(202) Pause Young (Normal) (G1 Evacuation Pause) 765M->688M(1024M) 23.619ms
[2025-04-14T17:53:28.328+0000][gc,cpu      ] GC(202) User=0.04s Sys=0.00s Real=0.02s
[2025-04-14T17:55:09.002+0000][gc,start    ] GC(203) Pause Young (Normal) (G1 Evacuation Pause)
[2025-04-14T17:55:09.002+0000][gc,task     ] GC(203) Using 2 workers of 2 for evacuation
[2025-04-14T17:55:09.026+0000][gc,mmu      ] GC(203) MMU target violated: 21.0ms (20.0ms/21.0ms)
[2025-04-14T17:55:09.026+0000][gc,phases   ] GC(203)   Pre Evacuate Collection Set: 0.3ms
[2025-04-14T17:55:09.026+0000][gc,phases   ] GC(203)   Merge Heap Roots: 0.2ms
[2025-04-14T17:55:09.026+0000][gc,phases   ] GC(203)   Evacuate Collection Set: 22.6ms
[2025-04-14T17:55:09.026+0000][gc,phases   ] GC(203)   Post Evacuate Collection Set: 0.5ms
[2025-04-14T17:55:09.026+0000][gc,phases   ] GC(203)   Other: 0.2ms
[2025-04-14T17:55:09.026+0000][gc,heap     ] GC(203) Eden regions: 41->0(51)
[2025-04-14T17:55:09.026+0000][gc,heap     ] GC(203) Survivor regions: 10->5(7)
[2025-04-14T17:55:09.026+0000][gc,heap     ] GC(203) Old regions: 531->540
[2025-04-14T17:55:09.026+0000][gc,heap     ] GC(203) Humongous regions: 147->147
[2025-04-14T17:55:09.026+0000][gc,metaspace] GC(203) Metaspace: 47530K(48192K)->47530K(48192K) NonClass: 42318K(42688K)->42318K(42688K) Class: 5212K(5504K)->5212K(5504K)
[2025-04-14T17:55:09.026+0000][gc          ] GC(203) Pause Young (Normal) (G1 Evacuation Pause) 728M->691M(1024M) 23.906ms
[2025-04-14T17:55:09.026+0000][gc,cpu      ] GC(203) User=0.04s Sys=0.00s Real=0.03s
[2025-04-14T17:57:18.223+0000][gc,start    ] GC(204) Pause Young (Normal) (G1 Evacuation Pause)
[2025-04-14T17:57:18.223+0000][gc,task     ] GC(204) Using 2 workers of 2 for evacuation
[2025-04-14T17:57:18.238+0000][gc,phases   ] GC(204)   Pre Evacuate Collection Set: 0.4ms
[2025-04-14T17:57:18.238+0000][gc,phases   ] GC(204)   Merge Heap Roots: 0.2ms
[2025-04-14T17:57:18.238+0000][gc,phases   ] GC(204)   Evacuate Collection Set: 13.7ms
[2025-04-14T17:57:18.238+0000][gc,phases   ] GC(204)   Post Evacuate Collection Set: 0.6ms
[2025-04-14T17:57:18.238+0000][gc,phases   ] GC(204)   Other: 0.1ms
[2025-04-14T17:57:18.238+0000][gc,heap     ] GC(204) Eden regions: 52->0(73)
[2025-04-14T17:57:18.238+0000][gc,heap     ] GC(204) Survivor regions: 5->4(8)
[2025-04-14T17:57:18.238+0000][gc,heap     ] GC(204) Old regions: 540->543
[2025-04-14T17:57:18.238+0000][gc,heap     ] GC(204) Humongous regions: 147->147
[2025-04-14T17:57:18.238+0000][gc,metaspace] GC(204) Metaspace: 47530K(48192K)->47530K(48192K) NonClass: 42318K(42688K)->42318K(42688K) Class: 5212K(5504K)->5212K(5504K)
[2025-04-14T17:57:18.238+0000][gc          ] GC(204) Pause Young (Normal) (G1 Evacuation Pause) 743M->693M(1024M) 15.210ms
[2025-04-14T17:57:18.238+0000][gc,cpu      ] GC(204) User=0.02s Sys=0.00s Real=0.02s
[2025-04-14T18:00:12.657+0000][gc,start    ] GC(205) Pause Young (Normal) (G1 Evacuation Pause)
[2025-04-14T18:00:12.657+0000][gc,task     ] GC(205) Using 2 workers of 2 for evacuation
[2025-04-14T18:00:12.675+0000][gc,phases   ] GC(205)   Pre Evacuate Collection Set: 0.4ms
[2025-04-14T18:00:12.675+0000][gc,phases   ] GC(205)   Merge Heap Roots: 0.2ms
[2025-04-14T18:00:12.675+0000][gc,phases   ] GC(205)   Evacuate Collection Set: 17.1ms
[2025-04-14T18:00:12.675+0000][gc,phases   ] GC(205)   Post Evacuate Collection Set: 0.6ms
[2025-04-14T18:00:12.675+0000][gc,phases   ] GC(205)   Other: 0.1ms
[2025-04-14T18:00:12.675+0000][gc,heap     ] GC(205) Eden regions: 70->0(42)
[2025-04-14T18:00:12.675+0000][gc,heap     ] GC(205) Survivor regions: 4->9(10)
[2025-04-14T18:00:12.675+0000][gc,heap     ] GC(205) Old regions: 543->543
[2025-04-14T18:00:12.675+0000][gc,heap     ] GC(205) Humongous regions: 147->147
[2025-04-14T18:00:12.675+0000][gc,metaspace] GC(205) Metaspace: 47530K(48192K)->47530K(48192K) NonClass: 42318K(42688K)->42318K(42688K) Class: 5212K(5504K)->5212K(5504K)
[2025-04-14T18:00:12.676+0000][gc          ] GC(205) Pause Young (Normal) (G1 Evacuation Pause) 763M->698M(1024M) 18.568ms
[2025-04-14T18:00:12.676+0000][gc,cpu      ] GC(205) User=0.04s Sys=0.00s Real=0.02s
[2025-04-14T18:01:56.727+0000][gc,start    ] GC(206) Pause Young (Normal) (G1 Evacuation Pause)
[2025-04-14T18:01:56.727+0000][gc,task     ] GC(206) Using 2 workers of 2 for evacuation
[2025-04-14T18:01:56.747+0000][gc,mmu      ] GC(206) MMU target violated: 20.2ms (20.0ms/21.0ms)
[2025-04-14T18:01:56.747+0000][gc,phases   ] GC(206)   Pre Evacuate Collection Set: 0.3ms
[2025-04-14T18:01:56.747+0000][gc,phases   ] GC(206)   Merge Heap Roots: 0.1ms
[2025-04-14T18:01:56.747+0000][gc,phases   ] GC(206)   Evacuate Collection Set: 19.1ms
[2025-04-14T18:01:56.747+0000][gc,phases   ] GC(206)   Post Evacuate Collection Set: 0.6ms
[2025-04-14T18:01:56.747+0000][gc,phases   ] GC(206)   Other: 0.1ms
[2025-04-14T18:01:56.747+0000][gc,heap     ] GC(206) Eden regions: 42->0(92)
[2025-04-14T18:01:56.747+0000][gc,heap     ] GC(206) Survivor regions: 9->3(7)
[2025-04-14T18:01:56.747+0000][gc,heap     ] GC(206) Old regions: 543->551
[2025-04-14T18:01:56.747+0000][gc,heap     ] GC(206) Humongous regions: 147->147
[2025-04-14T18:01:56.747+0000][gc,metaspace] GC(206) Metaspace: 47530K(48192K)->47530K(48192K) NonClass: 42318K(42688K)->42318K(42688K) Class: 5212K(5504K)->5212K(5504K)
[2025-04-14T18:01:56.747+0000][gc          ] GC(206) Pause Young (Normal) (G1 Evacuation Pause) 740M->700M(1024M) 20.493ms
[2025-04-14T18:01:56.747+0000][gc,cpu      ] GC(206) User=0.03s Sys=0.00s Real=0.02s
[2025-04-14T18:05:46.506+0000][gc,start    ] GC(207) Pause Young (Normal) (G1 Evacuation Pause)
[2025-04-14T18:05:46.506+0000][gc,task     ] GC(207) Using 2 workers of 2 for evacuation
[2025-04-14T18:05:46.524+0000][gc,phases   ] GC(207)   Pre Evacuate Collection Set: 0.4ms
[2025-04-14T18:05:46.524+0000][gc,phases   ] GC(207)   Merge Heap Roots: 0.2ms
[2025-04-14T18:05:46.524+0000][gc,phases   ] GC(207)   Evacuate Collection Set: 17.3ms
[2025-04-14T18:05:46.524+0000][gc,phases   ] GC(207)   Post Evacuate Collection Set: 0.5ms
[2025-04-14T18:05:46.524+0000][gc,phases   ] GC(207)   Other: 0.1ms
[2025-04-14T18:05:46.524+0000][gc,heap     ] GC(207) Eden regions: 92->0(42)
[2025-04-14T18:05:46.524+0000][gc,heap     ] GC(207) Survivor regions: 3->9(12)
[2025-04-14T18:05:46.524+0000][gc,heap     ] GC(207) Old regions: 551->551
[2025-04-14T18:05:46.524+0000][gc,heap     ] GC(207) Humongous regions: 147->147
[2025-04-14T18:05:46.524+0000][gc,metaspace] GC(207) Metaspace: 47530K(48192K)->47530K(48192K) NonClass: 42318K(42688K)->42318K(42688K) Class: 5212K(5504K)->5212K(5504K)
[2025-04-14T18:05:46.524+0000][gc          ] GC(207) Pause Young (Normal) (G1 Evacuation Pause) 792M->706M(1024M) 18.668ms
[2025-04-14T18:05:46.524+0000][gc,cpu      ] GC(207) User=0.03s Sys=0.00s Real=0.02s
[2025-04-14T18:07:31.043+0000][gc,start    ] GC(208) Pause Young (Normal) (G1 Evacuation Pause)
[2025-04-14T18:07:31.043+0000][gc,task     ] GC(208) Using 2 workers of 2 for evacuation
[2025-04-14T18:07:31.067+0000][gc,mmu      ] GC(208) MMU target violated: 21.0ms (20.0ms/21.0ms)
[2025-04-14T18:07:31.067+0000][gc,phases   ] GC(208)   Pre Evacuate Collection Set: 0.3ms
[2025-04-14T18:07:31.067+0000][gc,phases   ] GC(208)   Merge Heap Roots: 0.1ms
[2025-04-14T18:07:31.067+0000][gc,phases   ] GC(208)   Evacuate Collection Set: 23.3ms
[2025-04-14T18:07:31.067+0000][gc,phases   ] GC(208)   Post Evacuate Collection Set: 0.4ms
[2025-04-14T18:07:31.067+0000][gc,phases   ] GC(208)   Other: 0.3ms
[2025-04-14T18:07:31.067+0000][gc,heap     ] GC(208) Eden regions: 42->0(77)
[2025-04-14T18:07:31.067+0000][gc,heap     ] GC(208) Survivor regions: 9->4(7)
[2025-04-14T18:07:31.067+0000][gc,heap     ] GC(208) Old regions: 551->560
[2025-04-14T18:07:31.067+0000][gc,heap     ] GC(208) Humongous regions: 147->147
[2025-04-14T18:07:31.067+0000][gc,metaspace] GC(208) Metaspace: 47530K(48192K)->47530K(48192K) NonClass: 42318K(42688K)->42318K(42688K) Class: 5212K(5504K)->5212K(5504K)
[2025-04-14T18:07:31.067+0000][gc          ] GC(208) Pause Young (Normal) (G1 Evacuation Pause) 748M->710M(1024M) 24.624ms
[2025-04-14T18:07:31.068+0000][gc,cpu      ] GC(208) User=0.04s Sys=0.00s Real=0.02s
[2025-04-14T18:10:43.053+0000][gc,start    ] GC(209) Pause Young (Normal) (G1 Evacuation Pause)
[2025-04-14T18:10:43.054+0000][gc,task     ] GC(209) Using 2 workers of 2 for evacuation
[2025-04-14T18:10:43.072+0000][gc,phases   ] GC(209)   Pre Evacuate Collection Set: 0.4ms
[2025-04-14T18:10:43.072+0000][gc,phases   ] GC(209)   Merge Heap Roots: 0.2ms
[2025-04-14T18:10:43.072+0000][gc,phases   ] GC(209)   Evacuate Collection Set: 17.4ms
[2025-04-14T18:10:43.072+0000][gc,phases   ] GC(209)   Post Evacuate Collection Set: 0.5ms
[2025-04-14T18:10:43.072+0000][gc,phases   ] GC(209)   Other: 0.1ms
[2025-04-14T18:10:43.072+0000][gc,heap     ] GC(209) Eden regions: 77->0(42)
[2025-04-14T18:10:43.072+0000][gc,heap     ] GC(209) Survivor regions: 4->9(11)
[2025-04-14T18:10:43.072+0000][gc,heap     ] GC(209) Old regions: 560->560
[2025-04-14T18:10:43.072+0000][gc,heap     ] GC(209) Humongous regions: 147->147
[2025-04-14T18:10:43.072+0000][gc,metaspace] GC(209) Metaspace: 47530K(48192K)->47530K(48192K) NonClass: 42318K(42688K)->42318K(42688K) Class: 5212K(5504K)->5212K(5504K)
[2025-04-14T18:10:43.072+0000][gc          ] GC(209) Pause Young (Normal) (G1 Evacuation Pause) 787M->716M(1024M) 18.713ms
[2025-04-14T18:10:43.072+0000][gc,cpu      ] GC(209) User=0.04s Sys=0.00s Real=0.01s
[2025-04-14T18:12:27.095+0000][gc,start    ] GC(210) Pause Young (Normal) (G1 Evacuation Pause)
[2025-04-14T18:12:27.095+0000][gc,task     ] GC(210) Using 2 workers of 2 for evacuation
[2025-04-14T18:12:27.117+0000][gc,mmu      ] GC(210) MMU target violated: 21.0ms (20.0ms/21.0ms)
[2025-04-14T18:12:27.117+0000][gc,phases   ] GC(210)   Pre Evacuate Collection Set: 0.4ms
[2025-04-14T18:12:27.117+0000][gc,phases   ] GC(210)   Merge Heap Roots: 0.2ms
[2025-04-14T18:12:27.117+0000][gc,phases   ] GC(210)   Evacuate Collection Set: 20.6ms
[2025-04-14T18:12:27.117+0000][gc,phases   ] GC(210)   Post Evacuate Collection Set: 0.4ms
[2025-04-14T18:12:27.117+0000][gc,phases   ] GC(210)   Other: 0.1ms
[2025-04-14T18:12:27.117+0000][gc,heap     ] GC(210) Eden regions: 42->0(83)
[2025-04-14T18:12:27.117+0000][gc,heap     ] GC(210) Survivor regions: 9->4(7)
[2025-04-14T18:12:27.117+0000][gc,heap     ] GC(210) Old regions: 560->568
[2025-04-14T18:12:27.117+0000][gc,heap     ] GC(210) Humongous regions: 147->147
[2025-04-14T18:12:27.117+0000][gc,metaspace] GC(210) Metaspace: 47530K(48192K)->47530K(48192K) NonClass: 42318K(42688K)->42318K(42688K) Class: 5212K(5504K)->5212K(5504K)
[2025-04-14T18:12:27.117+0000][gc          ] GC(210) Pause Young (Normal) (G1 Evacuation Pause) 758M->718M(1024M) 21.868ms
[2025-04-14T18:12:27.117+0000][gc,cpu      ] GC(210) User=0.03s Sys=0.00s Real=0.02s
[2025-04-14T18:15:33.877+0000][gc,start    ] GC(211) Pause Young (Normal) (G1 Evacuation Pause)
[2025-04-14T18:15:33.877+0000][gc,task     ] GC(211) Using 2 workers of 2 for evacuation
[2025-04-14T18:15:33.899+0000][gc,mmu      ] GC(211) MMU target violated: 21.0ms (20.0ms/21.0ms)
[2025-04-14T18:15:33.899+0000][gc,phases   ] GC(211)   Pre Evacuate Collection Set: 0.4ms
[2025-04-14T18:15:33.899+0000][gc,phases   ] GC(211)   Merge Heap Roots: 0.3ms
[2025-04-14T18:15:33.899+0000][gc,phases   ] GC(211)   Evacuate Collection Set: 20.3ms
[2025-04-14T18:15:33.899+0000][gc,phases   ] GC(211)   Post Evacuate Collection Set: 0.6ms
[2025-04-14T18:15:33.899+0000][gc,phases   ] GC(211)   Other: 0.1ms
[2025-04-14T18:15:33.899+0000][gc,heap     ] GC(211) Eden regions: 81->0(40)
[2025-04-14T18:15:33.899+0000][gc,heap     ] GC(211) Survivor regions: 4->11(11)
[2025-04-14T18:15:33.899+0000][gc,heap     ] GC(211) Old regions: 568->569
[2025-04-14T18:15:33.899+0000][gc,heap     ] GC(211) Humongous regions: 147->147
[2025-04-14T18:15:33.899+0000][gc,metaspace] GC(211) Metaspace: 47530K(48192K)->47530K(48192K) NonClass: 42318K(42688K)->42318K(42688K) Class: 5212K(5504K)->5212K(5504K)
[2025-04-14T18:15:33.899+0000][gc          ] GC(211) Pause Young (Normal) (G1 Evacuation Pause) 799M->726M(1024M) 21.806ms
[2025-04-14T18:15:33.899+0000][gc,cpu      ] GC(211) User=0.04s Sys=0.00s Real=0.02s
[2025-04-14T18:17:13.114+0000][gc,start    ] GC(212) Pause Young (Normal) (G1 Evacuation Pause)
[2025-04-14T18:17:13.114+0000][gc,task     ] GC(212) Using 2 workers of 2 for evacuation
[2025-04-14T18:17:13.137+0000][gc,mmu      ] GC(212) MMU target violated: 21.0ms (20.0ms/21.0ms)
[2025-04-14T18:17:13.137+0000][gc,phases   ] GC(212)   Pre Evacuate Collection Set: 0.3ms
[2025-04-14T18:17:13.137+0000][gc,phases   ] GC(212)   Merge Heap Roots: 0.1ms
[2025-04-14T18:17:13.137+0000][gc,phases   ] GC(212)   Evacuate Collection Set: 21.6ms
[2025-04-14T18:17:13.137+0000][gc,phases   ] GC(212)   Post Evacuate Collection Set: 0.4ms
[2025-04-14T18:17:13.137+0000][gc,phases   ] GC(212)   Other: 0.2ms
[2025-04-14T18:17:13.137+0000][gc,heap     ] GC(212) Eden regions: 40->0(84)
[2025-04-14T18:17:13.137+0000][gc,heap     ] GC(212) Survivor regions: 11->3(7)
[2025-04-14T18:17:13.137+0000][gc,heap     ] GC(212) Old regions: 569->578
[2025-04-14T18:17:13.137+0000][gc,heap     ] GC(212) Humongous regions: 147->147
[2025-04-14T18:17:13.137+0000][gc,metaspace] GC(212) Metaspace: 47530K(48192K)->47530K(48192K) NonClass: 42318K(42688K)->42318K(42688K) Class: 5212K(5504K)->5212K(5504K)
[2025-04-14T18:17:13.137+0000][gc          ] GC(212) Pause Young (Normal) (G1 Evacuation Pause) 766M->728M(1024M) 22.784ms
[2025-04-14T18:17:13.137+0000][gc,cpu      ] GC(212) User=0.04s Sys=0.00s Real=0.02s
[2025-04-14T18:21:15.294+0000][gc,start    ] GC(213) Pause Young (Normal) (G1 Evacuation Pause)
[2025-04-14T18:21:15.294+0000][gc,task     ] GC(213) Using 2 workers of 2 for evacuation
[2025-04-14T18:21:15.315+0000][gc,mmu      ] GC(213) MMU target violated: 20.9ms (20.0ms/21.0ms)
[2025-04-14T18:21:15.315+0000][gc,phases   ] GC(213)   Pre Evacuate Collection Set: 0.5ms
[2025-04-14T18:21:15.315+0000][gc,phases   ] GC(213)   Merge Heap Roots: 0.2ms
[2025-04-14T18:21:15.315+0000][gc,phases   ] GC(213)   Evacuate Collection Set: 19.5ms
[2025-04-14T18:21:15.315+0000][gc,phases   ] GC(213)   Post Evacuate Collection Set: 0.7ms
[2025-04-14T18:21:15.315+0000][gc,phases   ] GC(213)   Other: 0.1ms
[2025-04-14T18:21:15.315+0000][gc,heap     ] GC(213) Eden regions: 97->0(41)
[2025-04-14T18:21:15.315+0000][gc,heap     ] GC(213) Survivor regions: 3->10(13)
[2025-04-14T18:21:15.315+0000][gc,heap     ] GC(213) Old regions: 578->578
[2025-04-14T18:21:15.315+0000][gc,heap     ] GC(213) Humongous regions: 147->147
[2025-04-14T18:21:15.315+0000][gc,metaspace] GC(213) Metaspace: 47530K(48192K)->47530K(48192K) NonClass: 42318K(42688K)->42318K(42688K) Class: 5212K(5504K)->5212K(5504K)
[2025-04-14T18:21:15.315+0000][gc          ] GC(213) Pause Young (Normal) (G1 Evacuation Pause) 824M->734M(1024M) 21.115ms
[2025-04-14T18:21:15.315+0000][gc,cpu      ] GC(213) User=0.04s Sys=0.00s Real=0.02s
[2025-04-14T18:22:56.512+0000][gc,start    ] GC(214) Pause Young (Normal) (G1 Evacuation Pause)
[2025-04-14T18:22:56.512+0000][gc,task     ] GC(214) Using 2 workers of 2 for evacuation
[2025-04-14T18:22:56.534+0000][gc,mmu      ] GC(214) MMU target violated: 21.0ms (20.0ms/21.0ms)
[2025-04-14T18:22:56.534+0000][gc,phases   ] GC(214)   Pre Evacuate Collection Set: 0.4ms
[2025-04-14T18:22:56.534+0000][gc,phases   ] GC(214)   Merge Heap Roots: 0.1ms
[2025-04-14T18:22:56.534+0000][gc,phases   ] GC(214)   Evacuate Collection Set: 20.9ms
[2025-04-14T18:22:56.534+0000][gc,phases   ] GC(214)   Post Evacuate Collection Set: 0.6ms
[2025-04-14T18:22:56.534+0000][gc,phases   ] GC(214)   Other: 0.2ms
[2025-04-14T18:22:56.534+0000][gc,heap     ] GC(214) Eden regions: 41->0(50)
[2025-04-14T18:22:56.534+0000][gc,heap     ] GC(214) Survivor regions: 10->5(7)
[2025-04-14T18:22:56.534+0000][gc,heap     ] GC(214) Old regions: 578->586
[2025-04-14T18:22:56.534+0000][gc,heap     ] GC(214) Humongous regions: 147->147
[2025-04-14T18:22:56.534+0000][gc,metaspace] GC(214) Metaspace: 47530K(48192K)->47530K(48192K) NonClass: 42318K(42688K)->42318K(42688K) Class: 5212K(5504K)->5212K(5504K)
[2025-04-14T18:22:56.534+0000][gc          ] GC(214) Pause Young (Normal) (G1 Evacuation Pause) 775M->737M(1024M) 22.302ms
[2025-04-14T18:22:56.534+0000][gc,cpu      ] GC(214) User=0.04s Sys=0.01s Real=0.03s
[2025-04-14T18:25:01.984+0000][gc,start    ] GC(215) Pause Young (Normal) (G1 Evacuation Pause)
[2025-04-14T18:25:01.985+0000][gc,task     ] GC(215) Using 2 workers of 2 for evacuation
[2025-04-14T18:25:02.006+0000][gc,mmu      ] GC(215) MMU target violated: 21.0ms (20.0ms/21.0ms)
[2025-04-14T18:25:02.006+0000][gc,phases   ] GC(215)   Pre Evacuate Collection Set: 0.4ms
[2025-04-14T18:25:02.006+0000][gc,phases   ] GC(215)   Merge Heap Roots: 0.2ms
[2025-04-14T18:25:02.006+0000][gc,phases   ] GC(215)   Evacuate Collection Set: 20.5ms
[2025-04-14T18:25:02.006+0000][gc,phases   ] GC(215)   Post Evacuate Collection Set: 0.6ms
[2025-04-14T18:25:02.006+0000][gc,phases   ] GC(215)   Other: 0.1ms
[2025-04-14T18:25:02.006+0000][gc,heap     ] GC(215) Eden regions: 51->0(45)
[2025-04-14T18:25:02.006+0000][gc,heap     ] GC(215) Survivor regions: 5->6(7)
[2025-04-14T18:25:02.006+0000][gc,heap     ] GC(215) Old regions: 586->589
[2025-04-14T18:25:02.006+0000][gc,heap     ] GC(215) Humongous regions: 147->147
[2025-04-14T18:25:02.006+0000][gc,metaspace] GC(215) Metaspace: 47531K(48192K)->47531K(48192K) NonClass: 42319K(42688K)->42319K(42688K) Class: 5212K(5504K)->5212K(5504K)
[2025-04-14T18:25:02.006+0000][gc          ] GC(215) Pause Young (Normal) (G1 Evacuation Pause) 788M->741M(1024M) 22.009ms
[2025-04-14T18:25:02.006+0000][gc,cpu      ] GC(215) User=0.03s Sys=0.00s Real=0.02s
[2025-04-14T18:26:54.200+0000][gc,start    ] GC(216) Pause Young (Normal) (G1 Evacuation Pause)
[2025-04-14T18:26:54.200+0000][gc,task     ] GC(216) Using 2 workers of 2 for evacuation
[2025-04-14T18:26:54.218+0000][gc,phases   ] GC(216)   Pre Evacuate Collection Set: 0.3ms
[2025-04-14T18:26:54.218+0000][gc,phases   ] GC(216)   Merge Heap Roots: 0.2ms
[2025-04-14T18:26:54.218+0000][gc,phases   ] GC(216)   Evacuate Collection Set: 16.2ms
[2025-04-14T18:26:54.218+0000][gc,phases   ] GC(216)   Post Evacuate Collection Set: 0.5ms
[2025-04-14T18:26:54.218+0000][gc,phases   ] GC(216)   Other: 0.1ms
[2025-04-14T18:26:54.218+0000][gc,heap     ] GC(216) Eden regions: 45->0(46)
[2025-04-14T18:26:54.218+0000][gc,heap     ] GC(216) Survivor regions: 6->5(7)
[2025-04-14T18:26:54.218+0000][gc,heap     ] GC(216) Old regions: 589->593
[2025-04-14T18:26:54.218+0000][gc,heap     ] GC(216) Humongous regions: 147->147
[2025-04-14T18:26:54.218+0000][gc,metaspace] GC(216) Metaspace: 47531K(48192K)->47531K(48192K) NonClass: 42319K(42688K)->42319K(42688K) Class: 5212K(5504K)->5212K(5504K)
[2025-04-14T18:26:54.218+0000][gc          ] GC(216) Pause Young (Normal) (G1 Evacuation Pause) 786M->744M(1024M) 18.145ms
[2025-04-14T18:26:54.218+0000][gc,cpu      ] GC(216) User=0.03s Sys=0.00s Real=0.02s
[2025-04-14T18:28:48.339+0000][gc,start    ] GC(217) Pause Young (Normal) (G1 Evacuation Pause)
[2025-04-14T18:28:48.339+0000][gc,task     ] GC(217) Using 2 workers of 2 for evacuation
[2025-04-14T18:28:48.357+0000][gc,phases   ] GC(217)   Pre Evacuate Collection Set: 0.4ms
[2025-04-14T18:28:48.357+0000][gc,phases   ] GC(217)   Merge Heap Roots: 0.2ms
[2025-04-14T18:28:48.357+0000][gc,phases   ] GC(217)   Evacuate Collection Set: 16.7ms
[2025-04-14T18:28:48.357+0000][gc,phases   ] GC(217)   Post Evacuate Collection Set: 0.5ms
[2025-04-14T18:28:48.357+0000][gc,phases   ] GC(217)   Other: 0.1ms
[2025-04-14T18:28:48.357+0000][gc,heap     ] GC(217) Eden regions: 46->0(46)
[2025-04-14T18:28:48.357+0000][gc,heap     ] GC(217) Survivor regions: 5->5(7)
[2025-04-14T18:28:48.357+0000][gc,heap     ] GC(217) Old regions: 593->596
[2025-04-14T18:28:48.357+0000][gc,heap     ] GC(217) Humongous regions: 147->147
[2025-04-14T18:28:48.357+0000][gc,metaspace] GC(217) Metaspace: 47531K(48192K)->47531K(48192K) NonClass: 42319K(42688K)->42319K(42688K) Class: 5212K(5504K)->5212K(5504K)
[2025-04-14T18:28:48.357+0000][gc          ] GC(217) Pause Young (Normal) (G1 Evacuation Pause) 790M->747M(1024M) 18.124ms
[2025-04-14T18:28:48.357+0000][gc,cpu      ] GC(217) User=0.03s Sys=0.00s Real=0.02s
[2025-04-14T18:30:42.832+0000][gc,start    ] GC(218) Pause Young (Normal) (G1 Evacuation Pause)
[2025-04-14T18:30:42.832+0000][gc,task     ] GC(218) Using 2 workers of 2 for evacuation
[2025-04-14T18:30:42.846+0000][gc,phases   ] GC(218)   Pre Evacuate Collection Set: 0.4ms
[2025-04-14T18:30:42.846+0000][gc,phases   ] GC(218)   Merge Heap Roots: 0.2ms
[2025-04-14T18:30:42.846+0000][gc,phases   ] GC(218)   Evacuate Collection Set: 12.7ms
[2025-04-14T18:30:42.846+0000][gc,phases   ] GC(218)   Post Evacuate Collection Set: 0.5ms
[2025-04-14T18:30:42.846+0000][gc,phases   ] GC(218)   Other: 0.1ms
[2025-04-14T18:30:42.846+0000][gc,heap     ] GC(218) Eden regions: 46->0(67)
[2025-04-14T18:30:42.846+0000][gc,heap     ] GC(218) Survivor regions: 5->4(7)
[2025-04-14T18:30:42.846+0000][gc,heap     ] GC(218) Old regions: 596->599
[2025-04-14T18:30:42.846+0000][gc,heap     ] GC(218) Humongous regions: 147->147
[2025-04-14T18:30:42.846+0000][gc,metaspace] GC(218) Metaspace: 47531K(48192K)->47531K(48192K) NonClass: 42319K(42688K)->42319K(42688K) Class: 5212K(5504K)->5212K(5504K)
[2025-04-14T18:30:42.846+0000][gc          ] GC(218) Pause Young (Normal) (G1 Evacuation Pause) 793M->749M(1024M) 14.093ms
[2025-04-14T18:30:43.026+0000][gc,cpu      ] GC(218) User=0.02s Sys=0.00s Real=0.20s
