[2025-04-13T13:08:16.067+0000][gc,init] CardTable entry size: 512
[2025-04-13T13:08:16.068+0000][gc     ] Using G1
[2025-04-13T13:08:16.078+0000][gc,init] Version: 21.0.6+7-Ubuntu-122.04.1 (release)
[2025-04-13T13:08:16.078+0000][gc,init] CPUs: 2 total, 2 available
[2025-04-13T13:08:16.078+0000][gc,init] Memory: 3861M
[2025-04-13T13:08:16.078+0000][gc,init] Large Page Support: Disabled
[2025-04-13T13:08:16.078+0000][gc,init] NUMA Support: Disabled
[2025-04-13T13:08:16.078+0000][gc,init] Compressed Oops: Enabled (32-bit)
[2025-04-13T13:08:16.078+0000][gc,init] Heap Region Size: 1M
[2025-04-13T13:08:16.078+0000][gc,init] Heap Min Capacity: 1G
[2025-04-13T13:08:16.078+0000][gc,init] Heap Initial Capacity: 1G
[2025-04-13T13:08:16.078+0000][gc,init] Heap Max Capacity: 1G
[2025-04-13T13:08:16.078+0000][gc,init] Pre-touch: Disabled
[2025-04-13T13:08:16.078+0000][gc,init] Parallel Workers: 2
[2025-04-13T13:08:16.078+0000][gc,init] Concurrent Workers: 1
[2025-04-13T13:08:16.078+0000][gc,init] Concurrent Refinement Workers: 2
[2025-04-13T13:08:16.078+0000][gc,init] Periodic GC: Disabled
[2025-04-13T13:08:16.089+0000][gc,metaspace] CDS archive(s) mapped at: [0x0000763977000000-0x0000763977c97000-0x0000763977c97000), size 13201408, SharedBaseAddress: 0x0000763977000000, ArchiveRelocationMode: 1.
[2025-04-13T13:08:16.089+0000][gc,metaspace] Compressed class space mapped at: 0x0000763978000000-0x00007639b8000000, reserved size: 1073741824
[2025-04-13T13:08:16.089+0000][gc,metaspace] Narrow klass base: 0x0000763977000000, Narrow klass shift: 0, Narrow klass range: 0x100000000
[2025-04-13T13:08:18.032+0000][gc,start    ] GC(0) Pause Young (Normal) (G1 Evacuation Pause)
[2025-04-13T13:08:18.032+0000][gc,task     ] GC(0) Using 2 workers of 2 for evacuation
[2025-04-13T13:08:18.044+0000][gc,phases   ] GC(0)   Pre Evacuate Collection Set: 0.5ms
[2025-04-13T13:08:18.044+0000][gc,phases   ] GC(0)   Merge Heap Roots: 0.1ms
[2025-04-13T13:08:18.044+0000][gc,phases   ] GC(0)   Evacuate Collection Set: 10.6ms
[2025-04-13T13:08:18.044+0000][gc,phases   ] GC(0)   Post Evacuate Collection Set: 0.8ms
[2025-04-13T13:08:18.044+0000][gc,phases   ] GC(0)   Other: 0.2ms
[2025-04-13T13:08:18.044+0000][gc,heap     ] GC(0) Eden regions: 51->0(44)
[2025-04-13T13:08:18.044+0000][gc,heap     ] GC(0) Survivor regions: 0->7(7)
[2025-04-13T13:08:18.044+0000][gc,heap     ] GC(0) Old regions: 2->4
[2025-04-13T13:08:18.044+0000][gc,heap     ] GC(0) Humongous regions: 0->0
[2025-04-13T13:08:18.044+0000][gc,metaspace] GC(0) Metaspace: 17548K(17728K)->17548K(17728K) NonClass: 15613K(15744K)->15613K(15744K) Class: 1935K(1984K)->1935K(1984K)
[2025-04-13T13:08:18.044+0000][gc          ] GC(0) Pause Young (Normal) (G1 Evacuation Pause) 52M->9M(1024M) 12.458ms
[2025-04-13T13:08:18.044+0000][gc,cpu      ] GC(0) User=0.02s Sys=0.01s Real=0.02s
[2025-04-13T13:08:18.224+0000][gc,start    ] GC(1) Pause Young (Concurrent Start) (Metadata GC Threshold)
[2025-04-13T13:08:18.224+0000][gc,task     ] GC(1) Using 2 workers of 2 for evacuation
[2025-04-13T13:08:18.233+0000][gc,phases   ] GC(1)   Pre Evacuate Collection Set: 0.3ms
[2025-04-13T13:08:18.233+0000][gc,phases   ] GC(1)   Merge Heap Roots: 0.0ms
[2025-04-13T13:08:18.233+0000][gc,phases   ] GC(1)   Evacuate Collection Set: 7.5ms
[2025-04-13T13:08:18.233+0000][gc,phases   ] GC(1)   Post Evacuate Collection Set: 0.5ms
[2025-04-13T13:08:18.233+0000][gc,phases   ] GC(1)   Other: 0.1ms
[2025-04-13T13:08:18.233+0000][gc,heap     ] GC(1) Eden regions: 13->0(50)
[2025-04-13T13:08:18.233+0000][gc,heap     ] GC(1) Survivor regions: 7->1(7)
[2025-04-13T13:08:18.233+0000][gc,heap     ] GC(1) Old regions: 4->11
[2025-04-13T13:08:18.233+0000][gc,heap     ] GC(1) Humongous regions: 0->0
[2025-04-13T13:08:18.233+0000][gc,metaspace] GC(1) Metaspace: 21273K(21504K)->21273K(21504K) NonClass: 19041K(19136K)->19041K(19136K) Class: 2231K(2368K)->2231K(2368K)
[2025-04-13T13:08:18.233+0000][gc          ] GC(1) Pause Young (Concurrent Start) (Metadata GC Threshold) 21M->10M(1024M) 8.592ms
[2025-04-13T13:08:18.233+0000][gc,cpu      ] GC(1) User=0.02s Sys=0.00s Real=0.00s
[2025-04-13T13:08:18.233+0000][gc          ] GC(2) Concurrent Mark Cycle
[2025-04-13T13:08:18.233+0000][gc,marking  ] GC(2) Concurrent Scan Root Regions
[2025-04-13T13:08:18.240+0000][gc,marking  ] GC(2) Concurrent Scan Root Regions 6.628ms
[2025-04-13T13:08:18.240+0000][gc,marking  ] GC(2) Concurrent Mark
[2025-04-13T13:08:18.240+0000][gc,marking  ] GC(2) Concurrent Mark From Roots
[2025-04-13T13:08:18.240+0000][gc,task     ] GC(2) Using 1 workers of 1 for marking
[2025-04-13T13:08:18.246+0000][gc,marking  ] GC(2) Concurrent Mark From Roots 5.892ms
[2025-04-13T13:08:18.246+0000][gc,marking  ] GC(2) Concurrent Preclean
[2025-04-13T13:08:18.246+0000][gc,marking  ] GC(2) Concurrent Preclean 0.008ms
[2025-04-13T13:08:18.246+0000][gc,start    ] GC(2) Pause Remark
[2025-04-13T13:08:18.248+0000][gc          ] GC(2) Pause Remark 11M->11M(1024M) 2.570ms
[2025-04-13T13:08:18.248+0000][gc,cpu      ] GC(2) User=0.00s Sys=0.00s Real=0.00s
[2025-04-13T13:08:18.248+0000][gc,marking  ] GC(2) Concurrent Mark 8.683ms
[2025-04-13T13:08:18.248+0000][gc,marking  ] GC(2) Concurrent Rebuild Remembered Sets and Scrub Regions
[2025-04-13T13:08:18.253+0000][gc,marking  ] GC(2) Concurrent Rebuild Remembered Sets and Scrub Regions 4.619ms
[2025-04-13T13:08:18.253+0000][gc,start    ] GC(2) Pause Cleanup
[2025-04-13T13:08:18.253+0000][gc          ] GC(2) Pause Cleanup 11M->11M(1024M) 0.182ms
[2025-04-13T13:08:18.253+0000][gc,cpu      ] GC(2) User=0.00s Sys=0.00s Real=0.00s
[2025-04-13T13:08:18.253+0000][gc,marking  ] GC(2) Concurrent Clear Claimed Marks
[2025-04-13T13:08:18.253+0000][gc,marking  ] GC(2) Concurrent Clear Claimed Marks 0.013ms
[2025-04-13T13:08:18.253+0000][gc,marking  ] GC(2) Concurrent Cleanup for Next Mark
[2025-04-13T13:08:18.266+0000][gc,marking  ] GC(2) Concurrent Cleanup for Next Mark 12.664ms
[2025-04-13T13:08:18.266+0000][gc          ] GC(2) Concurrent Mark Cycle 33.065ms
[2025-04-13T13:08:19.255+0000][gc,start    ] GC(3) Pause Young (Prepare Mixed) (G1 Evacuation Pause)
[2025-04-13T13:08:19.255+0000][gc,task     ] GC(3) Using 2 workers of 2 for evacuation
[2025-04-13T13:08:19.264+0000][gc,phases   ] GC(3)   Pre Evacuate Collection Set: 0.3ms
[2025-04-13T13:08:19.265+0000][gc,phases   ] GC(3)   Merge Heap Roots: 0.1ms
[2025-04-13T13:08:19.265+0000][gc,phases   ] GC(3)   Evacuate Collection Set: 8.7ms
[2025-04-13T13:08:19.265+0000][gc,phases   ] GC(3)   Post Evacuate Collection Set: 0.5ms
[2025-04-13T13:08:19.265+0000][gc,phases   ] GC(3)   Other: 0.1ms
[2025-04-13T13:08:19.265+0000][gc,heap     ] GC(3) Eden regions: 50->0(47)
[2025-04-13T13:08:19.265+0000][gc,heap     ] GC(3) Survivor regions: 1->4(7)
[2025-04-13T13:08:19.265+0000][gc,heap     ] GC(3) Old regions: 11->11
[2025-04-13T13:08:19.265+0000][gc,heap     ] GC(3) Humongous regions: 9->9
[2025-04-13T13:08:19.265+0000][gc,metaspace] GC(3) Metaspace: 32228K(32576K)->32228K(32576K) NonClass: 28677K(28864K)->28677K(28864K) Class: 3550K(3712K)->3550K(3712K)
[2025-04-13T13:08:19.265+0000][gc          ] GC(3) Pause Young (Prepare Mixed) (G1 Evacuation Pause) 69M->22M(1024M) 9.751ms
[2025-04-13T13:08:19.265+0000][gc,cpu      ] GC(3) User=0.02s Sys=0.00s Real=0.01s
[2025-04-13T13:08:19.575+0000][gc,start    ] GC(4) Pause Young (Mixed) (Metadata GC Threshold)
[2025-04-13T13:08:19.575+0000][gc,task     ] GC(4) Using 2 workers of 2 for evacuation
[2025-04-13T13:08:19.586+0000][gc,phases   ] GC(4)   Pre Evacuate Collection Set: 0.6ms
[2025-04-13T13:08:19.586+0000][gc,phases   ] GC(4)   Merge Heap Roots: 0.1ms
[2025-04-13T13:08:19.586+0000][gc,phases   ] GC(4)   Evacuate Collection Set: 9.2ms
[2025-04-13T13:08:19.586+0000][gc,phases   ] GC(4)   Post Evacuate Collection Set: 0.5ms
[2025-04-13T13:08:19.586+0000][gc,phases   ] GC(4)   Other: 0.1ms
[2025-04-13T13:08:19.586+0000][gc,heap     ] GC(4) Eden regions: 22->0(44)
[2025-04-13T13:08:19.586+0000][gc,heap     ] GC(4) Survivor regions: 4->7(7)
[2025-04-13T13:08:19.586+0000][gc,heap     ] GC(4) Old regions: 11->10
[2025-04-13T13:08:19.586+0000][gc,heap     ] GC(4) Humongous regions: 9->9
[2025-04-13T13:08:19.586+0000][gc,metaspace] GC(4) Metaspace: 35779K(36096K)->35779K(36096K) NonClass: 31874K(32064K)->31874K(32064K) Class: 3905K(4032K)->3905K(4032K)
[2025-04-13T13:08:19.586+0000][gc          ] GC(4) Pause Young (Mixed) (Metadata GC Threshold) 44M->25M(1024M) 10.511ms
[2025-04-13T13:08:19.586+0000][gc,cpu      ] GC(4) User=0.02s Sys=0.00s Real=0.01s
[2025-04-13T13:08:19.607+0000][gc,start    ] GC(5) Pause Young (Concurrent Start) (Metadata GC Threshold)
[2025-04-13T13:08:19.607+0000][gc,task     ] GC(5) Using 2 workers of 2 for evacuation
[2025-04-13T13:08:19.617+0000][gc,phases   ] GC(5)   Pre Evacuate Collection Set: 0.5ms
[2025-04-13T13:08:19.617+0000][gc,phases   ] GC(5)   Merge Heap Roots: 0.0ms
[2025-04-13T13:08:19.617+0000][gc,phases   ] GC(5)   Evacuate Collection Set: 8.5ms
[2025-04-13T13:08:19.617+0000][gc,phases   ] GC(5)   Post Evacuate Collection Set: 0.4ms
[2025-04-13T13:08:19.617+0000][gc,phases   ] GC(5)   Other: 0.1ms
[2025-04-13T13:08:19.617+0000][gc,heap     ] GC(5) Eden regions: 2->0(47)
[2025-04-13T13:08:19.617+0000][gc,heap     ] GC(5) Survivor regions: 7->4(7)
[2025-04-13T13:08:19.617+0000][gc,heap     ] GC(5) Old regions: 10->14
[2025-04-13T13:08:19.617+0000][gc,heap     ] GC(5) Humongous regions: 9->9
[2025-04-13T13:08:19.617+0000][gc,metaspace] GC(5) Metaspace: 36086K(36416K)->36086K(36416K) NonClass: 32134K(32320K)->32134K(32320K) Class: 3952K(4096K)->3952K(4096K)
[2025-04-13T13:08:19.617+0000][gc          ] GC(5) Pause Young (Concurrent Start) (Metadata GC Threshold) 27M->25M(1024M) 9.725ms
[2025-04-13T13:08:19.617+0000][gc          ] GC(6) Concurrent Mark Cycle
[2025-04-13T13:08:19.617+0000][gc,marking  ] GC(6) Concurrent Scan Root Regions
[2025-04-13T13:08:19.619+0000][gc,cpu      ] GC(5) User=0.02s Sys=0.00s Real=0.01s
[2025-04-13T13:08:19.633+0000][gc,marking  ] GC(6) Concurrent Scan Root Regions 16.272ms
[2025-04-13T13:08:19.633+0000][gc,marking  ] GC(6) Concurrent Mark
[2025-04-13T13:08:19.633+0000][gc,marking  ] GC(6) Concurrent Mark From Roots
[2025-04-13T13:08:19.633+0000][gc,task     ] GC(6) Using 1 workers of 1 for marking
[2025-04-13T13:08:19.658+0000][gc,marking  ] GC(6) Concurrent Mark From Roots 25.326ms
[2025-04-13T13:08:19.658+0000][gc,marking  ] GC(6) Concurrent Preclean
[2025-04-13T13:08:19.658+0000][gc,marking  ] GC(6) Concurrent Preclean 0.049ms
[2025-04-13T13:08:19.659+0000][gc,start    ] GC(6) Pause Remark
[2025-04-13T13:08:19.662+0000][gc          ] GC(6) Pause Remark 28M->28M(1024M) 3.552ms
[2025-04-13T13:08:19.662+0000][gc,cpu      ] GC(6) User=0.01s Sys=0.00s Real=0.00s
[2025-04-13T13:08:19.662+0000][gc,marking  ] GC(6) Concurrent Mark 29.308ms
[2025-04-13T13:08:19.662+0000][gc,marking  ] GC(6) Concurrent Rebuild Remembered Sets and Scrub Regions
[2025-04-13T13:08:19.673+0000][gc,marking  ] GC(6) Concurrent Rebuild Remembered Sets and Scrub Regions 10.967ms
[2025-04-13T13:08:19.675+0000][gc,start    ] GC(6) Pause Cleanup
[2025-04-13T13:08:19.675+0000][gc          ] GC(6) Pause Cleanup 29M->29M(1024M) 0.743ms
[2025-04-13T13:08:19.675+0000][gc,cpu      ] GC(6) User=0.00s Sys=0.00s Real=0.00s
[2025-04-13T13:08:19.677+0000][gc,marking  ] GC(6) Concurrent Clear Claimed Marks
[2025-04-13T13:08:19.677+0000][gc,marking  ] GC(6) Concurrent Clear Claimed Marks 0.044ms
[2025-04-13T13:08:19.677+0000][gc,marking  ] GC(6) Concurrent Cleanup for Next Mark
[2025-04-13T13:08:19.690+0000][gc,marking  ] GC(6) Concurrent Cleanup for Next Mark 12.760ms
[2025-04-13T13:08:19.690+0000][gc          ] GC(6) Concurrent Mark Cycle 73.057ms
[2025-04-13T13:09:11.896+0000][gc,start    ] GC(7) Pause Young (Prepare Mixed) (G1 Evacuation Pause)
[2025-04-13T13:09:11.896+0000][gc,task     ] GC(7) Using 2 workers of 2 for evacuation
[2025-04-13T13:09:11.909+0000][gc,phases   ] GC(7)   Pre Evacuate Collection Set: 0.7ms
[2025-04-13T13:09:11.909+0000][gc,phases   ] GC(7)   Merge Heap Roots: 0.2ms
[2025-04-13T13:09:11.909+0000][gc,phases   ] GC(7)   Evacuate Collection Set: 11.1ms
[2025-04-13T13:09:11.909+0000][gc,phases   ] GC(7)   Post Evacuate Collection Set: 1.0ms
[2025-04-13T13:09:11.909+0000][gc,phases   ] GC(7)   Other: 0.1ms
[2025-04-13T13:09:11.910+0000][gc,heap     ] GC(7) Eden regions: 47->0(44)
[2025-04-13T13:09:11.910+0000][gc,heap     ] GC(7) Survivor regions: 4->7(7)
[2025-04-13T13:09:11.910+0000][gc,heap     ] GC(7) Old regions: 14->14
[2025-04-13T13:09:11.910+0000][gc,heap     ] GC(7) Humongous regions: 138->138
[2025-04-13T13:09:11.910+0000][gc,metaspace] GC(7) Metaspace: 41975K(42496K)->41975K(42496K) NonClass: 37341K(37632K)->37341K(37632K) Class: 4634K(4864K)->4634K(4864K)
[2025-04-13T13:09:11.910+0000][gc          ] GC(7) Pause Young (Prepare Mixed) (G1 Evacuation Pause) 201M->158M(1024M) 13.242ms
[2025-04-13T13:09:11.910+0000][gc,cpu      ] GC(7) User=0.02s Sys=0.00s Real=0.01s
[2025-04-13T13:10:55.493+0000][gc,start    ] GC(8) Pause Young (Mixed) (G1 Evacuation Pause)
[2025-04-13T13:10:55.494+0000][gc,task     ] GC(8) Using 2 workers of 2 for evacuation
[2025-04-13T13:10:55.514+0000][gc,mmu      ] GC(8) MMU target violated: 20.3ms (20.0ms/21.0ms)
[2025-04-13T13:10:55.514+0000][gc,phases   ] GC(8)   Pre Evacuate Collection Set: 0.6ms
[2025-04-13T13:10:55.514+0000][gc,phases   ] GC(8)   Merge Heap Roots: 0.1ms
[2025-04-13T13:10:55.514+0000][gc,phases   ] GC(8)   Evacuate Collection Set: 18.5ms
[2025-04-13T13:10:55.514+0000][gc,phases   ] GC(8)   Post Evacuate Collection Set: 1.0ms
[2025-04-13T13:10:55.514+0000][gc,phases   ] GC(8)   Other: 0.1ms
[2025-04-13T13:10:55.514+0000][gc,heap     ] GC(8) Eden regions: 44->0(47)
[2025-04-13T13:10:55.514+0000][gc,heap     ] GC(8) Survivor regions: 7->4(7)
[2025-04-13T13:10:55.514+0000][gc,heap     ] GC(8) Old regions: 14->20
[2025-04-13T13:10:55.514+0000][gc,heap     ] GC(8) Humongous regions: 138->138
[2025-04-13T13:10:55.514+0000][gc,metaspace] GC(8) Metaspace: 43071K(43648K)->43071K(43648K) NonClass: 38362K(38656K)->38362K(38656K) Class: 4709K(4992K)->4709K(4992K)
[2025-04-13T13:10:55.514+0000][gc          ] GC(8) Pause Young (Mixed) (G1 Evacuation Pause) 202M->161M(1024M) 20.541ms
[2025-04-13T13:10:55.514+0000][gc,cpu      ] GC(8) User=0.03s Sys=0.00s Real=0.03s
[2025-04-13T13:12:49.713+0000][gc,start    ] GC(9) Pause Young (Normal) (G1 Evacuation Pause)
[2025-04-13T13:12:49.713+0000][gc,task     ] GC(9) Using 2 workers of 2 for evacuation
[2025-04-13T13:12:49.728+0000][gc,phases   ] GC(9)   Pre Evacuate Collection Set: 0.5ms
[2025-04-13T13:12:49.728+0000][gc,phases   ] GC(9)   Merge Heap Roots: 0.2ms
[2025-04-13T13:12:49.728+0000][gc,phases   ] GC(9)   Evacuate Collection Set: 13.5ms
[2025-04-13T13:12:49.728+0000][gc,phases   ] GC(9)   Post Evacuate Collection Set: 0.5ms
[2025-04-13T13:12:49.728+0000][gc,phases   ] GC(9)   Other: 0.1ms
[2025-04-13T13:12:49.728+0000][gc,heap     ] GC(9) Eden regions: 47->0(46)
[2025-04-13T13:12:49.728+0000][gc,heap     ] GC(9) Survivor regions: 4->5(7)
[2025-04-13T13:12:49.728+0000][gc,heap     ] GC(9) Old regions: 20->20
[2025-04-13T13:12:49.728+0000][gc,heap     ] GC(9) Humongous regions: 138->138
[2025-04-13T13:12:49.728+0000][gc,metaspace] GC(9) Metaspace: 43654K(44160K)->43654K(44160K) NonClass: 38934K(39168K)->38934K(39168K) Class: 4719K(4992K)->4719K(4992K)
[2025-04-13T13:12:49.728+0000][gc          ] GC(9) Pause Young (Normal) (G1 Evacuation Pause) 208M->162M(1024M) 14.866ms
[2025-04-13T13:12:49.728+0000][gc,cpu      ] GC(9) User=0.03s Sys=0.00s Real=0.02s
[2025-04-13T13:14:47.885+0000][gc,start    ] GC(10) Pause Young (Normal) (G1 Evacuation Pause)
[2025-04-13T13:14:47.885+0000][gc,task     ] GC(10) Using 2 workers of 2 for evacuation
[2025-04-13T13:14:47.896+0000][gc,phases   ] GC(10)   Pre Evacuate Collection Set: 0.4ms
[2025-04-13T13:14:47.896+0000][gc,phases   ] GC(10)   Merge Heap Roots: 0.1ms
[2025-04-13T13:14:47.896+0000][gc,phases   ] GC(10)   Evacuate Collection Set: 10.1ms
[2025-04-13T13:14:47.896+0000][gc,phases   ] GC(10)   Post Evacuate Collection Set: 0.5ms
[2025-04-13T13:14:47.896+0000][gc,phases   ] GC(10)   Other: 0.1ms
[2025-04-13T13:14:47.896+0000][gc,heap     ] GC(10) Eden regions: 46->0(47)
[2025-04-13T13:14:47.896+0000][gc,heap     ] GC(10) Survivor regions: 5->4(7)
[2025-04-13T13:14:47.896+0000][gc,heap     ] GC(10) Old regions: 20->22
[2025-04-13T13:14:47.896+0000][gc,heap     ] GC(10) Humongous regions: 138->138
[2025-04-13T13:14:47.896+0000][gc,metaspace] GC(10) Metaspace: 43872K(44416K)->43872K(44416K) NonClass: 39143K(39424K)->39143K(39424K) Class: 4729K(4992K)->4729K(4992K)
[2025-04-13T13:14:47.896+0000][gc          ] GC(10) Pause Young (Normal) (G1 Evacuation Pause) 208M->163M(1024M) 11.479ms
[2025-04-13T13:14:47.896+0000][gc,cpu      ] GC(10) User=0.01s Sys=0.00s Real=0.01s
[2025-04-13T13:16:28.650+0000][gc,start    ] GC(11) Pause Young (Normal) (G1 Evacuation Pause)
[2025-04-13T13:16:28.650+0000][gc,task     ] GC(11) Using 2 workers of 2 for evacuation
[2025-04-13T13:16:28.665+0000][gc,phases   ] GC(11)   Pre Evacuate Collection Set: 0.7ms
[2025-04-13T13:16:28.665+0000][gc,phases   ] GC(11)   Merge Heap Roots: 0.2ms
[2025-04-13T13:16:28.665+0000][gc,phases   ] GC(11)   Evacuate Collection Set: 13.3ms
[2025-04-13T13:16:28.665+0000][gc,phases   ] GC(11)   Post Evacuate Collection Set: 0.8ms
[2025-04-13T13:16:28.665+0000][gc,phases   ] GC(11)   Other: 0.1ms
[2025-04-13T13:16:28.665+0000][gc,heap     ] GC(11) Eden regions: 47->0(44)
[2025-04-13T13:16:28.665+0000][gc,heap     ] GC(11) Survivor regions: 4->7(7)
[2025-04-13T13:16:28.665+0000][gc,heap     ] GC(11) Old regions: 22->23
[2025-04-13T13:16:28.665+0000][gc,heap     ] GC(11) Humongous regions: 138->138
[2025-04-13T13:16:28.665+0000][gc,metaspace] GC(11) Metaspace: 44874K(45504K)->44874K(45504K) NonClass: 39968K(40320K)->39968K(40320K) Class: 4906K(5184K)->4906K(5184K)
[2025-04-13T13:16:28.665+0000][gc          ] GC(11) Pause Young (Normal) (G1 Evacuation Pause) 210M->167M(1024M) 15.285ms
[2025-04-13T13:16:28.665+0000][gc,cpu      ] GC(11) User=0.03s Sys=0.00s Real=0.02s
[2025-04-13T13:19:13.588+0000][gc,start    ] GC(12) Pause Young (Normal) (G1 Evacuation Pause)
[2025-04-13T13:19:13.588+0000][gc,task     ] GC(12) Using 2 workers of 2 for evacuation
[2025-04-13T13:19:13.604+0000][gc,phases   ] GC(12)   Pre Evacuate Collection Set: 0.4ms
[2025-04-13T13:19:13.604+0000][gc,phases   ] GC(12)   Merge Heap Roots: 0.3ms
[2025-04-13T13:19:13.604+0000][gc,phases   ] GC(12)   Evacuate Collection Set: 15.0ms
[2025-04-13T13:19:13.604+0000][gc,phases   ] GC(12)   Post Evacuate Collection Set: 0.8ms
[2025-04-13T13:19:13.604+0000][gc,phases   ] GC(12)   Other: 0.1ms
[2025-04-13T13:19:13.604+0000][gc,heap     ] GC(12) Eden regions: 44->0(46)
[2025-04-13T13:19:13.604+0000][gc,heap     ] GC(12) Survivor regions: 7->5(7)
[2025-04-13T13:19:13.604+0000][gc,heap     ] GC(12) Old regions: 23->27
[2025-04-13T13:19:13.604+0000][gc,heap     ] GC(12) Humongous regions: 138->138
[2025-04-13T13:19:13.604+0000][gc,metaspace] GC(12) Metaspace: 44989K(45568K)->44989K(45568K) NonClass: 40064K(40384K)->40064K(40384K) Class: 4924K(5184K)->4924K(5184K)
[2025-04-13T13:19:13.604+0000][gc          ] GC(12) Pause Young (Normal) (G1 Evacuation Pause) 211M->170M(1024M) 16.798ms
[2025-04-13T13:19:13.604+0000][gc,cpu      ] GC(12) User=0.03s Sys=0.00s Real=0.02s
[2025-04-13T13:22:09.806+0000][gc,start    ] GC(13) Pause Young (Normal) (G1 Evacuation Pause)
[2025-04-13T13:22:09.806+0000][gc,task     ] GC(13) Using 2 workers of 2 for evacuation
[2025-04-13T13:22:09.824+0000][gc,phases   ] GC(13)   Pre Evacuate Collection Set: 0.4ms
[2025-04-13T13:22:09.824+0000][gc,phases   ] GC(13)   Merge Heap Roots: 0.2ms
[2025-04-13T13:22:09.824+0000][gc,phases   ] GC(13)   Evacuate Collection Set: 16.5ms
[2025-04-13T13:22:09.824+0000][gc,phases   ] GC(13)   Post Evacuate Collection Set: 0.5ms
[2025-04-13T13:22:09.824+0000][gc,phases   ] GC(13)   Other: 0.1ms
[2025-04-13T13:22:09.824+0000][gc,heap     ] GC(13) Eden regions: 46->0(45)
[2025-04-13T13:22:09.824+0000][gc,heap     ] GC(13) Survivor regions: 5->6(7)
[2025-04-13T13:22:09.824+0000][gc,heap     ] GC(13) Old regions: 27->29
[2025-04-13T13:22:09.824+0000][gc,heap     ] GC(13) Humongous regions: 138->138
[2025-04-13T13:22:09.824+0000][gc,metaspace] GC(13) Metaspace: 45034K(45632K)->45034K(45632K) NonClass: 40108K(40448K)->40108K(40448K) Class: 4926K(5184K)->4926K(5184K)
[2025-04-13T13:22:09.824+0000][gc          ] GC(13) Pause Young (Normal) (G1 Evacuation Pause) 215M->172M(1024M) 17.895ms
[2025-04-13T13:22:09.824+0000][gc,cpu      ] GC(13) User=0.02s Sys=0.00s Real=0.02s
[2025-04-13T13:24:45.571+0000][gc,start    ] GC(14) Pause Young (Normal) (G1 Evacuation Pause)
[2025-04-13T13:24:45.571+0000][gc,task     ] GC(14) Using 2 workers of 2 for evacuation
[2025-04-13T13:24:45.586+0000][gc,phases   ] GC(14)   Pre Evacuate Collection Set: 0.4ms
[2025-04-13T13:24:45.586+0000][gc,phases   ] GC(14)   Merge Heap Roots: 0.3ms
[2025-04-13T13:24:45.586+0000][gc,phases   ] GC(14)   Evacuate Collection Set: 13.2ms
[2025-04-13T13:24:45.586+0000][gc,phases   ] GC(14)   Post Evacuate Collection Set: 0.7ms
[2025-04-13T13:24:45.586+0000][gc,phases   ] GC(14)   Other: 0.1ms
[2025-04-13T13:24:45.586+0000][gc,heap     ] GC(14) Eden regions: 45->0(46)
[2025-04-13T13:24:45.586+0000][gc,heap     ] GC(14) Survivor regions: 6->5(7)
[2025-04-13T13:24:45.586+0000][gc,heap     ] GC(14) Old regions: 29->31
[2025-04-13T13:24:45.586+0000][gc,heap     ] GC(14) Humongous regions: 138->138
[2025-04-13T13:24:45.586+0000][gc,metaspace] GC(14) Metaspace: 45148K(45760K)->45148K(45760K) NonClass: 40218K(40576K)->40218K(40576K) Class: 4929K(5184K)->4929K(5184K)
[2025-04-13T13:24:45.586+0000][gc          ] GC(14) Pause Young (Normal) (G1 Evacuation Pause) 217M->173M(1024M) 14.808ms
[2025-04-13T13:24:45.586+0000][gc,cpu      ] GC(14) User=0.02s Sys=0.00s Real=0.02s
[2025-04-13T13:27:47.353+0000][gc,start    ] GC(15) Pause Young (Normal) (G1 Evacuation Pause)
[2025-04-13T13:27:47.353+0000][gc,task     ] GC(15) Using 2 workers of 2 for evacuation
[2025-04-13T13:27:47.366+0000][gc,phases   ] GC(15)   Pre Evacuate Collection Set: 0.4ms
[2025-04-13T13:27:47.366+0000][gc,phases   ] GC(15)   Merge Heap Roots: 0.2ms
[2025-04-13T13:27:47.366+0000][gc,phases   ] GC(15)   Evacuate Collection Set: 12.2ms
[2025-04-13T13:27:47.366+0000][gc,phases   ] GC(15)   Post Evacuate Collection Set: 0.6ms
[2025-04-13T13:27:47.366+0000][gc,phases   ] GC(15)   Other: 0.1ms
[2025-04-13T13:27:47.366+0000][gc,heap     ] GC(15) Eden regions: 46->0(46)
[2025-04-13T13:27:47.366+0000][gc,heap     ] GC(15) Survivor regions: 5->5(7)
[2025-04-13T13:27:47.366+0000][gc,heap     ] GC(15) Old regions: 31->33
[2025-04-13T13:27:47.366+0000][gc,heap     ] GC(15) Humongous regions: 138->138
[2025-04-13T13:27:47.366+0000][gc,metaspace] GC(15) Metaspace: 45220K(45824K)->45220K(45824K) NonClass: 40290K(40640K)->40290K(40640K) Class: 4929K(5184K)->4929K(5184K)
[2025-04-13T13:27:47.366+0000][gc          ] GC(15) Pause Young (Normal) (G1 Evacuation Pause) 219M->175M(1024M) 13.704ms
[2025-04-13T13:27:47.366+0000][gc,cpu      ] GC(15) User=0.02s Sys=0.00s Real=0.02s
[2025-04-13T13:30:49.920+0000][gc,start    ] GC(16) Pause Young (Normal) (G1 Evacuation Pause)
[2025-04-13T13:30:49.920+0000][gc,task     ] GC(16) Using 2 workers of 2 for evacuation
[2025-04-13T13:30:49.932+0000][gc,phases   ] GC(16)   Pre Evacuate Collection Set: 0.2ms
[2025-04-13T13:30:49.932+0000][gc,phases   ] GC(16)   Merge Heap Roots: 0.2ms
[2025-04-13T13:30:49.932+0000][gc,phases   ] GC(16)   Evacuate Collection Set: 10.6ms
[2025-04-13T13:30:49.932+0000][gc,phases   ] GC(16)   Post Evacuate Collection Set: 0.7ms
[2025-04-13T13:30:49.932+0000][gc,phases   ] GC(16)   Other: 0.1ms
[2025-04-13T13:30:49.932+0000][gc,heap     ] GC(16) Eden regions: 46->0(48)
[2025-04-13T13:30:49.932+0000][gc,heap     ] GC(16) Survivor regions: 5->3(7)
[2025-04-13T13:30:49.932+0000][gc,heap     ] GC(16) Old regions: 33->35
[2025-04-13T13:30:49.932+0000][gc,heap     ] GC(16) Humongous regions: 138->138
[2025-04-13T13:30:49.932+0000][gc,metaspace] GC(16) Metaspace: 45243K(45824K)->45243K(45824K) NonClass: 40314K(40640K)->40314K(40640K) Class: 4929K(5184K)->4929K(5184K)
[2025-04-13T13:30:49.932+0000][gc          ] GC(16) Pause Young (Normal) (G1 Evacuation Pause) 221M->175M(1024M) 12.016ms
[2025-04-13T13:30:49.932+0000][gc,cpu      ] GC(16) User=0.02s Sys=0.00s Real=0.01s
[2025-04-13T13:33:53.435+0000][gc,start    ] GC(17) Pause Young (Normal) (G1 Evacuation Pause)
[2025-04-13T13:33:53.435+0000][gc,task     ] GC(17) Using 2 workers of 2 for evacuation
[2025-04-13T13:33:53.446+0000][gc,phases   ] GC(17)   Pre Evacuate Collection Set: 0.5ms
[2025-04-13T13:33:53.446+0000][gc,phases   ] GC(17)   Merge Heap Roots: 0.2ms
[2025-04-13T13:33:53.446+0000][gc,phases   ] GC(17)   Evacuate Collection Set: 9.6ms
[2025-04-13T13:33:53.446+0000][gc,phases   ] GC(17)   Post Evacuate Collection Set: 0.6ms
[2025-04-13T13:33:53.446+0000][gc,phases   ] GC(17)   Other: 0.1ms
[2025-04-13T13:33:53.446+0000][gc,heap     ] GC(17) Eden regions: 48->0(46)
[2025-04-13T13:33:53.446+0000][gc,heap     ] GC(17) Survivor regions: 3->5(7)
[2025-04-13T13:33:53.446+0000][gc,heap     ] GC(17) Old regions: 35->35
[2025-04-13T13:33:53.446+0000][gc,heap     ] GC(17) Humongous regions: 138->138
[2025-04-13T13:33:53.446+0000][gc,metaspace] GC(17) Metaspace: 45271K(45824K)->45271K(45824K) NonClass: 40342K(40640K)->40342K(40640K) Class: 4929K(5184K)->4929K(5184K)
[2025-04-13T13:33:53.446+0000][gc          ] GC(17) Pause Young (Normal) (G1 Evacuation Pause) 223M->177M(1024M) 11.244ms
[2025-04-13T13:33:53.446+0000][gc,cpu      ] GC(17) User=0.02s Sys=0.00s Real=0.01s
[2025-04-13T13:36:38.440+0000][gc,start    ] GC(18) Pause Young (Normal) (G1 Evacuation Pause)
[2025-04-13T13:36:38.440+0000][gc,task     ] GC(18) Using 2 workers of 2 for evacuation
[2025-04-13T13:36:38.453+0000][gc,phases   ] GC(18)   Pre Evacuate Collection Set: 0.2ms
[2025-04-13T13:36:38.453+0000][gc,phases   ] GC(18)   Merge Heap Roots: 0.1ms
[2025-04-13T13:36:38.453+0000][gc,phases   ] GC(18)   Evacuate Collection Set: 11.6ms
[2025-04-13T13:36:38.453+0000][gc,phases   ] GC(18)   Post Evacuate Collection Set: 0.6ms
[2025-04-13T13:36:38.453+0000][gc,phases   ] GC(18)   Other: 0.1ms
[2025-04-13T13:36:38.453+0000][gc,heap     ] GC(18) Eden regions: 46->0(46)
[2025-04-13T13:36:38.453+0000][gc,heap     ] GC(18) Survivor regions: 5->5(7)
[2025-04-13T13:36:38.453+0000][gc,heap     ] GC(18) Old regions: 35->37
[2025-04-13T13:36:38.453+0000][gc,heap     ] GC(18) Humongous regions: 138->138
[2025-04-13T13:36:38.453+0000][gc,metaspace] GC(18) Metaspace: 45294K(45888K)->45294K(45888K) NonClass: 40364K(40704K)->40364K(40704K) Class: 4929K(5184K)->4929K(5184K)
[2025-04-13T13:36:38.453+0000][gc          ] GC(18) Pause Young (Normal) (G1 Evacuation Pause) 223M->179M(1024M) 12.829ms
[2025-04-13T13:36:38.453+0000][gc,cpu      ] GC(18) User=0.03s Sys=0.00s Real=0.01s
[2025-04-13T13:39:19.319+0000][gc,start    ] GC(19) Pause Young (Normal) (G1 Evacuation Pause)
[2025-04-13T13:39:19.319+0000][gc,task     ] GC(19) Using 2 workers of 2 for evacuation
[2025-04-13T13:39:19.335+0000][gc,phases   ] GC(19)   Pre Evacuate Collection Set: 0.5ms
[2025-04-13T13:39:19.335+0000][gc,phases   ] GC(19)   Merge Heap Roots: 0.2ms
[2025-04-13T13:39:19.335+0000][gc,phases   ] GC(19)   Evacuate Collection Set: 15.1ms
[2025-04-13T13:39:19.335+0000][gc,phases   ] GC(19)   Post Evacuate Collection Set: 0.7ms
[2025-04-13T13:39:19.335+0000][gc,phases   ] GC(19)   Other: 0.1ms
[2025-04-13T13:39:19.335+0000][gc,heap     ] GC(19) Eden regions: 46->0(45)
[2025-04-13T13:39:19.335+0000][gc,heap     ] GC(19) Survivor regions: 5->6(7)
[2025-04-13T13:39:19.335+0000][gc,heap     ] GC(19) Old regions: 37->39
[2025-04-13T13:39:19.335+0000][gc,heap     ] GC(19) Humongous regions: 138->138
[2025-04-13T13:39:19.335+0000][gc,metaspace] GC(19) Metaspace: 45331K(45888K)->45331K(45888K) NonClass: 40397K(40704K)->40397K(40704K) Class: 4933K(5184K)->4933K(5184K)
[2025-04-13T13:39:19.335+0000][gc          ] GC(19) Pause Young (Normal) (G1 Evacuation Pause) 225M->182M(1024M) 16.794ms
[2025-04-13T13:39:19.335+0000][gc,cpu      ] GC(19) User=0.03s Sys=0.00s Real=0.02s
[2025-04-13T13:41:58.822+0000][gc,start    ] GC(20) Pause Young (Normal) (G1 Evacuation Pause)
[2025-04-13T13:41:58.822+0000][gc,task     ] GC(20) Using 2 workers of 2 for evacuation
[2025-04-13T13:41:58.841+0000][gc,phases   ] GC(20)   Pre Evacuate Collection Set: 0.4ms
[2025-04-13T13:41:58.841+0000][gc,phases   ] GC(20)   Merge Heap Roots: 0.2ms
[2025-04-13T13:41:58.841+0000][gc,phases   ] GC(20)   Evacuate Collection Set: 16.7ms
[2025-04-13T13:41:58.841+0000][gc,phases   ] GC(20)   Post Evacuate Collection Set: 0.6ms
[2025-04-13T13:41:58.841+0000][gc,phases   ] GC(20)   Other: 0.1ms
[2025-04-13T13:41:58.841+0000][gc,heap     ] GC(20) Eden regions: 45->0(46)
[2025-04-13T13:41:58.841+0000][gc,heap     ] GC(20) Survivor regions: 6->5(7)
[2025-04-13T13:41:58.841+0000][gc,heap     ] GC(20) Old regions: 39->44
[2025-04-13T13:41:58.841+0000][gc,heap     ] GC(20) Humongous regions: 138->138
[2025-04-13T13:41:58.841+0000][gc,metaspace] GC(20) Metaspace: 45339K(45888K)->45339K(45888K) NonClass: 40405K(40704K)->40405K(40704K) Class: 4933K(5184K)->4933K(5184K)
[2025-04-13T13:41:58.841+0000][gc          ] GC(20) Pause Young (Normal) (G1 Evacuation Pause) 227M->186M(1024M) 18.216ms
[2025-04-13T13:41:58.841+0000][gc,cpu      ] GC(20) User=0.03s Sys=0.00s Real=0.02s
[2025-04-13T13:44:33.137+0000][gc,start    ] GC(21) Pause Young (Normal) (G1 Evacuation Pause)
[2025-04-13T13:44:33.137+0000][gc,task     ] GC(21) Using 2 workers of 2 for evacuation
[2025-04-13T13:44:33.149+0000][gc,phases   ] GC(21)   Pre Evacuate Collection Set: 0.4ms
[2025-04-13T13:44:33.149+0000][gc,phases   ] GC(21)   Merge Heap Roots: 0.1ms
[2025-04-13T13:44:33.149+0000][gc,phases   ] GC(21)   Evacuate Collection Set: 11.0ms
[2025-04-13T13:44:33.149+0000][gc,phases   ] GC(21)   Post Evacuate Collection Set: 0.5ms
[2025-04-13T13:44:33.149+0000][gc,phases   ] GC(21)   Other: 0.1ms
[2025-04-13T13:44:33.149+0000][gc,heap     ] GC(21) Eden regions: 46->0(50)
[2025-04-13T13:44:33.149+0000][gc,heap     ] GC(21) Survivor regions: 5->3(7)
[2025-04-13T13:44:33.149+0000][gc,heap     ] GC(21) Old regions: 44->46
[2025-04-13T13:44:33.149+0000][gc,heap     ] GC(21) Humongous regions: 138->138
[2025-04-13T13:44:33.149+0000][gc,metaspace] GC(21) Metaspace: 45371K(45888K)->45371K(45888K) NonClass: 40437K(40704K)->40437K(40704K) Class: 4933K(5184K)->4933K(5184K)
[2025-04-13T13:44:33.149+0000][gc          ] GC(21) Pause Young (Normal) (G1 Evacuation Pause) 232M->186M(1024M) 12.273ms
[2025-04-13T13:44:33.149+0000][gc,cpu      ] GC(21) User=0.02s Sys=0.01s Real=0.01s
[2025-04-13T13:47:20.753+0000][gc,start    ] GC(22) Pause Young (Normal) (G1 Evacuation Pause)
[2025-04-13T13:47:20.753+0000][gc,task     ] GC(22) Using 2 workers of 2 for evacuation
[2025-04-13T13:47:20.768+0000][gc,phases   ] GC(22)   Pre Evacuate Collection Set: 0.4ms
[2025-04-13T13:47:20.768+0000][gc,phases   ] GC(22)   Merge Heap Roots: 0.2ms
[2025-04-13T13:47:20.768+0000][gc,phases   ] GC(22)   Evacuate Collection Set: 13.2ms
[2025-04-13T13:47:20.768+0000][gc,phases   ] GC(22)   Post Evacuate Collection Set: 0.5ms
[2025-04-13T13:47:20.768+0000][gc,phases   ] GC(22)   Other: 0.1ms
[2025-04-13T13:47:20.768+0000][gc,heap     ] GC(22) Eden regions: 48->0(45)
[2025-04-13T13:47:20.768+0000][gc,heap     ] GC(22) Survivor regions: 3->6(7)
[2025-04-13T13:47:20.768+0000][gc,heap     ] GC(22) Old regions: 46->46
[2025-04-13T13:47:20.768+0000][gc,heap     ] GC(22) Humongous regions: 138->138
[2025-04-13T13:47:20.768+0000][gc,metaspace] GC(22) Metaspace: 45402K(46016K)->45402K(46016K) NonClass: 40468K(40832K)->40468K(40832K) Class: 4933K(5184K)->4933K(5184K)
[2025-04-13T13:47:20.768+0000][gc          ] GC(22) Pause Young (Normal) (G1 Evacuation Pause) 234M->189M(1024M) 14.570ms
[2025-04-13T13:47:20.768+0000][gc,cpu      ] GC(22) User=0.02s Sys=0.00s Real=0.02s
[2025-04-13T13:49:59.806+0000][gc,start    ] GC(23) Pause Young (Normal) (G1 Evacuation Pause)
[2025-04-13T13:49:59.806+0000][gc,task     ] GC(23) Using 2 workers of 2 for evacuation
[2025-04-13T13:49:59.823+0000][gc,phases   ] GC(23)   Pre Evacuate Collection Set: 0.4ms
[2025-04-13T13:49:59.823+0000][gc,phases   ] GC(23)   Merge Heap Roots: 0.2ms
[2025-04-13T13:49:59.823+0000][gc,phases   ] GC(23)   Evacuate Collection Set: 15.3ms
[2025-04-13T13:49:59.823+0000][gc,phases   ] GC(23)   Post Evacuate Collection Set: 0.6ms
[2025-04-13T13:49:59.823+0000][gc,phases   ] GC(23)   Other: 0.1ms
[2025-04-13T13:49:59.823+0000][gc,heap     ] GC(23) Eden regions: 45->0(44)
[2025-04-13T13:49:59.823+0000][gc,heap     ] GC(23) Survivor regions: 6->7(7)
[2025-04-13T13:49:59.823+0000][gc,heap     ] GC(23) Old regions: 46->48
[2025-04-13T13:49:59.823+0000][gc,heap     ] GC(23) Humongous regions: 138->138
[2025-04-13T13:49:59.823+0000][gc,metaspace] GC(23) Metaspace: 45410K(46016K)->45410K(46016K) NonClass: 40476K(40832K)->40476K(40832K) Class: 4933K(5184K)->4933K(5184K)
[2025-04-13T13:49:59.823+0000][gc          ] GC(23) Pause Young (Normal) (G1 Evacuation Pause) 234M->192M(1024M) 16.834ms
[2025-04-13T13:49:59.823+0000][gc,cpu      ] GC(23) User=0.03s Sys=0.00s Real=0.01s
[2025-04-13T13:52:28.800+0000][gc,start    ] GC(24) Pause Young (Normal) (G1 Evacuation Pause)
[2025-04-13T13:52:28.800+0000][gc,task     ] GC(24) Using 2 workers of 2 for evacuation
[2025-04-13T13:52:28.818+0000][gc,phases   ] GC(24)   Pre Evacuate Collection Set: 0.4ms
[2025-04-13T13:52:28.818+0000][gc,phases   ] GC(24)   Merge Heap Roots: 0.3ms
[2025-04-13T13:52:28.818+0000][gc,phases   ] GC(24)   Evacuate Collection Set: 16.1ms
[2025-04-13T13:52:28.818+0000][gc,phases   ] GC(24)   Post Evacuate Collection Set: 0.4ms
[2025-04-13T13:52:28.818+0000][gc,phases   ] GC(24)   Other: 0.1ms
[2025-04-13T13:52:28.818+0000][gc,heap     ] GC(24) Eden regions: 44->0(47)
[2025-04-13T13:52:28.818+0000][gc,heap     ] GC(24) Survivor regions: 7->4(7)
[2025-04-13T13:52:28.818+0000][gc,heap     ] GC(24) Old regions: 48->53
[2025-04-13T13:52:28.818+0000][gc,heap     ] GC(24) Humongous regions: 138->138
[2025-04-13T13:52:28.818+0000][gc,metaspace] GC(24) Metaspace: 45467K(46080K)->45467K(46080K) NonClass: 40533K(40896K)->40533K(40896K) Class: 4933K(5184K)->4933K(5184K)
[2025-04-13T13:52:28.818+0000][gc          ] GC(24) Pause Young (Normal) (G1 Evacuation Pause) 236M->194M(1024M) 17.511ms
[2025-04-13T13:52:28.818+0000][gc,cpu      ] GC(24) User=0.03s Sys=0.00s Real=0.02s
[2025-04-13T13:56:00.385+0000][gc,start    ] GC(25) Pause Young (Normal) (G1 Evacuation Pause)
[2025-04-13T13:56:00.385+0000][gc,task     ] GC(25) Using 2 workers of 2 for evacuation
[2025-04-13T13:56:00.401+0000][gc,phases   ] GC(25)   Pre Evacuate Collection Set: 0.4ms
[2025-04-13T13:56:00.401+0000][gc,phases   ] GC(25)   Merge Heap Roots: 0.2ms
[2025-04-13T13:56:00.401+0000][gc,phases   ] GC(25)   Evacuate Collection Set: 14.4ms
[2025-04-13T13:56:00.401+0000][gc,phases   ] GC(25)   Post Evacuate Collection Set: 0.6ms
[2025-04-13T13:56:00.401+0000][gc,phases   ] GC(25)   Other: 0.1ms
[2025-04-13T13:56:00.401+0000][gc,heap     ] GC(25) Eden regions: 60->0(44)
[2025-04-13T13:56:00.401+0000][gc,heap     ] GC(25) Survivor regions: 4->7(8)
[2025-04-13T13:56:00.401+0000][gc,heap     ] GC(25) Old regions: 53->53
[2025-04-13T13:56:00.401+0000][gc,heap     ] GC(25) Humongous regions: 138->138
[2025-04-13T13:56:00.401+0000][gc,metaspace] GC(25) Metaspace: 45481K(46080K)->45481K(46080K) NonClass: 40547K(40896K)->40547K(40896K) Class: 4934K(5184K)->4934K(5184K)
[2025-04-13T13:56:00.401+0000][gc          ] GC(25) Pause Young (Normal) (G1 Evacuation Pause) 254M->197M(1024M) 15.884ms
[2025-04-13T13:56:00.401+0000][gc,cpu      ] GC(25) User=0.03s Sys=0.00s Real=0.01s
[2025-04-13T13:58:37.197+0000][gc,start    ] GC(26) Pause Young (Normal) (G1 Evacuation Pause)
[2025-04-13T13:58:37.197+0000][gc,task     ] GC(26) Using 2 workers of 2 for evacuation
[2025-04-13T13:58:37.216+0000][gc,phases   ] GC(26)   Pre Evacuate Collection Set: 0.4ms
[2025-04-13T13:58:37.216+0000][gc,phases   ] GC(26)   Merge Heap Roots: 0.2ms
[2025-04-13T13:58:37.216+0000][gc,phases   ] GC(26)   Evacuate Collection Set: 17.7ms
[2025-04-13T13:58:37.216+0000][gc,phases   ] GC(26)   Post Evacuate Collection Set: 0.5ms
[2025-04-13T13:58:37.216+0000][gc,phases   ] GC(26)   Other: 0.1ms
[2025-04-13T13:58:37.216+0000][gc,heap     ] GC(26) Eden regions: 44->0(47)
[2025-04-13T13:58:37.216+0000][gc,heap     ] GC(26) Survivor regions: 7->5(7)
[2025-04-13T13:58:37.216+0000][gc,heap     ] GC(26) Old regions: 53->58
[2025-04-13T13:58:37.216+0000][gc,heap     ] GC(26) Humongous regions: 138->138
[2025-04-13T13:58:37.216+0000][gc,metaspace] GC(26) Metaspace: 45484K(46080K)->45484K(46080K) NonClass: 40550K(40896K)->40550K(40896K) Class: 4934K(5184K)->4934K(5184K)
[2025-04-13T13:58:37.216+0000][gc          ] GC(26) Pause Young (Normal) (G1 Evacuation Pause) 241M->200M(1024M) 19.102ms
[2025-04-13T13:58:37.216+0000][gc,cpu      ] GC(26) User=0.03s Sys=0.00s Real=0.02s
[2025-04-13T14:01:45.163+0000][gc,start    ] GC(27) Pause Young (Normal) (G1 Evacuation Pause)
[2025-04-13T14:01:45.164+0000][gc,task     ] GC(27) Using 2 workers of 2 for evacuation
[2025-04-13T14:01:45.178+0000][gc,phases   ] GC(27)   Pre Evacuate Collection Set: 0.4ms
[2025-04-13T14:01:45.178+0000][gc,phases   ] GC(27)   Merge Heap Roots: 0.1ms
[2025-04-13T14:01:45.178+0000][gc,phases   ] GC(27)   Evacuate Collection Set: 13.8ms
[2025-04-13T14:01:45.178+0000][gc,phases   ] GC(27)   Post Evacuate Collection Set: 0.5ms
[2025-04-13T14:01:45.178+0000][gc,phases   ] GC(27)   Other: 0.1ms
[2025-04-13T14:01:45.178+0000][gc,heap     ] GC(27) Eden regions: 53->0(60)
[2025-04-13T14:01:45.178+0000][gc,heap     ] GC(27) Survivor regions: 5->4(8)
[2025-04-13T14:01:45.179+0000][gc,heap     ] GC(27) Old regions: 58->61
[2025-04-13T14:01:45.179+0000][gc,heap     ] GC(27) Humongous regions: 138->138
[2025-04-13T14:01:45.179+0000][gc,metaspace] GC(27) Metaspace: 45514K(46080K)->45514K(46080K) NonClass: 40580K(40896K)->40580K(40896K) Class: 4934K(5184K)->4934K(5184K)
[2025-04-13T14:01:45.179+0000][gc          ] GC(27) Pause Young (Normal) (G1 Evacuation Pause) 253M->202M(1024M) 15.065ms
[2025-04-13T14:01:45.179+0000][gc,cpu      ] GC(27) User=0.02s Sys=0.00s Real=0.02s
[2025-04-13T14:05:13.935+0000][gc,start    ] GC(28) Pause Young (Normal) (G1 Evacuation Pause)
[2025-04-13T14:05:13.935+0000][gc,task     ] GC(28) Using 2 workers of 2 for evacuation
[2025-04-13T14:05:13.950+0000][gc,phases   ] GC(28)   Pre Evacuate Collection Set: 0.4ms
[2025-04-13T14:05:13.950+0000][gc,phases   ] GC(28)   Merge Heap Roots: 0.2ms
[2025-04-13T14:05:13.950+0000][gc,phases   ] GC(28)   Evacuate Collection Set: 13.8ms
[2025-04-13T14:05:13.950+0000][gc,phases   ] GC(28)   Post Evacuate Collection Set: 0.5ms
[2025-04-13T14:05:13.950+0000][gc,phases   ] GC(28)   Other: 0.1ms
[2025-04-13T14:05:13.950+0000][gc,heap     ] GC(28) Eden regions: 58->0(43)
[2025-04-13T14:05:13.950+0000][gc,heap     ] GC(28) Survivor regions: 4->8(8)
[2025-04-13T14:05:13.950+0000][gc,heap     ] GC(28) Old regions: 61->61
[2025-04-13T14:05:13.950+0000][gc,heap     ] GC(28) Humongous regions: 138->138
[2025-04-13T14:05:13.950+0000][gc,metaspace] GC(28) Metaspace: 45528K(46144K)->45528K(46144K) NonClass: 40594K(40960K)->40594K(40960K) Class: 4934K(5184K)->4934K(5184K)
[2025-04-13T14:05:13.950+0000][gc          ] GC(28) Pause Young (Normal) (G1 Evacuation Pause) 260M->206M(1024M) 15.125ms
[2025-04-13T14:05:13.950+0000][gc,cpu      ] GC(28) User=0.03s Sys=0.01s Real=0.01s
[2025-04-13T14:07:48.180+0000][gc,start    ] GC(29) Pause Young (Normal) (G1 Evacuation Pause)
[2025-04-13T14:07:48.180+0000][gc,task     ] GC(29) Using 2 workers of 2 for evacuation
[2025-04-13T14:07:48.197+0000][gc,phases   ] GC(29)   Pre Evacuate Collection Set: 0.3ms
[2025-04-13T14:07:48.197+0000][gc,phases   ] GC(29)   Merge Heap Roots: 0.2ms
[2025-04-13T14:07:48.197+0000][gc,phases   ] GC(29)   Evacuate Collection Set: 16.0ms
[2025-04-13T14:07:48.197+0000][gc,phases   ] GC(29)   Post Evacuate Collection Set: 0.6ms
[2025-04-13T14:07:48.197+0000][gc,phases   ] GC(29)   Other: 0.1ms
[2025-04-13T14:07:48.197+0000][gc,heap     ] GC(29) Eden regions: 43->0(98)
[2025-04-13T14:07:48.197+0000][gc,heap     ] GC(29) Survivor regions: 8->3(7)
[2025-04-13T14:07:48.197+0000][gc,heap     ] GC(29) Old regions: 61->66
[2025-04-13T14:07:48.197+0000][gc,heap     ] GC(29) Humongous regions: 138->138
[2025-04-13T14:07:48.197+0000][gc,metaspace] GC(29) Metaspace: 45532K(46144K)->45532K(46144K) NonClass: 40597K(40960K)->40597K(40960K) Class: 4934K(5184K)->4934K(5184K)
[2025-04-13T14:07:48.197+0000][gc          ] GC(29) Pause Young (Normal) (G1 Evacuation Pause) 249M->206M(1024M) 17.401ms
[2025-04-13T14:07:48.197+0000][gc,cpu      ] GC(29) User=0.02s Sys=0.00s Real=0.02s
[2025-04-13T14:13:08.623+0000][gc,start    ] GC(30) Pause Young (Normal) (G1 Evacuation Pause)
[2025-04-13T14:13:08.624+0000][gc,task     ] GC(30) Using 2 workers of 2 for evacuation
[2025-04-13T14:13:08.642+0000][gc,phases   ] GC(30)   Pre Evacuate Collection Set: 0.3ms
[2025-04-13T14:13:08.642+0000][gc,phases   ] GC(30)   Merge Heap Roots: 0.2ms
[2025-04-13T14:13:08.642+0000][gc,phases   ] GC(30)   Evacuate Collection Set: 17.3ms
[2025-04-13T14:13:08.642+0000][gc,phases   ] GC(30)   Post Evacuate Collection Set: 0.7ms
[2025-04-13T14:13:08.642+0000][gc,phases   ] GC(30)   Other: 0.1ms
[2025-04-13T14:13:08.642+0000][gc,heap     ] GC(30) Eden regions: 95->0(42)
[2025-04-13T14:13:08.642+0000][gc,heap     ] GC(30) Survivor regions: 3->9(13)
[2025-04-13T14:13:08.642+0000][gc,heap     ] GC(30) Old regions: 66->66
[2025-04-13T14:13:08.642+0000][gc,heap     ] GC(30) Humongous regions: 147->147
[2025-04-13T14:13:08.642+0000][gc,metaspace] GC(30) Metaspace: 45710K(46272K)->45710K(46272K) NonClass: 40744K(41024K)->40744K(41024K) Class: 4965K(5248K)->4965K(5248K)
[2025-04-13T14:13:08.642+0000][gc          ] GC(30) Pause Young (Normal) (G1 Evacuation Pause) 310M->221M(1024M) 18.813ms
[2025-04-13T14:13:08.642+0000][gc,cpu      ] GC(30) User=0.04s Sys=0.01s Real=0.02s
[2025-04-13T14:15:34.806+0000][gc,start    ] GC(31) Pause Young (Normal) (G1 Evacuation Pause)
[2025-04-13T14:15:34.806+0000][gc,task     ] GC(31) Using 2 workers of 2 for evacuation
[2025-04-13T14:15:34.826+0000][gc,mmu      ] GC(31) MMU target violated: 20.1ms (20.0ms/21.0ms)
[2025-04-13T14:15:34.826+0000][gc,phases   ] GC(31)   Pre Evacuate Collection Set: 0.4ms
[2025-04-13T14:15:34.826+0000][gc,phases   ] GC(31)   Merge Heap Roots: 0.3ms
[2025-04-13T14:15:34.826+0000][gc,phases   ] GC(31)   Evacuate Collection Set: 18.9ms
[2025-04-13T14:15:34.826+0000][gc,phases   ] GC(31)   Post Evacuate Collection Set: 0.5ms
[2025-04-13T14:15:34.826+0000][gc,phases   ] GC(31)   Other: 0.1ms
[2025-04-13T14:15:34.826+0000][gc,heap     ] GC(31) Eden regions: 42->0(76)
[2025-04-13T14:15:34.826+0000][gc,heap     ] GC(31) Survivor regions: 9->5(7)
[2025-04-13T14:15:34.826+0000][gc,heap     ] GC(31) Old regions: 66->72
[2025-04-13T14:15:34.826+0000][gc,heap     ] GC(31) Humongous regions: 147->147
[2025-04-13T14:15:34.826+0000][gc,metaspace] GC(31) Metaspace: 45720K(46272K)->45720K(46272K) NonClass: 40754K(41024K)->40754K(41024K) Class: 4965K(5248K)->4965K(5248K)
[2025-04-13T14:15:34.826+0000][gc          ] GC(31) Pause Young (Normal) (G1 Evacuation Pause) 263M->223M(1024M) 20.433ms
[2025-04-13T14:15:34.826+0000][gc,cpu      ] GC(31) User=0.04s Sys=0.00s Real=0.02s
[2025-04-13T14:20:20.358+0000][gc,start    ] GC(32) Pause Young (Normal) (G1 Evacuation Pause)
[2025-04-13T14:20:20.358+0000][gc,task     ] GC(32) Using 2 workers of 2 for evacuation
[2025-04-13T14:20:20.371+0000][gc,phases   ] GC(32)   Pre Evacuate Collection Set: 0.4ms
[2025-04-13T14:20:20.371+0000][gc,phases   ] GC(32)   Merge Heap Roots: 0.1ms
[2025-04-13T14:20:20.371+0000][gc,phases   ] GC(32)   Evacuate Collection Set: 11.1ms
[2025-04-13T14:20:20.371+0000][gc,phases   ] GC(32)   Post Evacuate Collection Set: 0.7ms
[2025-04-13T14:20:20.371+0000][gc,phases   ] GC(32)   Other: 0.1ms
[2025-04-13T14:20:20.371+0000][gc,heap     ] GC(32) Eden regions: 80->0(69)
[2025-04-13T14:20:20.371+0000][gc,heap     ] GC(32) Survivor regions: 5->6(11)
[2025-04-13T14:20:20.371+0000][gc,heap     ] GC(32) Old regions: 72->72
[2025-04-13T14:20:20.371+0000][gc,heap     ] GC(32) Humongous regions: 147->147
[2025-04-13T14:20:20.371+0000][gc,metaspace] GC(32) Metaspace: 45745K(46400K)->45745K(46400K) NonClass: 40779K(41152K)->40779K(41152K) Class: 4965K(5248K)->4965K(5248K)
[2025-04-13T14:20:20.371+0000][gc          ] GC(32) Pause Young (Normal) (G1 Evacuation Pause) 303M->224M(1024M) 12.536ms
[2025-04-13T14:20:20.371+0000][gc,cpu      ] GC(32) User=0.03s Sys=0.00s Real=0.01s
[2025-04-13T14:24:56.683+0000][gc,start    ] GC(33) Pause Young (Normal) (G1 Evacuation Pause)
[2025-04-13T14:24:56.683+0000][gc,task     ] GC(33) Using 2 workers of 2 for evacuation
[2025-04-13T14:24:56.702+0000][gc,phases   ] GC(33)   Pre Evacuate Collection Set: 0.4ms
[2025-04-13T14:24:56.702+0000][gc,phases   ] GC(33)   Merge Heap Roots: 0.1ms
[2025-04-13T14:24:56.702+0000][gc,phases   ] GC(33)   Evacuate Collection Set: 16.9ms
[2025-04-13T14:24:56.702+0000][gc,phases   ] GC(33)   Post Evacuate Collection Set: 0.7ms
[2025-04-13T14:24:56.702+0000][gc,phases   ] GC(33)   Other: 0.1ms
[2025-04-13T14:24:56.702+0000][gc,heap     ] GC(33) Eden regions: 76->0(42)
[2025-04-13T14:24:56.702+0000][gc,heap     ] GC(33) Survivor regions: 6->9(11)
[2025-04-13T14:24:56.702+0000][gc,heap     ] GC(33) Old regions: 72->74
[2025-04-13T14:24:56.702+0000][gc,heap     ] GC(33) Humongous regions: 147->147
[2025-04-13T14:24:56.702+0000][gc,metaspace] GC(33) Metaspace: 45747K(46400K)->45747K(46400K) NonClass: 40781K(41152K)->40781K(41152K) Class: 4965K(5248K)->4965K(5248K)
[2025-04-13T14:24:56.702+0000][gc          ] GC(33) Pause Young (Normal) (G1 Evacuation Pause) 300M->229M(1024M) 18.452ms
[2025-04-13T14:24:56.702+0000][gc,cpu      ] GC(33) User=0.03s Sys=0.00s Real=0.02s
[2025-04-13T14:27:20.763+0000][gc,start    ] GC(34) Pause Young (Normal) (G1 Evacuation Pause)
[2025-04-13T14:27:20.763+0000][gc,task     ] GC(34) Using 2 workers of 2 for evacuation
[2025-04-13T14:27:20.786+0000][gc,mmu      ] GC(34) MMU target violated: 21.0ms (20.0ms/21.0ms)
[2025-04-13T14:27:20.786+0000][gc,phases   ] GC(34)   Pre Evacuate Collection Set: 0.4ms
[2025-04-13T14:27:20.786+0000][gc,phases   ] GC(34)   Merge Heap Roots: 0.2ms
[2025-04-13T14:27:20.786+0000][gc,phases   ] GC(34)   Evacuate Collection Set: 21.4ms
[2025-04-13T14:27:20.786+0000][gc,phases   ] GC(34)   Post Evacuate Collection Set: 0.8ms
[2025-04-13T14:27:20.786+0000][gc,phases   ] GC(34)   Other: 0.1ms
[2025-04-13T14:27:20.786+0000][gc,heap     ] GC(34) Eden regions: 42->0(81)
[2025-04-13T14:27:20.786+0000][gc,heap     ] GC(34) Survivor regions: 9->4(7)
[2025-04-13T14:27:20.786+0000][gc,heap     ] GC(34) Old regions: 74->82
[2025-04-13T14:27:20.786+0000][gc,heap     ] GC(34) Humongous regions: 147->147
[2025-04-13T14:27:20.786+0000][gc,metaspace] GC(34) Metaspace: 45785K(46400K)->45785K(46400K) NonClass: 40819K(41152K)->40819K(41152K) Class: 4965K(5248K)->4965K(5248K)
[2025-04-13T14:27:20.786+0000][gc          ] GC(34) Pause Young (Normal) (G1 Evacuation Pause) 271M->232M(1024M) 22.998ms
[2025-04-13T14:27:20.786+0000][gc,cpu      ] GC(34) User=0.04s Sys=0.01s Real=0.03s
[2025-04-13T14:32:21.368+0000][gc,start    ] GC(35) Pause Young (Normal) (G1 Evacuation Pause)
[2025-04-13T14:32:21.369+0000][gc,task     ] GC(35) Using 2 workers of 2 for evacuation
[2025-04-13T14:32:21.387+0000][gc,phases   ] GC(35)   Pre Evacuate Collection Set: 0.4ms
[2025-04-13T14:32:21.387+0000][gc,phases   ] GC(35)   Merge Heap Roots: 0.2ms
[2025-04-13T14:32:21.387+0000][gc,phases   ] GC(35)   Evacuate Collection Set: 17.3ms
[2025-04-13T14:32:21.387+0000][gc,phases   ] GC(35)   Post Evacuate Collection Set: 0.7ms
[2025-04-13T14:32:21.387+0000][gc,phases   ] GC(35)   Other: 0.1ms
[2025-04-13T14:32:21.387+0000][gc,heap     ] GC(35) Eden regions: 83->0(42)
[2025-04-13T14:32:21.387+0000][gc,heap     ] GC(35) Survivor regions: 4->9(11)
[2025-04-13T14:32:21.387+0000][gc,heap     ] GC(35) Old regions: 82->82
[2025-04-13T14:32:21.387+0000][gc,heap     ] GC(35) Humongous regions: 147->147
[2025-04-13T14:32:21.387+0000][gc,metaspace] GC(35) Metaspace: 45787K(46400K)->45787K(46400K) NonClass: 40821K(41152K)->40821K(41152K) Class: 4965K(5248K)->4965K(5248K)
[2025-04-13T14:32:21.387+0000][gc          ] GC(35) Pause Young (Normal) (G1 Evacuation Pause) 315M->237M(1024M) 18.877ms
[2025-04-13T14:32:21.387+0000][gc,cpu      ] GC(35) User=0.03s Sys=0.00s Real=0.02s
[2025-04-13T14:34:48.727+0000][gc,start    ] GC(36) Pause Young (Normal) (G1 Evacuation Pause)
[2025-04-13T14:34:48.727+0000][gc,task     ] GC(36) Using 2 workers of 2 for evacuation
[2025-04-13T14:34:48.747+0000][gc,phases   ] GC(36)   Pre Evacuate Collection Set: 0.4ms
[2025-04-13T14:34:48.747+0000][gc,phases   ] GC(36)   Merge Heap Roots: 0.2ms
[2025-04-13T14:34:48.747+0000][gc,phases   ] GC(36)   Evacuate Collection Set: 18.4ms
[2025-04-13T14:34:48.747+0000][gc,phases   ] GC(36)   Post Evacuate Collection Set: 0.7ms
[2025-04-13T14:34:48.747+0000][gc,phases   ] GC(36)   Other: 0.1ms
[2025-04-13T14:34:48.747+0000][gc,heap     ] GC(36) Eden regions: 42->0(97)
[2025-04-13T14:34:48.747+0000][gc,heap     ] GC(36) Survivor regions: 9->3(7)
[2025-04-13T14:34:48.747+0000][gc,heap     ] GC(36) Old regions: 82->88
[2025-04-13T14:34:48.747+0000][gc,heap     ] GC(36) Humongous regions: 147->147
[2025-04-13T14:34:48.747+0000][gc,metaspace] GC(36) Metaspace: 45795K(46400K)->45795K(46400K) NonClass: 40829K(41152K)->40829K(41152K) Class: 4965K(5248K)->4965K(5248K)
[2025-04-13T14:34:48.747+0000][gc          ] GC(36) Pause Young (Normal) (G1 Evacuation Pause) 279M->237M(1024M) 20.116ms
[2025-04-13T14:34:48.747+0000][gc,cpu      ] GC(36) User=0.03s Sys=0.00s Real=0.02s
[2025-04-13T14:40:47.405+0000][gc,start    ] GC(37) Pause Young (Normal) (G1 Evacuation Pause)
[2025-04-13T14:40:47.405+0000][gc,task     ] GC(37) Using 2 workers of 2 for evacuation
[2025-04-13T14:40:47.425+0000][gc,phases   ] GC(37)   Pre Evacuate Collection Set: 0.4ms
[2025-04-13T14:40:47.425+0000][gc,phases   ] GC(37)   Merge Heap Roots: 0.1ms
[2025-04-13T14:40:47.425+0000][gc,phases   ] GC(37)   Evacuate Collection Set: 18.2ms
[2025-04-13T14:40:47.425+0000][gc,phases   ] GC(37)   Post Evacuate Collection Set: 0.5ms
[2025-04-13T14:40:47.425+0000][gc,phases   ] GC(37)   Other: 0.1ms
[2025-04-13T14:40:47.425+0000][gc,heap     ] GC(37) Eden regions: 100->0(41)
[2025-04-13T14:40:47.425+0000][gc,heap     ] GC(37) Survivor regions: 3->10(13)
[2025-04-13T14:40:47.425+0000][gc,heap     ] GC(37) Old regions: 88->88
[2025-04-13T14:40:47.425+0000][gc,heap     ] GC(37) Humongous regions: 147->147
[2025-04-13T14:40:47.425+0000][gc,metaspace] GC(37) Metaspace: 45829K(46464K)->45829K(46464K) NonClass: 40863K(41216K)->40863K(41216K) Class: 4965K(5248K)->4965K(5248K)
[2025-04-13T14:40:47.425+0000][gc          ] GC(37) Pause Young (Normal) (G1 Evacuation Pause) 337M->245M(1024M) 19.478ms
[2025-04-13T14:40:47.425+0000][gc,cpu      ] GC(37) User=0.03s Sys=0.00s Real=0.02s
[2025-04-13T14:42:58.542+0000][gc,start    ] GC(38) Pause Young (Normal) (G1 Evacuation Pause)
[2025-04-13T14:42:58.542+0000][gc,task     ] GC(38) Using 2 workers of 2 for evacuation
[2025-04-13T14:42:58.561+0000][gc,phases   ] GC(38)   Pre Evacuate Collection Set: 0.4ms
[2025-04-13T14:42:58.561+0000][gc,phases   ] GC(38)   Merge Heap Roots: 0.2ms
[2025-04-13T14:42:58.561+0000][gc,phases   ] GC(38)   Evacuate Collection Set: 17.8ms
[2025-04-13T14:42:58.561+0000][gc,phases   ] GC(38)   Post Evacuate Collection Set: 0.6ms
[2025-04-13T14:42:58.561+0000][gc,phases   ] GC(38)   Other: 0.1ms
[2025-04-13T14:42:58.561+0000][gc,heap     ] GC(38) Eden regions: 41->0(83)
[2025-04-13T14:42:58.561+0000][gc,heap     ] GC(38) Survivor regions: 10->4(7)
[2025-04-13T14:42:58.561+0000][gc,heap     ] GC(38) Old regions: 88->95
[2025-04-13T14:42:58.561+0000][gc,heap     ] GC(38) Humongous regions: 147->147
[2025-04-13T14:42:58.561+0000][gc,metaspace] GC(38) Metaspace: 45844K(46464K)->45844K(46464K) NonClass: 40878K(41216K)->40878K(41216K) Class: 4965K(5248K)->4965K(5248K)
[2025-04-13T14:42:58.561+0000][gc          ] GC(38) Pause Young (Normal) (G1 Evacuation Pause) 285M->245M(1024M) 19.284ms
[2025-04-13T14:42:58.561+0000][gc,cpu      ] GC(38) User=0.04s Sys=0.00s Real=0.02s
[2025-04-13T14:47:38.087+0000][gc,start    ] GC(39) Pause Young (Normal) (G1 Evacuation Pause)
[2025-04-13T14:47:38.087+0000][gc,task     ] GC(39) Using 2 workers of 2 for evacuation
[2025-04-13T14:47:38.107+0000][gc,phases   ] GC(39)   Pre Evacuate Collection Set: 0.4ms
[2025-04-13T14:47:38.107+0000][gc,phases   ] GC(39)   Merge Heap Roots: 0.1ms
[2025-04-13T14:47:38.107+0000][gc,phases   ] GC(39)   Evacuate Collection Set: 18.1ms
[2025-04-13T14:47:38.107+0000][gc,phases   ] GC(39)   Post Evacuate Collection Set: 0.7ms
[2025-04-13T14:47:38.107+0000][gc,phases   ] GC(39)   Other: 0.1ms
[2025-04-13T14:47:38.107+0000][gc,heap     ] GC(39) Eden regions: 83->0(42)
[2025-04-13T14:47:38.107+0000][gc,heap     ] GC(39) Survivor regions: 4->9(11)
[2025-04-13T14:47:38.107+0000][gc,heap     ] GC(39) Old regions: 95->95
[2025-04-13T14:47:38.107+0000][gc,heap     ] GC(39) Humongous regions: 147->147
[2025-04-13T14:47:38.107+0000][gc,metaspace] GC(39) Metaspace: 45869K(46464K)->45869K(46464K) NonClass: 40904K(41216K)->40904K(41216K) Class: 4965K(5248K)->4965K(5248K)
[2025-04-13T14:47:38.107+0000][gc          ] GC(39) Pause Young (Normal) (G1 Evacuation Pause) 328M->250M(1024M) 19.603ms
[2025-04-13T14:47:38.107+0000][gc,cpu      ] GC(39) User=0.03s Sys=0.00s Real=0.02s
[2025-04-13T14:50:06.977+0000][gc,start    ] GC(40) Pause Young (Normal) (G1 Evacuation Pause)
[2025-04-13T14:50:06.977+0000][gc,task     ] GC(40) Using 2 workers of 2 for evacuation
[2025-04-13T14:50:06.998+0000][gc,mmu      ] GC(40) MMU target violated: 20.5ms (20.0ms/21.0ms)
[2025-04-13T14:50:06.998+0000][gc,phases   ] GC(40)   Pre Evacuate Collection Set: 0.3ms
[2025-04-13T14:50:06.998+0000][gc,phases   ] GC(40)   Merge Heap Roots: 0.1ms
[2025-04-13T14:50:06.998+0000][gc,phases   ] GC(40)   Evacuate Collection Set: 19.5ms
[2025-04-13T14:50:06.998+0000][gc,phases   ] GC(40)   Post Evacuate Collection Set: 0.5ms
[2025-04-13T14:50:06.998+0000][gc,phases   ] GC(40)   Other: 0.1ms
[2025-04-13T14:50:06.998+0000][gc,heap     ] GC(40) Eden regions: 42->0(67)
[2025-04-13T14:50:06.998+0000][gc,heap     ] GC(40) Survivor regions: 9->5(7)
[2025-04-13T14:50:06.998+0000][gc,heap     ] GC(40) Old regions: 95->102
[2025-04-13T14:50:06.998+0000][gc,heap     ] GC(40) Humongous regions: 147->147
[2025-04-13T14:50:06.998+0000][gc,metaspace] GC(40) Metaspace: 45874K(46464K)->45874K(46464K) NonClass: 40908K(41216K)->40908K(41216K) Class: 4965K(5248K)->4965K(5248K)
[2025-04-13T14:50:06.998+0000][gc          ] GC(40) Pause Young (Normal) (G1 Evacuation Pause) 292M->254M(1024M) 20.713ms
[2025-04-13T14:50:06.998+0000][gc,cpu      ] GC(40) User=0.03s Sys=0.00s Real=0.02s
[2025-04-13T14:54:01.916+0000][gc,start    ] GC(41) Pause Young (Normal) (G1 Evacuation Pause)
[2025-04-13T14:54:01.916+0000][gc,task     ] GC(41) Using 2 workers of 2 for evacuation
[2025-04-13T14:54:01.931+0000][gc,phases   ] GC(41)   Pre Evacuate Collection Set: 0.4ms
[2025-04-13T14:54:01.931+0000][gc,phases   ] GC(41)   Merge Heap Roots: 0.2ms
[2025-04-13T14:54:01.931+0000][gc,phases   ] GC(41)   Evacuate Collection Set: 13.6ms
[2025-04-13T14:54:01.931+0000][gc,phases   ] GC(41)   Post Evacuate Collection Set: 0.6ms
[2025-04-13T14:54:01.931+0000][gc,phases   ] GC(41)   Other: 0.1ms
[2025-04-13T14:54:01.931+0000][gc,heap     ] GC(41) Eden regions: 70->0(48)
[2025-04-13T14:54:01.931+0000][gc,heap     ] GC(41) Survivor regions: 5->7(10)
[2025-04-13T14:54:01.931+0000][gc,heap     ] GC(41) Old regions: 102->102
[2025-04-13T14:54:01.931+0000][gc,heap     ] GC(41) Humongous regions: 147->147
[2025-04-13T14:54:01.931+0000][gc,metaspace] GC(41) Metaspace: 45909K(46528K)->45909K(46528K) NonClass: 40943K(41280K)->40943K(41280K) Class: 4965K(5248K)->4965K(5248K)
[2025-04-13T14:54:01.931+0000][gc          ] GC(41) Pause Young (Normal) (G1 Evacuation Pause) 323M->255M(1024M) 15.185ms
[2025-04-13T14:54:01.931+0000][gc,cpu      ] GC(41) User=0.03s Sys=0.00s Real=0.01s
[2025-04-13T14:56:42.297+0000][gc,start    ] GC(42) Pause Young (Normal) (G1 Evacuation Pause)
[2025-04-13T14:56:42.297+0000][gc,task     ] GC(42) Using 2 workers of 2 for evacuation
[2025-04-13T14:56:42.318+0000][gc,mmu      ] GC(42) MMU target violated: 20.8ms (20.0ms/21.0ms)
[2025-04-13T14:56:42.318+0000][gc,phases   ] GC(42)   Pre Evacuate Collection Set: 0.4ms
[2025-04-13T14:56:42.318+0000][gc,phases   ] GC(42)   Merge Heap Roots: 0.2ms
[2025-04-13T14:56:42.318+0000][gc,phases   ] GC(42)   Evacuate Collection Set: 19.6ms
[2025-04-13T14:56:42.318+0000][gc,phases   ] GC(42)   Post Evacuate Collection Set: 0.6ms
[2025-04-13T14:56:42.318+0000][gc,phases   ] GC(42)   Other: 0.1ms
[2025-04-13T14:56:42.318+0000][gc,heap     ] GC(42) Eden regions: 49->0(71)
[2025-04-13T14:56:42.318+0000][gc,heap     ] GC(42) Survivor regions: 7->5(7)
[2025-04-13T14:56:42.318+0000][gc,heap     ] GC(42) Old regions: 102->108
[2025-04-13T14:56:42.318+0000][gc,heap     ] GC(42) Humongous regions: 147->147
[2025-04-13T14:56:42.318+0000][gc,metaspace] GC(42) Metaspace: 45911K(46528K)->45911K(46528K) NonClass: 40945K(41280K)->40945K(41280K) Class: 4965K(5248K)->4965K(5248K)
[2025-04-13T14:56:42.318+0000][gc          ] GC(42) Pause Young (Normal) (G1 Evacuation Pause) 304M->259M(1024M) 21.111ms
[2025-04-13T14:56:42.318+0000][gc,cpu      ] GC(42) User=0.04s Sys=0.01s Real=0.02s
[2025-04-13T15:01:01.440+0000][gc,start    ] GC(43) Pause Young (Normal) (G1 Evacuation Pause)
[2025-04-13T15:01:01.440+0000][gc,task     ] GC(43) Using 2 workers of 2 for evacuation
[2025-04-13T15:01:01.456+0000][gc,phases   ] GC(43)   Pre Evacuate Collection Set: 0.4ms
[2025-04-13T15:01:01.456+0000][gc,phases   ] GC(43)   Merge Heap Roots: 0.1ms
[2025-04-13T15:01:01.456+0000][gc,phases   ] GC(43)   Evacuate Collection Set: 14.8ms
[2025-04-13T15:01:01.456+0000][gc,phases   ] GC(43)   Post Evacuate Collection Set: 0.6ms
[2025-04-13T15:01:01.456+0000][gc,phases   ] GC(43)   Other: 0.1ms
[2025-04-13T15:01:01.456+0000][gc,heap     ] GC(43) Eden regions: 72->0(42)
[2025-04-13T15:01:01.456+0000][gc,heap     ] GC(43) Survivor regions: 5->9(10)
[2025-04-13T15:01:01.456+0000][gc,heap     ] GC(43) Old regions: 108->108
[2025-04-13T15:01:01.456+0000][gc,heap     ] GC(43) Humongous regions: 147->147
[2025-04-13T15:01:01.456+0000][gc,metaspace] GC(43) Metaspace: 45912K(46528K)->45912K(46528K) NonClass: 40946K(41280K)->40946K(41280K) Class: 4965K(5248K)->4965K(5248K)
[2025-04-13T15:01:01.456+0000][gc          ] GC(43) Pause Young (Normal) (G1 Evacuation Pause) 331M->263M(1024M) 16.151ms
[2025-04-13T15:01:01.456+0000][gc,cpu      ] GC(43) User=0.03s Sys=0.00s Real=0.02s
[2025-04-13T15:03:33.198+0000][gc,start    ] GC(44) Pause Young (Normal) (G1 Evacuation Pause)
[2025-04-13T15:03:33.198+0000][gc,task     ] GC(44) Using 2 workers of 2 for evacuation
[2025-04-13T15:03:33.218+0000][gc,phases   ] GC(44)   Pre Evacuate Collection Set: 0.2ms
[2025-04-13T15:03:33.218+0000][gc,phases   ] GC(44)   Merge Heap Roots: 0.1ms
[2025-04-13T15:03:33.218+0000][gc,phases   ] GC(44)   Evacuate Collection Set: 18.7ms
[2025-04-13T15:03:33.218+0000][gc,phases   ] GC(44)   Post Evacuate Collection Set: 0.5ms
[2025-04-13T15:03:33.218+0000][gc,phases   ] GC(44)   Other: 0.1ms
[2025-04-13T15:03:33.218+0000][gc,heap     ] GC(44) Eden regions: 42->0(78)
[2025-04-13T15:03:33.218+0000][gc,heap     ] GC(44) Survivor regions: 9->5(7)
[2025-04-13T15:03:33.218+0000][gc,heap     ] GC(44) Old regions: 108->114
[2025-04-13T15:03:33.218+0000][gc,heap     ] GC(44) Humongous regions: 147->147
[2025-04-13T15:03:33.218+0000][gc,metaspace] GC(44) Metaspace: 45912K(46528K)->45912K(46528K) NonClass: 40946K(41280K)->40946K(41280K) Class: 4965K(5248K)->4965K(5248K)
[2025-04-13T15:03:33.218+0000][gc          ] GC(44) Pause Young (Normal) (G1 Evacuation Pause) 305M->266M(1024M) 19.815ms
[2025-04-13T15:03:33.218+0000][gc,cpu      ] GC(44) User=0.03s Sys=0.00s Real=0.02s
[2025-04-13T15:08:18.428+0000][gc,start    ] GC(45) Pause Young (Normal) (G1 Evacuation Pause)
[2025-04-13T15:08:18.428+0000][gc,task     ] GC(45) Using 2 workers of 2 for evacuation
[2025-04-13T15:08:18.444+0000][gc,phases   ] GC(45)   Pre Evacuate Collection Set: 0.3ms
[2025-04-13T15:08:18.444+0000][gc,phases   ] GC(45)   Merge Heap Roots: 0.1ms
[2025-04-13T15:08:18.444+0000][gc,phases   ] GC(45)   Evacuate Collection Set: 14.6ms
[2025-04-13T15:08:18.444+0000][gc,phases   ] GC(45)   Post Evacuate Collection Set: 0.5ms
[2025-04-13T15:08:18.444+0000][gc,phases   ] GC(45)   Other: 0.1ms
[2025-04-13T15:08:18.444+0000][gc,heap     ] GC(45) Eden regions: 80->0(43)
[2025-04-13T15:08:18.444+0000][gc,heap     ] GC(45) Survivor regions: 5->8(11)
[2025-04-13T15:08:18.444+0000][gc,heap     ] GC(45) Old regions: 114->114
[2025-04-13T15:08:18.444+0000][gc,heap     ] GC(45) Humongous regions: 147->147
[2025-04-13T15:08:18.444+0000][gc,metaspace] GC(45) Metaspace: 45913K(46528K)->45913K(46528K) NonClass: 40947K(41280K)->40947K(41280K) Class: 4965K(5248K)->4965K(5248K)
[2025-04-13T15:08:18.444+0000][gc          ] GC(45) Pause Young (Normal) (G1 Evacuation Pause) 345M->268M(1024M) 15.776ms
[2025-04-13T15:08:18.444+0000][gc,cpu      ] GC(45) User=0.03s Sys=0.00s Real=0.02s
[2025-04-13T15:10:35.186+0000][gc,start    ] GC(46) Pause Young (Normal) (G1 Evacuation Pause)
[2025-04-13T15:10:35.186+0000][gc,task     ] GC(46) Using 2 workers of 2 for evacuation
[2025-04-13T15:10:35.206+0000][gc,mmu      ] GC(46) MMU target violated: 20.3ms (20.0ms/21.0ms)
[2025-04-13T15:10:35.206+0000][gc,phases   ] GC(46)   Pre Evacuate Collection Set: 0.4ms
[2025-04-13T15:10:35.206+0000][gc,phases   ] GC(46)   Merge Heap Roots: 0.2ms
[2025-04-13T15:10:35.206+0000][gc,phases   ] GC(46)   Evacuate Collection Set: 19.0ms
[2025-04-13T15:10:35.206+0000][gc,phases   ] GC(46)   Post Evacuate Collection Set: 0.7ms
[2025-04-13T15:10:35.206+0000][gc,phases   ] GC(46)   Other: 0.1ms
[2025-04-13T15:10:35.206+0000][gc,heap     ] GC(46) Eden regions: 43->0(45)
[2025-04-13T15:10:35.206+0000][gc,heap     ] GC(46) Survivor regions: 8->6(7)
[2025-04-13T15:10:35.206+0000][gc,heap     ] GC(46) Old regions: 114->121
[2025-04-13T15:10:35.206+0000][gc,heap     ] GC(46) Humongous regions: 147->147
[2025-04-13T15:10:35.206+0000][gc,metaspace] GC(46) Metaspace: 46054K(46656K)->46054K(46656K) NonClass: 41064K(41408K)->41064K(41408K) Class: 4990K(5248K)->4990K(5248K)
[2025-04-13T15:10:35.206+0000][gc          ] GC(46) Pause Young (Normal) (G1 Evacuation Pause) 311M->273M(1024M) 20.541ms
[2025-04-13T15:10:35.206+0000][gc,cpu      ] GC(46) User=0.04s Sys=0.00s Real=0.02s
[2025-04-13T15:13:17.263+0000][gc,start    ] GC(47) Pause Young (Normal) (G1 Evacuation Pause)
[2025-04-13T15:13:17.263+0000][gc,task     ] GC(47) Using 2 workers of 2 for evacuation
[2025-04-13T15:13:17.276+0000][gc,phases   ] GC(47)   Pre Evacuate Collection Set: 0.4ms
[2025-04-13T15:13:17.276+0000][gc,phases   ] GC(47)   Merge Heap Roots: 0.2ms
[2025-04-13T15:13:17.276+0000][gc,phases   ] GC(47)   Evacuate Collection Set: 11.7ms
[2025-04-13T15:13:17.276+0000][gc,phases   ] GC(47)   Post Evacuate Collection Set: 0.7ms
[2025-04-13T15:13:17.276+0000][gc,phases   ] GC(47)   Other: 0.1ms
[2025-04-13T15:13:17.276+0000][gc,heap     ] GC(47) Eden regions: 45->0(64)
[2025-04-13T15:13:17.276+0000][gc,heap     ] GC(47) Survivor regions: 6->4(7)
[2025-04-13T15:13:17.276+0000][gc,heap     ] GC(47) Old regions: 121->125
[2025-04-13T15:13:17.276+0000][gc,heap     ] GC(47) Humongous regions: 147->147
[2025-04-13T15:13:17.276+0000][gc,metaspace] GC(47) Metaspace: 46054K(46656K)->46054K(46656K) NonClass: 41064K(41408K)->41064K(41408K) Class: 4990K(5248K)->4990K(5248K)
[2025-04-13T15:13:17.276+0000][gc          ] GC(47) Pause Young (Normal) (G1 Evacuation Pause) 318M->274M(1024M) 13.346ms
[2025-04-13T15:13:17.276+0000][gc,cpu      ] GC(47) User=0.03s Sys=0.00s Real=0.02s
[2025-04-13T15:17:13.220+0000][gc,start    ] GC(48) Pause Young (Normal) (G1 Evacuation Pause)
[2025-04-13T15:17:13.220+0000][gc,task     ] GC(48) Using 2 workers of 2 for evacuation
[2025-04-13T15:17:13.235+0000][gc,phases   ] GC(48)   Pre Evacuate Collection Set: 0.5ms
[2025-04-13T15:17:13.235+0000][gc,phases   ] GC(48)   Merge Heap Roots: 0.2ms
[2025-04-13T15:17:13.235+0000][gc,phases   ] GC(48)   Evacuate Collection Set: 13.1ms
[2025-04-13T15:17:13.235+0000][gc,phases   ] GC(48)   Post Evacuate Collection Set: 0.6ms
[2025-04-13T15:17:13.235+0000][gc,phases   ] GC(48)   Other: 0.1ms
[2025-04-13T15:17:13.235+0000][gc,heap     ] GC(48) Eden regions: 66->0(49)
[2025-04-13T15:17:13.235+0000][gc,heap     ] GC(48) Survivor regions: 4->7(9)
[2025-04-13T15:17:13.235+0000][gc,heap     ] GC(48) Old regions: 125->125
[2025-04-13T15:17:13.235+0000][gc,heap     ] GC(48) Humongous regions: 147->147
[2025-04-13T15:17:13.235+0000][gc,metaspace] GC(48) Metaspace: 46070K(46656K)->46070K(46656K) NonClass: 41080K(41408K)->41080K(41408K) Class: 4990K(5248K)->4990K(5248K)
[2025-04-13T15:17:13.235+0000][gc          ] GC(48) Pause Young (Normal) (G1 Evacuation Pause) 340M->278M(1024M) 14.782ms
[2025-04-13T15:17:13.235+0000][gc,cpu      ] GC(48) User=0.03s Sys=0.00s Real=0.02s
[2025-04-13T15:20:20.071+0000][gc,start    ] GC(49) Pause Young (Normal) (G1 Evacuation Pause)
[2025-04-13T15:20:20.071+0000][gc,task     ] GC(49) Using 2 workers of 2 for evacuation
[2025-04-13T15:20:20.088+0000][gc,phases   ] GC(49)   Pre Evacuate Collection Set: 0.4ms
[2025-04-13T15:20:20.088+0000][gc,phases   ] GC(49)   Merge Heap Roots: 0.1ms
[2025-04-13T15:20:20.088+0000][gc,phases   ] GC(49)   Evacuate Collection Set: 15.5ms
[2025-04-13T15:20:20.088+0000][gc,phases   ] GC(49)   Post Evacuate Collection Set: 0.6ms
[2025-04-13T15:20:20.088+0000][gc,phases   ] GC(49)   Other: 0.1ms
[2025-04-13T15:20:20.088+0000][gc,heap     ] GC(49) Eden regions: 52->0(75)
[2025-04-13T15:20:20.088+0000][gc,heap     ] GC(49) Survivor regions: 7->3(8)
[2025-04-13T15:20:20.088+0000][gc,heap     ] GC(49) Old regions: 125->130
[2025-04-13T15:20:20.088+0000][gc,heap     ] GC(49) Humongous regions: 147->147
[2025-04-13T15:20:20.088+0000][gc,metaspace] GC(49) Metaspace: 46070K(46656K)->46070K(46656K) NonClass: 41080K(41408K)->41080K(41408K) Class: 4990K(5248K)->4990K(5248K)
[2025-04-13T15:20:20.088+0000][gc          ] GC(49) Pause Young (Normal) (G1 Evacuation Pause) 330M->279M(1024M) 16.890ms
[2025-04-13T15:20:20.088+0000][gc,cpu      ] GC(49) User=0.03s Sys=0.00s Real=0.02s
[2025-04-13T15:24:58.241+0000][gc,start    ] GC(50) Pause Young (Normal) (G1 Evacuation Pause)
[2025-04-13T15:24:58.241+0000][gc,task     ] GC(50) Using 2 workers of 2 for evacuation
[2025-04-13T15:24:58.257+0000][gc,phases   ] GC(50)   Pre Evacuate Collection Set: 0.4ms
[2025-04-13T15:24:58.257+0000][gc,phases   ] GC(50)   Merge Heap Roots: 0.2ms
[2025-04-13T15:24:58.257+0000][gc,phases   ] GC(50)   Evacuate Collection Set: 15.1ms
[2025-04-13T15:24:58.257+0000][gc,phases   ] GC(50)   Post Evacuate Collection Set: 0.5ms
[2025-04-13T15:24:58.257+0000][gc,phases   ] GC(50)   Other: 0.1ms
[2025-04-13T15:24:58.257+0000][gc,heap     ] GC(50) Eden regions: 77->0(43)
[2025-04-13T15:24:58.257+0000][gc,heap     ] GC(50) Survivor regions: 3->8(10)
[2025-04-13T15:24:58.257+0000][gc,heap     ] GC(50) Old regions: 130->130
[2025-04-13T15:24:58.257+0000][gc,heap     ] GC(50) Humongous regions: 147->147
[2025-04-13T15:24:58.257+0000][gc,metaspace] GC(50) Metaspace: 46072K(46656K)->46072K(46656K) NonClass: 41082K(41408K)->41082K(41408K) Class: 4990K(5248K)->4990K(5248K)
[2025-04-13T15:24:58.257+0000][gc          ] GC(50) Pause Young (Normal) (G1 Evacuation Pause) 356M->284M(1024M) 16.422ms
[2025-04-13T15:24:58.257+0000][gc,cpu      ] GC(50) User=0.03s Sys=0.00s Real=0.02s
[2025-04-13T15:27:32.975+0000][gc,start    ] GC(51) Pause Young (Normal) (G1 Evacuation Pause)
[2025-04-13T15:27:32.975+0000][gc,task     ] GC(51) Using 2 workers of 2 for evacuation
[2025-04-13T15:27:32.993+0000][gc,phases   ] GC(51)   Pre Evacuate Collection Set: 0.4ms
[2025-04-13T15:27:32.994+0000][gc,phases   ] GC(51)   Merge Heap Roots: 0.1ms
[2025-04-13T15:27:32.994+0000][gc,phases   ] GC(51)   Evacuate Collection Set: 16.9ms
[2025-04-13T15:27:32.994+0000][gc,phases   ] GC(51)   Post Evacuate Collection Set: 0.6ms
[2025-04-13T15:27:32.994+0000][gc,phases   ] GC(51)   Other: 0.1ms
[2025-04-13T15:27:32.994+0000][gc,heap     ] GC(51) Eden regions: 43->0(77)
[2025-04-13T15:27:32.994+0000][gc,heap     ] GC(51) Survivor regions: 8->4(7)
[2025-04-13T15:27:32.994+0000][gc,heap     ] GC(51) Old regions: 130->137
[2025-04-13T15:27:32.994+0000][gc,heap     ] GC(51) Humongous regions: 147->147
[2025-04-13T15:27:32.994+0000][gc,metaspace] GC(51) Metaspace: 46072K(46656K)->46072K(46656K) NonClass: 41082K(41408K)->41082K(41408K) Class: 4990K(5248K)->4990K(5248K)
[2025-04-13T15:27:32.994+0000][gc          ] GC(51) Pause Young (Normal) (G1 Evacuation Pause) 327M->286M(1024M) 18.636ms
[2025-04-13T15:27:32.994+0000][gc,cpu      ] GC(51) User=0.03s Sys=0.01s Real=0.01s
[2025-04-13T15:32:19.219+0000][gc,start    ] GC(52) Pause Young (Normal) (G1 Evacuation Pause)
[2025-04-13T15:32:19.219+0000][gc,task     ] GC(52) Using 2 workers of 2 for evacuation
[2025-04-13T15:32:19.237+0000][gc,phases   ] GC(52)   Pre Evacuate Collection Set: 0.4ms
[2025-04-13T15:32:19.237+0000][gc,phases   ] GC(52)   Merge Heap Roots: 1.1ms
[2025-04-13T15:32:19.237+0000][gc,phases   ] GC(52)   Evacuate Collection Set: 15.4ms
[2025-04-13T15:32:19.237+0000][gc,phases   ] GC(52)   Post Evacuate Collection Set: 0.9ms
[2025-04-13T15:32:19.237+0000][gc,phases   ] GC(52)   Other: 0.1ms
[2025-04-13T15:32:19.237+0000][gc,heap     ] GC(52) Eden regions: 79->0(42)
[2025-04-13T15:32:19.237+0000][gc,heap     ] GC(52) Survivor regions: 4->9(11)
[2025-04-13T15:32:19.237+0000][gc,heap     ] GC(52) Old regions: 137->137
[2025-04-13T15:32:19.237+0000][gc,heap     ] GC(52) Humongous regions: 147->147
[2025-04-13T15:32:19.237+0000][gc,metaspace] GC(52) Metaspace: 46072K(46656K)->46072K(46656K) NonClass: 41082K(41408K)->41082K(41408K) Class: 4990K(5248K)->4990K(5248K)
[2025-04-13T15:32:19.237+0000][gc          ] GC(52) Pause Young (Normal) (G1 Evacuation Pause) 365M->291M(1024M) 18.091ms
[2025-04-13T15:32:19.237+0000][gc,cpu      ] GC(52) User=0.04s Sys=0.00s Real=0.02s
[2025-04-13T15:34:49.714+0000][gc,start    ] GC(53) Pause Young (Normal) (G1 Evacuation Pause)
[2025-04-13T15:34:49.714+0000][gc,task     ] GC(53) Using 2 workers of 2 for evacuation
[2025-04-13T15:34:49.734+0000][gc,phases   ] GC(53)   Pre Evacuate Collection Set: 0.4ms
[2025-04-13T15:34:49.734+0000][gc,phases   ] GC(53)   Merge Heap Roots: 0.1ms
[2025-04-13T15:34:49.734+0000][gc,phases   ] GC(53)   Evacuate Collection Set: 18.5ms
[2025-04-13T15:34:49.734+0000][gc,phases   ] GC(53)   Post Evacuate Collection Set: 0.8ms
[2025-04-13T15:34:49.734+0000][gc,phases   ] GC(53)   Other: 0.1ms
[2025-04-13T15:34:49.734+0000][gc,heap     ] GC(53) Eden regions: 42->0(65)
[2025-04-13T15:34:49.734+0000][gc,heap     ] GC(53) Survivor regions: 9->5(7)
[2025-04-13T15:34:49.734+0000][gc,heap     ] GC(53) Old regions: 137->143
[2025-04-13T15:34:49.734+0000][gc,heap     ] GC(53) Humongous regions: 147->147
[2025-04-13T15:34:49.734+0000][gc,metaspace] GC(53) Metaspace: 46072K(46656K)->46072K(46656K) NonClass: 41082K(41408K)->41082K(41408K) Class: 4990K(5248K)->4990K(5248K)
[2025-04-13T15:34:49.734+0000][gc          ] GC(53) Pause Young (Normal) (G1 Evacuation Pause) 333M->294M(1024M) 20.209ms
[2025-04-13T15:34:49.734+0000][gc,cpu      ] GC(53) User=0.04s Sys=0.01s Real=0.03s
[2025-04-13T15:38:48.044+0000][gc,start    ] GC(54) Pause Young (Normal) (G1 Evacuation Pause)
[2025-04-13T15:38:48.044+0000][gc,task     ] GC(54) Using 2 workers of 2 for evacuation
[2025-04-13T15:38:48.060+0000][gc,phases   ] GC(54)   Pre Evacuate Collection Set: 0.3ms
[2025-04-13T15:38:48.060+0000][gc,phases   ] GC(54)   Merge Heap Roots: 0.2ms
[2025-04-13T15:38:48.060+0000][gc,phases   ] GC(54)   Evacuate Collection Set: 14.6ms
[2025-04-13T15:38:48.060+0000][gc,phases   ] GC(54)   Post Evacuate Collection Set: 0.7ms
[2025-04-13T15:38:48.060+0000][gc,phases   ] GC(54)   Other: 0.1ms
[2025-04-13T15:38:48.060+0000][gc,heap     ] GC(54) Eden regions: 66->0(61)
[2025-04-13T15:38:48.060+0000][gc,heap     ] GC(54) Survivor regions: 5->6(9)
[2025-04-13T15:38:48.060+0000][gc,heap     ] GC(54) Old regions: 143->146
[2025-04-13T15:38:48.060+0000][gc,heap     ] GC(54) Humongous regions: 147->147
[2025-04-13T15:38:48.060+0000][gc,metaspace] GC(54) Metaspace: 46072K(46656K)->46072K(46656K) NonClass: 41082K(41408K)->41082K(41408K) Class: 4990K(5248K)->4990K(5248K)
[2025-04-13T15:38:48.060+0000][gc          ] GC(54) Pause Young (Normal) (G1 Evacuation Pause) 360M->298M(1024M) 16.167ms
[2025-04-13T15:38:48.060+0000][gc,cpu      ] GC(54) User=0.03s Sys=0.00s Real=0.01s
[2025-04-13T15:42:06.416+0000][gc,start    ] GC(55) Pause Young (Normal) (G1 Evacuation Pause)
[2025-04-13T15:42:06.416+0000][gc,task     ] GC(55) Using 2 workers of 2 for evacuation
[2025-04-13T15:42:06.432+0000][gc,phases   ] GC(55)   Pre Evacuate Collection Set: 0.3ms
[2025-04-13T15:42:06.432+0000][gc,phases   ] GC(55)   Merge Heap Roots: 0.1ms
[2025-04-13T15:42:06.432+0000][gc,phases   ] GC(55)   Evacuate Collection Set: 14.9ms
[2025-04-13T15:42:06.432+0000][gc,phases   ] GC(55)   Post Evacuate Collection Set: 0.6ms
[2025-04-13T15:42:06.432+0000][gc,phases   ] GC(55)   Other: 0.1ms
[2025-04-13T15:42:06.432+0000][gc,heap     ] GC(55) Eden regions: 55->0(78)
[2025-04-13T15:42:06.432+0000][gc,heap     ] GC(55) Survivor regions: 6->4(8)
[2025-04-13T15:42:06.432+0000][gc,heap     ] GC(55) Old regions: 146->149
[2025-04-13T15:42:06.432+0000][gc,heap     ] GC(55) Humongous regions: 147->147
[2025-04-13T15:42:06.432+0000][gc,metaspace] GC(55) Metaspace: 46075K(46656K)->46075K(46656K) NonClass: 41085K(41408K)->41085K(41408K) Class: 4990K(5248K)->4990K(5248K)
[2025-04-13T15:42:06.432+0000][gc          ] GC(55) Pause Young (Normal) (G1 Evacuation Pause) 353M->300M(1024M) 16.227ms
[2025-04-13T15:42:06.432+0000][gc,cpu      ] GC(55) User=0.03s Sys=0.00s Real=0.01s
[2025-04-13T15:46:48.928+0000][gc,start    ] GC(56) Pause Young (Normal) (G1 Evacuation Pause)
[2025-04-13T15:46:48.928+0000][gc,task     ] GC(56) Using 2 workers of 2 for evacuation
[2025-04-13T15:46:48.945+0000][gc,phases   ] GC(56)   Pre Evacuate Collection Set: 0.3ms
[2025-04-13T15:46:48.945+0000][gc,phases   ] GC(56)   Merge Heap Roots: 0.1ms
[2025-04-13T15:46:48.945+0000][gc,phases   ] GC(56)   Evacuate Collection Set: 16.0ms
[2025-04-13T15:46:48.945+0000][gc,phases   ] GC(56)   Post Evacuate Collection Set: 0.5ms
[2025-04-13T15:46:48.945+0000][gc,phases   ] GC(56)   Other: 0.1ms
[2025-04-13T15:46:48.945+0000][gc,heap     ] GC(56) Eden regions: 78->0(42)
[2025-04-13T15:46:48.945+0000][gc,heap     ] GC(56) Survivor regions: 4->9(11)
[2025-04-13T15:46:48.945+0000][gc,heap     ] GC(56) Old regions: 149->149
[2025-04-13T15:46:48.945+0000][gc,heap     ] GC(56) Humongous regions: 147->147
[2025-04-13T15:46:48.945+0000][gc,metaspace] GC(56) Metaspace: 46076K(46656K)->46076K(46656K) NonClass: 41086K(41408K)->41086K(41408K) Class: 4990K(5248K)->4990K(5248K)
[2025-04-13T15:46:48.945+0000][gc          ] GC(56) Pause Young (Normal) (G1 Evacuation Pause) 378M->305M(1024M) 17.202ms
[2025-04-13T15:46:48.945+0000][gc,cpu      ] GC(56) User=0.03s Sys=0.00s Real=0.02s
[2025-04-13T15:49:18.892+0000][gc,start    ] GC(57) Pause Young (Normal) (G1 Evacuation Pause)
[2025-04-13T15:49:18.892+0000][gc,task     ] GC(57) Using 2 workers of 2 for evacuation
[2025-04-13T15:49:18.913+0000][gc,mmu      ] GC(57) MMU target violated: 20.7ms (20.0ms/21.0ms)
[2025-04-13T15:49:18.913+0000][gc,phases   ] GC(57)   Pre Evacuate Collection Set: 0.4ms
[2025-04-13T15:49:18.913+0000][gc,phases   ] GC(57)   Merge Heap Roots: 0.1ms
[2025-04-13T15:49:18.913+0000][gc,phases   ] GC(57)   Evacuate Collection Set: 19.5ms
[2025-04-13T15:49:18.913+0000][gc,phases   ] GC(57)   Post Evacuate Collection Set: 0.7ms
[2025-04-13T15:49:18.913+0000][gc,phases   ] GC(57)   Other: 0.1ms
[2025-04-13T15:49:18.913+0000][gc,heap     ] GC(57) Eden regions: 42->0(71)
[2025-04-13T15:49:18.913+0000][gc,heap     ] GC(57) Survivor regions: 9->5(7)
[2025-04-13T15:49:18.913+0000][gc,heap     ] GC(57) Old regions: 149->156
[2025-04-13T15:49:18.913+0000][gc,heap     ] GC(57) Humongous regions: 147->147
[2025-04-13T15:49:18.913+0000][gc,metaspace] GC(57) Metaspace: 46076K(46656K)->46076K(46656K) NonClass: 41086K(41408K)->41086K(41408K) Class: 4990K(5248K)->4990K(5248K)
[2025-04-13T15:49:18.913+0000][gc          ] GC(57) Pause Young (Normal) (G1 Evacuation Pause) 347M->307M(1024M) 20.918ms
[2025-04-13T15:49:18.913+0000][gc,cpu      ] GC(57) User=0.04s Sys=0.00s Real=0.02s
[2025-04-13T15:53:41.173+0000][gc,start    ] GC(58) Pause Young (Normal) (G1 Evacuation Pause)
[2025-04-13T15:53:41.173+0000][gc,task     ] GC(58) Using 2 workers of 2 for evacuation
[2025-04-13T15:53:41.190+0000][gc,phases   ] GC(58)   Pre Evacuate Collection Set: 0.4ms
[2025-04-13T15:53:41.190+0000][gc,phases   ] GC(58)   Merge Heap Roots: 0.2ms
[2025-04-13T15:53:41.190+0000][gc,phases   ] GC(58)   Evacuate Collection Set: 16.1ms
[2025-04-13T15:53:41.190+0000][gc,phases   ] GC(58)   Post Evacuate Collection Set: 0.7ms
[2025-04-13T15:53:41.190+0000][gc,phases   ] GC(58)   Other: 0.1ms
[2025-04-13T15:53:41.190+0000][gc,heap     ] GC(58) Eden regions: 73->0(42)
[2025-04-13T15:53:41.190+0000][gc,heap     ] GC(58) Survivor regions: 5->9(10)
[2025-04-13T15:53:41.190+0000][gc,heap     ] GC(58) Old regions: 156->156
[2025-04-13T15:53:41.190+0000][gc,heap     ] GC(58) Humongous regions: 147->147
[2025-04-13T15:53:41.190+0000][gc,metaspace] GC(58) Metaspace: 46079K(46656K)->46079K(46656K) NonClass: 41089K(41408K)->41089K(41408K) Class: 4990K(5248K)->4990K(5248K)
[2025-04-13T15:53:41.190+0000][gc          ] GC(58) Pause Young (Normal) (G1 Evacuation Pause) 380M->311M(1024M) 17.601ms
[2025-04-13T15:53:41.190+0000][gc,cpu      ] GC(58) User=0.03s Sys=0.00s Real=0.02s
[2025-04-13T15:56:11.753+0000][gc,start    ] GC(59) Pause Young (Normal) (G1 Evacuation Pause)
[2025-04-13T15:56:11.753+0000][gc,task     ] GC(59) Using 2 workers of 2 for evacuation
[2025-04-13T15:56:11.770+0000][gc,phases   ] GC(59)   Pre Evacuate Collection Set: 0.4ms
[2025-04-13T15:56:11.770+0000][gc,phases   ] GC(59)   Merge Heap Roots: 0.2ms
[2025-04-13T15:56:11.770+0000][gc,phases   ] GC(59)   Evacuate Collection Set: 15.4ms
[2025-04-13T15:56:11.770+0000][gc,phases   ] GC(59)   Post Evacuate Collection Set: 0.6ms
[2025-04-13T15:56:11.770+0000][gc,phases   ] GC(59)   Other: 0.1ms
[2025-04-13T15:56:11.770+0000][gc,heap     ] GC(59) Eden regions: 42->0(108)
[2025-04-13T15:56:11.770+0000][gc,heap     ] GC(59) Survivor regions: 9->3(7)
[2025-04-13T15:56:11.770+0000][gc,heap     ] GC(59) Old regions: 156->162
[2025-04-13T15:56:11.770+0000][gc,heap     ] GC(59) Humongous regions: 147->147
[2025-04-13T15:56:11.770+0000][gc,metaspace] GC(59) Metaspace: 46081K(46656K)->46081K(46656K) NonClass: 41091K(41408K)->41091K(41408K) Class: 4990K(5248K)->4990K(5248K)
[2025-04-13T15:56:11.770+0000][gc          ] GC(59) Pause Young (Normal) (G1 Evacuation Pause) 353M->311M(1024M) 16.986ms
[2025-04-13T15:56:11.770+0000][gc,cpu      ] GC(59) User=0.03s Sys=0.00s Real=0.02s
[2025-04-13T16:02:47.671+0000][gc,start    ] GC(60) Pause Young (Normal) (G1 Evacuation Pause)
[2025-04-13T16:02:47.671+0000][gc,task     ] GC(60) Using 2 workers of 2 for evacuation
[2025-04-13T16:02:47.691+0000][gc,mmu      ] GC(60) MMU target violated: 20.3ms (20.0ms/21.0ms)
[2025-04-13T16:02:47.691+0000][gc,phases   ] GC(60)   Pre Evacuate Collection Set: 0.4ms
[2025-04-13T16:02:47.691+0000][gc,phases   ] GC(60)   Merge Heap Roots: 0.2ms
[2025-04-13T16:02:47.691+0000][gc,phases   ] GC(60)   Evacuate Collection Set: 19.0ms
[2025-04-13T16:02:47.691+0000][gc,phases   ] GC(60)   Post Evacuate Collection Set: 0.7ms
[2025-04-13T16:02:47.691+0000][gc,phases   ] GC(60)   Other: 0.1ms
[2025-04-13T16:02:47.691+0000][gc,heap     ] GC(60) Eden regions: 108->0(42)
[2025-04-13T16:02:47.691+0000][gc,heap     ] GC(60) Survivor regions: 3->9(14)
[2025-04-13T16:02:47.691+0000][gc,heap     ] GC(60) Old regions: 162->162
[2025-04-13T16:02:47.691+0000][gc,heap     ] GC(60) Humongous regions: 147->147
[2025-04-13T16:02:47.691+0000][gc,metaspace] GC(60) Metaspace: 46094K(46656K)->46094K(46656K) NonClass: 41104K(41408K)->41104K(41408K) Class: 4990K(5248K)->4990K(5248K)
[2025-04-13T16:02:47.691+0000][gc          ] GC(60) Pause Young (Normal) (G1 Evacuation Pause) 419M->317M(1024M) 20.584ms
[2025-04-13T16:02:47.691+0000][gc,cpu      ] GC(60) User=0.04s Sys=0.00s Real=0.02s
[2025-04-13T16:05:24.806+0000][gc,start    ] GC(61) Pause Young (Normal) (G1 Evacuation Pause)
[2025-04-13T16:05:24.806+0000][gc,task     ] GC(61) Using 2 workers of 2 for evacuation
[2025-04-13T16:05:24.825+0000][gc,phases   ] GC(61)   Pre Evacuate Collection Set: 0.4ms
[2025-04-13T16:05:24.825+0000][gc,phases   ] GC(61)   Merge Heap Roots: 0.2ms
[2025-04-13T16:05:24.825+0000][gc,phases   ] GC(61)   Evacuate Collection Set: 17.9ms
[2025-04-13T16:05:24.825+0000][gc,phases   ] GC(61)   Post Evacuate Collection Set: 0.7ms
[2025-04-13T16:05:24.825+0000][gc,phases   ] GC(61)   Other: 0.1ms
[2025-04-13T16:05:24.825+0000][gc,heap     ] GC(61) Eden regions: 42->0(99)
[2025-04-13T16:05:24.825+0000][gc,heap     ] GC(61) Survivor regions: 9->3(7)
[2025-04-13T16:05:24.825+0000][gc,heap     ] GC(61) Old regions: 162->169
[2025-04-13T16:05:24.825+0000][gc,heap     ] GC(61) Humongous regions: 147->147
[2025-04-13T16:05:24.825+0000][gc,metaspace] GC(61) Metaspace: 46303K(46912K)->46303K(46912K) NonClass: 41262K(41600K)->41262K(41600K) Class: 5040K(5312K)->5040K(5312K)
[2025-04-13T16:05:24.825+0000][gc          ] GC(61) Pause Young (Normal) (G1 Evacuation Pause) 359M->318M(1024M) 19.350ms
[2025-04-13T16:05:24.825+0000][gc,cpu      ] GC(61) User=0.03s Sys=0.00s Real=0.02s
[2025-04-13T16:11:07.066+0000][gc,start    ] GC(62) Pause Young (Normal) (G1 Evacuation Pause)
[2025-04-13T16:11:07.066+0000][gc,task     ] GC(62) Using 2 workers of 2 for evacuation
[2025-04-13T16:11:07.084+0000][gc,phases   ] GC(62)   Pre Evacuate Collection Set: 0.4ms
[2025-04-13T16:11:07.084+0000][gc,phases   ] GC(62)   Merge Heap Roots: 0.4ms
[2025-04-13T16:11:07.084+0000][gc,phases   ] GC(62)   Evacuate Collection Set: 16.7ms
[2025-04-13T16:11:07.084+0000][gc,phases   ] GC(62)   Post Evacuate Collection Set: 0.6ms
[2025-04-13T16:11:07.084+0000][gc,phases   ] GC(62)   Other: 0.1ms
[2025-04-13T16:11:07.084+0000][gc,heap     ] GC(62) Eden regions: 97->0(42)
[2025-04-13T16:11:07.084+0000][gc,heap     ] GC(62) Survivor regions: 3->9(13)
[2025-04-13T16:11:07.084+0000][gc,heap     ] GC(62) Old regions: 169->169
[2025-04-13T16:11:07.084+0000][gc,heap     ] GC(62) Humongous regions: 147->147
[2025-04-13T16:11:07.084+0000][gc,metaspace] GC(62) Metaspace: 46477K(47040K)->46477K(47040K) NonClass: 41409K(41728K)->41409K(41728K) Class: 5067K(5312K)->5067K(5312K)
[2025-04-13T16:11:07.084+0000][gc          ] GC(62) Pause Young (Normal) (G1 Evacuation Pause) 415M->325M(1024M) 18.374ms
[2025-04-13T16:11:07.084+0000][gc,cpu      ] GC(62) User=0.03s Sys=0.00s Real=0.02s
[2025-04-13T16:13:54.253+0000][gc,start    ] GC(63) Pause Young (Normal) (G1 Evacuation Pause)
[2025-04-13T16:13:54.253+0000][gc,task     ] GC(63) Using 2 workers of 2 for evacuation
[2025-04-13T16:13:54.272+0000][gc,phases   ] GC(63)   Pre Evacuate Collection Set: 0.5ms
[2025-04-13T16:13:54.272+0000][gc,phases   ] GC(63)   Merge Heap Roots: 0.2ms
[2025-04-13T16:13:54.272+0000][gc,phases   ] GC(63)   Evacuate Collection Set: 17.5ms
[2025-04-13T16:13:54.272+0000][gc,phases   ] GC(63)   Post Evacuate Collection Set: 0.5ms
[2025-04-13T16:13:54.272+0000][gc,phases   ] GC(63)   Other: 0.1ms
[2025-04-13T16:13:54.272+0000][gc,heap     ] GC(63) Eden regions: 42->0(120)
[2025-04-13T16:13:54.272+0000][gc,heap     ] GC(63) Survivor regions: 9->2(7)
[2025-04-13T16:13:54.272+0000][gc,heap     ] GC(63) Old regions: 169->177
[2025-04-13T16:13:54.272+0000][gc,heap     ] GC(63) Humongous regions: 147->147
[2025-04-13T16:13:54.272+0000][gc,metaspace] GC(63) Metaspace: 46481K(47040K)->46481K(47040K) NonClass: 41413K(41728K)->41413K(41728K) Class: 5067K(5312K)->5067K(5312K)
[2025-04-13T16:13:54.272+0000][gc          ] GC(63) Pause Young (Normal) (G1 Evacuation Pause) 367M->325M(1024M) 18.954ms
[2025-04-13T16:13:54.272+0000][gc,cpu      ] GC(63) User=0.03s Sys=0.01s Real=0.02s
[2025-04-13T16:22:16.525+0000][gc,start    ] GC(64) Pause Young (Normal) (G1 Evacuation Pause)
[2025-04-13T16:22:16.525+0000][gc,task     ] GC(64) Using 2 workers of 2 for evacuation
[2025-04-13T16:22:16.548+0000][gc,mmu      ] GC(64) MMU target violated: 21.0ms (20.0ms/21.0ms)
[2025-04-13T16:22:16.548+0000][gc,phases   ] GC(64)   Pre Evacuate Collection Set: 0.5ms
[2025-04-13T16:22:16.548+0000][gc,phases   ] GC(64)   Merge Heap Roots: 0.1ms
[2025-04-13T16:22:16.548+0000][gc,phases   ] GC(64)   Evacuate Collection Set: 21.3ms
[2025-04-13T16:22:16.548+0000][gc,phases   ] GC(64)   Post Evacuate Collection Set: 0.8ms
[2025-04-13T16:22:16.548+0000][gc,phases   ] GC(64)   Other: 0.1ms
[2025-04-13T16:22:16.548+0000][gc,heap     ] GC(64) Eden regions: 133->0(41)
[2025-04-13T16:22:16.548+0000][gc,heap     ] GC(64) Survivor regions: 2->10(17)
[2025-04-13T16:22:16.548+0000][gc,heap     ] GC(64) Old regions: 177->177
[2025-04-13T16:22:16.548+0000][gc,heap     ] GC(64) Humongous regions: 147->147
[2025-04-13T16:22:16.548+0000][gc,metaspace] GC(64) Metaspace: 46492K(47040K)->46492K(47040K) NonClass: 41424K(41728K)->41424K(41728K) Class: 5067K(5312K)->5067K(5312K)
[2025-04-13T16:22:16.548+0000][gc          ] GC(64) Pause Young (Normal) (G1 Evacuation Pause) 458M->333M(1024M) 22.973ms
[2025-04-13T16:22:16.548+0000][gc,cpu      ] GC(64) User=0.04s Sys=0.00s Real=0.02s
[2025-04-13T16:24:44.263+0000][gc,start    ] GC(65) Pause Young (Normal) (G1 Evacuation Pause)
[2025-04-13T16:24:44.263+0000][gc,task     ] GC(65) Using 2 workers of 2 for evacuation
[2025-04-13T16:24:44.285+0000][gc,mmu      ] GC(65) MMU target violated: 21.0ms (20.0ms/21.0ms)
[2025-04-13T16:24:44.285+0000][gc,phases   ] GC(65)   Pre Evacuate Collection Set: 0.3ms
[2025-04-13T16:24:44.285+0000][gc,phases   ] GC(65)   Merge Heap Roots: 0.1ms
[2025-04-13T16:24:44.285+0000][gc,phases   ] GC(65)   Evacuate Collection Set: 20.9ms
[2025-04-13T16:24:44.285+0000][gc,phases   ] GC(65)   Post Evacuate Collection Set: 0.5ms
[2025-04-13T16:24:44.285+0000][gc,phases   ] GC(65)   Other: 0.1ms
[2025-04-13T16:24:44.285+0000][gc,heap     ] GC(65) Eden regions: 41->0(48)
[2025-04-13T16:24:44.285+0000][gc,heap     ] GC(65) Survivor regions: 10->5(7)
[2025-04-13T16:24:44.285+0000][gc,heap     ] GC(65) Old regions: 177->184
[2025-04-13T16:24:44.285+0000][gc,heap     ] GC(65) Humongous regions: 147->147
[2025-04-13T16:24:44.285+0000][gc,metaspace] GC(65) Metaspace: 46492K(47040K)->46492K(47040K) NonClass: 41424K(41728K)->41424K(41728K) Class: 5067K(5312K)->5067K(5312K)
[2025-04-13T16:24:44.285+0000][gc          ] GC(65) Pause Young (Normal) (G1 Evacuation Pause) 374M->336M(1024M) 22.147ms
[2025-04-13T16:24:44.285+0000][gc,cpu      ] GC(65) User=0.03s Sys=0.01s Real=0.03s
[2025-04-13T16:27:43.190+0000][gc,start    ] GC(66) Pause Young (Normal) (G1 Evacuation Pause)
[2025-04-13T16:27:43.190+0000][gc,task     ] GC(66) Using 2 workers of 2 for evacuation
[2025-04-13T16:27:43.204+0000][gc,phases   ] GC(66)   Pre Evacuate Collection Set: 0.3ms
[2025-04-13T16:27:43.204+0000][gc,phases   ] GC(66)   Merge Heap Roots: 0.1ms
[2025-04-13T16:27:43.204+0000][gc,phases   ] GC(66)   Evacuate Collection Set: 12.3ms
[2025-04-13T16:27:43.204+0000][gc,phases   ] GC(66)   Post Evacuate Collection Set: 0.6ms
[2025-04-13T16:27:43.204+0000][gc,phases   ] GC(66)   Other: 0.1ms
[2025-04-13T16:27:43.204+0000][gc,heap     ] GC(66) Eden regions: 51->0(76)
[2025-04-13T16:27:43.204+0000][gc,heap     ] GC(66) Survivor regions: 5->4(7)
[2025-04-13T16:27:43.204+0000][gc,heap     ] GC(66) Old regions: 184->187
[2025-04-13T16:27:43.204+0000][gc,heap     ] GC(66) Humongous regions: 147->147
[2025-04-13T16:27:43.204+0000][gc,metaspace] GC(66) Metaspace: 46499K(47040K)->46499K(47040K) NonClass: 41432K(41728K)->41432K(41728K) Class: 5067K(5312K)->5067K(5312K)
[2025-04-13T16:27:43.204+0000][gc          ] GC(66) Pause Young (Normal) (G1 Evacuation Pause) 387M->337M(1024M) 13.724ms
[2025-04-13T16:27:43.204+0000][gc,cpu      ] GC(66) User=0.02s Sys=0.00s Real=0.01s
[2025-04-13T16:31:49.806+0000][gc,start    ] GC(67) Pause Young (Normal) (G1 Evacuation Pause)
[2025-04-13T16:31:49.806+0000][gc,task     ] GC(67) Using 2 workers of 2 for evacuation
[2025-04-13T16:31:49.822+0000][gc,phases   ] GC(67)   Pre Evacuate Collection Set: 0.4ms
[2025-04-13T16:31:49.822+0000][gc,phases   ] GC(67)   Merge Heap Roots: 0.3ms
[2025-04-13T16:31:49.822+0000][gc,phases   ] GC(67)   Evacuate Collection Set: 14.6ms
[2025-04-13T16:31:49.822+0000][gc,phases   ] GC(67)   Post Evacuate Collection Set: 0.7ms
[2025-04-13T16:31:49.822+0000][gc,phases   ] GC(67)   Other: 0.1ms
[2025-04-13T16:31:49.822+0000][gc,heap     ] GC(67) Eden regions: 70->0(46)
[2025-04-13T16:31:49.822+0000][gc,heap     ] GC(67) Survivor regions: 4->7(10)
[2025-04-13T16:31:49.822+0000][gc,heap     ] GC(67) Old regions: 187->187
[2025-04-13T16:31:49.822+0000][gc,heap     ] GC(67) Humongous regions: 147->147
[2025-04-13T16:31:49.822+0000][gc,metaspace] GC(67) Metaspace: 46578K(47104K)->46578K(47104K) NonClass: 41507K(41792K)->41507K(41792K) Class: 5071K(5312K)->5071K(5312K)
[2025-04-13T16:31:49.822+0000][gc          ] GC(67) Pause Young (Normal) (G1 Evacuation Pause) 407M->340M(1024M) 16.325ms
[2025-04-13T16:31:49.822+0000][gc,cpu      ] GC(67) User=0.03s Sys=0.00s Real=0.01s
[2025-04-13T16:34:49.010+0000][gc,start    ] GC(68) Pause Young (Normal) (G1 Evacuation Pause)
[2025-04-13T16:34:49.010+0000][gc,task     ] GC(68) Using 2 workers of 2 for evacuation
[2025-04-13T16:34:49.030+0000][gc,phases   ] GC(68)   Pre Evacuate Collection Set: 0.4ms
[2025-04-13T16:34:49.030+0000][gc,phases   ] GC(68)   Merge Heap Roots: 0.2ms
[2025-04-13T16:34:49.030+0000][gc,phases   ] GC(68)   Evacuate Collection Set: 18.4ms
[2025-04-13T16:34:49.030+0000][gc,phases   ] GC(68)   Post Evacuate Collection Set: 0.6ms
[2025-04-13T16:34:49.030+0000][gc,phases   ] GC(68)   Other: 0.1ms
[2025-04-13T16:34:49.030+0000][gc,heap     ] GC(68) Eden regions: 46->0(91)
[2025-04-13T16:34:49.030+0000][gc,heap     ] GC(68) Survivor regions: 7->3(7)
[2025-04-13T16:34:49.030+0000][gc,heap     ] GC(68) Old regions: 187->193
[2025-04-13T16:34:49.030+0000][gc,heap     ] GC(68) Humongous regions: 147->147
[2025-04-13T16:34:49.030+0000][gc,metaspace] GC(68) Metaspace: 46581K(47104K)->46581K(47104K) NonClass: 41510K(41792K)->41510K(41792K) Class: 5071K(5312K)->5071K(5312K)
[2025-04-13T16:34:49.030+0000][gc          ] GC(68) Pause Young (Normal) (G1 Evacuation Pause) 386M->342M(1024M) 19.802ms
[2025-04-13T16:34:49.030+0000][gc,cpu      ] GC(68) User=0.03s Sys=0.01s Real=0.02s
[2025-04-13T16:40:43.370+0000][gc,start    ] GC(69) Pause Young (Normal) (G1 Evacuation Pause)
[2025-04-13T16:40:43.370+0000][gc,task     ] GC(69) Using 2 workers of 2 for evacuation
[2025-04-13T16:40:43.387+0000][gc,phases   ] GC(69)   Pre Evacuate Collection Set: 0.4ms
[2025-04-13T16:40:43.387+0000][gc,phases   ] GC(69)   Merge Heap Roots: 0.2ms
[2025-04-13T16:40:43.387+0000][gc,phases   ] GC(69)   Evacuate Collection Set: 15.5ms
[2025-04-13T16:40:43.387+0000][gc,phases   ] GC(69)   Post Evacuate Collection Set: 0.7ms
[2025-04-13T16:40:43.387+0000][gc,phases   ] GC(69)   Other: 0.1ms
[2025-04-13T16:40:43.387+0000][gc,heap     ] GC(69) Eden regions: 96->0(43)
[2025-04-13T16:40:43.387+0000][gc,heap     ] GC(69) Survivor regions: 3->8(13)
[2025-04-13T16:40:43.387+0000][gc,heap     ] GC(69) Old regions: 193->193
[2025-04-13T16:40:43.387+0000][gc,heap     ] GC(69) Humongous regions: 147->147
[2025-04-13T16:40:43.387+0000][gc,metaspace] GC(69) Metaspace: 46661K(47232K)->46661K(47232K) NonClass: 41589K(41920K)->41589K(41920K) Class: 5071K(5312K)->5071K(5312K)
[2025-04-13T16:40:43.387+0000][gc          ] GC(69) Pause Young (Normal) (G1 Evacuation Pause) 438M->347M(1024M) 17.133ms
[2025-04-13T16:40:43.387+0000][gc,cpu      ] GC(69) User=0.03s Sys=0.00s Real=0.02s
[2025-04-13T16:43:29.806+0000][gc,start    ] GC(70) Pause Young (Normal) (G1 Evacuation Pause)
[2025-04-13T16:43:29.806+0000][gc,task     ] GC(70) Using 2 workers of 2 for evacuation
[2025-04-13T16:43:29.824+0000][gc,phases   ] GC(70)   Pre Evacuate Collection Set: 0.4ms
[2025-04-13T16:43:29.824+0000][gc,phases   ] GC(70)   Merge Heap Roots: 0.1ms
[2025-04-13T16:43:29.824+0000][gc,phases   ] GC(70)   Evacuate Collection Set: 16.4ms
[2025-04-13T16:43:29.824+0000][gc,phases   ] GC(70)   Post Evacuate Collection Set: 0.6ms
[2025-04-13T16:43:29.824+0000][gc,phases   ] GC(70)   Other: 0.1ms
[2025-04-13T16:43:29.824+0000][gc,heap     ] GC(70) Eden regions: 43->0(100)
[2025-04-13T16:43:29.824+0000][gc,heap     ] GC(70) Survivor regions: 8->4(7)
[2025-04-13T16:43:29.824+0000][gc,heap     ] GC(70) Old regions: 193->199
[2025-04-13T16:43:29.824+0000][gc,heap     ] GC(70) Humongous regions: 147->147
[2025-04-13T16:43:29.824+0000][gc,metaspace] GC(70) Metaspace: 46677K(47232K)->46677K(47232K) NonClass: 41605K(41920K)->41605K(41920K) Class: 5071K(5312K)->5071K(5312K)
[2025-04-13T16:43:29.824+0000][gc          ] GC(70) Pause Young (Normal) (G1 Evacuation Pause) 390M->349M(1024M) 17.873ms
[2025-04-13T16:43:29.824+0000][gc,cpu      ] GC(70) User=0.02s Sys=0.00s Real=0.01s
[2025-04-13T16:49:56.860+0000][gc,start    ] GC(71) Pause Young (Normal) (G1 Evacuation Pause)
[2025-04-13T16:49:56.860+0000][gc,task     ] GC(71) Using 2 workers of 2 for evacuation
[2025-04-13T16:49:56.875+0000][gc,phases   ] GC(71)   Pre Evacuate Collection Set: 0.4ms
[2025-04-13T16:49:56.875+0000][gc,phases   ] GC(71)   Merge Heap Roots: 0.2ms
[2025-04-13T16:49:56.875+0000][gc,phases   ] GC(71)   Evacuate Collection Set: 13.6ms
[2025-04-13T16:49:56.875+0000][gc,phases   ] GC(71)   Post Evacuate Collection Set: 0.8ms
[2025-04-13T16:49:56.875+0000][gc,phases   ] GC(71)   Other: 0.1ms
[2025-04-13T16:49:56.875+0000][gc,heap     ] GC(71) Eden regions: 104->0(57)
[2025-04-13T16:49:56.875+0000][gc,heap     ] GC(71) Survivor regions: 4->7(14)
[2025-04-13T16:49:56.875+0000][gc,heap     ] GC(71) Old regions: 199->199
[2025-04-13T16:49:56.875+0000][gc,heap     ] GC(71) Humongous regions: 147->147
[2025-04-13T16:49:56.875+0000][gc,metaspace] GC(71) Metaspace: 46714K(47296K)->46714K(47296K) NonClass: 41642K(41984K)->41642K(41984K) Class: 5071K(5312K)->5071K(5312K)
[2025-04-13T16:49:56.875+0000][gc          ] GC(71) Pause Young (Normal) (G1 Evacuation Pause) 453M->353M(1024M) 15.123ms
[2025-04-13T16:49:56.875+0000][gc,cpu      ] GC(71) User=0.02s Sys=0.00s Real=0.02s
[2025-04-13T16:53:23.697+0000][gc,start    ] GC(72) Pause Young (Normal) (G1 Evacuation Pause)
[2025-04-13T16:53:23.697+0000][gc,task     ] GC(72) Using 2 workers of 2 for evacuation
[2025-04-13T16:53:23.717+0000][gc,phases   ] GC(72)   Pre Evacuate Collection Set: 0.9ms
[2025-04-13T16:53:23.717+0000][gc,phases   ] GC(72)   Merge Heap Roots: 0.2ms
[2025-04-13T16:53:23.717+0000][gc,phases   ] GC(72)   Evacuate Collection Set: 18.0ms
[2025-04-13T16:53:23.717+0000][gc,phases   ] GC(72)   Post Evacuate Collection Set: 0.6ms
[2025-04-13T16:53:23.717+0000][gc,phases   ] GC(72)   Other: 0.1ms
[2025-04-13T16:53:23.717+0000][gc,heap     ] GC(72) Eden regions: 57->0(68)
[2025-04-13T16:53:23.717+0000][gc,heap     ] GC(72) Survivor regions: 7->6(8)
[2025-04-13T16:53:23.717+0000][gc,heap     ] GC(72) Old regions: 199->206
[2025-04-13T16:53:23.717+0000][gc,heap     ] GC(72) Humongous regions: 147->147
[2025-04-13T16:53:23.717+0000][gc,metaspace] GC(72) Metaspace: 46714K(47296K)->46714K(47296K) NonClass: 41642K(41984K)->41642K(41984K) Class: 5071K(5312K)->5071K(5312K)
[2025-04-13T16:53:23.717+0000][gc          ] GC(72) Pause Young (Normal) (G1 Evacuation Pause) 410M->358M(1024M) 19.996ms
[2025-04-13T16:53:23.717+0000][gc,cpu      ] GC(72) User=0.03s Sys=0.00s Real=0.02s
[2025-04-13T16:57:41.051+0000][gc,start    ] GC(73) Pause Young (Normal) (G1 Evacuation Pause)
[2025-04-13T16:57:41.051+0000][gc,task     ] GC(73) Using 2 workers of 2 for evacuation
[2025-04-13T16:57:41.067+0000][gc,phases   ] GC(73)   Pre Evacuate Collection Set: 0.4ms
[2025-04-13T16:57:41.067+0000][gc,phases   ] GC(73)   Merge Heap Roots: 0.1ms
[2025-04-13T16:57:41.067+0000][gc,phases   ] GC(73)   Evacuate Collection Set: 15.0ms
[2025-04-13T16:57:41.067+0000][gc,phases   ] GC(73)   Post Evacuate Collection Set: 0.6ms
[2025-04-13T16:57:41.067+0000][gc,phases   ] GC(73)   Other: 0.1ms
[2025-04-13T16:57:41.067+0000][gc,heap     ] GC(73) Eden regions: 71->0(42)
[2025-04-13T16:57:41.067+0000][gc,heap     ] GC(73) Survivor regions: 6->9(10)
[2025-04-13T16:57:41.067+0000][gc,heap     ] GC(73) Old regions: 206->206
[2025-04-13T16:57:41.067+0000][gc,heap     ] GC(73) Humongous regions: 147->147
[2025-04-13T16:57:41.067+0000][gc,metaspace] GC(73) Metaspace: 46717K(47296K)->46717K(47296K) NonClass: 41645K(41984K)->41645K(41984K) Class: 5071K(5312K)->5071K(5312K)
[2025-04-13T16:57:41.067+0000][gc          ] GC(73) Pause Young (Normal) (G1 Evacuation Pause) 429M->361M(1024M) 16.475ms
[2025-04-13T16:57:41.067+0000][gc,cpu      ] GC(73) User=0.03s Sys=0.00s Real=0.02s
[2025-04-13T17:00:11.120+0000][gc,start    ] GC(74) Pause Young (Normal) (G1 Evacuation Pause)
[2025-04-13T17:00:11.120+0000][gc,task     ] GC(74) Using 2 workers of 2 for evacuation
[2025-04-13T17:00:11.140+0000][gc,mmu      ] GC(74) MMU target violated: 20.5ms (20.0ms/21.0ms)
[2025-04-13T17:00:11.140+0000][gc,phases   ] GC(74)   Pre Evacuate Collection Set: 0.8ms
[2025-04-13T17:00:11.140+0000][gc,phases   ] GC(74)   Merge Heap Roots: 0.1ms
[2025-04-13T17:00:11.140+0000][gc,phases   ] GC(74)   Evacuate Collection Set: 19.0ms
[2025-04-13T17:00:11.140+0000][gc,phases   ] GC(74)   Post Evacuate Collection Set: 0.5ms
[2025-04-13T17:00:11.140+0000][gc,phases   ] GC(74)   Other: 0.1ms
[2025-04-13T17:00:11.140+0000][gc,heap     ] GC(74) Eden regions: 42->0(78)
[2025-04-13T17:00:11.140+0000][gc,heap     ] GC(74) Survivor regions: 9->5(7)
[2025-04-13T17:00:11.140+0000][gc,heap     ] GC(74) Old regions: 206->212
[2025-04-13T17:00:11.140+0000][gc,heap     ] GC(74) Humongous regions: 147->147
[2025-04-13T17:00:11.140+0000][gc,metaspace] GC(74) Metaspace: 46719K(47296K)->46719K(47296K) NonClass: 41647K(41984K)->41647K(41984K) Class: 5071K(5312K)->5071K(5312K)
[2025-04-13T17:00:11.140+0000][gc          ] GC(74) Pause Young (Normal) (G1 Evacuation Pause) 403M->364M(1024M) 20.783ms
[2025-04-13T17:00:11.140+0000][gc,cpu      ] GC(74) User=0.04s Sys=0.00s Real=0.02s
[2025-04-13T17:04:56.644+0000][gc,start    ] GC(75) Pause Young (Concurrent Start) (G1 Evacuation Pause)
[2025-04-13T17:04:56.644+0000][gc,task     ] GC(75) Using 2 workers of 2 for evacuation
[2025-04-13T17:04:56.660+0000][gc,phases   ] GC(75)   Pre Evacuate Collection Set: 0.4ms
[2025-04-13T17:04:56.660+0000][gc,phases   ] GC(75)   Merge Heap Roots: 0.1ms
[2025-04-13T17:04:56.660+0000][gc,phases   ] GC(75)   Evacuate Collection Set: 14.7ms
[2025-04-13T17:04:56.660+0000][gc,phases   ] GC(75)   Post Evacuate Collection Set: 0.7ms
[2025-04-13T17:04:56.660+0000][gc,phases   ] GC(75)   Other: 0.2ms
[2025-04-13T17:04:56.660+0000][gc,heap     ] GC(75) Eden regions: 79->0(48)
[2025-04-13T17:04:56.661+0000][gc,heap     ] GC(75) Survivor regions: 5->7(11)
[2025-04-13T17:04:56.661+0000][gc,heap     ] GC(75) Old regions: 212->212
[2025-04-13T17:04:56.661+0000][gc,heap     ] GC(75) Humongous regions: 147->147
[2025-04-13T17:04:56.661+0000][gc,metaspace] GC(75) Metaspace: 46720K(47296K)->46720K(47296K) NonClass: 41648K(41984K)->41648K(41984K) Class: 5071K(5312K)->5071K(5312K)
[2025-04-13T17:04:56.661+0000][gc          ] GC(75) Pause Young (Concurrent Start) (G1 Evacuation Pause) 443M->366M(1024M) 16.261ms
[2025-04-13T17:04:56.661+0000][gc,cpu      ] GC(75) User=0.03s Sys=0.00s Real=0.01s
[2025-04-13T17:04:56.661+0000][gc          ] GC(76) Concurrent Mark Cycle
[2025-04-13T17:04:56.661+0000][gc,marking  ] GC(76) Concurrent Scan Root Regions
[2025-04-13T17:04:56.668+0000][gc,marking  ] GC(76) Concurrent Scan Root Regions 6.891ms
[2025-04-13T17:04:56.668+0000][gc,marking  ] GC(76) Concurrent Mark
[2025-04-13T17:04:56.668+0000][gc,marking  ] GC(76) Concurrent Mark From Roots
[2025-04-13T17:04:56.668+0000][gc,task     ] GC(76) Using 1 workers of 1 for marking
[2025-04-13T17:04:56.715+0000][gc,marking  ] GC(76) Concurrent Mark From Roots 47.688ms
[2025-04-13T17:04:56.715+0000][gc,marking  ] GC(76) Concurrent Preclean
[2025-04-13T17:04:56.716+0000][gc,marking  ] GC(76) Concurrent Preclean 0.331ms
[2025-04-13T17:04:56.716+0000][gc,start    ] GC(76) Pause Remark
[2025-04-13T17:04:56.736+0000][gc          ] GC(76) Pause Remark 366M->321M(1024M) 19.785ms
[2025-04-13T17:04:56.736+0000][gc,cpu      ] GC(76) User=0.04s Sys=0.00s Real=0.02s
[2025-04-13T17:04:56.740+0000][gc,marking  ] GC(76) Concurrent Mark 72.490ms
[2025-04-13T17:04:56.740+0000][gc,marking  ] GC(76) Concurrent Rebuild Remembered Sets and Scrub Regions
[2025-04-13T17:04:56.765+0000][gc,marking  ] GC(76) Concurrent Rebuild Remembered Sets and Scrub Regions 25.345ms
[2025-04-13T17:04:56.766+0000][gc,start    ] GC(76) Pause Cleanup
[2025-04-13T17:04:56.766+0000][gc          ] GC(76) Pause Cleanup 321M->321M(1024M) 0.244ms
[2025-04-13T17:04:56.766+0000][gc,cpu      ] GC(76) User=0.00s Sys=0.00s Real=0.00s
[2025-04-13T17:04:56.766+0000][gc,marking  ] GC(76) Concurrent Clear Claimed Marks
[2025-04-13T17:04:56.766+0000][gc,marking  ] GC(76) Concurrent Clear Claimed Marks 0.059ms
[2025-04-13T17:04:56.766+0000][gc,marking  ] GC(76) Concurrent Cleanup for Next Mark
[2025-04-13T17:04:56.769+0000][gc,marking  ] GC(76) Concurrent Cleanup for Next Mark 3.295ms
[2025-04-13T17:04:56.769+0000][gc          ] GC(76) Concurrent Mark Cycle 108.697ms
[2025-04-13T17:07:35.301+0000][gc,start    ] GC(77) Pause Young (Prepare Mixed) (G1 Evacuation Pause)
[2025-04-13T17:07:35.301+0000][gc,task     ] GC(77) Using 2 workers of 2 for evacuation
[2025-04-13T17:07:35.318+0000][gc,phases   ] GC(77)   Pre Evacuate Collection Set: 0.4ms
[2025-04-13T17:07:35.318+0000][gc,phases   ] GC(77)   Merge Heap Roots: 0.2ms
[2025-04-13T17:07:35.318+0000][gc,phases   ] GC(77)   Evacuate Collection Set: 15.7ms
[2025-04-13T17:07:35.318+0000][gc,phases   ] GC(77)   Post Evacuate Collection Set: 0.6ms
[2025-04-13T17:07:35.318+0000][gc,phases   ] GC(77)   Other: 0.1ms
[2025-04-13T17:07:35.318+0000][gc,heap     ] GC(77) Eden regions: 44->0(47)
[2025-04-13T17:07:35.318+0000][gc,heap     ] GC(77) Survivor regions: 7->4(7)
[2025-04-13T17:07:35.318+0000][gc,heap     ] GC(77) Old regions: 167->174
[2025-04-13T17:07:35.318+0000][gc,heap     ] GC(77) Humongous regions: 147->147
[2025-04-13T17:07:35.318+0000][gc,metaspace] GC(77) Metaspace: 46648K(47296K)->46648K(47296K) NonClass: 41594K(41984K)->41594K(41984K) Class: 5053K(5312K)->5053K(5312K)
[2025-04-13T17:07:35.318+0000][gc          ] GC(77) Pause Young (Prepare Mixed) (G1 Evacuation Pause) 365M->324M(1024M) 17.106ms
[2025-04-13T17:07:35.318+0000][gc,cpu      ] GC(77) User=0.03s Sys=0.00s Real=0.02s
[2025-04-13T17:10:01.972+0000][gc,start    ] GC(78) Pause Young (Mixed) (G1 Evacuation Pause)
[2025-04-13T17:10:01.972+0000][gc,task     ] GC(78) Using 2 workers of 2 for evacuation
[2025-04-13T17:10:01.990+0000][gc,phases   ] GC(78)   Pre Evacuate Collection Set: 0.4ms
[2025-04-13T17:10:01.990+0000][gc,phases   ] GC(78)   Merge Heap Roots: 0.2ms
[2025-04-13T17:10:01.990+0000][gc,phases   ] GC(78)   Evacuate Collection Set: 16.6ms
[2025-04-13T17:10:01.990+0000][gc,phases   ] GC(78)   Post Evacuate Collection Set: 0.5ms
[2025-04-13T17:10:01.990+0000][gc,phases   ] GC(78)   Other: 0.1ms
[2025-04-13T17:10:01.990+0000][gc,heap     ] GC(78) Eden regions: 47->0(44)
[2025-04-13T17:10:01.990+0000][gc,heap     ] GC(78) Survivor regions: 4->7(7)
[2025-04-13T17:10:01.990+0000][gc,heap     ] GC(78) Old regions: 174->164
[2025-04-13T17:10:01.990+0000][gc,heap     ] GC(78) Humongous regions: 147->147
[2025-04-13T17:10:01.990+0000][gc,metaspace] GC(78) Metaspace: 46655K(47296K)->46655K(47296K) NonClass: 41595K(41984K)->41595K(41984K) Class: 5060K(5312K)->5060K(5312K)
[2025-04-13T17:10:01.990+0000][gc          ] GC(78) Pause Young (Mixed) (G1 Evacuation Pause) 371M->317M(1024M) 17.990ms
[2025-04-13T17:10:01.990+0000][gc,cpu      ] GC(78) User=0.03s Sys=0.00s Real=0.02s
[2025-04-13T17:12:39.806+0000][gc,start    ] GC(79) Pause Young (Mixed) (G1 Evacuation Pause)
[2025-04-13T17:12:39.806+0000][gc,task     ] GC(79) Using 2 workers of 2 for evacuation
[2025-04-13T17:12:39.820+0000][gc,phases   ] GC(79)   Pre Evacuate Collection Set: 0.6ms
[2025-04-13T17:12:39.820+0000][gc,phases   ] GC(79)   Merge Heap Roots: 0.1ms
[2025-04-13T17:12:39.820+0000][gc,phases   ] GC(79)   Evacuate Collection Set: 12.2ms
[2025-04-13T17:12:39.820+0000][gc,phases   ] GC(79)   Post Evacuate Collection Set: 0.5ms
[2025-04-13T17:12:39.820+0000][gc,phases   ] GC(79)   Other: 0.1ms
[2025-04-13T17:12:39.820+0000][gc,heap     ] GC(79) Eden regions: 44->0(47)
[2025-04-13T17:12:39.820+0000][gc,heap     ] GC(79) Survivor regions: 7->4(7)
[2025-04-13T17:12:39.820+0000][gc,heap     ] GC(79) Old regions: 164->156
[2025-04-13T17:12:39.820+0000][gc,heap     ] GC(79) Humongous regions: 147->147
[2025-04-13T17:12:39.820+0000][gc,metaspace] GC(79) Metaspace: 46657K(47296K)->46657K(47296K) NonClass: 41597K(41984K)->41597K(41984K) Class: 5060K(5312K)->5060K(5312K)
[2025-04-13T17:12:39.820+0000][gc          ] GC(79) Pause Young (Mixed) (G1 Evacuation Pause) 361M->307M(1024M) 13.647ms
[2025-04-13T17:12:39.820+0000][gc,cpu      ] GC(79) User=0.03s Sys=0.00s Real=0.01s
[2025-04-13T17:15:28.511+0000][gc,start    ] GC(80) Pause Young (Mixed) (G1 Evacuation Pause)
[2025-04-13T17:15:28.512+0000][gc,task     ] GC(80) Using 2 workers of 2 for evacuation
[2025-04-13T17:15:28.522+0000][gc,phases   ] GC(80)   Pre Evacuate Collection Set: 0.3ms
[2025-04-13T17:15:28.522+0000][gc,phases   ] GC(80)   Merge Heap Roots: 0.1ms
[2025-04-13T17:15:28.522+0000][gc,phases   ] GC(80)   Evacuate Collection Set: 9.4ms
[2025-04-13T17:15:28.522+0000][gc,phases   ] GC(80)   Post Evacuate Collection Set: 0.5ms
[2025-04-13T17:15:28.522+0000][gc,phases   ] GC(80)   Other: 0.1ms
[2025-04-13T17:15:28.522+0000][gc,heap     ] GC(80) Eden regions: 47->0(62)
[2025-04-13T17:15:28.522+0000][gc,heap     ] GC(80) Survivor regions: 4->4(7)
[2025-04-13T17:15:28.522+0000][gc,heap     ] GC(80) Old regions: 156->146
[2025-04-13T17:15:28.522+0000][gc,heap     ] GC(80) Humongous regions: 147->147
[2025-04-13T17:15:28.522+0000][gc,metaspace] GC(80) Metaspace: 46661K(47296K)->46661K(47296K) NonClass: 41600K(41984K)->41600K(41984K) Class: 5060K(5312K)->5060K(5312K)
[2025-04-13T17:15:28.522+0000][gc          ] GC(80) Pause Young (Mixed) (G1 Evacuation Pause) 353M->296M(1024M) 10.544ms
[2025-04-13T17:15:28.522+0000][gc,cpu      ] GC(80) User=0.02s Sys=0.00s Real=0.01s
[2025-04-13T17:18:43.344+0000][gc,start    ] GC(81) Pause Young (Mixed) (G1 Evacuation Pause)
[2025-04-13T17:18:43.344+0000][gc,task     ] GC(81) Using 2 workers of 2 for evacuation
[2025-04-13T17:18:43.359+0000][gc,phases   ] GC(81)   Pre Evacuate Collection Set: 0.4ms
[2025-04-13T17:18:43.359+0000][gc,phases   ] GC(81)   Merge Heap Roots: 0.2ms
[2025-04-13T17:18:43.359+0000][gc,phases   ] GC(81)   Evacuate Collection Set: 12.9ms
[2025-04-13T17:18:43.359+0000][gc,phases   ] GC(81)   Post Evacuate Collection Set: 0.5ms
[2025-04-13T17:18:43.359+0000][gc,phases   ] GC(81)   Other: 0.1ms
[2025-04-13T17:18:43.359+0000][gc,heap     ] GC(81) Eden regions: 54->0(43)
[2025-04-13T17:18:43.359+0000][gc,heap     ] GC(81) Survivor regions: 4->8(8)
[2025-04-13T17:18:43.359+0000][gc,heap     ] GC(81) Old regions: 146->134
[2025-04-13T17:18:43.359+0000][gc,heap     ] GC(81) Humongous regions: 147->147
[2025-04-13T17:18:43.359+0000][gc,metaspace] GC(81) Metaspace: 46669K(47296K)->46669K(47296K) NonClass: 41609K(41984K)->41609K(41984K) Class: 5060K(5312K)->5060K(5312K)
[2025-04-13T17:18:43.359+0000][gc          ] GC(81) Pause Young (Mixed) (G1 Evacuation Pause) 350M->288M(1024M) 14.258ms
[2025-04-13T17:18:43.359+0000][gc,cpu      ] GC(81) User=0.03s Sys=0.00s Real=0.01s
[2025-04-13T17:21:18.422+0000][gc,start    ] GC(82) Pause Young (Mixed) (G1 Evacuation Pause)
[2025-04-13T17:21:18.422+0000][gc,task     ] GC(82) Using 2 workers of 2 for evacuation
[2025-04-13T17:21:18.439+0000][gc,phases   ] GC(82)   Pre Evacuate Collection Set: 0.4ms
[2025-04-13T17:21:18.439+0000][gc,phases   ] GC(82)   Merge Heap Roots: 0.2ms
[2025-04-13T17:21:18.439+0000][gc,phases   ] GC(82)   Evacuate Collection Set: 15.5ms
[2025-04-13T17:21:18.439+0000][gc,phases   ] GC(82)   Post Evacuate Collection Set: 0.7ms
[2025-04-13T17:21:18.439+0000][gc,phases   ] GC(82)   Other: 0.1ms
[2025-04-13T17:21:18.439+0000][gc,heap     ] GC(82) Eden regions: 43->0(88)
[2025-04-13T17:21:18.439+0000][gc,heap     ] GC(82) Survivor regions: 8->3(7)
[2025-04-13T17:21:18.439+0000][gc,heap     ] GC(82) Old regions: 134->127
[2025-04-13T17:21:18.439+0000][gc,heap     ] GC(82) Humongous regions: 147->147
[2025-04-13T17:21:18.439+0000][gc,metaspace] GC(82) Metaspace: 46673K(47296K)->46673K(47296K) NonClass: 41612K(41984K)->41612K(41984K) Class: 5060K(5312K)->5060K(5312K)
[2025-04-13T17:21:18.439+0000][gc          ] GC(82) Pause Young (Mixed) (G1 Evacuation Pause) 331M->276M(1024M) 16.913ms
[2025-04-13T17:21:18.439+0000][gc,cpu      ] GC(82) User=0.03s Sys=0.00s Real=0.02s
[2025-04-13T17:26:44.643+0000][gc,start    ] GC(83) Pause Young (Mixed) (G1 Evacuation Pause)
[2025-04-13T17:26:44.643+0000][gc,task     ] GC(83) Using 2 workers of 2 for evacuation
[2025-04-13T17:26:44.660+0000][gc,phases   ] GC(83)   Pre Evacuate Collection Set: 0.4ms
[2025-04-13T17:26:44.660+0000][gc,phases   ] GC(83)   Merge Heap Roots: 0.2ms
[2025-04-13T17:26:44.660+0000][gc,phases   ] GC(83)   Evacuate Collection Set: 15.2ms
[2025-04-13T17:26:44.660+0000][gc,phases   ] GC(83)   Post Evacuate Collection Set: 0.7ms
[2025-04-13T17:26:44.660+0000][gc,phases   ] GC(83)   Other: 0.1ms
[2025-04-13T17:26:44.660+0000][gc,heap     ] GC(83) Eden regions: 90->0(42)
[2025-04-13T17:26:44.660+0000][gc,heap     ] GC(83) Survivor regions: 3->9(12)
[2025-04-13T17:26:44.660+0000][gc,heap     ] GC(83) Old regions: 127->116
[2025-04-13T17:26:44.660+0000][gc,heap     ] GC(83) Humongous regions: 147->147
[2025-04-13T17:26:44.660+0000][gc,metaspace] GC(83) Metaspace: 46678K(47296K)->46678K(47296K) NonClass: 41618K(41984K)->41618K(41984K) Class: 5060K(5312K)->5060K(5312K)
[2025-04-13T17:26:44.660+0000][gc          ] GC(83) Pause Young (Mixed) (G1 Evacuation Pause) 366M->271M(1024M) 16.712ms
[2025-04-13T17:26:44.660+0000][gc,cpu      ] GC(83) User=0.03s Sys=0.00s Real=0.02s
[2025-04-13T17:29:14.806+0000][gc,start    ] GC(84) Pause Young (Mixed) (G1 Evacuation Pause)
[2025-04-13T17:29:14.806+0000][gc,task     ] GC(84) Using 2 workers of 2 for evacuation
[2025-04-13T17:29:14.827+0000][gc,mmu      ] GC(84) MMU target violated: 20.8ms (20.0ms/21.0ms)
[2025-04-13T17:29:14.827+0000][gc,phases   ] GC(84)   Pre Evacuate Collection Set: 0.5ms
[2025-04-13T17:29:14.827+0000][gc,phases   ] GC(84)   Merge Heap Roots: 0.2ms
[2025-04-13T17:29:14.827+0000][gc,phases   ] GC(84)   Evacuate Collection Set: 19.4ms
[2025-04-13T17:29:14.827+0000][gc,phases   ] GC(84)   Post Evacuate Collection Set: 0.7ms
[2025-04-13T17:29:14.827+0000][gc,phases   ] GC(84)   Other: 0.1ms
[2025-04-13T17:29:14.827+0000][gc,heap     ] GC(84) Eden regions: 42->0(68)
[2025-04-13T17:29:14.827+0000][gc,heap     ] GC(84) Survivor regions: 9->5(7)
[2025-04-13T17:29:14.827+0000][gc,heap     ] GC(84) Old regions: 116->110
[2025-04-13T17:29:14.827+0000][gc,heap     ] GC(84) Humongous regions: 147->147
[2025-04-13T17:29:14.827+0000][gc,metaspace] GC(84) Metaspace: 46681K(47296K)->46681K(47296K) NonClass: 41621K(41984K)->41621K(41984K) Class: 5060K(5312K)->5060K(5312K)
[2025-04-13T17:29:14.827+0000][gc          ] GC(84) Pause Young (Mixed) (G1 Evacuation Pause) 313M->261M(1024M) 21.050ms
[2025-04-13T17:29:14.827+0000][gc,cpu      ] GC(84) User=0.04s Sys=0.00s Real=0.02s
[2025-04-13T17:33:30.856+0000][gc,start    ] GC(85) Pause Young (Mixed) (G1 Evacuation Pause)
[2025-04-13T17:33:30.856+0000][gc,task     ] GC(85) Using 2 workers of 2 for evacuation
[2025-04-13T17:33:30.875+0000][gc,phases   ] GC(85)   Pre Evacuate Collection Set: 0.4ms
[2025-04-13T17:33:30.875+0000][gc,phases   ] GC(85)   Merge Heap Roots: 0.2ms
[2025-04-13T17:33:30.875+0000][gc,phases   ] GC(85)   Evacuate Collection Set: 17.2ms
[2025-04-13T17:33:30.875+0000][gc,phases   ] GC(85)   Post Evacuate Collection Set: 0.5ms
[2025-04-13T17:33:30.875+0000][gc,phases   ] GC(85)   Other: 0.1ms
[2025-04-13T17:33:30.875+0000][gc,heap     ] GC(85) Eden regions: 71->0(42)
[2025-04-13T17:33:30.875+0000][gc,heap     ] GC(85) Survivor regions: 5->9(10)
[2025-04-13T17:33:30.875+0000][gc,heap     ] GC(85) Old regions: 110->102
[2025-04-13T17:33:30.875+0000][gc,heap     ] GC(85) Humongous regions: 147->147
[2025-04-13T17:33:30.875+0000][gc,metaspace] GC(85) Metaspace: 46681K(47296K)->46681K(47296K) NonClass: 41621K(41984K)->41621K(41984K) Class: 5060K(5312K)->5060K(5312K)
[2025-04-13T17:33:30.875+0000][gc          ] GC(85) Pause Young (Mixed) (G1 Evacuation Pause) 332M->257M(1024M) 18.607ms
[2025-04-13T17:33:30.875+0000][gc,cpu      ] GC(85) User=0.03s Sys=0.00s Real=0.02s
[2025-04-13T17:36:00.909+0000][gc,start    ] GC(86) Pause Young (Normal) (G1 Evacuation Pause)
[2025-04-13T17:36:00.910+0000][gc,task     ] GC(86) Using 2 workers of 2 for evacuation
[2025-04-13T17:36:00.925+0000][gc,phases   ] GC(86)   Pre Evacuate Collection Set: 0.4ms
[2025-04-13T17:36:00.925+0000][gc,phases   ] GC(86)   Merge Heap Roots: 0.1ms
[2025-04-13T17:36:00.925+0000][gc,phases   ] GC(86)   Evacuate Collection Set: 14.4ms
[2025-04-13T17:36:00.925+0000][gc,phases   ] GC(86)   Post Evacuate Collection Set: 0.5ms
[2025-04-13T17:36:00.925+0000][gc,phases   ] GC(86)   Other: 0.1ms
[2025-04-13T17:36:00.925+0000][gc,heap     ] GC(86) Eden regions: 42->0(122)
[2025-04-13T17:36:00.925+0000][gc,heap     ] GC(86) Survivor regions: 9->3(7)
[2025-04-13T17:36:00.925+0000][gc,heap     ] GC(86) Old regions: 102->108
[2025-04-13T17:36:00.925+0000][gc,heap     ] GC(86) Humongous regions: 147->147
[2025-04-13T17:36:00.925+0000][gc,metaspace] GC(86) Metaspace: 46682K(47296K)->46682K(47296K) NonClass: 41622K(41984K)->41622K(41984K) Class: 5060K(5312K)->5060K(5312K)
[2025-04-13T17:36:00.925+0000][gc          ] GC(86) Pause Young (Normal) (G1 Evacuation Pause) 299M->257M(1024M) 15.747ms
[2025-04-13T17:36:00.925+0000][gc,cpu      ] GC(86) User=0.03s Sys=0.00s Real=0.02s
[2025-04-13T17:43:34.100+0000][gc,start    ] GC(87) Pause Young (Normal) (G1 Evacuation Pause)
[2025-04-13T17:43:34.100+0000][gc,task     ] GC(87) Using 2 workers of 2 for evacuation
[2025-04-13T17:43:34.123+0000][gc,mmu      ] GC(87) MMU target violated: 21.0ms (20.0ms/21.0ms)
[2025-04-13T17:43:34.123+0000][gc,phases   ] GC(87)   Pre Evacuate Collection Set: 0.4ms
[2025-04-13T17:43:34.123+0000][gc,phases   ] GC(87)   Merge Heap Roots: 0.2ms
[2025-04-13T17:43:34.123+0000][gc,phases   ] GC(87)   Evacuate Collection Set: 21.8ms
[2025-04-13T17:43:34.123+0000][gc,phases   ] GC(87)   Post Evacuate Collection Set: 0.6ms
[2025-04-13T17:43:34.123+0000][gc,phases   ] GC(87)   Other: 0.1ms
[2025-04-13T17:43:34.124+0000][gc,heap     ] GC(87) Eden regions: 125->0(40)
[2025-04-13T17:43:34.124+0000][gc,heap     ] GC(87) Survivor regions: 3->11(16)
[2025-04-13T17:43:34.124+0000][gc,heap     ] GC(87) Old regions: 108->108
[2025-04-13T17:43:34.124+0000][gc,heap     ] GC(87) Humongous regions: 147->147
[2025-04-13T17:43:34.124+0000][gc,metaspace] GC(87) Metaspace: 46685K(47296K)->46685K(47296K) NonClass: 41625K(41984K)->41625K(41984K) Class: 5060K(5312K)->5060K(5312K)
[2025-04-13T17:43:34.124+0000][gc          ] GC(87) Pause Young (Normal) (G1 Evacuation Pause) 382M->265M(1024M) 23.219ms
[2025-04-13T17:43:34.124+0000][gc,cpu      ] GC(87) User=0.04s Sys=0.00s Real=0.02s
[2025-04-13T17:45:56.147+0000][gc,start    ] GC(88) Pause Young (Normal) (G1 Evacuation Pause)
[2025-04-13T17:45:56.147+0000][gc,task     ] GC(88) Using 2 workers of 2 for evacuation
[2025-04-13T17:45:56.169+0000][gc,mmu      ] GC(88) MMU target violated: 21.0ms (20.0ms/21.0ms)
[2025-04-13T17:45:56.169+0000][gc,phases   ] GC(88)   Pre Evacuate Collection Set: 0.4ms
[2025-04-13T17:45:56.169+0000][gc,phases   ] GC(88)   Merge Heap Roots: 0.1ms
[2025-04-13T17:45:56.169+0000][gc,phases   ] GC(88)   Evacuate Collection Set: 20.0ms
[2025-04-13T17:45:56.169+0000][gc,phases   ] GC(88)   Post Evacuate Collection Set: 0.6ms
[2025-04-13T17:45:56.169+0000][gc,phases   ] GC(88)   Other: 0.1ms
[2025-04-13T17:45:56.169+0000][gc,heap     ] GC(88) Eden regions: 40->0(66)
[2025-04-13T17:45:56.169+0000][gc,heap     ] GC(88) Survivor regions: 11->5(7)
[2025-04-13T17:45:56.169+0000][gc,heap     ] GC(88) Old regions: 108->117
[2025-04-13T17:45:56.169+0000][gc,heap     ] GC(88) Humongous regions: 147->147
[2025-04-13T17:45:56.169+0000][gc,metaspace] GC(88) Metaspace: 46685K(47296K)->46685K(47296K) NonClass: 41625K(41984K)->41625K(41984K) Class: 5060K(5312K)->5060K(5312K)
[2025-04-13T17:45:56.169+0000][gc          ] GC(88) Pause Young (Normal) (G1 Evacuation Pause) 305M->267M(1024M) 21.456ms
[2025-04-13T17:45:56.169+0000][gc,cpu      ] GC(88) User=0.03s Sys=0.00s Real=0.02s
[2025-04-13T17:50:01.616+0000][gc,start    ] GC(89) Pause Young (Normal) (G1 Evacuation Pause)
[2025-04-13T17:50:01.616+0000][gc,task     ] GC(89) Using 2 workers of 2 for evacuation
[2025-04-13T17:50:01.633+0000][gc,phases   ] GC(89)   Pre Evacuate Collection Set: 0.3ms
[2025-04-13T17:50:01.633+0000][gc,phases   ] GC(89)   Merge Heap Roots: 0.2ms
[2025-04-13T17:50:01.633+0000][gc,phases   ] GC(89)   Evacuate Collection Set: 15.5ms
[2025-04-13T17:50:01.633+0000][gc,phases   ] GC(89)   Post Evacuate Collection Set: 0.7ms
[2025-04-13T17:50:01.633+0000][gc,phases   ] GC(89)   Other: 0.1ms
[2025-04-13T17:50:01.633+0000][gc,heap     ] GC(89) Eden regions: 68->0(43)
[2025-04-13T17:50:01.633+0000][gc,heap     ] GC(89) Survivor regions: 5->8(10)
[2025-04-13T17:50:01.633+0000][gc,heap     ] GC(89) Old regions: 117->117
[2025-04-13T17:50:01.633+0000][gc,heap     ] GC(89) Humongous regions: 147->147
[2025-04-13T17:50:01.633+0000][gc,metaspace] GC(89) Metaspace: 46693K(47296K)->46693K(47296K) NonClass: 41633K(41984K)->41633K(41984K) Class: 5060K(5312K)->5060K(5312K)
[2025-04-13T17:50:01.633+0000][gc          ] GC(89) Pause Young (Normal) (G1 Evacuation Pause) 335M->271M(1024M) 17.375ms
[2025-04-13T17:50:01.633+0000][gc,cpu      ] GC(89) User=0.03s Sys=0.00s Real=0.01s
[2025-04-13T17:52:36.709+0000][gc,start    ] GC(90) Pause Young (Normal) (G1 Evacuation Pause)
[2025-04-13T17:52:36.709+0000][gc,task     ] GC(90) Using 2 workers of 2 for evacuation
[2025-04-13T17:52:36.724+0000][gc,phases   ] GC(90)   Pre Evacuate Collection Set: 0.5ms
[2025-04-13T17:52:36.724+0000][gc,phases   ] GC(90)   Merge Heap Roots: 0.2ms
[2025-04-13T17:52:36.724+0000][gc,phases   ] GC(90)   Evacuate Collection Set: 14.1ms
[2025-04-13T17:52:36.724+0000][gc,phases   ] GC(90)   Post Evacuate Collection Set: 0.5ms
[2025-04-13T17:52:36.724+0000][gc,phases   ] GC(90)   Other: 0.1ms
[2025-04-13T17:52:36.724+0000][gc,heap     ] GC(90) Eden regions: 43->0(104)
[2025-04-13T17:52:36.724+0000][gc,heap     ] GC(90) Survivor regions: 8->3(7)
[2025-04-13T17:52:36.724+0000][gc,heap     ] GC(90) Old regions: 117->122
[2025-04-13T17:52:36.724+0000][gc,heap     ] GC(90) Humongous regions: 147->147
[2025-04-13T17:52:36.724+0000][gc,metaspace] GC(90) Metaspace: 46693K(47296K)->46693K(47296K) NonClass: 41633K(41984K)->41633K(41984K) Class: 5060K(5312K)->5060K(5312K)
[2025-04-13T17:52:36.724+0000][gc          ] GC(90) Pause Young (Normal) (G1 Evacuation Pause) 314M->271M(1024M) 15.525ms
[2025-04-13T17:52:36.724+0000][gc,cpu      ] GC(90) User=0.03s Sys=0.00s Real=0.02s
[2025-04-13T17:58:56.829+0000][gc,start    ] GC(91) Pause Young (Normal) (G1 Evacuation Pause)
[2025-04-13T17:58:56.829+0000][gc,task     ] GC(91) Using 2 workers of 2 for evacuation
[2025-04-13T17:58:56.846+0000][gc,phases   ] GC(91)   Pre Evacuate Collection Set: 0.4ms
[2025-04-13T17:58:56.846+0000][gc,phases   ] GC(91)   Merge Heap Roots: 0.2ms
[2025-04-13T17:58:56.846+0000][gc,phases   ] GC(91)   Evacuate Collection Set: 15.9ms
[2025-04-13T17:58:56.846+0000][gc,phases   ] GC(91)   Post Evacuate Collection Set: 0.7ms
[2025-04-13T17:58:56.846+0000][gc,phases   ] GC(91)   Other: 0.1ms
[2025-04-13T17:58:56.846+0000][gc,heap     ] GC(91) Eden regions: 105->0(43)
[2025-04-13T17:58:56.846+0000][gc,heap     ] GC(91) Survivor regions: 3->8(14)
[2025-04-13T17:58:56.846+0000][gc,heap     ] GC(91) Old regions: 122->122
[2025-04-13T17:58:56.846+0000][gc,heap     ] GC(91) Humongous regions: 147->147
[2025-04-13T17:58:56.846+0000][gc,metaspace] GC(91) Metaspace: 46693K(47296K)->46693K(47296K) NonClass: 41633K(41984K)->41633K(41984K) Class: 5060K(5312K)->5060K(5312K)
[2025-04-13T17:58:56.846+0000][gc          ] GC(91) Pause Young (Normal) (G1 Evacuation Pause) 376M->276M(1024M) 17.353ms
[2025-04-13T17:58:56.846+0000][gc,cpu      ] GC(91) User=0.04s Sys=0.00s Real=0.02s
[2025-04-13T18:01:31.597+0000][gc,start    ] GC(92) Pause Young (Normal) (G1 Evacuation Pause)
[2025-04-13T18:01:31.597+0000][gc,task     ] GC(92) Using 2 workers of 2 for evacuation
[2025-04-13T18:01:31.614+0000][gc,phases   ] GC(92)   Pre Evacuate Collection Set: 0.4ms
[2025-04-13T18:01:31.614+0000][gc,phases   ] GC(92)   Merge Heap Roots: 0.1ms
[2025-04-13T18:01:31.614+0000][gc,phases   ] GC(92)   Evacuate Collection Set: 15.8ms
[2025-04-13T18:01:31.614+0000][gc,phases   ] GC(92)   Post Evacuate Collection Set: 0.6ms
[2025-04-13T18:01:31.614+0000][gc,phases   ] GC(92)   Other: 0.1ms
[2025-04-13T18:01:31.614+0000][gc,heap     ] GC(92) Eden regions: 43->0(115)
[2025-04-13T18:01:31.614+0000][gc,heap     ] GC(92) Survivor regions: 8->3(7)
[2025-04-13T18:01:31.614+0000][gc,heap     ] GC(92) Old regions: 122->130
[2025-04-13T18:01:31.614+0000][gc,heap     ] GC(92) Humongous regions: 147->147
[2025-04-13T18:01:31.614+0000][gc,metaspace] GC(92) Metaspace: 46694K(47296K)->46694K(47296K) NonClass: 41633K(41984K)->41633K(41984K) Class: 5060K(5312K)->5060K(5312K)
[2025-04-13T18:01:31.614+0000][gc          ] GC(92) Pause Young (Normal) (G1 Evacuation Pause) 319M->279M(1024M) 17.258ms
[2025-04-13T18:01:31.614+0000][gc,cpu      ] GC(92) User=0.03s Sys=0.00s Real=0.01s
[2025-04-13T18:08:22.693+0000][gc,start    ] GC(93) Pause Young (Normal) (G1 Evacuation Pause)
[2025-04-13T18:08:22.693+0000][gc,task     ] GC(93) Using 2 workers of 2 for evacuation
[2025-04-13T18:08:22.719+0000][gc,mmu      ] GC(93) MMU target violated: 21.0ms (20.0ms/21.0ms)
[2025-04-13T18:08:22.719+0000][gc,phases   ] GC(93)   Pre Evacuate Collection Set: 0.2ms
[2025-04-13T18:08:22.719+0000][gc,phases   ] GC(93)   Merge Heap Roots: 0.1ms
[2025-04-13T18:08:22.719+0000][gc,phases   ] GC(93)   Evacuate Collection Set: 25.0ms
[2025-04-13T18:08:22.719+0000][gc,phases   ] GC(93)   Post Evacuate Collection Set: 0.5ms
[2025-04-13T18:08:22.719+0000][gc,phases   ] GC(93)   Other: 0.1ms
[2025-04-13T18:08:22.719+0000][gc,heap     ] GC(93) Eden regions: 117->0(39)
[2025-04-13T18:08:22.719+0000][gc,heap     ] GC(93) Survivor regions: 3->12(15)
[2025-04-13T18:08:22.719+0000][gc,heap     ] GC(93) Old regions: 130->130
[2025-04-13T18:08:22.719+0000][gc,heap     ] GC(93) Humongous regions: 147->147
[2025-04-13T18:08:22.719+0000][gc,metaspace] GC(93) Metaspace: 46696K(47296K)->46696K(47296K) NonClass: 41635K(41984K)->41635K(41984K) Class: 5060K(5312K)->5060K(5312K)
[2025-04-13T18:08:22.719+0000][gc          ] GC(93) Pause Young (Normal) (G1 Evacuation Pause) 396M->288M(1024M) 26.119ms
[2025-04-13T18:08:22.719+0000][gc,cpu      ] GC(93) User=0.05s Sys=0.00s Real=0.03s
[2025-04-13T18:10:35.494+0000][gc,start    ] GC(94) Pause Young (Normal) (G1 Evacuation Pause)
[2025-04-13T18:10:35.494+0000][gc,task     ] GC(94) Using 2 workers of 2 for evacuation
[2025-04-13T18:10:35.516+0000][gc,mmu      ] GC(94) MMU target violated: 21.0ms (20.0ms/21.0ms)
[2025-04-13T18:10:35.516+0000][gc,phases   ] GC(94)   Pre Evacuate Collection Set: 0.4ms
[2025-04-13T18:10:35.516+0000][gc,phases   ] GC(94)   Merge Heap Roots: 0.2ms
[2025-04-13T18:10:35.516+0000][gc,phases   ] GC(94)   Evacuate Collection Set: 20.3ms
[2025-04-13T18:10:35.516+0000][gc,phases   ] GC(94)   Post Evacuate Collection Set: 0.6ms
[2025-04-13T18:10:35.516+0000][gc,phases   ] GC(94)   Other: 0.1ms
[2025-04-13T18:10:35.516+0000][gc,heap     ] GC(94) Eden regions: 39->0(52)
[2025-04-13T18:10:35.516+0000][gc,heap     ] GC(94) Survivor regions: 12->5(7)
[2025-04-13T18:10:35.516+0000][gc,heap     ] GC(94) Old regions: 130->139
[2025-04-13T18:10:35.516+0000][gc,heap     ] GC(94) Humongous regions: 147->147
[2025-04-13T18:10:35.516+0000][gc,metaspace] GC(94) Metaspace: 46702K(47296K)->46702K(47296K) NonClass: 41637K(41984K)->41637K(41984K) Class: 5064K(5312K)->5064K(5312K)
[2025-04-13T18:10:35.516+0000][gc          ] GC(94) Pause Young (Normal) (G1 Evacuation Pause) 327M->290M(1024M) 21.782ms
[2025-04-13T18:10:35.516+0000][gc,cpu      ] GC(94) User=0.04s Sys=0.00s Real=0.02s
[2025-04-13T18:13:51.459+0000][gc,start    ] GC(95) Pause Young (Normal) (G1 Evacuation Pause)
[2025-04-13T18:13:51.459+0000][gc,task     ] GC(95) Using 2 workers of 2 for evacuation
[2025-04-13T18:13:51.473+0000][gc,phases   ] GC(95)   Pre Evacuate Collection Set: 0.4ms
[2025-04-13T18:13:51.473+0000][gc,phases   ] GC(95)   Merge Heap Roots: 0.2ms
[2025-04-13T18:13:51.473+0000][gc,phases   ] GC(95)   Evacuate Collection Set: 12.7ms
[2025-04-13T18:13:51.473+0000][gc,phases   ] GC(95)   Post Evacuate Collection Set: 0.5ms
[2025-04-13T18:13:51.473+0000][gc,phases   ] GC(95)   Other: 0.1ms
[2025-04-13T18:13:51.473+0000][gc,heap     ] GC(95) Eden regions: 55->0(77)
[2025-04-13T18:13:51.473+0000][gc,heap     ] GC(95) Survivor regions: 5->4(8)
[2025-04-13T18:13:51.473+0000][gc,heap     ] GC(95) Old regions: 139->142
[2025-04-13T18:13:51.473+0000][gc,heap     ] GC(95) Humongous regions: 147->147
[2025-04-13T18:13:51.473+0000][gc,metaspace] GC(95) Metaspace: 46702K(47296K)->46702K(47296K) NonClass: 41637K(41984K)->41637K(41984K) Class: 5064K(5312K)->5064K(5312K)
[2025-04-13T18:13:51.473+0000][gc          ] GC(95) Pause Young (Normal) (G1 Evacuation Pause) 345M->292M(1024M) 14.114ms
[2025-04-13T18:13:51.473+0000][gc,cpu      ] GC(95) User=0.02s Sys=0.00s Real=0.01s
[2025-04-13T18:18:05.568+0000][gc,start    ] GC(96) Pause Young (Normal) (G1 Evacuation Pause)
[2025-04-13T18:18:05.569+0000][gc,task     ] GC(96) Using 2 workers of 2 for evacuation
[2025-04-13T18:18:05.585+0000][gc,phases   ] GC(96)   Pre Evacuate Collection Set: 0.3ms
[2025-04-13T18:18:05.585+0000][gc,phases   ] GC(96)   Merge Heap Roots: 0.2ms
[2025-04-13T18:18:05.585+0000][gc,phases   ] GC(96)   Evacuate Collection Set: 15.3ms
[2025-04-13T18:18:05.585+0000][gc,phases   ] GC(96)   Post Evacuate Collection Set: 0.9ms
[2025-04-13T18:18:05.585+0000][gc,phases   ] GC(96)   Other: 0.1ms
[2025-04-13T18:18:05.585+0000][gc,heap     ] GC(96) Eden regions: 71->0(43)
[2025-04-13T18:18:05.585+0000][gc,heap     ] GC(96) Survivor regions: 4->8(10)
[2025-04-13T18:18:05.585+0000][gc,heap     ] GC(96) Old regions: 142->142
[2025-04-13T18:18:05.585+0000][gc,heap     ] GC(96) Humongous regions: 147->147
[2025-04-13T18:18:05.585+0000][gc,metaspace] GC(96) Metaspace: 46703K(47296K)->46703K(47296K) NonClass: 41638K(41984K)->41638K(41984K) Class: 5064K(5312K)->5064K(5312K)
[2025-04-13T18:18:05.585+0000][gc          ] GC(96) Pause Young (Normal) (G1 Evacuation Pause) 363M->297M(1024M) 16.968ms
[2025-04-13T18:18:05.585+0000][gc,cpu      ] GC(96) User=0.03s Sys=0.00s Real=0.02s
[2025-04-13T18:20:41.583+0000][gc,start    ] GC(97) Pause Young (Normal) (G1 Evacuation Pause)
[2025-04-13T18:20:41.583+0000][gc,task     ] GC(97) Using 2 workers of 2 for evacuation
[2025-04-13T18:20:41.605+0000][gc,mmu      ] GC(97) MMU target violated: 21.0ms (20.0ms/21.0ms)
[2025-04-13T18:20:41.605+0000][gc,phases   ] GC(97)   Pre Evacuate Collection Set: 0.4ms
[2025-04-13T18:20:41.605+0000][gc,phases   ] GC(97)   Merge Heap Roots: 0.2ms
[2025-04-13T18:20:41.605+0000][gc,phases   ] GC(97)   Evacuate Collection Set: 20.3ms
[2025-04-13T18:20:41.605+0000][gc,phases   ] GC(97)   Post Evacuate Collection Set: 0.5ms
[2025-04-13T18:20:41.605+0000][gc,phases   ] GC(97)   Other: 0.1ms
[2025-04-13T18:20:41.605+0000][gc,heap     ] GC(97) Eden regions: 43->0(75)
[2025-04-13T18:20:41.605+0000][gc,heap     ] GC(97) Survivor regions: 8->4(7)
[2025-04-13T18:20:41.605+0000][gc,heap     ] GC(97) Old regions: 142->149
[2025-04-13T18:20:41.605+0000][gc,heap     ] GC(97) Humongous regions: 147->147
[2025-04-13T18:20:41.605+0000][gc,metaspace] GC(97) Metaspace: 46706K(47296K)->46706K(47296K) NonClass: 41641K(41984K)->41641K(41984K) Class: 5064K(5312K)->5064K(5312K)
[2025-04-13T18:20:41.605+0000][gc          ] GC(97) Pause Young (Normal) (G1 Evacuation Pause) 340M->299M(1024M) 21.643ms
[2025-04-13T18:20:41.605+0000][gc,cpu      ] GC(97) User=0.03s Sys=0.00s Real=0.03s
[2025-04-13T18:25:31.180+0000][gc,start    ] GC(98) Pause Young (Normal) (G1 Evacuation Pause)
[2025-04-13T18:25:31.180+0000][gc,task     ] GC(98) Using 2 workers of 2 for evacuation
[2025-04-13T18:25:31.198+0000][gc,phases   ] GC(98)   Pre Evacuate Collection Set: 0.4ms
[2025-04-13T18:25:31.199+0000][gc,phases   ] GC(98)   Merge Heap Roots: 0.2ms
[2025-04-13T18:25:31.199+0000][gc,phases   ] GC(98)   Evacuate Collection Set: 17.1ms
[2025-04-13T18:25:31.199+0000][gc,phases   ] GC(98)   Post Evacuate Collection Set: 0.7ms
[2025-04-13T18:25:31.199+0000][gc,phases   ] GC(98)   Other: 0.1ms
[2025-04-13T18:25:31.199+0000][gc,heap     ] GC(98) Eden regions: 80->0(42)
[2025-04-13T18:25:31.199+0000][gc,heap     ] GC(98) Survivor regions: 4->9(11)
[2025-04-13T18:25:31.199+0000][gc,heap     ] GC(98) Old regions: 149->149
[2025-04-13T18:25:31.199+0000][gc,heap     ] GC(98) Humongous regions: 147->147
[2025-04-13T18:25:31.199+0000][gc,metaspace] GC(98) Metaspace: 46708K(47296K)->46708K(47296K) NonClass: 41644K(41984K)->41644K(41984K) Class: 5064K(5312K)->5064K(5312K)
[2025-04-13T18:25:31.199+0000][gc          ] GC(98) Pause Young (Normal) (G1 Evacuation Pause) 379M->304M(1024M) 18.796ms
[2025-04-13T18:25:31.199+0000][gc,cpu      ] GC(98) User=0.04s Sys=0.00s Real=0.02s
[2025-04-13T18:28:02.182+0000][gc,start    ] GC(99) Pause Young (Normal) (G1 Evacuation Pause)
[2025-04-13T18:28:02.182+0000][gc,task     ] GC(99) Using 2 workers of 2 for evacuation
[2025-04-13T18:28:02.203+0000][gc,mmu      ] GC(99) MMU target violated: 20.8ms (20.0ms/21.0ms)
[2025-04-13T18:28:02.203+0000][gc,phases   ] GC(99)   Pre Evacuate Collection Set: 0.4ms
[2025-04-13T18:28:02.203+0000][gc,phases   ] GC(99)   Merge Heap Roots: 0.1ms
[2025-04-13T18:28:02.203+0000][gc,phases   ] GC(99)   Evacuate Collection Set: 19.7ms
[2025-04-13T18:28:02.203+0000][gc,phases   ] GC(99)   Post Evacuate Collection Set: 0.5ms
[2025-04-13T18:28:02.203+0000][gc,phases   ] GC(99)   Other: 0.1ms
[2025-04-13T18:28:02.203+0000][gc,heap     ] GC(99) Eden regions: 42->0(63)
[2025-04-13T18:28:02.203+0000][gc,heap     ] GC(99) Survivor regions: 9->5(7)
[2025-04-13T18:28:02.203+0000][gc,heap     ] GC(99) Old regions: 149->156
[2025-04-13T18:28:02.203+0000][gc,heap     ] GC(99) Humongous regions: 147->147
[2025-04-13T18:28:02.203+0000][gc,metaspace] GC(99) Metaspace: 46709K(47296K)->46709K(47296K) NonClass: 41645K(41984K)->41645K(41984K) Class: 5064K(5312K)->5064K(5312K)
[2025-04-13T18:28:02.203+0000][gc          ] GC(99) Pause Young (Normal) (G1 Evacuation Pause) 346M->307M(1024M) 21.078ms
[2025-04-13T18:28:02.203+0000][gc,cpu      ] GC(99) User=0.03s Sys=0.00s Real=0.02s
[2025-04-13T18:32:04.460+0000][gc,start    ] GC(100) Pause Young (Normal) (G1 Evacuation Pause)
[2025-04-13T18:32:04.460+0000][gc,task     ] GC(100) Using 2 workers of 2 for evacuation
[2025-04-13T18:32:04.477+0000][gc,phases   ] GC(100)   Pre Evacuate Collection Set: 0.3ms
[2025-04-13T18:32:04.477+0000][gc,phases   ] GC(100)   Merge Heap Roots: 0.1ms
[2025-04-13T18:32:04.477+0000][gc,phases   ] GC(100)   Evacuate Collection Set: 14.9ms
[2025-04-13T18:32:04.477+0000][gc,phases   ] GC(100)   Post Evacuate Collection Set: 0.8ms
[2025-04-13T18:32:04.477+0000][gc,phases   ] GC(100)   Other: 0.1ms
[2025-04-13T18:32:04.477+0000][gc,heap     ] GC(100) Eden regions: 67->0(54)
[2025-04-13T18:32:04.477+0000][gc,heap     ] GC(100) Survivor regions: 5->6(9)
[2025-04-13T18:32:04.477+0000][gc,heap     ] GC(100) Old regions: 156->158
[2025-04-13T18:32:04.477+0000][gc,heap     ] GC(100) Humongous regions: 147->147
[2025-04-13T18:32:04.477+0000][gc,metaspace] GC(100) Metaspace: 46713K(47296K)->46713K(47296K) NonClass: 41648K(41984K)->41648K(41984K) Class: 5064K(5312K)->5064K(5312K)
[2025-04-13T18:32:04.477+0000][gc          ] GC(100) Pause Young (Normal) (G1 Evacuation Pause) 374M->310M(1024M) 16.330ms
[2025-04-13T18:32:04.477+0000][gc,cpu      ] GC(100) User=0.03s Sys=0.00s Real=0.02s
[2025-04-13T18:34:59.806+0000][gc,start    ] GC(101) Pause Young (Normal) (G1 Evacuation Pause)
[2025-04-13T18:34:59.806+0000][gc,task     ] GC(101) Using 2 workers of 2 for evacuation
[2025-04-13T18:34:59.819+0000][gc,phases   ] GC(101)   Pre Evacuate Collection Set: 0.4ms
[2025-04-13T18:34:59.819+0000][gc,phases   ] GC(101)   Merge Heap Roots: 0.2ms
[2025-04-13T18:34:59.819+0000][gc,phases   ] GC(101)   Evacuate Collection Set: 11.5ms
[2025-04-13T18:34:59.819+0000][gc,phases   ] GC(101)   Post Evacuate Collection Set: 0.6ms
[2025-04-13T18:34:59.819+0000][gc,phases   ] GC(101)   Other: 0.1ms
[2025-04-13T18:34:59.819+0000][gc,heap     ] GC(101) Eden regions: 49->0(93)
[2025-04-13T18:34:59.819+0000][gc,heap     ] GC(101) Survivor regions: 6->4(7)
[2025-04-13T18:34:59.819+0000][gc,heap     ] GC(101) Old regions: 158->162
[2025-04-13T18:34:59.819+0000][gc,heap     ] GC(101) Humongous regions: 147->147
[2025-04-13T18:34:59.819+0000][gc,metaspace] GC(101) Metaspace: 46713K(47296K)->46713K(47296K) NonClass: 41648K(41984K)->41648K(41984K) Class: 5064K(5312K)->5064K(5312K)
[2025-04-13T18:34:59.819+0000][gc          ] GC(101) Pause Young (Normal) (G1 Evacuation Pause) 359M->312M(1024M) 12.964ms
[2025-04-13T18:34:59.819+0000][gc,cpu      ] GC(101) User=0.02s Sys=0.00s Real=0.01s
[2025-04-13T18:40:44.211+0000][gc,start    ] GC(102) Pause Young (Normal) (G1 Evacuation Pause)
[2025-04-13T18:40:44.211+0000][gc,task     ] GC(102) Using 2 workers of 2 for evacuation
[2025-04-13T18:40:44.227+0000][gc,phases   ] GC(102)   Pre Evacuate Collection Set: 0.4ms
[2025-04-13T18:40:44.227+0000][gc,phases   ] GC(102)   Merge Heap Roots: 0.2ms
[2025-04-13T18:40:44.227+0000][gc,phases   ] GC(102)   Evacuate Collection Set: 14.1ms
[2025-04-13T18:40:44.227+0000][gc,phases   ] GC(102)   Post Evacuate Collection Set: 0.6ms
[2025-04-13T18:40:44.227+0000][gc,phases   ] GC(102)   Other: 0.1ms
[2025-04-13T18:40:44.227+0000][gc,heap     ] GC(102) Eden regions: 95->0(50)
[2025-04-13T18:40:44.227+0000][gc,heap     ] GC(102) Survivor regions: 4->8(13)
[2025-04-13T18:40:44.227+0000][gc,heap     ] GC(102) Old regions: 162->162
[2025-04-13T18:40:44.227+0000][gc,heap     ] GC(102) Humongous regions: 147->147
[2025-04-13T18:40:44.227+0000][gc,metaspace] GC(102) Metaspace: 46713K(47296K)->46713K(47296K) NonClass: 41648K(41984K)->41648K(41984K) Class: 5064K(5312K)->5064K(5312K)
[2025-04-13T18:40:44.227+0000][gc          ] GC(102) Pause Young (Normal) (G1 Evacuation Pause) 407M->316M(1024M) 15.510ms
[2025-04-13T18:40:44.227+0000][gc,cpu      ] GC(102) User=0.03s Sys=0.00s Real=0.02s
[2025-04-13T18:43:54.806+0000][gc,start    ] GC(103) Pause Young (Normal) (G1 Evacuation Pause)
[2025-04-13T18:43:54.806+0000][gc,task     ] GC(103) Using 2 workers of 2 for evacuation
[2025-04-13T18:43:54.825+0000][gc,phases   ] GC(103)   Pre Evacuate Collection Set: 0.4ms
[2025-04-13T18:43:54.825+0000][gc,phases   ] GC(103)   Merge Heap Roots: 0.1ms
[2025-04-13T18:43:54.825+0000][gc,phases   ] GC(103)   Evacuate Collection Set: 18.0ms
[2025-04-13T18:43:54.825+0000][gc,phases   ] GC(103)   Post Evacuate Collection Set: 0.5ms
[2025-04-13T18:43:54.825+0000][gc,phases   ] GC(103)   Other: 0.1ms
[2025-04-13T18:43:54.825+0000][gc,heap     ] GC(103) Eden regions: 53->0(81)
[2025-04-13T18:43:54.825+0000][gc,heap     ] GC(103) Survivor regions: 8->5(8)
[2025-04-13T18:43:54.825+0000][gc,heap     ] GC(103) Old regions: 162->169
[2025-04-13T18:43:54.825+0000][gc,heap     ] GC(103) Humongous regions: 147->147
[2025-04-13T18:43:54.825+0000][gc,metaspace] GC(103) Metaspace: 46717K(47296K)->46717K(47296K) NonClass: 41653K(41984K)->41653K(41984K) Class: 5064K(5312K)->5064K(5312K)
[2025-04-13T18:43:54.825+0000][gc          ] GC(103) Pause Young (Normal) (G1 Evacuation Pause) 369M->321M(1024M) 19.367ms
[2025-04-13T18:43:54.825+0000][gc,cpu      ] GC(103) User=0.03s Sys=0.00s Real=0.02s
[2025-04-13T18:49:01.938+0000][gc,start    ] GC(104) Pause Young (Normal) (G1 Evacuation Pause)
[2025-04-13T18:49:01.938+0000][gc,task     ] GC(104) Using 2 workers of 2 for evacuation
[2025-04-13T18:49:01.955+0000][gc,phases   ] GC(104)   Pre Evacuate Collection Set: 0.5ms
[2025-04-13T18:49:01.955+0000][gc,phases   ] GC(104)   Merge Heap Roots: 0.2ms
[2025-04-13T18:49:01.955+0000][gc,phases   ] GC(104)   Evacuate Collection Set: 15.5ms
[2025-04-13T18:49:01.955+0000][gc,phases   ] GC(104)   Post Evacuate Collection Set: 0.6ms
[2025-04-13T18:49:01.955+0000][gc,phases   ] GC(104)   Other: 0.1ms
[2025-04-13T18:49:01.955+0000][gc,heap     ] GC(104) Eden regions: 85->0(58)
[2025-04-13T18:49:01.955+0000][gc,heap     ] GC(104) Survivor regions: 5->7(12)
[2025-04-13T18:49:01.955+0000][gc,heap     ] GC(104) Old regions: 169->169
[2025-04-13T18:49:01.955+0000][gc,heap     ] GC(104) Humongous regions: 147->147
[2025-04-13T18:49:01.955+0000][gc,metaspace] GC(104) Metaspace: 46717K(47296K)->46717K(47296K) NonClass: 41653K(41984K)->41653K(41984K) Class: 5064K(5312K)->5064K(5312K)
[2025-04-13T18:49:01.955+0000][gc          ] GC(104) Pause Young (Normal) (G1 Evacuation Pause) 406M->322M(1024M) 16.916ms
[2025-04-13T18:49:01.955+0000][gc,cpu      ] GC(104) User=0.03s Sys=0.00s Real=0.02s
[2025-04-13T18:52:38.975+0000][gc,start    ] GC(105) Pause Young (Normal) (G1 Evacuation Pause)
[2025-04-13T18:52:38.976+0000][gc,task     ] GC(105) Using 2 workers of 2 for evacuation
[2025-04-13T18:52:39.000+0000][gc,mmu      ] GC(105) MMU target violated: 21.0ms (20.0ms/21.0ms)
[2025-04-13T18:52:39.000+0000][gc,phases   ] GC(105)   Pre Evacuate Collection Set: 0.4ms
[2025-04-13T18:52:39.000+0000][gc,phases   ] GC(105)   Merge Heap Roots: 0.1ms
[2025-04-13T18:52:39.000+0000][gc,phases   ] GC(105)   Evacuate Collection Set: 22.8ms
[2025-04-13T18:52:39.000+0000][gc,phases   ] GC(105)   Post Evacuate Collection Set: 0.7ms
[2025-04-13T18:52:39.000+0000][gc,phases   ] GC(105)   Other: 0.1ms
[2025-04-13T18:52:39.000+0000][gc,heap     ] GC(105) Eden regions: 60->0(42)
[2025-04-13T18:52:39.000+0000][gc,heap     ] GC(105) Survivor regions: 7->9(9)
[2025-04-13T18:52:39.000+0000][gc,heap     ] GC(105) Old regions: 169->172
[2025-04-13T18:52:39.000+0000][gc,heap     ] GC(105) Humongous regions: 147->147
[2025-04-13T18:52:39.000+0000][gc,metaspace] GC(105) Metaspace: 46718K(47296K)->46718K(47296K) NonClass: 41653K(41984K)->41653K(41984K) Class: 5064K(5312K)->5064K(5312K)
[2025-04-13T18:52:39.000+0000][gc          ] GC(105) Pause Young (Normal) (G1 Evacuation Pause) 382M->328M(1024M) 24.296ms
[2025-04-13T18:52:39.000+0000][gc,cpu      ] GC(105) User=0.04s Sys=0.00s Real=0.02s
[2025-04-13T18:55:09.802+0000][gc,start    ] GC(106) Pause Young (Normal) (G1 Evacuation Pause)
[2025-04-13T18:55:09.802+0000][gc,task     ] GC(106) Using 2 workers of 2 for evacuation
[2025-04-13T18:55:09.821+0000][gc,phases   ] GC(106)   Pre Evacuate Collection Set: 0.3ms
[2025-04-13T18:55:09.821+0000][gc,phases   ] GC(106)   Merge Heap Roots: 0.2ms
[2025-04-13T18:55:09.821+0000][gc,phases   ] GC(106)   Evacuate Collection Set: 17.3ms
[2025-04-13T18:55:09.821+0000][gc,phases   ] GC(106)   Post Evacuate Collection Set: 0.6ms
[2025-04-13T18:55:09.821+0000][gc,phases   ] GC(106)   Other: 0.1ms
[2025-04-13T18:55:09.821+0000][gc,heap     ] GC(106) Eden regions: 42->0(61)
[2025-04-13T18:55:09.821+0000][gc,heap     ] GC(106) Survivor regions: 9->5(7)
[2025-04-13T18:55:09.821+0000][gc,heap     ] GC(106) Old regions: 172->180
[2025-04-13T18:55:09.821+0000][gc,heap     ] GC(106) Humongous regions: 147->147
[2025-04-13T18:55:09.821+0000][gc,metaspace] GC(106) Metaspace: 46718K(47296K)->46718K(47296K) NonClass: 41653K(41984K)->41653K(41984K) Class: 5064K(5312K)->5064K(5312K)
[2025-04-13T18:55:09.821+0000][gc          ] GC(106) Pause Young (Normal) (G1 Evacuation Pause) 370M->331M(1024M) 18.711ms
[2025-04-13T18:55:09.821+0000][gc,cpu      ] GC(106) User=0.04s Sys=0.00s Real=0.02s
[2025-04-13T18:59:11.336+0000][gc,start    ] GC(107) Pause Young (Normal) (G1 Evacuation Pause)
[2025-04-13T18:59:11.336+0000][gc,task     ] GC(107) Using 2 workers of 2 for evacuation
[2025-04-13T18:59:11.353+0000][gc,phases   ] GC(107)   Pre Evacuate Collection Set: 0.4ms
[2025-04-13T18:59:11.353+0000][gc,phases   ] GC(107)   Merge Heap Roots: 0.2ms
[2025-04-13T18:59:11.353+0000][gc,phases   ] GC(107)   Evacuate Collection Set: 15.4ms
[2025-04-13T18:59:11.353+0000][gc,phases   ] GC(107)   Post Evacuate Collection Set: 0.5ms
[2025-04-13T18:59:11.353+0000][gc,phases   ] GC(107)   Other: 0.1ms
[2025-04-13T18:59:11.353+0000][gc,heap     ] GC(107) Eden regions: 67->0(48)
[2025-04-13T18:59:11.353+0000][gc,heap     ] GC(107) Survivor regions: 5->6(9)
[2025-04-13T18:59:11.353+0000][gc,heap     ] GC(107) Old regions: 180->182
[2025-04-13T18:59:11.353+0000][gc,heap     ] GC(107) Humongous regions: 147->147
[2025-04-13T18:59:11.353+0000][gc,metaspace] GC(107) Metaspace: 46718K(47296K)->46718K(47296K) NonClass: 41653K(41984K)->41653K(41984K) Class: 5064K(5312K)->5064K(5312K)
[2025-04-13T18:59:11.353+0000][gc          ] GC(107) Pause Young (Normal) (G1 Evacuation Pause) 398M->335M(1024M) 16.810ms
[2025-04-13T18:59:11.353+0000][gc,cpu      ] GC(107) User=0.04s Sys=0.00s Real=0.01s
[2025-04-13T19:01:53.511+0000][gc,start    ] GC(108) Pause Young (Normal) (G1 Evacuation Pause)
[2025-04-13T19:01:53.511+0000][gc,task     ] GC(108) Using 2 workers of 2 for evacuation
[2025-04-13T19:01:53.524+0000][gc,phases   ] GC(108)   Pre Evacuate Collection Set: 0.4ms
[2025-04-13T19:01:53.524+0000][gc,phases   ] GC(108)   Merge Heap Roots: 0.2ms
[2025-04-13T19:01:53.524+0000][gc,phases   ] GC(108)   Evacuate Collection Set: 10.9ms
[2025-04-13T19:01:53.524+0000][gc,phases   ] GC(108)   Post Evacuate Collection Set: 0.5ms
[2025-04-13T19:01:53.524+0000][gc,phases   ] GC(108)   Other: 0.1ms
[2025-04-13T19:01:53.524+0000][gc,heap     ] GC(108) Eden regions: 45->0(103)
[2025-04-13T19:01:53.524+0000][gc,heap     ] GC(108) Survivor regions: 6->3(7)
[2025-04-13T19:01:53.524+0000][gc,heap     ] GC(108) Old regions: 182->186
[2025-04-13T19:01:53.524+0000][gc,heap     ] GC(108) Humongous regions: 147->147
[2025-04-13T19:01:53.524+0000][gc,metaspace] GC(108) Metaspace: 46719K(47296K)->46719K(47296K) NonClass: 41655K(41984K)->41655K(41984K) Class: 5064K(5312K)->5064K(5312K)
[2025-04-13T19:01:53.524+0000][gc          ] GC(108) Pause Young (Normal) (G1 Evacuation Pause) 380M->335M(1024M) 12.277ms
[2025-04-13T19:01:53.524+0000][gc,cpu      ] GC(108) User=0.03s Sys=0.00s Real=0.01s
[2025-04-13T19:08:19.667+0000][gc,start    ] GC(109) Pause Young (Normal) (G1 Evacuation Pause)
[2025-04-13T19:08:19.667+0000][gc,task     ] GC(109) Using 2 workers of 2 for evacuation
[2025-04-13T19:08:19.685+0000][gc,phases   ] GC(109)   Pre Evacuate Collection Set: 0.4ms
[2025-04-13T19:08:19.685+0000][gc,phases   ] GC(109)   Merge Heap Roots: 0.2ms
[2025-04-13T19:08:19.685+0000][gc,phases   ] GC(109)   Evacuate Collection Set: 17.0ms
[2025-04-13T19:08:19.685+0000][gc,phases   ] GC(109)   Post Evacuate Collection Set: 0.5ms
[2025-04-13T19:08:19.685+0000][gc,phases   ] GC(109)   Other: 0.1ms
[2025-04-13T19:08:19.685+0000][gc,heap     ] GC(109) Eden regions: 107->0(42)
[2025-04-13T19:08:19.685+0000][gc,heap     ] GC(109) Survivor regions: 3->9(14)
[2025-04-13T19:08:19.685+0000][gc,heap     ] GC(109) Old regions: 186->186
[2025-04-13T19:08:19.685+0000][gc,heap     ] GC(109) Humongous regions: 147->147
[2025-04-13T19:08:19.685+0000][gc,metaspace] GC(109) Metaspace: 46720K(47296K)->46720K(47296K) NonClass: 41656K(41984K)->41656K(41984K) Class: 5064K(5312K)->5064K(5312K)
[2025-04-13T19:08:19.685+0000][gc          ] GC(109) Pause Young (Normal) (G1 Evacuation Pause) 442M->341M(1024M) 18.474ms
[2025-04-13T19:08:19.685+0000][gc,cpu      ] GC(109) User=0.03s Sys=0.00s Real=0.02s
[2025-04-13T19:10:32.919+0000][gc,start    ] GC(110) Pause Young (Normal) (G1 Evacuation Pause)
[2025-04-13T19:10:32.919+0000][gc,task     ] GC(110) Using 2 workers of 2 for evacuation
[2025-04-13T19:10:32.939+0000][gc,phases   ] GC(110)   Pre Evacuate Collection Set: 0.4ms
[2025-04-13T19:10:32.939+0000][gc,phases   ] GC(110)   Merge Heap Roots: 0.2ms
[2025-04-13T19:10:32.939+0000][gc,phases   ] GC(110)   Evacuate Collection Set: 18.2ms
[2025-04-13T19:10:32.939+0000][gc,phases   ] GC(110)   Post Evacuate Collection Set: 0.5ms
[2025-04-13T19:10:32.939+0000][gc,phases   ] GC(110)   Other: 0.1ms
[2025-04-13T19:10:32.939+0000][gc,heap     ] GC(110) Eden regions: 42->0(48)
[2025-04-13T19:10:32.939+0000][gc,heap     ] GC(110) Survivor regions: 9->5(7)
[2025-04-13T19:10:32.939+0000][gc,heap     ] GC(110) Old regions: 186->194
[2025-04-13T19:10:32.939+0000][gc,heap     ] GC(110) Humongous regions: 147->147
[2025-04-13T19:10:32.939+0000][gc,metaspace] GC(110) Metaspace: 46721K(47296K)->46721K(47296K) NonClass: 41657K(41984K)->41657K(41984K) Class: 5064K(5312K)->5064K(5312K)
[2025-04-13T19:10:32.939+0000][gc          ] GC(110) Pause Young (Normal) (G1 Evacuation Pause) 383M->345M(1024M) 19.450ms
[2025-04-13T19:10:32.939+0000][gc,cpu      ] GC(110) User=0.03s Sys=0.00s Real=0.02s
[2025-04-13T19:13:25.964+0000][gc,start    ] GC(111) Pause Young (Normal) (G1 Evacuation Pause)
[2025-04-13T19:13:25.964+0000][gc,task     ] GC(111) Using 2 workers of 2 for evacuation
[2025-04-13T19:13:25.979+0000][gc,phases   ] GC(111)   Pre Evacuate Collection Set: 0.3ms
[2025-04-13T19:13:25.979+0000][gc,phases   ] GC(111)   Merge Heap Roots: 0.3ms
[2025-04-13T19:13:25.979+0000][gc,phases   ] GC(111)   Evacuate Collection Set: 13.4ms
[2025-04-13T19:13:25.979+0000][gc,phases   ] GC(111)   Post Evacuate Collection Set: 0.5ms
[2025-04-13T19:13:25.979+0000][gc,phases   ] GC(111)   Other: 0.1ms
[2025-04-13T19:13:25.979+0000][gc,heap     ] GC(111) Eden regions: 48->0(54)
[2025-04-13T19:13:25.979+0000][gc,heap     ] GC(111) Survivor regions: 5->4(7)
[2025-04-13T19:13:25.979+0000][gc,heap     ] GC(111) Old regions: 194->197
[2025-04-13T19:13:25.979+0000][gc,heap     ] GC(111) Humongous regions: 147->147
[2025-04-13T19:13:25.979+0000][gc,metaspace] GC(111) Metaspace: 46721K(47296K)->46721K(47296K) NonClass: 41657K(41984K)->41657K(41984K) Class: 5064K(5312K)->5064K(5312K)
[2025-04-13T19:13:25.979+0000][gc          ] GC(111) Pause Young (Normal) (G1 Evacuation Pause) 393M->347M(1024M) 14.799ms
[2025-04-13T19:13:25.979+0000][gc,cpu      ] GC(111) User=0.03s Sys=0.00s Real=0.01s
[2025-04-13T19:16:57.546+0000][gc,start    ] GC(112) Pause Young (Normal) (G1 Evacuation Pause)
[2025-04-13T19:16:57.546+0000][gc,task     ] GC(112) Using 2 workers of 2 for evacuation
[2025-04-13T19:16:57.557+0000][gc,phases   ] GC(112)   Pre Evacuate Collection Set: 0.5ms
[2025-04-13T19:16:57.558+0000][gc,phases   ] GC(112)   Merge Heap Roots: 0.1ms
[2025-04-13T19:16:57.558+0000][gc,phases   ] GC(112)   Evacuate Collection Set: 10.2ms
[2025-04-13T19:16:57.558+0000][gc,phases   ] GC(112)   Post Evacuate Collection Set: 0.5ms
[2025-04-13T19:16:57.558+0000][gc,phases   ] GC(112)   Other: 0.1ms
[2025-04-13T19:16:57.558+0000][gc,heap     ] GC(112) Eden regions: 59->0(53)
[2025-04-13T19:16:57.558+0000][gc,heap     ] GC(112) Survivor regions: 4->6(8)
[2025-04-13T19:16:57.558+0000][gc,heap     ] GC(112) Old regions: 197->197
[2025-04-13T19:16:57.558+0000][gc,heap     ] GC(112) Humongous regions: 147->147
[2025-04-13T19:16:57.558+0000][gc,metaspace] GC(112) Metaspace: 46723K(47296K)->46723K(47296K) NonClass: 41659K(41984K)->41659K(41984K) Class: 5064K(5312K)->5064K(5312K)
[2025-04-13T19:16:57.558+0000][gc          ] GC(112) Pause Young (Normal) (G1 Evacuation Pause) 406M->349M(1024M) 11.570ms
[2025-04-13T19:16:57.558+0000][gc,cpu      ] GC(112) User=0.02s Sys=0.00s Real=0.01s
[2025-04-13T19:20:26.386+0000][gc,start    ] GC(113) Pause Young (Normal) (G1 Evacuation Pause)
[2025-04-13T19:20:26.386+0000][gc,task     ] GC(113) Using 2 workers of 2 for evacuation
[2025-04-13T19:20:26.400+0000][gc,phases   ] GC(113)   Pre Evacuate Collection Set: 0.3ms
[2025-04-13T19:20:26.400+0000][gc,phases   ] GC(113)   Merge Heap Roots: 0.1ms
[2025-04-13T19:20:26.400+0000][gc,phases   ] GC(113)   Evacuate Collection Set: 12.5ms
[2025-04-13T19:20:26.400+0000][gc,phases   ] GC(113)   Post Evacuate Collection Set: 0.5ms
[2025-04-13T19:20:26.400+0000][gc,phases   ] GC(113)   Other: 0.1ms
[2025-04-13T19:20:26.400+0000][gc,heap     ] GC(113) Eden regions: 58->0(76)
[2025-04-13T19:20:26.400+0000][gc,heap     ] GC(113) Survivor regions: 6->4(8)
[2025-04-13T19:20:26.400+0000][gc,heap     ] GC(113) Old regions: 197->201
[2025-04-13T19:20:26.400+0000][gc,heap     ] GC(113) Humongous regions: 147->147
[2025-04-13T19:20:26.400+0000][gc,metaspace] GC(113) Metaspace: 46729K(47296K)->46729K(47296K) NonClass: 41665K(41984K)->41665K(41984K) Class: 5064K(5312K)->5064K(5312K)
[2025-04-13T19:20:26.400+0000][gc          ] GC(113) Pause Young (Normal) (G1 Evacuation Pause) 407M->351M(1024M) 13.688ms
[2025-04-13T19:20:26.400+0000][gc,cpu      ] GC(113) User=0.02s Sys=0.00s Real=0.01s
[2025-04-13T19:25:05.080+0000][gc,start    ] GC(114) Pause Young (Normal) (G1 Evacuation Pause)
[2025-04-13T19:25:05.080+0000][gc,task     ] GC(114) Using 2 workers of 2 for evacuation
[2025-04-13T19:25:05.096+0000][gc,phases   ] GC(114)   Pre Evacuate Collection Set: 0.4ms
[2025-04-13T19:25:05.096+0000][gc,phases   ] GC(114)   Merge Heap Roots: 0.1ms
[2025-04-13T19:25:05.096+0000][gc,phases   ] GC(114)   Evacuate Collection Set: 14.2ms
[2025-04-13T19:25:05.096+0000][gc,phases   ] GC(114)   Post Evacuate Collection Set: 1.3ms
[2025-04-13T19:25:05.096+0000][gc,phases   ] GC(114)   Other: 0.1ms
[2025-04-13T19:25:05.096+0000][gc,heap     ] GC(114) Eden regions: 77->0(43)
[2025-04-13T19:25:05.096+0000][gc,heap     ] GC(114) Survivor regions: 4->8(11)
[2025-04-13T19:25:05.096+0000][gc,heap     ] GC(114) Old regions: 201->201
[2025-04-13T19:25:05.096+0000][gc,heap     ] GC(114) Humongous regions: 147->147
[2025-04-13T19:25:05.096+0000][gc,metaspace] GC(114) Metaspace: 46746K(47296K)->46746K(47296K) NonClass: 41681K(41984K)->41681K(41984K) Class: 5064K(5312K)->5064K(5312K)
[2025-04-13T19:25:05.096+0000][gc          ] GC(114) Pause Young (Normal) (G1 Evacuation Pause) 428M->355M(1024M) 16.257ms
[2025-04-13T19:25:05.096+0000][gc,cpu      ] GC(114) User=0.02s Sys=0.00s Real=0.02s
[2025-04-13T19:27:44.372+0000][gc,start    ] GC(115) Pause Young (Normal) (G1 Evacuation Pause)
[2025-04-13T19:27:44.372+0000][gc,task     ] GC(115) Using 2 workers of 2 for evacuation
[2025-04-13T19:27:44.390+0000][gc,phases   ] GC(115)   Pre Evacuate Collection Set: 0.4ms
[2025-04-13T19:27:44.390+0000][gc,phases   ] GC(115)   Merge Heap Roots: 0.1ms
[2025-04-13T19:27:44.390+0000][gc,phases   ] GC(115)   Evacuate Collection Set: 16.1ms
[2025-04-13T19:27:44.390+0000][gc,phases   ] GC(115)   Post Evacuate Collection Set: 0.6ms
[2025-04-13T19:27:44.390+0000][gc,phases   ] GC(115)   Other: 0.1ms
[2025-04-13T19:27:44.390+0000][gc,heap     ] GC(115) Eden regions: 44->0(74)
[2025-04-13T19:27:44.390+0000][gc,heap     ] GC(115) Survivor regions: 8->5(7)
[2025-04-13T19:27:44.390+0000][gc,heap     ] GC(115) Old regions: 201->208
[2025-04-13T19:27:44.390+0000][gc,heap     ] GC(115) Humongous regions: 147->147
[2025-04-13T19:27:44.390+0000][gc,metaspace] GC(115) Metaspace: 46747K(47296K)->46747K(47296K) NonClass: 41683K(41984K)->41683K(41984K) Class: 5064K(5312K)->5064K(5312K)
[2025-04-13T19:27:44.390+0000][gc          ] GC(115) Pause Young (Normal) (G1 Evacuation Pause) 399M->359M(1024M) 17.494ms
[2025-04-13T19:27:44.390+0000][gc,cpu      ] GC(115) User=0.03s Sys=0.00s Real=0.02s
[2025-04-13T19:32:19.564+0000][gc,start    ] GC(116) Pause Young (Normal) (G1 Evacuation Pause)
[2025-04-13T19:32:19.564+0000][gc,task     ] GC(116) Using 2 workers of 2 for evacuation
[2025-04-13T19:32:19.582+0000][gc,phases   ] GC(116)   Pre Evacuate Collection Set: 0.6ms
[2025-04-13T19:32:19.582+0000][gc,phases   ] GC(116)   Merge Heap Roots: 0.2ms
[2025-04-13T19:32:19.582+0000][gc,phases   ] GC(116)   Evacuate Collection Set: 16.8ms
[2025-04-13T19:32:19.582+0000][gc,phases   ] GC(116)   Post Evacuate Collection Set: 0.6ms
[2025-04-13T19:32:19.582+0000][gc,phases   ] GC(116)   Other: 0.1ms
[2025-04-13T19:32:19.582+0000][gc,heap     ] GC(116) Eden regions: 76->0(43)
[2025-04-13T19:32:19.582+0000][gc,heap     ] GC(116) Survivor regions: 5->8(11)
[2025-04-13T19:32:19.582+0000][gc,heap     ] GC(116) Old regions: 208->208
[2025-04-13T19:32:19.582+0000][gc,heap     ] GC(116) Humongous regions: 147->147
[2025-04-13T19:32:19.582+0000][gc,metaspace] GC(116) Metaspace: 46752K(47296K)->46752K(47296K) NonClass: 41688K(41984K)->41688K(41984K) Class: 5064K(5312K)->5064K(5312K)
[2025-04-13T19:32:19.582+0000][gc          ] GC(116) Pause Young (Normal) (G1 Evacuation Pause) 435M->362M(1024M) 18.471ms
[2025-04-13T19:32:19.582+0000][gc,cpu      ] GC(116) User=0.03s Sys=0.00s Real=0.02s
[2025-04-13T19:34:53.332+0000][gc,start    ] GC(117) Pause Young (Normal) (G1 Evacuation Pause)
[2025-04-13T19:34:53.332+0000][gc,task     ] GC(117) Using 2 workers of 2 for evacuation
[2025-04-13T19:34:53.352+0000][gc,phases   ] GC(117)   Pre Evacuate Collection Set: 0.4ms
[2025-04-13T19:34:53.352+0000][gc,phases   ] GC(117)   Merge Heap Roots: 0.2ms
[2025-04-13T19:34:53.352+0000][gc,phases   ] GC(117)   Evacuate Collection Set: 17.9ms
[2025-04-13T19:34:53.352+0000][gc,phases   ] GC(117)   Post Evacuate Collection Set: 0.6ms
[2025-04-13T19:34:53.352+0000][gc,phases   ] GC(117)   Other: 0.1ms
[2025-04-13T19:34:53.352+0000][gc,heap     ] GC(117) Eden regions: 43->0(64)
[2025-04-13T19:34:53.352+0000][gc,heap     ] GC(117) Survivor regions: 8->5(7)
[2025-04-13T19:34:53.352+0000][gc,heap     ] GC(117) Old regions: 208->214
[2025-04-13T19:34:53.352+0000][gc,heap     ] GC(117) Humongous regions: 147->147
[2025-04-13T19:34:53.352+0000][gc,metaspace] GC(117) Metaspace: 46752K(47296K)->46752K(47296K) NonClass: 41688K(41984K)->41688K(41984K) Class: 5064K(5312K)->5064K(5312K)
[2025-04-13T19:34:53.352+0000][gc          ] GC(117) Pause Young (Normal) (G1 Evacuation Pause) 405M->366M(1024M) 19.305ms
[2025-04-13T19:34:53.352+0000][gc,cpu      ] GC(117) User=0.04s Sys=0.00s Real=0.02s
[2025-04-13T19:38:48.307+0000][gc,start    ] GC(118) Pause Young (Normal) (G1 Evacuation Pause)
[2025-04-13T19:38:48.308+0000][gc,task     ] GC(118) Using 2 workers of 2 for evacuation
[2025-04-13T19:38:48.324+0000][gc,phases   ] GC(118)   Pre Evacuate Collection Set: 0.5ms
[2025-04-13T19:38:48.324+0000][gc,phases   ] GC(118)   Merge Heap Roots: 0.2ms
[2025-04-13T19:38:48.324+0000][gc,phases   ] GC(118)   Evacuate Collection Set: 15.3ms
[2025-04-13T19:38:48.324+0000][gc,phases   ] GC(118)   Post Evacuate Collection Set: 0.5ms
[2025-04-13T19:38:48.324+0000][gc,phases   ] GC(118)   Other: 0.1ms
[2025-04-13T19:38:48.324+0000][gc,heap     ] GC(118) Eden regions: 65->0(61)
[2025-04-13T19:38:48.324+0000][gc,heap     ] GC(118) Survivor regions: 5->6(9)
[2025-04-13T19:38:48.324+0000][gc,heap     ] GC(118) Old regions: 214->217
[2025-04-13T19:38:48.324+0000][gc,heap     ] GC(118) Humongous regions: 147->147
[2025-04-13T19:38:48.324+0000][gc,metaspace] GC(118) Metaspace: 46752K(47296K)->46752K(47296K) NonClass: 41688K(41984K)->41688K(41984K) Class: 5064K(5312K)->5064K(5312K)
[2025-04-13T19:38:48.324+0000][gc          ] GC(118) Pause Young (Normal) (G1 Evacuation Pause) 431M->368M(1024M) 16.915ms
[2025-04-13T19:38:48.324+0000][gc,cpu      ] GC(118) User=0.04s Sys=0.00s Real=0.02s
[2025-04-13T19:42:02.831+0000][gc,start    ] GC(119) Pause Young (Normal) (G1 Evacuation Pause)
[2025-04-13T19:42:02.831+0000][gc,task     ] GC(119) Using 2 workers of 2 for evacuation
[2025-04-13T19:42:02.847+0000][gc,phases   ] GC(119)   Pre Evacuate Collection Set: 0.5ms
[2025-04-13T19:42:02.847+0000][gc,phases   ] GC(119)   Merge Heap Roots: 0.2ms
[2025-04-13T19:42:02.847+0000][gc,phases   ] GC(119)   Evacuate Collection Set: 14.6ms
[2025-04-13T19:42:02.847+0000][gc,phases   ] GC(119)   Post Evacuate Collection Set: 0.5ms
[2025-04-13T19:42:02.847+0000][gc,phases   ] GC(119)   Other: 0.1ms
[2025-04-13T19:42:02.847+0000][gc,heap     ] GC(119) Eden regions: 54->0(71)
[2025-04-13T19:42:02.847+0000][gc,heap     ] GC(119) Survivor regions: 6->5(8)
[2025-04-13T19:42:02.847+0000][gc,heap     ] GC(119) Old regions: 217->220
[2025-04-13T19:42:02.847+0000][gc,heap     ] GC(119) Humongous regions: 147->147
[2025-04-13T19:42:02.847+0000][gc,metaspace] GC(119) Metaspace: 46752K(47296K)->46752K(47296K) NonClass: 41688K(41984K)->41688K(41984K) Class: 5064K(5312K)->5064K(5312K)
[2025-04-13T19:42:02.847+0000][gc          ] GC(119) Pause Young (Normal) (G1 Evacuation Pause) 422M->371M(1024M) 16.021ms
[2025-04-13T19:42:02.847+0000][gc,cpu      ] GC(119) User=0.03s Sys=0.00s Real=0.02s
[2025-04-13T19:46:25.952+0000][gc,start    ] GC(120) Pause Young (Normal) (G1 Evacuation Pause)
[2025-04-13T19:46:25.953+0000][gc,task     ] GC(120) Using 2 workers of 2 for evacuation
[2025-04-13T19:46:25.969+0000][gc,phases   ] GC(120)   Pre Evacuate Collection Set: 0.7ms
[2025-04-13T19:46:25.969+0000][gc,phases   ] GC(120)   Merge Heap Roots: 0.2ms
[2025-04-13T19:46:25.969+0000][gc,phases   ] GC(120)   Evacuate Collection Set: 15.2ms
[2025-04-13T19:46:25.969+0000][gc,phases   ] GC(120)   Post Evacuate Collection Set: 0.4ms
[2025-04-13T19:46:25.969+0000][gc,phases   ] GC(120)   Other: 0.1ms
[2025-04-13T19:46:25.969+0000][gc,heap     ] GC(120) Eden regions: 73->0(43)
[2025-04-13T19:46:25.969+0000][gc,heap     ] GC(120) Survivor regions: 5->8(10)
[2025-04-13T19:46:25.969+0000][gc,heap     ] GC(120) Old regions: 220->220
[2025-04-13T19:46:25.969+0000][gc,heap     ] GC(120) Humongous regions: 147->147
[2025-04-13T19:46:25.969+0000][gc,metaspace] GC(120) Metaspace: 46752K(47296K)->46752K(47296K) NonClass: 41688K(41984K)->41688K(41984K) Class: 5064K(5312K)->5064K(5312K)
[2025-04-13T19:46:25.969+0000][gc          ] GC(120) Pause Young (Normal) (G1 Evacuation Pause) 444M->375M(1024M) 16.713ms
[2025-04-13T19:46:25.969+0000][gc,cpu      ] GC(120) User=0.03s Sys=0.00s Real=0.02s
[2025-04-13T19:48:59.724+0000][gc,start    ] GC(121) Pause Young (Normal) (G1 Evacuation Pause)
[2025-04-13T19:48:59.724+0000][gc,task     ] GC(121) Using 2 workers of 2 for evacuation
[2025-04-13T19:48:59.744+0000][gc,phases   ] GC(121)   Pre Evacuate Collection Set: 0.4ms
[2025-04-13T19:48:59.744+0000][gc,phases   ] GC(121)   Merge Heap Roots: 0.1ms
[2025-04-13T19:48:59.744+0000][gc,phases   ] GC(121)   Evacuate Collection Set: 17.7ms
[2025-04-13T19:48:59.744+0000][gc,phases   ] GC(121)   Post Evacuate Collection Set: 1.4ms
[2025-04-13T19:48:59.744+0000][gc,phases   ] GC(121)   Other: 0.1ms
[2025-04-13T19:48:59.744+0000][gc,heap     ] GC(121) Eden regions: 43->0(70)
[2025-04-13T19:48:59.744+0000][gc,heap     ] GC(121) Survivor regions: 8->5(7)
[2025-04-13T19:48:59.744+0000][gc,heap     ] GC(121) Old regions: 220->227
[2025-04-13T19:48:59.744+0000][gc,heap     ] GC(121) Humongous regions: 147->147
[2025-04-13T19:48:59.744+0000][gc,metaspace] GC(121) Metaspace: 46752K(47296K)->46752K(47296K) NonClass: 41688K(41984K)->41688K(41984K) Class: 5064K(5312K)->5064K(5312K)
[2025-04-13T19:48:59.744+0000][gc          ] GC(121) Pause Young (Normal) (G1 Evacuation Pause) 418M->378M(1024M) 19.862ms
[2025-04-13T19:48:59.744+0000][gc,cpu      ] GC(121) User=0.03s Sys=0.00s Real=0.02s
[2025-04-13T19:53:30.555+0000][gc,start    ] GC(122) Pause Young (Normal) (G1 Evacuation Pause)
[2025-04-13T19:53:30.555+0000][gc,task     ] GC(122) Using 2 workers of 2 for evacuation
[2025-04-13T19:53:30.572+0000][gc,phases   ] GC(122)   Pre Evacuate Collection Set: 0.3ms
[2025-04-13T19:53:30.572+0000][gc,phases   ] GC(122)   Merge Heap Roots: 0.2ms
[2025-04-13T19:53:30.572+0000][gc,phases   ] GC(122)   Evacuate Collection Set: 16.3ms
[2025-04-13T19:53:30.572+0000][gc,phases   ] GC(122)   Post Evacuate Collection Set: 0.5ms
[2025-04-13T19:53:30.572+0000][gc,phases   ] GC(122)   Other: 0.1ms
[2025-04-13T19:53:30.572+0000][gc,heap     ] GC(122) Eden regions: 75->0(42)
[2025-04-13T19:53:30.572+0000][gc,heap     ] GC(122) Survivor regions: 5->9(10)
[2025-04-13T19:53:30.572+0000][gc,heap     ] GC(122) Old regions: 227->227
[2025-04-13T19:53:30.572+0000][gc,heap     ] GC(122) Humongous regions: 147->147
[2025-04-13T19:53:30.572+0000][gc,metaspace] GC(122) Metaspace: 46752K(47296K)->46752K(47296K) NonClass: 41688K(41984K)->41688K(41984K) Class: 5064K(5312K)->5064K(5312K)
[2025-04-13T19:53:30.572+0000][gc          ] GC(122) Pause Young (Normal) (G1 Evacuation Pause) 453M->382M(1024M) 17.476ms
[2025-04-13T19:53:30.572+0000][gc,cpu      ] GC(122) User=0.04s Sys=0.00s Real=0.01s
[2025-04-13T19:56:01.143+0000][gc,start    ] GC(123) Pause Young (Normal) (G1 Evacuation Pause)
[2025-04-13T19:56:01.143+0000][gc,task     ] GC(123) Using 2 workers of 2 for evacuation
[2025-04-13T19:56:01.159+0000][gc,phases   ] GC(123)   Pre Evacuate Collection Set: 0.4ms
[2025-04-13T19:56:01.159+0000][gc,phases   ] GC(123)   Merge Heap Roots: 0.2ms
[2025-04-13T19:56:01.159+0000][gc,phases   ] GC(123)   Evacuate Collection Set: 14.5ms
[2025-04-13T19:56:01.159+0000][gc,phases   ] GC(123)   Post Evacuate Collection Set: 0.7ms
[2025-04-13T19:56:01.159+0000][gc,phases   ] GC(123)   Other: 0.1ms
[2025-04-13T19:56:01.159+0000][gc,heap     ] GC(123) Eden regions: 42->0(112)
[2025-04-13T19:56:01.159+0000][gc,heap     ] GC(123) Survivor regions: 9->3(7)
[2025-04-13T19:56:01.159+0000][gc,heap     ] GC(123) Old regions: 227->233
[2025-04-13T19:56:01.159+0000][gc,heap     ] GC(123) Humongous regions: 147->147
[2025-04-13T19:56:01.159+0000][gc,metaspace] GC(123) Metaspace: 46752K(47296K)->46752K(47296K) NonClass: 41688K(41984K)->41688K(41984K) Class: 5064K(5312K)->5064K(5312K)
[2025-04-13T19:56:01.159+0000][gc          ] GC(123) Pause Young (Normal) (G1 Evacuation Pause) 424M->382M(1024M) 15.982ms
[2025-04-13T19:56:01.159+0000][gc,cpu      ] GC(123) User=0.03s Sys=0.00s Real=0.02s
[2025-04-13T20:02:58.051+0000][gc,start    ] GC(124) Pause Young (Normal) (G1 Evacuation Pause)
[2025-04-13T20:02:58.051+0000][gc,task     ] GC(124) Using 2 workers of 2 for evacuation
[2025-04-13T20:02:58.074+0000][gc,mmu      ] GC(124) MMU target violated: 21.0ms (20.0ms/21.0ms)
[2025-04-13T20:02:58.074+0000][gc,phases   ] GC(124)   Pre Evacuate Collection Set: 0.4ms
[2025-04-13T20:02:58.074+0000][gc,phases   ] GC(124)   Merge Heap Roots: 0.2ms
[2025-04-13T20:02:58.074+0000][gc,phases   ] GC(124)   Evacuate Collection Set: 20.5ms
[2025-04-13T20:02:58.074+0000][gc,phases   ] GC(124)   Post Evacuate Collection Set: 0.8ms
[2025-04-13T20:02:58.074+0000][gc,phases   ] GC(124)   Other: 0.2ms
[2025-04-13T20:02:58.074+0000][gc,heap     ] GC(124) Eden regions: 115->0(42)
[2025-04-13T20:02:58.074+0000][gc,heap     ] GC(124) Survivor regions: 3->9(15)
[2025-04-13T20:02:58.074+0000][gc,heap     ] GC(124) Old regions: 233->233
[2025-04-13T20:02:58.074+0000][gc,heap     ] GC(124) Humongous regions: 147->147
[2025-04-13T20:02:58.074+0000][gc,metaspace] GC(124) Metaspace: 46753K(47296K)->46753K(47296K) NonClass: 41689K(41984K)->41689K(41984K) Class: 5064K(5312K)->5064K(5312K)
[2025-04-13T20:02:58.074+0000][gc          ] GC(124) Pause Young (Normal) (G1 Evacuation Pause) 497M->388M(1024M) 22.256ms
[2025-04-13T20:02:58.074+0000][gc,cpu      ] GC(124) User=0.04s Sys=0.00s Real=0.02s
[2025-04-13T20:05:28.432+0000][gc,start    ] GC(125) Pause Young (Normal) (G1 Evacuation Pause)
[2025-04-13T20:05:28.432+0000][gc,task     ] GC(125) Using 2 workers of 2 for evacuation
[2025-04-13T20:05:28.453+0000][gc,mmu      ] GC(125) MMU target violated: 21.0ms (20.0ms/21.0ms)
[2025-04-13T20:05:28.453+0000][gc,phases   ] GC(125)   Pre Evacuate Collection Set: 0.3ms
[2025-04-13T20:05:28.453+0000][gc,phases   ] GC(125)   Merge Heap Roots: 0.2ms
[2025-04-13T20:05:28.453+0000][gc,phases   ] GC(125)   Evacuate Collection Set: 19.8ms
[2025-04-13T20:05:28.453+0000][gc,phases   ] GC(125)   Post Evacuate Collection Set: 0.6ms
[2025-04-13T20:05:28.453+0000][gc,phases   ] GC(125)   Other: 0.1ms
[2025-04-13T20:05:28.453+0000][gc,heap     ] GC(125) Eden regions: 42->0(58)
[2025-04-13T20:05:28.453+0000][gc,heap     ] GC(125) Survivor regions: 9->5(7)
[2025-04-13T20:05:28.453+0000][gc,heap     ] GC(125) Old regions: 233->241
[2025-04-13T20:05:28.453+0000][gc,heap     ] GC(125) Humongous regions: 147->147
[2025-04-13T20:05:28.453+0000][gc,metaspace] GC(125) Metaspace: 46753K(47296K)->46753K(47296K) NonClass: 41689K(41984K)->41689K(41984K) Class: 5064K(5312K)->5064K(5312K)
[2025-04-13T20:05:28.453+0000][gc          ] GC(125) Pause Young (Normal) (G1 Evacuation Pause) 430M->392M(1024M) 21.223ms
[2025-04-13T20:05:28.454+0000][gc,cpu      ] GC(125) User=0.04s Sys=0.00s Real=0.02s
[2025-04-13T20:08:38.138+0000][gc,start    ] GC(126) Pause Young (Normal) (G1 Evacuation Pause)
[2025-04-13T20:08:38.138+0000][gc,task     ] GC(126) Using 2 workers of 2 for evacuation
[2025-04-13T20:08:38.154+0000][gc,phases   ] GC(126)   Pre Evacuate Collection Set: 0.4ms
[2025-04-13T20:08:38.154+0000][gc,phases   ] GC(126)   Merge Heap Roots: 0.2ms
[2025-04-13T20:08:38.154+0000][gc,phases   ] GC(126)   Evacuate Collection Set: 15.0ms
[2025-04-13T20:08:38.154+0000][gc,phases   ] GC(126)   Post Evacuate Collection Set: 0.6ms
[2025-04-13T20:08:38.154+0000][gc,phases   ] GC(126)   Other: 0.1ms
[2025-04-13T20:08:38.154+0000][gc,heap     ] GC(126) Eden regions: 57->0(43)
[2025-04-13T20:08:38.154+0000][gc,heap     ] GC(126) Survivor regions: 5->8(8)
[2025-04-13T20:08:38.154+0000][gc,heap     ] GC(126) Old regions: 241->241
[2025-04-13T20:08:38.154+0000][gc,heap     ] GC(126) Humongous regions: 147->147
[2025-04-13T20:08:38.154+0000][gc,metaspace] GC(126) Metaspace: 46754K(47296K)->46754K(47296K) NonClass: 41689K(41984K)->41689K(41984K) Class: 5064K(5312K)->5064K(5312K)
[2025-04-13T20:08:38.154+0000][gc          ] GC(126) Pause Young (Normal) (G1 Evacuation Pause) 449M->396M(1024M) 16.366ms
[2025-04-13T20:08:38.154+0000][gc,cpu      ] GC(126) User=0.03s Sys=0.00s Real=0.02s
[2025-04-13T20:11:09.806+0000][gc,start    ] GC(127) Pause Young (Normal) (G1 Evacuation Pause)
[2025-04-13T20:11:09.806+0000][gc,task     ] GC(127) Using 2 workers of 2 for evacuation
[2025-04-13T20:11:09.826+0000][gc,phases   ] GC(127)   Pre Evacuate Collection Set: 0.4ms
[2025-04-13T20:11:09.826+0000][gc,phases   ] GC(127)   Merge Heap Roots: 0.2ms
[2025-04-13T20:11:09.826+0000][gc,phases   ] GC(127)   Evacuate Collection Set: 18.7ms
[2025-04-13T20:11:09.826+0000][gc,phases   ] GC(127)   Post Evacuate Collection Set: 0.5ms
[2025-04-13T20:11:09.826+0000][gc,phases   ] GC(127)   Other: 0.1ms
[2025-04-13T20:11:09.826+0000][gc,heap     ] GC(127) Eden regions: 43->0(73)
[2025-04-13T20:11:09.826+0000][gc,heap     ] GC(127) Survivor regions: 8->4(7)
[2025-04-13T20:11:09.826+0000][gc,heap     ] GC(127) Old regions: 241->248
[2025-04-13T20:11:09.826+0000][gc,heap     ] GC(127) Humongous regions: 147->147
[2025-04-13T20:11:09.826+0000][gc,metaspace] GC(127) Metaspace: 46754K(47296K)->46754K(47296K) NonClass: 41689K(41984K)->41689K(41984K) Class: 5064K(5312K)->5064K(5312K)
[2025-04-13T20:11:09.826+0000][gc          ] GC(127) Pause Young (Normal) (G1 Evacuation Pause) 439M->398M(1024M) 20.167ms
[2025-04-13T20:11:09.826+0000][gc,cpu      ] GC(127) User=0.03s Sys=0.00s Real=0.02s
[2025-04-13T20:15:44.059+0000][gc,start    ] GC(128) Pause Young (Normal) (G1 Evacuation Pause)
[2025-04-13T20:15:44.059+0000][gc,task     ] GC(128) Using 2 workers of 2 for evacuation
[2025-04-13T20:15:44.075+0000][gc,phases   ] GC(128)   Pre Evacuate Collection Set: 0.3ms
[2025-04-13T20:15:44.075+0000][gc,phases   ] GC(128)   Merge Heap Roots: 0.1ms
[2025-04-13T20:15:44.075+0000][gc,phases   ] GC(128)   Evacuate Collection Set: 15.3ms
[2025-04-13T20:15:44.075+0000][gc,phases   ] GC(128)   Post Evacuate Collection Set: 0.6ms
[2025-04-13T20:15:44.075+0000][gc,phases   ] GC(128)   Other: 0.1ms
[2025-04-13T20:15:44.075+0000][gc,heap     ] GC(128) Eden regions: 77->0(42)
[2025-04-13T20:15:44.075+0000][gc,heap     ] GC(128) Survivor regions: 4->9(11)
[2025-04-13T20:15:44.075+0000][gc,heap     ] GC(128) Old regions: 248->248
[2025-04-13T20:15:44.075+0000][gc,heap     ] GC(128) Humongous regions: 147->147
[2025-04-13T20:15:44.075+0000][gc,metaspace] GC(128) Metaspace: 46754K(47296K)->46754K(47296K) NonClass: 41689K(41984K)->41689K(41984K) Class: 5064K(5312K)->5064K(5312K)
[2025-04-13T20:15:44.075+0000][gc          ] GC(128) Pause Young (Normal) (G1 Evacuation Pause) 475M->403M(1024M) 16.503ms
[2025-04-13T20:15:44.075+0000][gc,cpu      ] GC(128) User=0.03s Sys=0.00s Real=0.02s
[2025-04-13T20:18:14.412+0000][gc,start    ] GC(129) Pause Young (Normal) (G1 Evacuation Pause)
[2025-04-13T20:18:14.412+0000][gc,task     ] GC(129) Using 2 workers of 2 for evacuation
[2025-04-13T20:18:14.431+0000][gc,phases   ] GC(129)   Pre Evacuate Collection Set: 0.4ms
[2025-04-13T20:18:14.431+0000][gc,phases   ] GC(129)   Merge Heap Roots: 0.1ms
[2025-04-13T20:18:14.431+0000][gc,phases   ] GC(129)   Evacuate Collection Set: 18.2ms
[2025-04-13T20:18:14.431+0000][gc,phases   ] GC(129)   Post Evacuate Collection Set: 0.5ms
[2025-04-13T20:18:14.431+0000][gc,phases   ] GC(129)   Other: 0.1ms
[2025-04-13T20:18:14.431+0000][gc,heap     ] GC(129) Eden regions: 42->0(64)
[2025-04-13T20:18:14.431+0000][gc,heap     ] GC(129) Survivor regions: 9->5(7)
[2025-04-13T20:18:14.431+0000][gc,heap     ] GC(129) Old regions: 248->255
[2025-04-13T20:18:14.431+0000][gc,heap     ] GC(129) Humongous regions: 147->147
[2025-04-13T20:18:14.431+0000][gc,metaspace] GC(129) Metaspace: 46755K(47296K)->46755K(47296K) NonClass: 41690K(41984K)->41690K(41984K) Class: 5064K(5312K)->5064K(5312K)
[2025-04-13T20:18:14.431+0000][gc          ] GC(129) Pause Young (Normal) (G1 Evacuation Pause) 445M->406M(1024M) 19.483ms
[2025-04-13T20:18:14.431+0000][gc,cpu      ] GC(129) User=0.03s Sys=0.00s Real=0.02s
[2025-04-13T20:22:16.522+0000][gc,start    ] GC(130) Pause Young (Normal) (G1 Evacuation Pause)
[2025-04-13T20:22:16.522+0000][gc,task     ] GC(130) Using 2 workers of 2 for evacuation
[2025-04-13T20:22:16.539+0000][gc,phases   ] GC(130)   Pre Evacuate Collection Set: 0.4ms
[2025-04-13T20:22:16.539+0000][gc,phases   ] GC(130)   Merge Heap Roots: 0.2ms
[2025-04-13T20:22:16.539+0000][gc,phases   ] GC(130)   Evacuate Collection Set: 15.5ms
[2025-04-13T20:22:16.539+0000][gc,phases   ] GC(130)   Post Evacuate Collection Set: 0.5ms
[2025-04-13T20:22:16.539+0000][gc,phases   ] GC(130)   Other: 0.1ms
[2025-04-13T20:22:16.539+0000][gc,heap     ] GC(130) Eden regions: 67->0(43)
[2025-04-13T20:22:16.539+0000][gc,heap     ] GC(130) Survivor regions: 5->8(9)
[2025-04-13T20:22:16.539+0000][gc,heap     ] GC(130) Old regions: 255->255
[2025-04-13T20:22:16.539+0000][gc,heap     ] GC(130) Humongous regions: 147->147
[2025-04-13T20:22:16.539+0000][gc,metaspace] GC(130) Metaspace: 46755K(47296K)->46755K(47296K) NonClass: 41690K(41984K)->41690K(41984K) Class: 5064K(5312K)->5064K(5312K)
[2025-04-13T20:22:16.539+0000][gc          ] GC(130) Pause Young (Normal) (G1 Evacuation Pause) 473M->409M(1024M) 16.976ms
[2025-04-13T20:22:16.539+0000][gc,cpu      ] GC(130) User=0.03s Sys=0.00s Real=0.02s
[2025-04-13T20:24:50.815+0000][gc,start    ] GC(131) Pause Young (Normal) (G1 Evacuation Pause)
[2025-04-13T20:24:50.815+0000][gc,task     ] GC(131) Using 2 workers of 2 for evacuation
[2025-04-13T20:24:50.835+0000][gc,mmu      ] GC(131) MMU target violated: 20.0ms (20.0ms/21.0ms)
[2025-04-13T20:24:50.835+0000][gc,phases   ] GC(131)   Pre Evacuate Collection Set: 0.4ms
[2025-04-13T20:24:50.835+0000][gc,phases   ] GC(131)   Merge Heap Roots: 0.1ms
[2025-04-13T20:24:50.835+0000][gc,phases   ] GC(131)   Evacuate Collection Set: 18.9ms
[2025-04-13T20:24:50.835+0000][gc,phases   ] GC(131)   Post Evacuate Collection Set: 0.6ms
[2025-04-13T20:24:50.835+0000][gc,phases   ] GC(131)   Other: 0.1ms
[2025-04-13T20:24:50.835+0000][gc,heap     ] GC(131) Eden regions: 43->0(62)
[2025-04-13T20:24:50.835+0000][gc,heap     ] GC(131) Survivor regions: 8->5(7)
[2025-04-13T20:24:50.835+0000][gc,heap     ] GC(131) Old regions: 255->261
[2025-04-13T20:24:50.835+0000][gc,heap     ] GC(131) Humongous regions: 147->147
[2025-04-13T20:24:50.835+0000][gc,metaspace] GC(131) Metaspace: 46755K(47296K)->46755K(47296K) NonClass: 41690K(41984K)->41690K(41984K) Class: 5064K(5312K)->5064K(5312K)
[2025-04-13T20:24:50.835+0000][gc          ] GC(131) Pause Young (Normal) (G1 Evacuation Pause) 452M->412M(1024M) 20.233ms
[2025-04-13T20:24:50.835+0000][gc,cpu      ] GC(131) User=0.04s Sys=0.00s Real=0.02s
[2025-04-13T20:28:39.132+0000][gc,start    ] GC(132) Pause Young (Normal) (G1 Evacuation Pause)
[2025-04-13T20:28:39.132+0000][gc,task     ] GC(132) Using 2 workers of 2 for evacuation
[2025-04-13T20:28:39.147+0000][gc,phases   ] GC(132)   Pre Evacuate Collection Set: 0.4ms
[2025-04-13T20:28:39.147+0000][gc,phases   ] GC(132)   Merge Heap Roots: 0.1ms
[2025-04-13T20:28:39.147+0000][gc,phases   ] GC(132)   Evacuate Collection Set: 13.5ms
[2025-04-13T20:28:39.147+0000][gc,phases   ] GC(132)   Post Evacuate Collection Set: 0.5ms
[2025-04-13T20:28:39.147+0000][gc,phases   ] GC(132)   Other: 0.1ms
[2025-04-13T20:28:39.147+0000][gc,heap     ] GC(132) Eden regions: 63->0(43)
[2025-04-13T20:28:39.147+0000][gc,heap     ] GC(132) Survivor regions: 5->8(9)
[2025-04-13T20:28:39.147+0000][gc,heap     ] GC(132) Old regions: 261->261
[2025-04-13T20:28:39.147+0000][gc,heap     ] GC(132) Humongous regions: 147->147
[2025-04-13T20:28:39.147+0000][gc,metaspace] GC(132) Metaspace: 46764K(47296K)->46764K(47296K) NonClass: 41700K(41984K)->41700K(41984K) Class: 5064K(5312K)->5064K(5312K)
[2025-04-13T20:28:39.147+0000][gc          ] GC(132) Pause Young (Normal) (G1 Evacuation Pause) 475M->414M(1024M) 14.898ms
[2025-04-13T20:28:39.147+0000][gc,cpu      ] GC(132) User=0.03s Sys=0.00s Real=0.02s
[2025-04-13T20:31:14.397+0000][gc,start    ] GC(133) Pause Young (Normal) (G1 Evacuation Pause)
[2025-04-13T20:31:14.397+0000][gc,task     ] GC(133) Using 2 workers of 2 for evacuation
[2025-04-13T20:31:14.414+0000][gc,phases   ] GC(133)   Pre Evacuate Collection Set: 0.4ms
[2025-04-13T20:31:14.414+0000][gc,phases   ] GC(133)   Merge Heap Roots: 0.1ms
[2025-04-13T20:31:14.414+0000][gc,phases   ] GC(133)   Evacuate Collection Set: 16.4ms
[2025-04-13T20:31:14.414+0000][gc,phases   ] GC(133)   Post Evacuate Collection Set: 0.4ms
[2025-04-13T20:31:14.414+0000][gc,phases   ] GC(133)   Other: 0.1ms
[2025-04-13T20:31:14.414+0000][gc,heap     ] GC(133) Eden regions: 43->0(82)
[2025-04-13T20:31:14.414+0000][gc,heap     ] GC(133) Survivor regions: 8->5(7)
[2025-04-13T20:31:14.414+0000][gc,heap     ] GC(133) Old regions: 261->266
[2025-04-13T20:31:14.414+0000][gc,heap     ] GC(133) Humongous regions: 147->147
[2025-04-13T20:31:14.415+0000][gc,metaspace] GC(133) Metaspace: 46764K(47296K)->46764K(47296K) NonClass: 41700K(41984K)->41700K(41984K) Class: 5064K(5312K)->5064K(5312K)
[2025-04-13T20:31:14.415+0000][gc          ] GC(133) Pause Young (Normal) (G1 Evacuation Pause) 457M->418M(1024M) 17.752ms
[2025-04-13T20:31:14.415+0000][gc,cpu      ] GC(133) User=0.03s Sys=0.00s Real=0.02s
[2025-04-13T20:36:17.927+0000][gc,start    ] GC(134) Pause Young (Normal) (G1 Evacuation Pause)
[2025-04-13T20:36:17.927+0000][gc,task     ] GC(134) Using 2 workers of 2 for evacuation
[2025-04-13T20:36:17.943+0000][gc,phases   ] GC(134)   Pre Evacuate Collection Set: 0.4ms
[2025-04-13T20:36:17.943+0000][gc,phases   ] GC(134)   Merge Heap Roots: 0.2ms
[2025-04-13T20:36:17.943+0000][gc,phases   ] GC(134)   Evacuate Collection Set: 14.5ms
[2025-04-13T20:36:17.943+0000][gc,phases   ] GC(134)   Post Evacuate Collection Set: 0.6ms
[2025-04-13T20:36:17.943+0000][gc,phases   ] GC(134)   Other: 0.1ms
[2025-04-13T20:36:17.943+0000][gc,heap     ] GC(134) Eden regions: 84->0(43)
[2025-04-13T20:36:17.943+0000][gc,heap     ] GC(134) Survivor regions: 5->8(12)
[2025-04-13T20:36:17.943+0000][gc,heap     ] GC(134) Old regions: 266->266
[2025-04-13T20:36:17.943+0000][gc,heap     ] GC(134) Humongous regions: 147->147
[2025-04-13T20:36:17.943+0000][gc,metaspace] GC(134) Metaspace: 46764K(47296K)->46764K(47296K) NonClass: 41700K(41984K)->41700K(41984K) Class: 5064K(5312K)->5064K(5312K)
[2025-04-13T20:36:17.943+0000][gc          ] GC(134) Pause Young (Normal) (G1 Evacuation Pause) 502M->421M(1024M) 16.094ms
[2025-04-13T20:36:17.943+0000][gc,cpu      ] GC(134) User=0.03s Sys=0.00s Real=0.01s
[2025-04-13T20:38:51.842+0000][gc,start    ] GC(135) Pause Young (Normal) (G1 Evacuation Pause)
[2025-04-13T20:38:51.842+0000][gc,task     ] GC(135) Using 2 workers of 2 for evacuation
[2025-04-13T20:38:51.861+0000][gc,phases   ] GC(135)   Pre Evacuate Collection Set: 0.4ms
[2025-04-13T20:38:51.861+0000][gc,phases   ] GC(135)   Merge Heap Roots: 0.2ms
[2025-04-13T20:38:51.861+0000][gc,phases   ] GC(135)   Evacuate Collection Set: 17.1ms
[2025-04-13T20:38:51.861+0000][gc,phases   ] GC(135)   Post Evacuate Collection Set: 0.5ms
[2025-04-13T20:38:51.861+0000][gc,phases   ] GC(135)   Other: 0.1ms
[2025-04-13T20:38:51.861+0000][gc,heap     ] GC(135) Eden regions: 43->0(79)
[2025-04-13T20:38:51.861+0000][gc,heap     ] GC(135) Survivor regions: 8->5(7)
[2025-04-13T20:38:51.861+0000][gc,heap     ] GC(135) Old regions: 266->273
[2025-04-13T20:38:51.861+0000][gc,heap     ] GC(135) Humongous regions: 147->147
[2025-04-13T20:38:51.861+0000][gc,metaspace] GC(135) Metaspace: 46764K(47296K)->46764K(47296K) NonClass: 41700K(41984K)->41700K(41984K) Class: 5064K(5312K)->5064K(5312K)
[2025-04-13T20:38:51.861+0000][gc          ] GC(135) Pause Young (Normal) (G1 Evacuation Pause) 463M->424M(1024M) 18.568ms
[2025-04-13T20:38:51.861+0000][gc,cpu      ] GC(135) User=0.03s Sys=0.00s Real=0.02s
[2025-04-13T20:43:42.390+0000][gc,start    ] GC(136) Pause Young (Normal) (G1 Evacuation Pause)
[2025-04-13T20:43:42.390+0000][gc,task     ] GC(136) Using 2 workers of 2 for evacuation
[2025-04-13T20:43:42.409+0000][gc,phases   ] GC(136)   Pre Evacuate Collection Set: 0.5ms
[2025-04-13T20:43:42.409+0000][gc,phases   ] GC(136)   Merge Heap Roots: 0.1ms
[2025-04-13T20:43:42.409+0000][gc,phases   ] GC(136)   Evacuate Collection Set: 16.2ms
[2025-04-13T20:43:42.409+0000][gc,phases   ] GC(136)   Post Evacuate Collection Set: 0.7ms
[2025-04-13T20:43:42.409+0000][gc,phases   ] GC(136)   Other: 1.8ms
[2025-04-13T20:43:42.409+0000][gc,heap     ] GC(136) Eden regions: 80->0(42)
[2025-04-13T20:43:42.409+0000][gc,heap     ] GC(136) Survivor regions: 5->9(11)
[2025-04-13T20:43:42.409+0000][gc,heap     ] GC(136) Old regions: 273->273
[2025-04-13T20:43:42.409+0000][gc,heap     ] GC(136) Humongous regions: 147->147
[2025-04-13T20:43:42.409+0000][gc,metaspace] GC(136) Metaspace: 46764K(47296K)->46764K(47296K) NonClass: 41700K(41984K)->41700K(41984K) Class: 5064K(5312K)->5064K(5312K)
[2025-04-13T20:43:42.409+0000][gc          ] GC(136) Pause Young (Normal) (G1 Evacuation Pause) 504M->428M(1024M) 19.551ms
[2025-04-13T20:43:42.409+0000][gc,cpu      ] GC(136) User=0.03s Sys=0.00s Real=0.02s
[2025-04-13T20:46:15.917+0000][gc,start    ] GC(137) Pause Young (Normal) (G1 Evacuation Pause)
[2025-04-13T20:46:15.917+0000][gc,task     ] GC(137) Using 2 workers of 2 for evacuation
[2025-04-13T20:46:15.934+0000][gc,phases   ] GC(137)   Pre Evacuate Collection Set: 0.4ms
[2025-04-13T20:46:15.934+0000][gc,phases   ] GC(137)   Merge Heap Roots: 0.2ms
[2025-04-13T20:46:15.934+0000][gc,phases   ] GC(137)   Evacuate Collection Set: 16.3ms
[2025-04-13T20:46:15.934+0000][gc,phases   ] GC(137)   Post Evacuate Collection Set: 0.5ms
[2025-04-13T20:46:15.934+0000][gc,phases   ] GC(137)   Other: 0.1ms
[2025-04-13T20:46:15.934+0000][gc,heap     ] GC(137) Eden regions: 42->0(100)
[2025-04-13T20:46:15.934+0000][gc,heap     ] GC(137) Survivor regions: 9->3(7)
[2025-04-13T20:46:15.934+0000][gc,heap     ] GC(137) Old regions: 273->279
[2025-04-13T20:46:15.934+0000][gc,heap     ] GC(137) Humongous regions: 147->147
[2025-04-13T20:46:15.934+0000][gc,metaspace] GC(137) Metaspace: 46764K(47296K)->46764K(47296K) NonClass: 41700K(41984K)->41700K(41984K) Class: 5064K(5312K)->5064K(5312K)
[2025-04-13T20:46:15.934+0000][gc          ] GC(137) Pause Young (Normal) (G1 Evacuation Pause) 470M->428M(1024M) 17.569ms
[2025-04-13T20:46:15.934+0000][gc,cpu      ] GC(137) User=0.02s Sys=0.00s Real=0.02s
[2025-04-13T20:52:54.806+0000][gc,start    ] GC(138) Pause Young (Normal) (G1 Evacuation Pause)
[2025-04-13T20:52:54.806+0000][gc,task     ] GC(138) Using 2 workers of 2 for evacuation
[2025-04-13T20:52:54.821+0000][gc,phases   ] GC(138)   Pre Evacuate Collection Set: 0.4ms
[2025-04-13T20:52:54.821+0000][gc,phases   ] GC(138)   Merge Heap Roots: 0.1ms
[2025-04-13T20:52:54.821+0000][gc,phases   ] GC(138)   Evacuate Collection Set: 13.7ms
[2025-04-13T20:52:54.821+0000][gc,phases   ] GC(138)   Post Evacuate Collection Set: 0.7ms
[2025-04-13T20:52:54.821+0000][gc,phases   ] GC(138)   Other: 0.1ms
[2025-04-13T20:52:54.821+0000][gc,heap     ] GC(138) Eden regions: 100->0(43)
[2025-04-13T20:52:54.821+0000][gc,heap     ] GC(138) Survivor regions: 3->8(13)
[2025-04-13T20:52:54.821+0000][gc,heap     ] GC(138) Old regions: 279->279
[2025-04-13T20:52:54.821+0000][gc,heap     ] GC(138) Humongous regions: 147->147
[2025-04-13T20:52:54.821+0000][gc,metaspace] GC(138) Metaspace: 46768K(47296K)->46768K(47296K) NonClass: 41704K(41984K)->41704K(41984K) Class: 5064K(5312K)->5064K(5312K)
[2025-04-13T20:52:54.821+0000][gc          ] GC(138) Pause Young (Normal) (G1 Evacuation Pause) 528M->433M(1024M) 15.210ms
[2025-04-13T20:52:54.821+0000][gc,cpu      ] GC(138) User=0.03s Sys=0.00s Real=0.01s
[2025-04-13T20:55:46.845+0000][gc,start    ] GC(139) Pause Young (Normal) (G1 Evacuation Pause)
[2025-04-13T20:55:46.845+0000][gc,task     ] GC(139) Using 2 workers of 2 for evacuation
[2025-04-13T20:55:46.861+0000][gc,phases   ] GC(139)   Pre Evacuate Collection Set: 0.4ms
[2025-04-13T20:55:46.861+0000][gc,phases   ] GC(139)   Merge Heap Roots: 0.1ms
[2025-04-13T20:55:46.861+0000][gc,phases   ] GC(139)   Evacuate Collection Set: 15.3ms
[2025-04-13T20:55:46.861+0000][gc,phases   ] GC(139)   Post Evacuate Collection Set: 0.5ms
[2025-04-13T20:55:46.861+0000][gc,phases   ] GC(139)   Other: 0.1ms
[2025-04-13T20:55:46.861+0000][gc,heap     ] GC(139) Eden regions: 43->0(90)
[2025-04-13T20:55:46.861+0000][gc,heap     ] GC(139) Survivor regions: 8->4(7)
[2025-04-13T20:55:46.861+0000][gc,heap     ] GC(139) Old regions: 279->286
[2025-04-13T20:55:46.861+0000][gc,heap     ] GC(139) Humongous regions: 147->147
[2025-04-13T20:55:46.861+0000][gc,metaspace] GC(139) Metaspace: 46769K(47296K)->46769K(47296K) NonClass: 41704K(41984K)->41704K(41984K) Class: 5064K(5312K)->5064K(5312K)
[2025-04-13T20:55:46.861+0000][gc          ] GC(139) Pause Young (Normal) (G1 Evacuation Pause) 476M->435M(1024M) 16.656ms
[2025-04-13T20:55:46.861+0000][gc,cpu      ] GC(139) User=0.03s Sys=0.00s Real=0.01s
[2025-04-13T21:01:50.904+0000][gc,start    ] GC(140) Pause Young (Normal) (G1 Evacuation Pause)
[2025-04-13T21:01:50.904+0000][gc,task     ] GC(140) Using 2 workers of 2 for evacuation
[2025-04-13T21:01:50.934+0000][gc,mmu      ] GC(140) MMU target violated: 21.0ms (20.0ms/21.0ms)
[2025-04-13T21:01:50.934+0000][gc,phases   ] GC(140)   Pre Evacuate Collection Set: 0.3ms
[2025-04-13T21:01:50.934+0000][gc,phases   ] GC(140)   Merge Heap Roots: 0.1ms
[2025-04-13T21:01:50.934+0000][gc,phases   ] GC(140)   Evacuate Collection Set: 27.4ms
[2025-04-13T21:01:50.934+0000][gc,phases   ] GC(140)   Post Evacuate Collection Set: 1.8ms
[2025-04-13T21:01:50.934+0000][gc,phases   ] GC(140)   Other: 0.1ms
[2025-04-13T21:01:50.934+0000][gc,heap     ] GC(140) Eden regions: 91->0(43)
[2025-04-13T21:01:50.934+0000][gc,heap     ] GC(140) Survivor regions: 4->8(12)
[2025-04-13T21:01:50.934+0000][gc,heap     ] GC(140) Old regions: 286->286
[2025-04-13T21:01:50.934+0000][gc,heap     ] GC(140) Humongous regions: 147->147
[2025-04-13T21:01:50.934+0000][gc,metaspace] GC(140) Metaspace: 46769K(47296K)->46769K(47296K) NonClass: 41704K(41984K)->41704K(41984K) Class: 5064K(5312K)->5064K(5312K)
[2025-04-13T21:01:50.934+0000][gc          ] GC(140) Pause Young (Normal) (G1 Evacuation Pause) 526M->439M(1024M) 29.854ms
[2025-04-13T21:01:50.934+0000][gc,cpu      ] GC(140) User=0.03s Sys=0.00s Real=0.03s
[2025-04-13T21:04:40.606+0000][gc,start    ] GC(141) Pause Young (Normal) (G1 Evacuation Pause)
[2025-04-13T21:04:40.606+0000][gc,task     ] GC(141) Using 2 workers of 2 for evacuation
[2025-04-13T21:04:40.625+0000][gc,phases   ] GC(141)   Pre Evacuate Collection Set: 0.3ms
[2025-04-13T21:04:40.625+0000][gc,phases   ] GC(141)   Merge Heap Roots: 0.1ms
[2025-04-13T21:04:40.625+0000][gc,phases   ] GC(141)   Evacuate Collection Set: 17.2ms
[2025-04-13T21:04:40.625+0000][gc,phases   ] GC(141)   Post Evacuate Collection Set: 0.6ms
[2025-04-13T21:04:40.625+0000][gc,phases   ] GC(141)   Other: 0.1ms
[2025-04-13T21:04:40.625+0000][gc,heap     ] GC(141) Eden regions: 43->0(49)
[2025-04-13T21:04:40.625+0000][gc,heap     ] GC(141) Survivor regions: 8->4(7)
[2025-04-13T21:04:40.625+0000][gc,heap     ] GC(141) Old regions: 286->292
[2025-04-13T21:04:40.625+0000][gc,heap     ] GC(141) Humongous regions: 147->147
[2025-04-13T21:04:40.625+0000][gc,metaspace] GC(141) Metaspace: 46769K(47296K)->46769K(47296K) NonClass: 41704K(41984K)->41704K(41984K) Class: 5064K(5312K)->5064K(5312K)
[2025-04-13T21:04:40.625+0000][gc          ] GC(141) Pause Young (Normal) (G1 Evacuation Pause) 482M->442M(1024M) 18.602ms
[2025-04-13T21:04:40.625+0000][gc,cpu      ] GC(141) User=0.03s Sys=0.00s Real=0.02s
[2025-04-13T21:05:02.594+0000][gc,heap,exit] Heap
[2025-04-13T21:05:02.594+0000][gc,heap,exit]  garbage-first heap   total 1048576K, used 477445K [0x00000000c0000000, 0x0000000100000000)
[2025-04-13T21:05:02.594+0000][gc,heap,exit]   region size 1024K, 29 young (29696K), 4 survivors (4096K)
[2025-04-13T21:05:02.594+0000][gc,heap,exit]  Metaspace       used 47672K, committed 48192K, reserved 1114112K
[2025-04-13T21:05:02.594+0000][gc,heap,exit]   class space    used 5275K, committed 5504K, reserved 1048576K
